[26.810s] DEBUG:colcon:Command line arguments: ['/usr/bin/colcon', 'build', '--packages-select', 'robot_serial']
[26.810s] DEBUG:colcon:Parsed command line arguments: Namespace(log_base=None, log_level=None, verb_name='build', build_base='build', install_base='install', merge_install=False, symlink_install=False, test_result_base=None, continue_on_error=False, executor='parallel', parallel_workers=4, event_handlers=None, ignore_user_meta=False, metas=['./colcon.meta'], base_paths=['.'], packages_ignore=None, packages_ignore_regex=None, paths=None, packages_up_to=None, packages_up_to_regex=None, packages_above=None, packages_above_and_dependencies=None, packages_above_depth=None, packages_select_by_dep=None, packages_skip_by_dep=None, packages_skip_up_to=None, packages_select_build_failed=False, packages_skip_build_finished=False, packages_select_test_failures=False, packages_skip_test_passed=False, packages_select=['robot_serial'], packages_skip=None, packages_select_regex=None, packages_skip_regex=None, packages_start=None, packages_end=None, allow_overriding=[], cmake_args=None, cmake_target=None, cmake_target_skip_unavailable=False, cmake_clean_cache=False, cmake_clean_first=False, cmake_force_configure=False, ament_cmake_args=None, catkin_cmake_args=None, catkin_skip_building_tests=False, verb_parser=<colcon_defaults.argument_parser.defaults.DefaultArgumentsDecorator object at 0xffff99b138e0>, verb_extension=<colcon_core.verb.build.BuildVerb object at 0xffff99a51090>, main=<bound method BuildVerb.main of <colcon_core.verb.build.BuildVerb object at 0xffff99a51090>>)
[27.524s] Level 1:colcon.colcon_core.package_discovery:discover_packages(colcon_meta) check parameters
[27.525s] Level 1:colcon.colcon_core.package_discovery:discover_packages(recursive) check parameters
[27.525s] Level 1:colcon.colcon_core.package_discovery:discover_packages(ignore) check parameters
[27.525s] Level 1:colcon.colcon_core.package_discovery:discover_packages(path) check parameters
[27.526s] Level 1:colcon.colcon_core.package_discovery:discover_packages(colcon_meta) discover
[27.526s] Level 1:colcon.colcon_core.package_discovery:discover_packages(recursive) discover
[27.526s] INFO:colcon.colcon_core.package_discovery:Crawling recursively for packages in '/home/robot/robot_ws'
[27.527s] Level 1:colcon.colcon_core.package_identification:_identify(.) by extensions ['ignore', 'ignore_ament_install']
[27.527s] Level 1:colcon.colcon_core.package_identification:_identify(.) by extension 'ignore'
[27.527s] Level 1:colcon.colcon_core.package_identification:_identify(.) by extension 'ignore_ament_install'
[27.528s] Level 1:colcon.colcon_core.package_identification:_identify(.) by extensions ['colcon_pkg']
[27.528s] Level 1:colcon.colcon_core.package_identification:_identify(.) by extension 'colcon_pkg'
[27.528s] Level 1:colcon.colcon_core.package_identification:_identify(.) by extensions ['colcon_meta']
[27.528s] Level 1:colcon.colcon_core.package_identification:_identify(.) by extension 'colcon_meta'
[27.529s] Level 1:colcon.colcon_core.package_identification:_identify(.) by extensions ['ros']
[27.529s] Level 1:colcon.colcon_core.package_identification:_identify(.) by extension 'ros'
[27.582s] Level 1:colcon.colcon_core.package_identification:_identify(.) by extensions ['cmake', 'python']
[27.582s] Level 1:colcon.colcon_core.package_identification:_identify(.) by extension 'cmake'
[27.583s] Level 1:colcon.colcon_core.package_identification:_identify(.) by extension 'python'
[27.583s] Level 1:colcon.colcon_core.package_identification:_identify(.) by extensions ['python_setup_py']
[27.583s] Level 1:colcon.colcon_core.package_identification:_identify(.) by extension 'python_setup_py'
[27.584s] Level 1:colcon.colcon_core.package_identification:_identify(Robot_Tu_Hanh) by extensions ['ignore', 'ignore_ament_install']
[27.585s] Level 1:colcon.colcon_core.package_identification:_identify(Robot_Tu_Hanh) by extension 'ignore'
[27.585s] Level 1:colcon.colcon_core.package_identification:_identify(Robot_Tu_Hanh) by extension 'ignore_ament_install'
[27.585s] Level 1:colcon.colcon_core.package_identification:_identify(Robot_Tu_Hanh) by extensions ['colcon_pkg']
[27.586s] Level 1:colcon.colcon_core.package_identification:_identify(Robot_Tu_Hanh) by extension 'colcon_pkg'
[27.586s] Level 1:colcon.colcon_core.package_identification:_identify(Robot_Tu_Hanh) by extensions ['colcon_meta']
[27.586s] Level 1:colcon.colcon_core.package_identification:_identify(Robot_Tu_Hanh) by extension 'colcon_meta'
[27.586s] Level 1:colcon.colcon_core.package_identification:_identify(Robot_Tu_Hanh) by extensions ['ros']
[27.587s] Level 1:colcon.colcon_core.package_identification:_identify(Robot_Tu_Hanh) by extension 'ros'
[27.587s] Level 1:colcon.colcon_core.package_identification:_identify(Robot_Tu_Hanh) by extensions ['cmake', 'python']
[27.587s] Level 1:colcon.colcon_core.package_identification:_identify(Robot_Tu_Hanh) by extension 'cmake'
[27.588s] Level 1:colcon.colcon_core.package_identification:_identify(Robot_Tu_Hanh) by extension 'python'
[27.588s] Level 1:colcon.colcon_core.package_identification:_identify(Robot_Tu_Hanh) by extensions ['python_setup_py']
[27.588s] Level 1:colcon.colcon_core.package_identification:_identify(Robot_Tu_Hanh) by extension 'python_setup_py'
[27.589s] Level 1:colcon.colcon_core.package_identification:_identify(Robot_Tu_Hanh/ROBOT_AI) by extensions ['ignore', 'ignore_ament_install']
[27.590s] Level 1:colcon.colcon_core.package_identification:_identify(Robot_Tu_Hanh/ROBOT_AI) by extension 'ignore'
[27.590s] Level 1:colcon.colcon_core.package_identification:_identify(Robot_Tu_Hanh/ROBOT_AI) by extension 'ignore_ament_install'
[27.590s] Level 1:colcon.colcon_core.package_identification:_identify(Robot_Tu_Hanh/ROBOT_AI) by extensions ['colcon_pkg']
[27.591s] Level 1:colcon.colcon_core.package_identification:_identify(Robot_Tu_Hanh/ROBOT_AI) by extension 'colcon_pkg'
[27.591s] Level 1:colcon.colcon_core.package_identification:_identify(Robot_Tu_Hanh/ROBOT_AI) by extensions ['colcon_meta']
[27.591s] Level 1:colcon.colcon_core.package_identification:_identify(Robot_Tu_Hanh/ROBOT_AI) by extension 'colcon_meta'
[27.592s] Level 1:colcon.colcon_core.package_identification:_identify(Robot_Tu_Hanh/ROBOT_AI) by extensions ['ros']
[27.592s] Level 1:colcon.colcon_core.package_identification:_identify(Robot_Tu_Hanh/ROBOT_AI) by extension 'ros'
[27.593s] Level 1:colcon.colcon_core.package_identification:_identify(Robot_Tu_Hanh/ROBOT_AI) by extensions ['cmake', 'python']
[27.593s] Level 1:colcon.colcon_core.package_identification:_identify(Robot_Tu_Hanh/ROBOT_AI) by extension 'cmake'
[27.593s] Level 1:colcon.colcon_core.package_identification:_identify(Robot_Tu_Hanh/ROBOT_AI) by extension 'python'
[27.593s] Level 1:colcon.colcon_core.package_identification:_identify(Robot_Tu_Hanh/ROBOT_AI) by extensions ['python_setup_py']
[27.593s] Level 1:colcon.colcon_core.package_identification:_identify(Robot_Tu_Hanh/ROBOT_AI) by extension 'python_setup_py'
[27.595s] Level 1:colcon.colcon_core.package_identification:_identify(Robot_Tu_Hanh/ROBOT_AI/dashboard) by extensions ['ignore', 'ignore_ament_install']
[27.595s] Level 1:colcon.colcon_core.package_identification:_identify(Robot_Tu_Hanh/ROBOT_AI/dashboard) by extension 'ignore'
[27.595s] Level 1:colcon.colcon_core.package_identification:_identify(Robot_Tu_Hanh/ROBOT_AI/dashboard) by extension 'ignore_ament_install'
[27.596s] Level 1:colcon.colcon_core.package_identification:_identify(Robot_Tu_Hanh/ROBOT_AI/dashboard) by extensions ['colcon_pkg']
[27.596s] Level 1:colcon.colcon_core.package_identification:_identify(Robot_Tu_Hanh/ROBOT_AI/dashboard) by extension 'colcon_pkg'
[27.596s] Level 1:colcon.colcon_core.package_identification:_identify(Robot_Tu_Hanh/ROBOT_AI/dashboard) by extensions ['colcon_meta']
[27.597s] Level 1:colcon.colcon_core.package_identification:_identify(Robot_Tu_Hanh/ROBOT_AI/dashboard) by extension 'colcon_meta'
[27.597s] Level 1:colcon.colcon_core.package_identification:_identify(Robot_Tu_Hanh/ROBOT_AI/dashboard) by extensions ['ros']
[27.597s] Level 1:colcon.colcon_core.package_identification:_identify(Robot_Tu_Hanh/ROBOT_AI/dashboard) by extension 'ros'
[27.598s] Level 1:colcon.colcon_core.package_identification:_identify(Robot_Tu_Hanh/ROBOT_AI/dashboard) by extensions ['cmake', 'python']
[27.598s] Level 1:colcon.colcon_core.package_identification:_identify(Robot_Tu_Hanh/ROBOT_AI/dashboard) by extension 'cmake'
[27.599s] Level 1:colcon.colcon_core.package_identification:_identify(Robot_Tu_Hanh/ROBOT_AI/dashboard) by extension 'python'
[27.599s] Level 1:colcon.colcon_core.package_identification:_identify(Robot_Tu_Hanh/ROBOT_AI/dashboard) by extensions ['python_setup_py']
[27.599s] Level 1:colcon.colcon_core.package_identification:_identify(Robot_Tu_Hanh/ROBOT_AI/dashboard) by extension 'python_setup_py'
[27.601s] Level 1:colcon.colcon_core.package_identification:_identify(Robot_Tu_Hanh/ROBOT_AI/dashboard/public) by extensions ['ignore', 'ignore_ament_install']
[27.601s] Level 1:colcon.colcon_core.package_identification:_identify(Robot_Tu_Hanh/ROBOT_AI/dashboard/public) by extension 'ignore'
[27.602s] Level 1:colcon.colcon_core.package_identification:_identify(Robot_Tu_Hanh/ROBOT_AI/dashboard/public) by extension 'ignore_ament_install'
[27.602s] Level 1:colcon.colcon_core.package_identification:_identify(Robot_Tu_Hanh/ROBOT_AI/dashboard/public) by extensions ['colcon_pkg']
[27.603s] Level 1:colcon.colcon_core.package_identification:_identify(Robot_Tu_Hanh/ROBOT_AI/dashboard/public) by extension 'colcon_pkg'
[27.603s] Level 1:colcon.colcon_core.package_identification:_identify(Robot_Tu_Hanh/ROBOT_AI/dashboard/public) by extensions ['colcon_meta']
[27.604s] Level 1:colcon.colcon_core.package_identification:_identify(Robot_Tu_Hanh/ROBOT_AI/dashboard/public) by extension 'colcon_meta'
[27.604s] Level 1:colcon.colcon_core.package_identification:_identify(Robot_Tu_Hanh/ROBOT_AI/dashboard/public) by extensions ['ros']
[27.604s] Level 1:colcon.colcon_core.package_identification:_identify(Robot_Tu_Hanh/ROBOT_AI/dashboard/public) by extension 'ros'
[27.605s] Level 1:colcon.colcon_core.package_identification:_identify(Robot_Tu_Hanh/ROBOT_AI/dashboard/public) by extensions ['cmake', 'python']
[27.605s] Level 1:colcon.colcon_core.package_identification:_identify(Robot_Tu_Hanh/ROBOT_AI/dashboard/public) by extension 'cmake'
[27.605s] Level 1:colcon.colcon_core.package_identification:_identify(Robot_Tu_Hanh/ROBOT_AI/dashboard/public) by extension 'python'
[27.606s] Level 1:colcon.colcon_core.package_identification:_identify(Robot_Tu_Hanh/ROBOT_AI/dashboard/public) by extensions ['python_setup_py']
[27.606s] Level 1:colcon.colcon_core.package_identification:_identify(Robot_Tu_Hanh/ROBOT_AI/dashboard/public) by extension 'python_setup_py'
[27.607s] Level 1:colcon.colcon_core.package_identification:_identify(Robot_Tu_Hanh/ROBOT_AI/dashboard/src) by extensions ['ignore', 'ignore_ament_install']
[27.608s] Level 1:colcon.colcon_core.package_identification:_identify(Robot_Tu_Hanh/ROBOT_AI/dashboard/src) by extension 'ignore'
[27.608s] Level 1:colcon.colcon_core.package_identification:_identify(Robot_Tu_Hanh/ROBOT_AI/dashboard/src) by extension 'ignore_ament_install'
[27.609s] Level 1:colcon.colcon_core.package_identification:_identify(Robot_Tu_Hanh/ROBOT_AI/dashboard/src) by extensions ['colcon_pkg']
[27.609s] Level 1:colcon.colcon_core.package_identification:_identify(Robot_Tu_Hanh/ROBOT_AI/dashboard/src) by extension 'colcon_pkg'
[27.610s] Level 1:colcon.colcon_core.package_identification:_identify(Robot_Tu_Hanh/ROBOT_AI/dashboard/src) by extensions ['colcon_meta']
[27.610s] Level 1:colcon.colcon_core.package_identification:_identify(Robot_Tu_Hanh/ROBOT_AI/dashboard/src) by extension 'colcon_meta'
[27.610s] Level 1:colcon.colcon_core.package_identification:_identify(Robot_Tu_Hanh/ROBOT_AI/dashboard/src) by extensions ['ros']
[27.610s] Level 1:colcon.colcon_core.package_identification:_identify(Robot_Tu_Hanh/ROBOT_AI/dashboard/src) by extension 'ros'
[27.611s] Level 1:colcon.colcon_core.package_identification:_identify(Robot_Tu_Hanh/ROBOT_AI/dashboard/src) by extensions ['cmake', 'python']
[27.611s] Level 1:colcon.colcon_core.package_identification:_identify(Robot_Tu_Hanh/ROBOT_AI/dashboard/src) by extension 'cmake'
[27.611s] Level 1:colcon.colcon_core.package_identification:_identify(Robot_Tu_Hanh/ROBOT_AI/dashboard/src) by extension 'python'
[27.612s] Level 1:colcon.colcon_core.package_identification:_identify(Robot_Tu_Hanh/ROBOT_AI/dashboard/src) by extensions ['python_setup_py']
[27.612s] Level 1:colcon.colcon_core.package_identification:_identify(Robot_Tu_Hanh/ROBOT_AI/dashboard/src) by extension 'python_setup_py'
[27.613s] Level 1:colcon.colcon_core.package_identification:_identify(Robot_Tu_Hanh/ROBOT_AI/dashboard/src/assets) by extensions ['ignore', 'ignore_ament_install']
[27.613s] Level 1:colcon.colcon_core.package_identification:_identify(Robot_Tu_Hanh/ROBOT_AI/dashboard/src/assets) by extension 'ignore'
[27.614s] Level 1:colcon.colcon_core.package_identification:_identify(Robot_Tu_Hanh/ROBOT_AI/dashboard/src/assets) by extension 'ignore_ament_install'
[27.614s] Level 1:colcon.colcon_core.package_identification:_identify(Robot_Tu_Hanh/ROBOT_AI/dashboard/src/assets) by extensions ['colcon_pkg']
[27.614s] Level 1:colcon.colcon_core.package_identification:_identify(Robot_Tu_Hanh/ROBOT_AI/dashboard/src/assets) by extension 'colcon_pkg'
[27.615s] Level 1:colcon.colcon_core.package_identification:_identify(Robot_Tu_Hanh/ROBOT_AI/dashboard/src/assets) by extensions ['colcon_meta']
[27.615s] Level 1:colcon.colcon_core.package_identification:_identify(Robot_Tu_Hanh/ROBOT_AI/dashboard/src/assets) by extension 'colcon_meta'
[27.615s] Level 1:colcon.colcon_core.package_identification:_identify(Robot_Tu_Hanh/ROBOT_AI/dashboard/src/assets) by extensions ['ros']
[27.616s] Level 1:colcon.colcon_core.package_identification:_identify(Robot_Tu_Hanh/ROBOT_AI/dashboard/src/assets) by extension 'ros'
[27.616s] Level 1:colcon.colcon_core.package_identification:_identify(Robot_Tu_Hanh/ROBOT_AI/dashboard/src/assets) by extensions ['cmake', 'python']
[27.617s] Level 1:colcon.colcon_core.package_identification:_identify(Robot_Tu_Hanh/ROBOT_AI/dashboard/src/assets) by extension 'cmake'
[27.617s] Level 1:colcon.colcon_core.package_identification:_identify(Robot_Tu_Hanh/ROBOT_AI/dashboard/src/assets) by extension 'python'
[27.617s] Level 1:colcon.colcon_core.package_identification:_identify(Robot_Tu_Hanh/ROBOT_AI/dashboard/src/assets) by extensions ['python_setup_py']
[27.617s] Level 1:colcon.colcon_core.package_identification:_identify(Robot_Tu_Hanh/ROBOT_AI/dashboard/src/assets) by extension 'python_setup_py'
[27.618s] Level 1:colcon.colcon_core.package_identification:_identify(Robot_Tu_Hanh/ROBOT_AI/include) by extensions ['ignore', 'ignore_ament_install']
[27.619s] Level 1:colcon.colcon_core.package_identification:_identify(Robot_Tu_Hanh/ROBOT_AI/include) by extension 'ignore'
[27.619s] Level 1:colcon.colcon_core.package_identification:_identify(Robot_Tu_Hanh/ROBOT_AI/include) by extension 'ignore_ament_install'
[27.620s] Level 1:colcon.colcon_core.package_identification:_identify(Robot_Tu_Hanh/ROBOT_AI/include) by extensions ['colcon_pkg']
[27.620s] Level 1:colcon.colcon_core.package_identification:_identify(Robot_Tu_Hanh/ROBOT_AI/include) by extension 'colcon_pkg'
[27.620s] Level 1:colcon.colcon_core.package_identification:_identify(Robot_Tu_Hanh/ROBOT_AI/include) by extensions ['colcon_meta']
[27.621s] Level 1:colcon.colcon_core.package_identification:_identify(Robot_Tu_Hanh/ROBOT_AI/include) by extension 'colcon_meta'
[27.621s] Level 1:colcon.colcon_core.package_identification:_identify(Robot_Tu_Hanh/ROBOT_AI/include) by extensions ['ros']
[27.621s] Level 1:colcon.colcon_core.package_identification:_identify(Robot_Tu_Hanh/ROBOT_AI/include) by extension 'ros'
[27.622s] Level 1:colcon.colcon_core.package_identification:_identify(Robot_Tu_Hanh/ROBOT_AI/include) by extensions ['cmake', 'python']
[27.622s] Level 1:colcon.colcon_core.package_identification:_identify(Robot_Tu_Hanh/ROBOT_AI/include) by extension 'cmake'
[27.622s] Level 1:colcon.colcon_core.package_identification:_identify(Robot_Tu_Hanh/ROBOT_AI/include) by extension 'python'
[27.622s] Level 1:colcon.colcon_core.package_identification:_identify(Robot_Tu_Hanh/ROBOT_AI/include) by extensions ['python_setup_py']
[27.623s] Level 1:colcon.colcon_core.package_identification:_identify(Robot_Tu_Hanh/ROBOT_AI/include) by extension 'python_setup_py'
[27.624s] Level 1:colcon.colcon_core.package_identification:_identify(Robot_Tu_Hanh/ROBOT_AI/lib) by extensions ['ignore', 'ignore_ament_install']
[27.625s] Level 1:colcon.colcon_core.package_identification:_identify(Robot_Tu_Hanh/ROBOT_AI/lib) by extension 'ignore'
[27.625s] Level 1:colcon.colcon_core.package_identification:_identify(Robot_Tu_Hanh/ROBOT_AI/lib) by extension 'ignore_ament_install'
[27.626s] Level 1:colcon.colcon_core.package_identification:_identify(Robot_Tu_Hanh/ROBOT_AI/lib) by extensions ['colcon_pkg']
[27.626s] Level 1:colcon.colcon_core.package_identification:_identify(Robot_Tu_Hanh/ROBOT_AI/lib) by extension 'colcon_pkg'
[27.627s] Level 1:colcon.colcon_core.package_identification:_identify(Robot_Tu_Hanh/ROBOT_AI/lib) by extensions ['colcon_meta']
[27.627s] Level 1:colcon.colcon_core.package_identification:_identify(Robot_Tu_Hanh/ROBOT_AI/lib) by extension 'colcon_meta'
[27.627s] Level 1:colcon.colcon_core.package_identification:_identify(Robot_Tu_Hanh/ROBOT_AI/lib) by extensions ['ros']
[27.627s] Level 1:colcon.colcon_core.package_identification:_identify(Robot_Tu_Hanh/ROBOT_AI/lib) by extension 'ros'
[27.628s] Level 1:colcon.colcon_core.package_identification:_identify(Robot_Tu_Hanh/ROBOT_AI/lib) by extensions ['cmake', 'python']
[27.628s] Level 1:colcon.colcon_core.package_identification:_identify(Robot_Tu_Hanh/ROBOT_AI/lib) by extension 'cmake'
[27.628s] Level 1:colcon.colcon_core.package_identification:_identify(Robot_Tu_Hanh/ROBOT_AI/lib) by extension 'python'
[27.629s] Level 1:colcon.colcon_core.package_identification:_identify(Robot_Tu_Hanh/ROBOT_AI/lib) by extensions ['python_setup_py']
[27.629s] Level 1:colcon.colcon_core.package_identification:_identify(Robot_Tu_Hanh/ROBOT_AI/lib) by extension 'python_setup_py'
[27.630s] Level 1:colcon.colcon_core.package_identification:_identify(Robot_Tu_Hanh/ROBOT_AI/lib/Adafruit) by extensions ['ignore', 'ignore_ament_install']
[27.631s] Level 1:colcon.colcon_core.package_identification:_identify(Robot_Tu_Hanh/ROBOT_AI/lib/Adafruit) by extension 'ignore'
[27.631s] Level 1:colcon.colcon_core.package_identification:_identify(Robot_Tu_Hanh/ROBOT_AI/lib/Adafruit) by extension 'ignore_ament_install'
[27.632s] Level 1:colcon.colcon_core.package_identification:_identify(Robot_Tu_Hanh/ROBOT_AI/lib/Adafruit) by extensions ['colcon_pkg']
[27.632s] Level 1:colcon.colcon_core.package_identification:_identify(Robot_Tu_Hanh/ROBOT_AI/lib/Adafruit) by extension 'colcon_pkg'
[27.632s] Level 1:colcon.colcon_core.package_identification:_identify(Robot_Tu_Hanh/ROBOT_AI/lib/Adafruit) by extensions ['colcon_meta']
[27.633s] Level 1:colcon.colcon_core.package_identification:_identify(Robot_Tu_Hanh/ROBOT_AI/lib/Adafruit) by extension 'colcon_meta'
[27.633s] Level 1:colcon.colcon_core.package_identification:_identify(Robot_Tu_Hanh/ROBOT_AI/lib/Adafruit) by extensions ['ros']
[27.633s] Level 1:colcon.colcon_core.package_identification:_identify(Robot_Tu_Hanh/ROBOT_AI/lib/Adafruit) by extension 'ros'
[27.634s] Level 1:colcon.colcon_core.package_identification:_identify(Robot_Tu_Hanh/ROBOT_AI/lib/Adafruit) by extensions ['cmake', 'python']
[27.634s] Level 1:colcon.colcon_core.package_identification:_identify(Robot_Tu_Hanh/ROBOT_AI/lib/Adafruit) by extension 'cmake'
[27.635s] Level 1:colcon.colcon_core.package_identification:_identify(Robot_Tu_Hanh/ROBOT_AI/lib/Adafruit) by extension 'python'
[27.635s] Level 1:colcon.colcon_core.package_identification:_identify(Robot_Tu_Hanh/ROBOT_AI/lib/Adafruit) by extensions ['python_setup_py']
[27.635s] Level 1:colcon.colcon_core.package_identification:_identify(Robot_Tu_Hanh/ROBOT_AI/lib/Adafruit) by extension 'python_setup_py'
[27.636s] Level 1:colcon.colcon_core.package_identification:_identify(Robot_Tu_Hanh/ROBOT_AI/lib/AutoNavigator) by extensions ['ignore', 'ignore_ament_install']
[27.636s] Level 1:colcon.colcon_core.package_identification:_identify(Robot_Tu_Hanh/ROBOT_AI/lib/AutoNavigator) by extension 'ignore'
[27.637s] Level 1:colcon.colcon_core.package_identification:_identify(Robot_Tu_Hanh/ROBOT_AI/lib/AutoNavigator) by extension 'ignore_ament_install'
[27.637s] Level 1:colcon.colcon_core.package_identification:_identify(Robot_Tu_Hanh/ROBOT_AI/lib/AutoNavigator) by extensions ['colcon_pkg']
[27.637s] Level 1:colcon.colcon_core.package_identification:_identify(Robot_Tu_Hanh/ROBOT_AI/lib/AutoNavigator) by extension 'colcon_pkg'
[27.637s] Level 1:colcon.colcon_core.package_identification:_identify(Robot_Tu_Hanh/ROBOT_AI/lib/AutoNavigator) by extensions ['colcon_meta']
[27.638s] Level 1:colcon.colcon_core.package_identification:_identify(Robot_Tu_Hanh/ROBOT_AI/lib/AutoNavigator) by extension 'colcon_meta'
[27.638s] Level 1:colcon.colcon_core.package_identification:_identify(Robot_Tu_Hanh/ROBOT_AI/lib/AutoNavigator) by extensions ['ros']
[27.638s] Level 1:colcon.colcon_core.package_identification:_identify(Robot_Tu_Hanh/ROBOT_AI/lib/AutoNavigator) by extension 'ros'
[27.639s] Level 1:colcon.colcon_core.package_identification:_identify(Robot_Tu_Hanh/ROBOT_AI/lib/AutoNavigator) by extensions ['cmake', 'python']
[27.639s] Level 1:colcon.colcon_core.package_identification:_identify(Robot_Tu_Hanh/ROBOT_AI/lib/AutoNavigator) by extension 'cmake'
[27.639s] Level 1:colcon.colcon_core.package_identification:_identify(Robot_Tu_Hanh/ROBOT_AI/lib/AutoNavigator) by extension 'python'
[27.639s] Level 1:colcon.colcon_core.package_identification:_identify(Robot_Tu_Hanh/ROBOT_AI/lib/AutoNavigator) by extensions ['python_setup_py']
[27.640s] Level 1:colcon.colcon_core.package_identification:_identify(Robot_Tu_Hanh/ROBOT_AI/lib/AutoNavigator) by extension 'python_setup_py'
[27.640s] Level 1:colcon.colcon_core.package_identification:_identify(Robot_Tu_Hanh/ROBOT_AI/lib/BLEManager) by extensions ['ignore', 'ignore_ament_install']
[27.641s] Level 1:colcon.colcon_core.package_identification:_identify(Robot_Tu_Hanh/ROBOT_AI/lib/BLEManager) by extension 'ignore'
[27.641s] Level 1:colcon.colcon_core.package_identification:_identify(Robot_Tu_Hanh/ROBOT_AI/lib/BLEManager) by extension 'ignore_ament_install'
[27.641s] Level 1:colcon.colcon_core.package_identification:_identify(Robot_Tu_Hanh/ROBOT_AI/lib/BLEManager) by extensions ['colcon_pkg']
[27.641s] Level 1:colcon.colcon_core.package_identification:_identify(Robot_Tu_Hanh/ROBOT_AI/lib/BLEManager) by extension 'colcon_pkg'
[27.642s] Level 1:colcon.colcon_core.package_identification:_identify(Robot_Tu_Hanh/ROBOT_AI/lib/BLEManager) by extensions ['colcon_meta']
[27.642s] Level 1:colcon.colcon_core.package_identification:_identify(Robot_Tu_Hanh/ROBOT_AI/lib/BLEManager) by extension 'colcon_meta'
[27.642s] Level 1:colcon.colcon_core.package_identification:_identify(Robot_Tu_Hanh/ROBOT_AI/lib/BLEManager) by extensions ['ros']
[27.642s] Level 1:colcon.colcon_core.package_identification:_identify(Robot_Tu_Hanh/ROBOT_AI/lib/BLEManager) by extension 'ros'
[27.643s] Level 1:colcon.colcon_core.package_identification:_identify(Robot_Tu_Hanh/ROBOT_AI/lib/BLEManager) by extensions ['cmake', 'python']
[27.643s] Level 1:colcon.colcon_core.package_identification:_identify(Robot_Tu_Hanh/ROBOT_AI/lib/BLEManager) by extension 'cmake'
[27.644s] Level 1:colcon.colcon_core.package_identification:_identify(Robot_Tu_Hanh/ROBOT_AI/lib/BLEManager) by extension 'python'
[27.644s] Level 1:colcon.colcon_core.package_identification:_identify(Robot_Tu_Hanh/ROBOT_AI/lib/BLEManager) by extensions ['python_setup_py']
[27.645s] Level 1:colcon.colcon_core.package_identification:_identify(Robot_Tu_Hanh/ROBOT_AI/lib/BLEManager) by extension 'python_setup_py'
[27.646s] Level 1:colcon.colcon_core.package_identification:_identify(Robot_Tu_Hanh/ROBOT_AI/lib/BTS7960) by extensions ['ignore', 'ignore_ament_install']
[27.647s] Level 1:colcon.colcon_core.package_identification:_identify(Robot_Tu_Hanh/ROBOT_AI/lib/BTS7960) by extension 'ignore'
[27.647s] Level 1:colcon.colcon_core.package_identification:_identify(Robot_Tu_Hanh/ROBOT_AI/lib/BTS7960) by extension 'ignore_ament_install'
[27.648s] Level 1:colcon.colcon_core.package_identification:_identify(Robot_Tu_Hanh/ROBOT_AI/lib/BTS7960) by extensions ['colcon_pkg']
[27.648s] Level 1:colcon.colcon_core.package_identification:_identify(Robot_Tu_Hanh/ROBOT_AI/lib/BTS7960) by extension 'colcon_pkg'
[27.648s] Level 1:colcon.colcon_core.package_identification:_identify(Robot_Tu_Hanh/ROBOT_AI/lib/BTS7960) by extensions ['colcon_meta']
[27.648s] Level 1:colcon.colcon_core.package_identification:_identify(Robot_Tu_Hanh/ROBOT_AI/lib/BTS7960) by extension 'colcon_meta'
[27.649s] Level 1:colcon.colcon_core.package_identification:_identify(Robot_Tu_Hanh/ROBOT_AI/lib/BTS7960) by extensions ['ros']
[27.649s] Level 1:colcon.colcon_core.package_identification:_identify(Robot_Tu_Hanh/ROBOT_AI/lib/BTS7960) by extension 'ros'
[27.649s] Level 1:colcon.colcon_core.package_identification:_identify(Robot_Tu_Hanh/ROBOT_AI/lib/BTS7960) by extensions ['cmake', 'python']
[27.650s] Level 1:colcon.colcon_core.package_identification:_identify(Robot_Tu_Hanh/ROBOT_AI/lib/BTS7960) by extension 'cmake'
[27.650s] Level 1:colcon.colcon_core.package_identification:_identify(Robot_Tu_Hanh/ROBOT_AI/lib/BTS7960) by extension 'python'
[27.650s] Level 1:colcon.colcon_core.package_identification:_identify(Robot_Tu_Hanh/ROBOT_AI/lib/BTS7960) by extensions ['python_setup_py']
[27.650s] Level 1:colcon.colcon_core.package_identification:_identify(Robot_Tu_Hanh/ROBOT_AI/lib/BTS7960) by extension 'python_setup_py'
[27.651s] Level 1:colcon.colcon_core.package_identification:_identify(Robot_Tu_Hanh/ROBOT_AI/lib/Control) by extensions ['ignore', 'ignore_ament_install']
[27.651s] Level 1:colcon.colcon_core.package_identification:_identify(Robot_Tu_Hanh/ROBOT_AI/lib/Control) by extension 'ignore'
[27.652s] Level 1:colcon.colcon_core.package_identification:_identify(Robot_Tu_Hanh/ROBOT_AI/lib/Control) by extension 'ignore_ament_install'
[27.652s] Level 1:colcon.colcon_core.package_identification:_identify(Robot_Tu_Hanh/ROBOT_AI/lib/Control) by extensions ['colcon_pkg']
[27.652s] Level 1:colcon.colcon_core.package_identification:_identify(Robot_Tu_Hanh/ROBOT_AI/lib/Control) by extension 'colcon_pkg'
[27.653s] Level 1:colcon.colcon_core.package_identification:_identify(Robot_Tu_Hanh/ROBOT_AI/lib/Control) by extensions ['colcon_meta']
[27.653s] Level 1:colcon.colcon_core.package_identification:_identify(Robot_Tu_Hanh/ROBOT_AI/lib/Control) by extension 'colcon_meta'
[27.653s] Level 1:colcon.colcon_core.package_identification:_identify(Robot_Tu_Hanh/ROBOT_AI/lib/Control) by extensions ['ros']
[27.653s] Level 1:colcon.colcon_core.package_identification:_identify(Robot_Tu_Hanh/ROBOT_AI/lib/Control) by extension 'ros'
[27.654s] Level 1:colcon.colcon_core.package_identification:_identify(Robot_Tu_Hanh/ROBOT_AI/lib/Control) by extensions ['cmake', 'python']
[27.654s] Level 1:colcon.colcon_core.package_identification:_identify(Robot_Tu_Hanh/ROBOT_AI/lib/Control) by extension 'cmake'
[27.654s] Level 1:colcon.colcon_core.package_identification:_identify(Robot_Tu_Hanh/ROBOT_AI/lib/Control) by extension 'python'
[27.655s] Level 1:colcon.colcon_core.package_identification:_identify(Robot_Tu_Hanh/ROBOT_AI/lib/Control) by extensions ['python_setup_py']
[27.655s] Level 1:colcon.colcon_core.package_identification:_identify(Robot_Tu_Hanh/ROBOT_AI/lib/Control) by extension 'python_setup_py'
[27.655s] Level 1:colcon.colcon_core.package_identification:_identify(Robot_Tu_Hanh/ROBOT_AI/lib/Control/MotionHandlers) by extensions ['ignore', 'ignore_ament_install']
[27.656s] Level 1:colcon.colcon_core.package_identification:_identify(Robot_Tu_Hanh/ROBOT_AI/lib/Control/MotionHandlers) by extension 'ignore'
[27.657s] Level 1:colcon.colcon_core.package_identification:_identify(Robot_Tu_Hanh/ROBOT_AI/lib/Control/MotionHandlers) by extension 'ignore_ament_install'
[27.657s] Level 1:colcon.colcon_core.package_identification:_identify(Robot_Tu_Hanh/ROBOT_AI/lib/Control/MotionHandlers) by extensions ['colcon_pkg']
[27.658s] Level 1:colcon.colcon_core.package_identification:_identify(Robot_Tu_Hanh/ROBOT_AI/lib/Control/MotionHandlers) by extension 'colcon_pkg'
[27.658s] Level 1:colcon.colcon_core.package_identification:_identify(Robot_Tu_Hanh/ROBOT_AI/lib/Control/MotionHandlers) by extensions ['colcon_meta']
[27.659s] Level 1:colcon.colcon_core.package_identification:_identify(Robot_Tu_Hanh/ROBOT_AI/lib/Control/MotionHandlers) by extension 'colcon_meta'
[27.659s] Level 1:colcon.colcon_core.package_identification:_identify(Robot_Tu_Hanh/ROBOT_AI/lib/Control/MotionHandlers) by extensions ['ros']
[27.659s] Level 1:colcon.colcon_core.package_identification:_identify(Robot_Tu_Hanh/ROBOT_AI/lib/Control/MotionHandlers) by extension 'ros'
[27.661s] Level 1:colcon.colcon_core.package_identification:_identify(Robot_Tu_Hanh/ROBOT_AI/lib/Control/MotionHandlers) by extensions ['cmake', 'python']
[27.661s] Level 1:colcon.colcon_core.package_identification:_identify(Robot_Tu_Hanh/ROBOT_AI/lib/Control/MotionHandlers) by extension 'cmake'
[27.661s] Level 1:colcon.colcon_core.package_identification:_identify(Robot_Tu_Hanh/ROBOT_AI/lib/Control/MotionHandlers) by extension 'python'
[27.662s] Level 1:colcon.colcon_core.package_identification:_identify(Robot_Tu_Hanh/ROBOT_AI/lib/Control/MotionHandlers) by extensions ['python_setup_py']
[27.662s] Level 1:colcon.colcon_core.package_identification:_identify(Robot_Tu_Hanh/ROBOT_AI/lib/Control/MotionHandlers) by extension 'python_setup_py'
[27.663s] Level 1:colcon.colcon_core.package_identification:_identify(Robot_Tu_Hanh/ROBOT_AI/lib/Control/PID) by extensions ['ignore', 'ignore_ament_install']
[27.664s] Level 1:colcon.colcon_core.package_identification:_identify(Robot_Tu_Hanh/ROBOT_AI/lib/Control/PID) by extension 'ignore'
[27.665s] Level 1:colcon.colcon_core.package_identification:_identify(Robot_Tu_Hanh/ROBOT_AI/lib/Control/PID) by extension 'ignore_ament_install'
[27.665s] Level 1:colcon.colcon_core.package_identification:_identify(Robot_Tu_Hanh/ROBOT_AI/lib/Control/PID) by extensions ['colcon_pkg']
[27.666s] Level 1:colcon.colcon_core.package_identification:_identify(Robot_Tu_Hanh/ROBOT_AI/lib/Control/PID) by extension 'colcon_pkg'
[27.666s] Level 1:colcon.colcon_core.package_identification:_identify(Robot_Tu_Hanh/ROBOT_AI/lib/Control/PID) by extensions ['colcon_meta']
[27.666s] Level 1:colcon.colcon_core.package_identification:_identify(Robot_Tu_Hanh/ROBOT_AI/lib/Control/PID) by extension 'colcon_meta'
[27.667s] Level 1:colcon.colcon_core.package_identification:_identify(Robot_Tu_Hanh/ROBOT_AI/lib/Control/PID) by extensions ['ros']
[27.667s] Level 1:colcon.colcon_core.package_identification:_identify(Robot_Tu_Hanh/ROBOT_AI/lib/Control/PID) by extension 'ros'
[27.668s] Level 1:colcon.colcon_core.package_identification:_identify(Robot_Tu_Hanh/ROBOT_AI/lib/Control/PID) by extensions ['cmake', 'python']
[27.668s] Level 1:colcon.colcon_core.package_identification:_identify(Robot_Tu_Hanh/ROBOT_AI/lib/Control/PID) by extension 'cmake'
[27.669s] Level 1:colcon.colcon_core.package_identification:_identify(Robot_Tu_Hanh/ROBOT_AI/lib/Control/PID) by extension 'python'
[27.669s] Level 1:colcon.colcon_core.package_identification:_identify(Robot_Tu_Hanh/ROBOT_AI/lib/Control/PID) by extensions ['python_setup_py']
[27.669s] Level 1:colcon.colcon_core.package_identification:_identify(Robot_Tu_Hanh/ROBOT_AI/lib/Control/PID) by extension 'python_setup_py'
[27.670s] Level 1:colcon.colcon_core.package_identification:_identify(Robot_Tu_Hanh/ROBOT_AI/lib/Core) by extensions ['ignore', 'ignore_ament_install']
[27.671s] Level 1:colcon.colcon_core.package_identification:_identify(Robot_Tu_Hanh/ROBOT_AI/lib/Core) by extension 'ignore'
[27.671s] Level 1:colcon.colcon_core.package_identification:_identify(Robot_Tu_Hanh/ROBOT_AI/lib/Core) by extension 'ignore_ament_install'
[27.671s] Level 1:colcon.colcon_core.package_identification:_identify(Robot_Tu_Hanh/ROBOT_AI/lib/Core) by extensions ['colcon_pkg']
[27.672s] Level 1:colcon.colcon_core.package_identification:_identify(Robot_Tu_Hanh/ROBOT_AI/lib/Core) by extension 'colcon_pkg'
[27.672s] Level 1:colcon.colcon_core.package_identification:_identify(Robot_Tu_Hanh/ROBOT_AI/lib/Core) by extensions ['colcon_meta']
[27.672s] Level 1:colcon.colcon_core.package_identification:_identify(Robot_Tu_Hanh/ROBOT_AI/lib/Core) by extension 'colcon_meta'
[27.673s] Level 1:colcon.colcon_core.package_identification:_identify(Robot_Tu_Hanh/ROBOT_AI/lib/Core) by extensions ['ros']
[27.673s] Level 1:colcon.colcon_core.package_identification:_identify(Robot_Tu_Hanh/ROBOT_AI/lib/Core) by extension 'ros'
[27.674s] Level 1:colcon.colcon_core.package_identification:_identify(Robot_Tu_Hanh/ROBOT_AI/lib/Core) by extensions ['cmake', 'python']
[27.674s] Level 1:colcon.colcon_core.package_identification:_identify(Robot_Tu_Hanh/ROBOT_AI/lib/Core) by extension 'cmake'
[27.675s] Level 1:colcon.colcon_core.package_identification:_identify(Robot_Tu_Hanh/ROBOT_AI/lib/Core) by extension 'python'
[27.675s] Level 1:colcon.colcon_core.package_identification:_identify(Robot_Tu_Hanh/ROBOT_AI/lib/Core) by extensions ['python_setup_py']
[27.675s] Level 1:colcon.colcon_core.package_identification:_identify(Robot_Tu_Hanh/ROBOT_AI/lib/Core) by extension 'python_setup_py'
[27.676s] Level 1:colcon.colcon_core.package_identification:_identify(Robot_Tu_Hanh/ROBOT_AI/lib/Core/EventBus) by extensions ['ignore', 'ignore_ament_install']
[27.677s] Level 1:colcon.colcon_core.package_identification:_identify(Robot_Tu_Hanh/ROBOT_AI/lib/Core/EventBus) by extension 'ignore'
[27.677s] Level 1:colcon.colcon_core.package_identification:_identify(Robot_Tu_Hanh/ROBOT_AI/lib/Core/EventBus) by extension 'ignore_ament_install'
[27.678s] Level 1:colcon.colcon_core.package_identification:_identify(Robot_Tu_Hanh/ROBOT_AI/lib/Core/EventBus) by extensions ['colcon_pkg']
[27.678s] Level 1:colcon.colcon_core.package_identification:_identify(Robot_Tu_Hanh/ROBOT_AI/lib/Core/EventBus) by extension 'colcon_pkg'
[27.678s] Level 1:colcon.colcon_core.package_identification:_identify(Robot_Tu_Hanh/ROBOT_AI/lib/Core/EventBus) by extensions ['colcon_meta']
[27.679s] Level 1:colcon.colcon_core.package_identification:_identify(Robot_Tu_Hanh/ROBOT_AI/lib/Core/EventBus) by extension 'colcon_meta'
[27.679s] Level 1:colcon.colcon_core.package_identification:_identify(Robot_Tu_Hanh/ROBOT_AI/lib/Core/EventBus) by extensions ['ros']
[27.679s] Level 1:colcon.colcon_core.package_identification:_identify(Robot_Tu_Hanh/ROBOT_AI/lib/Core/EventBus) by extension 'ros'
[27.680s] Level 1:colcon.colcon_core.package_identification:_identify(Robot_Tu_Hanh/ROBOT_AI/lib/Core/EventBus) by extensions ['cmake', 'python']
[27.680s] Level 1:colcon.colcon_core.package_identification:_identify(Robot_Tu_Hanh/ROBOT_AI/lib/Core/EventBus) by extension 'cmake'
[27.680s] Level 1:colcon.colcon_core.package_identification:_identify(Robot_Tu_Hanh/ROBOT_AI/lib/Core/EventBus) by extension 'python'
[27.681s] Level 1:colcon.colcon_core.package_identification:_identify(Robot_Tu_Hanh/ROBOT_AI/lib/Core/EventBus) by extensions ['python_setup_py']
[27.681s] Level 1:colcon.colcon_core.package_identification:_identify(Robot_Tu_Hanh/ROBOT_AI/lib/Core/EventBus) by extension 'python_setup_py'
[27.682s] Level 1:colcon.colcon_core.package_identification:_identify(Robot_Tu_Hanh/ROBOT_AI/lib/Core/Scheduler) by extensions ['ignore', 'ignore_ament_install']
[27.683s] Level 1:colcon.colcon_core.package_identification:_identify(Robot_Tu_Hanh/ROBOT_AI/lib/Core/Scheduler) by extension 'ignore'
[27.683s] Level 1:colcon.colcon_core.package_identification:_identify(Robot_Tu_Hanh/ROBOT_AI/lib/Core/Scheduler) by extension 'ignore_ament_install'
[27.683s] Level 1:colcon.colcon_core.package_identification:_identify(Robot_Tu_Hanh/ROBOT_AI/lib/Core/Scheduler) by extensions ['colcon_pkg']
[27.684s] Level 1:colcon.colcon_core.package_identification:_identify(Robot_Tu_Hanh/ROBOT_AI/lib/Core/Scheduler) by extension 'colcon_pkg'
[27.684s] Level 1:colcon.colcon_core.package_identification:_identify(Robot_Tu_Hanh/ROBOT_AI/lib/Core/Scheduler) by extensions ['colcon_meta']
[27.684s] Level 1:colcon.colcon_core.package_identification:_identify(Robot_Tu_Hanh/ROBOT_AI/lib/Core/Scheduler) by extension 'colcon_meta'
[27.685s] Level 1:colcon.colcon_core.package_identification:_identify(Robot_Tu_Hanh/ROBOT_AI/lib/Core/Scheduler) by extensions ['ros']
[27.685s] Level 1:colcon.colcon_core.package_identification:_identify(Robot_Tu_Hanh/ROBOT_AI/lib/Core/Scheduler) by extension 'ros'
[27.686s] Level 1:colcon.colcon_core.package_identification:_identify(Robot_Tu_Hanh/ROBOT_AI/lib/Core/Scheduler) by extensions ['cmake', 'python']
[27.686s] Level 1:colcon.colcon_core.package_identification:_identify(Robot_Tu_Hanh/ROBOT_AI/lib/Core/Scheduler) by extension 'cmake'
[27.686s] Level 1:colcon.colcon_core.package_identification:_identify(Robot_Tu_Hanh/ROBOT_AI/lib/Core/Scheduler) by extension 'python'
[27.687s] Level 1:colcon.colcon_core.package_identification:_identify(Robot_Tu_Hanh/ROBOT_AI/lib/Core/Scheduler) by extensions ['python_setup_py']
[27.687s] Level 1:colcon.colcon_core.package_identification:_identify(Robot_Tu_Hanh/ROBOT_AI/lib/Core/Scheduler) by extension 'python_setup_py'
[27.688s] Level 1:colcon.colcon_core.package_identification:_identify(Robot_Tu_Hanh/ROBOT_AI/lib/Core/SensorManager) by extensions ['ignore', 'ignore_ament_install']
[27.689s] Level 1:colcon.colcon_core.package_identification:_identify(Robot_Tu_Hanh/ROBOT_AI/lib/Core/SensorManager) by extension 'ignore'
[27.689s] Level 1:colcon.colcon_core.package_identification:_identify(Robot_Tu_Hanh/ROBOT_AI/lib/Core/SensorManager) by extension 'ignore_ament_install'
[27.689s] Level 1:colcon.colcon_core.package_identification:_identify(Robot_Tu_Hanh/ROBOT_AI/lib/Core/SensorManager) by extensions ['colcon_pkg']
[27.689s] Level 1:colcon.colcon_core.package_identification:_identify(Robot_Tu_Hanh/ROBOT_AI/lib/Core/SensorManager) by extension 'colcon_pkg'
[27.690s] Level 1:colcon.colcon_core.package_identification:_identify(Robot_Tu_Hanh/ROBOT_AI/lib/Core/SensorManager) by extensions ['colcon_meta']
[27.690s] Level 1:colcon.colcon_core.package_identification:_identify(Robot_Tu_Hanh/ROBOT_AI/lib/Core/SensorManager) by extension 'colcon_meta'
[27.690s] Level 1:colcon.colcon_core.package_identification:_identify(Robot_Tu_Hanh/ROBOT_AI/lib/Core/SensorManager) by extensions ['ros']
[27.690s] Level 1:colcon.colcon_core.package_identification:_identify(Robot_Tu_Hanh/ROBOT_AI/lib/Core/SensorManager) by extension 'ros'
[27.691s] Level 1:colcon.colcon_core.package_identification:_identify(Robot_Tu_Hanh/ROBOT_AI/lib/Core/SensorManager) by extensions ['cmake', 'python']
[27.691s] Level 1:colcon.colcon_core.package_identification:_identify(Robot_Tu_Hanh/ROBOT_AI/lib/Core/SensorManager) by extension 'cmake'
[27.692s] Level 1:colcon.colcon_core.package_identification:_identify(Robot_Tu_Hanh/ROBOT_AI/lib/Core/SensorManager) by extension 'python'
[27.693s] Level 1:colcon.colcon_core.package_identification:_identify(Robot_Tu_Hanh/ROBOT_AI/lib/Core/SensorManager) by extensions ['python_setup_py']
[27.693s] Level 1:colcon.colcon_core.package_identification:_identify(Robot_Tu_Hanh/ROBOT_AI/lib/Core/SensorManager) by extension 'python_setup_py'
[27.695s] Level 1:colcon.colcon_core.package_identification:_identify(Robot_Tu_Hanh/ROBOT_AI/lib/Encoder) by extensions ['ignore', 'ignore_ament_install']
[27.696s] Level 1:colcon.colcon_core.package_identification:_identify(Robot_Tu_Hanh/ROBOT_AI/lib/Encoder) by extension 'ignore'
[27.696s] Level 1:colcon.colcon_core.package_identification:_identify(Robot_Tu_Hanh/ROBOT_AI/lib/Encoder) by extension 'ignore_ament_install'
[27.697s] Level 1:colcon.colcon_core.package_identification:_identify(Robot_Tu_Hanh/ROBOT_AI/lib/Encoder) by extensions ['colcon_pkg']
[27.697s] Level 1:colcon.colcon_core.package_identification:_identify(Robot_Tu_Hanh/ROBOT_AI/lib/Encoder) by extension 'colcon_pkg'
[27.698s] Level 1:colcon.colcon_core.package_identification:_identify(Robot_Tu_Hanh/ROBOT_AI/lib/Encoder) by extensions ['colcon_meta']
[27.698s] Level 1:colcon.colcon_core.package_identification:_identify(Robot_Tu_Hanh/ROBOT_AI/lib/Encoder) by extension 'colcon_meta'
[27.698s] Level 1:colcon.colcon_core.package_identification:_identify(Robot_Tu_Hanh/ROBOT_AI/lib/Encoder) by extensions ['ros']
[27.699s] Level 1:colcon.colcon_core.package_identification:_identify(Robot_Tu_Hanh/ROBOT_AI/lib/Encoder) by extension 'ros'
[27.699s] Level 1:colcon.colcon_core.package_identification:_identify(Robot_Tu_Hanh/ROBOT_AI/lib/Encoder) by extensions ['cmake', 'python']
[27.699s] Level 1:colcon.colcon_core.package_identification:_identify(Robot_Tu_Hanh/ROBOT_AI/lib/Encoder) by extension 'cmake'
[27.700s] Level 1:colcon.colcon_core.package_identification:_identify(Robot_Tu_Hanh/ROBOT_AI/lib/Encoder) by extension 'python'
[27.700s] Level 1:colcon.colcon_core.package_identification:_identify(Robot_Tu_Hanh/ROBOT_AI/lib/Encoder) by extensions ['python_setup_py']
[27.701s] Level 1:colcon.colcon_core.package_identification:_identify(Robot_Tu_Hanh/ROBOT_AI/lib/Encoder) by extension 'python_setup_py'
[27.701s] Level 1:colcon.colcon_core.package_identification:_identify(Robot_Tu_Hanh/ROBOT_AI/lib/Interfaces) by extensions ['ignore', 'ignore_ament_install']
[27.702s] Level 1:colcon.colcon_core.package_identification:_identify(Robot_Tu_Hanh/ROBOT_AI/lib/Interfaces) by extension 'ignore'
[27.703s] Level 1:colcon.colcon_core.package_identification:_identify(Robot_Tu_Hanh/ROBOT_AI/lib/Interfaces) by extension 'ignore_ament_install'
[27.704s] Level 1:colcon.colcon_core.package_identification:_identify(Robot_Tu_Hanh/ROBOT_AI/lib/Interfaces) by extensions ['colcon_pkg']
[27.704s] Level 1:colcon.colcon_core.package_identification:_identify(Robot_Tu_Hanh/ROBOT_AI/lib/Interfaces) by extension 'colcon_pkg'
[27.705s] Level 1:colcon.colcon_core.package_identification:_identify(Robot_Tu_Hanh/ROBOT_AI/lib/Interfaces) by extensions ['colcon_meta']
[27.705s] Level 1:colcon.colcon_core.package_identification:_identify(Robot_Tu_Hanh/ROBOT_AI/lib/Interfaces) by extension 'colcon_meta'
[27.706s] Level 1:colcon.colcon_core.package_identification:_identify(Robot_Tu_Hanh/ROBOT_AI/lib/Interfaces) by extensions ['ros']
[27.706s] Level 1:colcon.colcon_core.package_identification:_identify(Robot_Tu_Hanh/ROBOT_AI/lib/Interfaces) by extension 'ros'
[27.707s] Level 1:colcon.colcon_core.package_identification:_identify(Robot_Tu_Hanh/ROBOT_AI/lib/Interfaces) by extensions ['cmake', 'python']
[27.707s] Level 1:colcon.colcon_core.package_identification:_identify(Robot_Tu_Hanh/ROBOT_AI/lib/Interfaces) by extension 'cmake'
[27.707s] Level 1:colcon.colcon_core.package_identification:_identify(Robot_Tu_Hanh/ROBOT_AI/lib/Interfaces) by extension 'python'
[27.708s] Level 1:colcon.colcon_core.package_identification:_identify(Robot_Tu_Hanh/ROBOT_AI/lib/Interfaces) by extensions ['python_setup_py']
[27.708s] Level 1:colcon.colcon_core.package_identification:_identify(Robot_Tu_Hanh/ROBOT_AI/lib/Interfaces) by extension 'python_setup_py'
[27.709s] Level 1:colcon.colcon_core.package_identification:_identify(Robot_Tu_Hanh/ROBOT_AI/lib/Kinematics) by extensions ['ignore', 'ignore_ament_install']
[27.709s] Level 1:colcon.colcon_core.package_identification:_identify(Robot_Tu_Hanh/ROBOT_AI/lib/Kinematics) by extension 'ignore'
[27.709s] Level 1:colcon.colcon_core.package_identification:_identify(Robot_Tu_Hanh/ROBOT_AI/lib/Kinematics) by extension 'ignore_ament_install'
[27.710s] Level 1:colcon.colcon_core.package_identification:_identify(Robot_Tu_Hanh/ROBOT_AI/lib/Kinematics) by extensions ['colcon_pkg']
[27.710s] Level 1:colcon.colcon_core.package_identification:_identify(Robot_Tu_Hanh/ROBOT_AI/lib/Kinematics) by extension 'colcon_pkg'
[27.710s] Level 1:colcon.colcon_core.package_identification:_identify(Robot_Tu_Hanh/ROBOT_AI/lib/Kinematics) by extensions ['colcon_meta']
[27.710s] Level 1:colcon.colcon_core.package_identification:_identify(Robot_Tu_Hanh/ROBOT_AI/lib/Kinematics) by extension 'colcon_meta'
[27.711s] Level 1:colcon.colcon_core.package_identification:_identify(Robot_Tu_Hanh/ROBOT_AI/lib/Kinematics) by extensions ['ros']
[27.711s] Level 1:colcon.colcon_core.package_identification:_identify(Robot_Tu_Hanh/ROBOT_AI/lib/Kinematics) by extension 'ros'
[27.711s] Level 1:colcon.colcon_core.package_identification:_identify(Robot_Tu_Hanh/ROBOT_AI/lib/Kinematics) by extensions ['cmake', 'python']
[27.712s] Level 1:colcon.colcon_core.package_identification:_identify(Robot_Tu_Hanh/ROBOT_AI/lib/Kinematics) by extension 'cmake'
[27.712s] Level 1:colcon.colcon_core.package_identification:_identify(Robot_Tu_Hanh/ROBOT_AI/lib/Kinematics) by extension 'python'
[27.712s] Level 1:colcon.colcon_core.package_identification:_identify(Robot_Tu_Hanh/ROBOT_AI/lib/Kinematics) by extensions ['python_setup_py']
[27.712s] Level 1:colcon.colcon_core.package_identification:_identify(Robot_Tu_Hanh/ROBOT_AI/lib/Kinematics) by extension 'python_setup_py'
[27.713s] Level 1:colcon.colcon_core.package_identification:_identify(Robot_Tu_Hanh/ROBOT_AI/lib/MH_FMD) by extensions ['ignore', 'ignore_ament_install']
[27.713s] Level 1:colcon.colcon_core.package_identification:_identify(Robot_Tu_Hanh/ROBOT_AI/lib/MH_FMD) by extension 'ignore'
[27.714s] Level 1:colcon.colcon_core.package_identification:_identify(Robot_Tu_Hanh/ROBOT_AI/lib/MH_FMD) by extension 'ignore_ament_install'
[27.714s] Level 1:colcon.colcon_core.package_identification:_identify(Robot_Tu_Hanh/ROBOT_AI/lib/MH_FMD) by extensions ['colcon_pkg']
[27.714s] Level 1:colcon.colcon_core.package_identification:_identify(Robot_Tu_Hanh/ROBOT_AI/lib/MH_FMD) by extension 'colcon_pkg'
[27.715s] Level 1:colcon.colcon_core.package_identification:_identify(Robot_Tu_Hanh/ROBOT_AI/lib/MH_FMD) by extensions ['colcon_meta']
[27.715s] Level 1:colcon.colcon_core.package_identification:_identify(Robot_Tu_Hanh/ROBOT_AI/lib/MH_FMD) by extension 'colcon_meta'
[27.715s] Level 1:colcon.colcon_core.package_identification:_identify(Robot_Tu_Hanh/ROBOT_AI/lib/MH_FMD) by extensions ['ros']
[27.715s] Level 1:colcon.colcon_core.package_identification:_identify(Robot_Tu_Hanh/ROBOT_AI/lib/MH_FMD) by extension 'ros'
[27.716s] Level 1:colcon.colcon_core.package_identification:_identify(Robot_Tu_Hanh/ROBOT_AI/lib/MH_FMD) by extensions ['cmake', 'python']
[27.716s] Level 1:colcon.colcon_core.package_identification:_identify(Robot_Tu_Hanh/ROBOT_AI/lib/MH_FMD) by extension 'cmake'
[27.716s] Level 1:colcon.colcon_core.package_identification:_identify(Robot_Tu_Hanh/ROBOT_AI/lib/MH_FMD) by extension 'python'
[27.716s] Level 1:colcon.colcon_core.package_identification:_identify(Robot_Tu_Hanh/ROBOT_AI/lib/MH_FMD) by extensions ['python_setup_py']
[27.717s] Level 1:colcon.colcon_core.package_identification:_identify(Robot_Tu_Hanh/ROBOT_AI/lib/MH_FMD) by extension 'python_setup_py'
[27.717s] Level 1:colcon.colcon_core.package_identification:_identify(Robot_Tu_Hanh/ROBOT_AI/lib/Motor) by extensions ['ignore', 'ignore_ament_install']
[27.718s] Level 1:colcon.colcon_core.package_identification:_identify(Robot_Tu_Hanh/ROBOT_AI/lib/Motor) by extension 'ignore'
[27.718s] Level 1:colcon.colcon_core.package_identification:_identify(Robot_Tu_Hanh/ROBOT_AI/lib/Motor) by extension 'ignore_ament_install'
[27.718s] Level 1:colcon.colcon_core.package_identification:_identify(Robot_Tu_Hanh/ROBOT_AI/lib/Motor) by extensions ['colcon_pkg']
[27.718s] Level 1:colcon.colcon_core.package_identification:_identify(Robot_Tu_Hanh/ROBOT_AI/lib/Motor) by extension 'colcon_pkg'
[27.719s] Level 1:colcon.colcon_core.package_identification:_identify(Robot_Tu_Hanh/ROBOT_AI/lib/Motor) by extensions ['colcon_meta']
[27.719s] Level 1:colcon.colcon_core.package_identification:_identify(Robot_Tu_Hanh/ROBOT_AI/lib/Motor) by extension 'colcon_meta'
[27.719s] Level 1:colcon.colcon_core.package_identification:_identify(Robot_Tu_Hanh/ROBOT_AI/lib/Motor) by extensions ['ros']
[27.719s] Level 1:colcon.colcon_core.package_identification:_identify(Robot_Tu_Hanh/ROBOT_AI/lib/Motor) by extension 'ros'
[27.720s] Level 1:colcon.colcon_core.package_identification:_identify(Robot_Tu_Hanh/ROBOT_AI/lib/Motor) by extensions ['cmake', 'python']
[27.720s] Level 1:colcon.colcon_core.package_identification:_identify(Robot_Tu_Hanh/ROBOT_AI/lib/Motor) by extension 'cmake'
[27.720s] Level 1:colcon.colcon_core.package_identification:_identify(Robot_Tu_Hanh/ROBOT_AI/lib/Motor) by extension 'python'
[27.721s] Level 1:colcon.colcon_core.package_identification:_identify(Robot_Tu_Hanh/ROBOT_AI/lib/Motor) by extensions ['python_setup_py']
[27.721s] Level 1:colcon.colcon_core.package_identification:_identify(Robot_Tu_Hanh/ROBOT_AI/lib/Motor) by extension 'python_setup_py'
[27.721s] Level 1:colcon.colcon_core.package_identification:_identify(Robot_Tu_Hanh/ROBOT_AI/lib/Mpu6050) by extensions ['ignore', 'ignore_ament_install']
[27.722s] Level 1:colcon.colcon_core.package_identification:_identify(Robot_Tu_Hanh/ROBOT_AI/lib/Mpu6050) by extension 'ignore'
[27.722s] Level 1:colcon.colcon_core.package_identification:_identify(Robot_Tu_Hanh/ROBOT_AI/lib/Mpu6050) by extension 'ignore_ament_install'
[27.723s] Level 1:colcon.colcon_core.package_identification:_identify(Robot_Tu_Hanh/ROBOT_AI/lib/Mpu6050) by extensions ['colcon_pkg']
[27.723s] Level 1:colcon.colcon_core.package_identification:_identify(Robot_Tu_Hanh/ROBOT_AI/lib/Mpu6050) by extension 'colcon_pkg'
[27.723s] Level 1:colcon.colcon_core.package_identification:_identify(Robot_Tu_Hanh/ROBOT_AI/lib/Mpu6050) by extensions ['colcon_meta']
[27.723s] Level 1:colcon.colcon_core.package_identification:_identify(Robot_Tu_Hanh/ROBOT_AI/lib/Mpu6050) by extension 'colcon_meta'
[27.723s] Level 1:colcon.colcon_core.package_identification:_identify(Robot_Tu_Hanh/ROBOT_AI/lib/Mpu6050) by extensions ['ros']
[27.724s] Level 1:colcon.colcon_core.package_identification:_identify(Robot_Tu_Hanh/ROBOT_AI/lib/Mpu6050) by extension 'ros'
[27.724s] Level 1:colcon.colcon_core.package_identification:_identify(Robot_Tu_Hanh/ROBOT_AI/lib/Mpu6050) by extensions ['cmake', 'python']
[27.724s] Level 1:colcon.colcon_core.package_identification:_identify(Robot_Tu_Hanh/ROBOT_AI/lib/Mpu6050) by extension 'cmake'
[27.725s] Level 1:colcon.colcon_core.package_identification:_identify(Robot_Tu_Hanh/ROBOT_AI/lib/Mpu6050) by extension 'python'
[27.725s] Level 1:colcon.colcon_core.package_identification:_identify(Robot_Tu_Hanh/ROBOT_AI/lib/Mpu6050) by extensions ['python_setup_py']
[27.725s] Level 1:colcon.colcon_core.package_identification:_identify(Robot_Tu_Hanh/ROBOT_AI/lib/Mpu6050) by extension 'python_setup_py'
[27.726s] Level 1:colcon.colcon_core.package_identification:_identify(Robot_Tu_Hanh/ROBOT_AI/lib/ObstacleAvoidance) by extensions ['ignore', 'ignore_ament_install']
[27.726s] Level 1:colcon.colcon_core.package_identification:_identify(Robot_Tu_Hanh/ROBOT_AI/lib/ObstacleAvoidance) by extension 'ignore'
[27.726s] Level 1:colcon.colcon_core.package_identification:_identify(Robot_Tu_Hanh/ROBOT_AI/lib/ObstacleAvoidance) by extension 'ignore_ament_install'
[27.727s] Level 1:colcon.colcon_core.package_identification:_identify(Robot_Tu_Hanh/ROBOT_AI/lib/ObstacleAvoidance) by extensions ['colcon_pkg']
[27.727s] Level 1:colcon.colcon_core.package_identification:_identify(Robot_Tu_Hanh/ROBOT_AI/lib/ObstacleAvoidance) by extension 'colcon_pkg'
[27.727s] Level 1:colcon.colcon_core.package_identification:_identify(Robot_Tu_Hanh/ROBOT_AI/lib/ObstacleAvoidance) by extensions ['colcon_meta']
[27.727s] Level 1:colcon.colcon_core.package_identification:_identify(Robot_Tu_Hanh/ROBOT_AI/lib/ObstacleAvoidance) by extension 'colcon_meta'
[27.728s] Level 1:colcon.colcon_core.package_identification:_identify(Robot_Tu_Hanh/ROBOT_AI/lib/ObstacleAvoidance) by extensions ['ros']
[27.728s] Level 1:colcon.colcon_core.package_identification:_identify(Robot_Tu_Hanh/ROBOT_AI/lib/ObstacleAvoidance) by extension 'ros'
[27.729s] Level 1:colcon.colcon_core.package_identification:_identify(Robot_Tu_Hanh/ROBOT_AI/lib/ObstacleAvoidance) by extensions ['cmake', 'python']
[27.729s] Level 1:colcon.colcon_core.package_identification:_identify(Robot_Tu_Hanh/ROBOT_AI/lib/ObstacleAvoidance) by extension 'cmake'
[27.730s] Level 1:colcon.colcon_core.package_identification:_identify(Robot_Tu_Hanh/ROBOT_AI/lib/ObstacleAvoidance) by extension 'python'
[27.730s] Level 1:colcon.colcon_core.package_identification:_identify(Robot_Tu_Hanh/ROBOT_AI/lib/ObstacleAvoidance) by extensions ['python_setup_py']
[27.730s] Level 1:colcon.colcon_core.package_identification:_identify(Robot_Tu_Hanh/ROBOT_AI/lib/ObstacleAvoidance) by extension 'python_setup_py'
[27.731s] Level 1:colcon.colcon_core.package_identification:_identify(Robot_Tu_Hanh/ROBOT_AI/lib/ROS2Protocol) by extensions ['ignore', 'ignore_ament_install']
[27.732s] Level 1:colcon.colcon_core.package_identification:_identify(Robot_Tu_Hanh/ROBOT_AI/lib/ROS2Protocol) by extension 'ignore'
[27.733s] Level 1:colcon.colcon_core.package_identification:_identify(Robot_Tu_Hanh/ROBOT_AI/lib/ROS2Protocol) by extension 'ignore_ament_install'
[27.733s] Level 1:colcon.colcon_core.package_identification:_identify(Robot_Tu_Hanh/ROBOT_AI/lib/ROS2Protocol) by extensions ['colcon_pkg']
[27.733s] Level 1:colcon.colcon_core.package_identification:_identify(Robot_Tu_Hanh/ROBOT_AI/lib/ROS2Protocol) by extension 'colcon_pkg'
[27.734s] Level 1:colcon.colcon_core.package_identification:_identify(Robot_Tu_Hanh/ROBOT_AI/lib/ROS2Protocol) by extensions ['colcon_meta']
[27.734s] Level 1:colcon.colcon_core.package_identification:_identify(Robot_Tu_Hanh/ROBOT_AI/lib/ROS2Protocol) by extension 'colcon_meta'
[27.735s] Level 1:colcon.colcon_core.package_identification:_identify(Robot_Tu_Hanh/ROBOT_AI/lib/ROS2Protocol) by extensions ['ros']
[27.735s] Level 1:colcon.colcon_core.package_identification:_identify(Robot_Tu_Hanh/ROBOT_AI/lib/ROS2Protocol) by extension 'ros'
[27.736s] Level 1:colcon.colcon_core.package_identification:_identify(Robot_Tu_Hanh/ROBOT_AI/lib/ROS2Protocol) by extensions ['cmake', 'python']
[27.736s] Level 1:colcon.colcon_core.package_identification:_identify(Robot_Tu_Hanh/ROBOT_AI/lib/ROS2Protocol) by extension 'cmake'
[27.737s] Level 1:colcon.colcon_core.package_identification:_identify(Robot_Tu_Hanh/ROBOT_AI/lib/ROS2Protocol) by extension 'python'
[27.737s] Level 1:colcon.colcon_core.package_identification:_identify(Robot_Tu_Hanh/ROBOT_AI/lib/ROS2Protocol) by extensions ['python_setup_py']
[27.737s] Level 1:colcon.colcon_core.package_identification:_identify(Robot_Tu_Hanh/ROBOT_AI/lib/ROS2Protocol) by extension 'python_setup_py'
[27.738s] Level 1:colcon.colcon_core.package_identification:_identify(Robot_Tu_Hanh/ROBOT_AI/lib/Sensor_HC_SR04) by extensions ['ignore', 'ignore_ament_install']
[27.739s] Level 1:colcon.colcon_core.package_identification:_identify(Robot_Tu_Hanh/ROBOT_AI/lib/Sensor_HC_SR04) by extension 'ignore'
[27.739s] Level 1:colcon.colcon_core.package_identification:_identify(Robot_Tu_Hanh/ROBOT_AI/lib/Sensor_HC_SR04) by extension 'ignore_ament_install'
[27.739s] Level 1:colcon.colcon_core.package_identification:_identify(Robot_Tu_Hanh/ROBOT_AI/lib/Sensor_HC_SR04) by extensions ['colcon_pkg']
[27.740s] Level 1:colcon.colcon_core.package_identification:_identify(Robot_Tu_Hanh/ROBOT_AI/lib/Sensor_HC_SR04) by extension 'colcon_pkg'
[27.740s] Level 1:colcon.colcon_core.package_identification:_identify(Robot_Tu_Hanh/ROBOT_AI/lib/Sensor_HC_SR04) by extensions ['colcon_meta']
[27.740s] Level 1:colcon.colcon_core.package_identification:_identify(Robot_Tu_Hanh/ROBOT_AI/lib/Sensor_HC_SR04) by extension 'colcon_meta'
[27.740s] Level 1:colcon.colcon_core.package_identification:_identify(Robot_Tu_Hanh/ROBOT_AI/lib/Sensor_HC_SR04) by extensions ['ros']
[27.741s] Level 1:colcon.colcon_core.package_identification:_identify(Robot_Tu_Hanh/ROBOT_AI/lib/Sensor_HC_SR04) by extension 'ros'
[27.741s] Level 1:colcon.colcon_core.package_identification:_identify(Robot_Tu_Hanh/ROBOT_AI/lib/Sensor_HC_SR04) by extensions ['cmake', 'python']
[27.741s] Level 1:colcon.colcon_core.package_identification:_identify(Robot_Tu_Hanh/ROBOT_AI/lib/Sensor_HC_SR04) by extension 'cmake'
[27.742s] Level 1:colcon.colcon_core.package_identification:_identify(Robot_Tu_Hanh/ROBOT_AI/lib/Sensor_HC_SR04) by extension 'python'
[27.742s] Level 1:colcon.colcon_core.package_identification:_identify(Robot_Tu_Hanh/ROBOT_AI/lib/Sensor_HC_SR04) by extensions ['python_setup_py']
[27.742s] Level 1:colcon.colcon_core.package_identification:_identify(Robot_Tu_Hanh/ROBOT_AI/lib/Sensor_HC_SR04) by extension 'python_setup_py'
[27.743s] Level 1:colcon.colcon_core.package_identification:_identify(Robot_Tu_Hanh/ROBOT_AI/src) by extensions ['ignore', 'ignore_ament_install']
[27.743s] Level 1:colcon.colcon_core.package_identification:_identify(Robot_Tu_Hanh/ROBOT_AI/src) by extension 'ignore'
[27.744s] Level 1:colcon.colcon_core.package_identification:_identify(Robot_Tu_Hanh/ROBOT_AI/src) by extension 'ignore_ament_install'
[27.744s] Level 1:colcon.colcon_core.package_identification:_identify(Robot_Tu_Hanh/ROBOT_AI/src) by extensions ['colcon_pkg']
[27.744s] Level 1:colcon.colcon_core.package_identification:_identify(Robot_Tu_Hanh/ROBOT_AI/src) by extension 'colcon_pkg'
[27.745s] Level 1:colcon.colcon_core.package_identification:_identify(Robot_Tu_Hanh/ROBOT_AI/src) by extensions ['colcon_meta']
[27.745s] Level 1:colcon.colcon_core.package_identification:_identify(Robot_Tu_Hanh/ROBOT_AI/src) by extension 'colcon_meta'
[27.745s] Level 1:colcon.colcon_core.package_identification:_identify(Robot_Tu_Hanh/ROBOT_AI/src) by extensions ['ros']
[27.745s] Level 1:colcon.colcon_core.package_identification:_identify(Robot_Tu_Hanh/ROBOT_AI/src) by extension 'ros'
[27.746s] Level 1:colcon.colcon_core.package_identification:_identify(Robot_Tu_Hanh/ROBOT_AI/src) by extensions ['cmake', 'python']
[27.746s] Level 1:colcon.colcon_core.package_identification:_identify(Robot_Tu_Hanh/ROBOT_AI/src) by extension 'cmake'
[27.746s] Level 1:colcon.colcon_core.package_identification:_identify(Robot_Tu_Hanh/ROBOT_AI/src) by extension 'python'
[27.746s] Level 1:colcon.colcon_core.package_identification:_identify(Robot_Tu_Hanh/ROBOT_AI/src) by extensions ['python_setup_py']
[27.747s] Level 1:colcon.colcon_core.package_identification:_identify(Robot_Tu_Hanh/ROBOT_AI/src) by extension 'python_setup_py'
[27.748s] Level 1:colcon.colcon_core.package_identification:_identify(Robot_Tu_Hanh/ROBOT_AI/src/Managers) by extensions ['ignore', 'ignore_ament_install']
[27.749s] Level 1:colcon.colcon_core.package_identification:_identify(Robot_Tu_Hanh/ROBOT_AI/src/Managers) by extension 'ignore'
[27.749s] Level 1:colcon.colcon_core.package_identification:_identify(Robot_Tu_Hanh/ROBOT_AI/src/Managers) by extension 'ignore_ament_install'
[27.750s] Level 1:colcon.colcon_core.package_identification:_identify(Robot_Tu_Hanh/ROBOT_AI/src/Managers) by extensions ['colcon_pkg']
[27.750s] Level 1:colcon.colcon_core.package_identification:_identify(Robot_Tu_Hanh/ROBOT_AI/src/Managers) by extension 'colcon_pkg'
[27.750s] Level 1:colcon.colcon_core.package_identification:_identify(Robot_Tu_Hanh/ROBOT_AI/src/Managers) by extensions ['colcon_meta']
[27.751s] Level 1:colcon.colcon_core.package_identification:_identify(Robot_Tu_Hanh/ROBOT_AI/src/Managers) by extension 'colcon_meta'
[27.751s] Level 1:colcon.colcon_core.package_identification:_identify(Robot_Tu_Hanh/ROBOT_AI/src/Managers) by extensions ['ros']
[27.751s] Level 1:colcon.colcon_core.package_identification:_identify(Robot_Tu_Hanh/ROBOT_AI/src/Managers) by extension 'ros'
[27.752s] Level 1:colcon.colcon_core.package_identification:_identify(Robot_Tu_Hanh/ROBOT_AI/src/Managers) by extensions ['cmake', 'python']
[27.752s] Level 1:colcon.colcon_core.package_identification:_identify(Robot_Tu_Hanh/ROBOT_AI/src/Managers) by extension 'cmake'
[27.753s] Level 1:colcon.colcon_core.package_identification:_identify(Robot_Tu_Hanh/ROBOT_AI/src/Managers) by extension 'python'
[27.753s] Level 1:colcon.colcon_core.package_identification:_identify(Robot_Tu_Hanh/ROBOT_AI/src/Managers) by extensions ['python_setup_py']
[27.753s] Level 1:colcon.colcon_core.package_identification:_identify(Robot_Tu_Hanh/ROBOT_AI/src/Managers) by extension 'python_setup_py'
[27.754s] Level 1:colcon.colcon_core.package_identification:_identify(Robot_Tu_Hanh/ROBOT_AI/src/Protocol) by extensions ['ignore', 'ignore_ament_install']
[27.754s] Level 1:colcon.colcon_core.package_identification:_identify(Robot_Tu_Hanh/ROBOT_AI/src/Protocol) by extension 'ignore'
[27.754s] Level 1:colcon.colcon_core.package_identification:_identify(Robot_Tu_Hanh/ROBOT_AI/src/Protocol) by extension 'ignore_ament_install'
[27.755s] Level 1:colcon.colcon_core.package_identification:_identify(Robot_Tu_Hanh/ROBOT_AI/src/Protocol) by extensions ['colcon_pkg']
[27.755s] Level 1:colcon.colcon_core.package_identification:_identify(Robot_Tu_Hanh/ROBOT_AI/src/Protocol) by extension 'colcon_pkg'
[27.755s] Level 1:colcon.colcon_core.package_identification:_identify(Robot_Tu_Hanh/ROBOT_AI/src/Protocol) by extensions ['colcon_meta']
[27.755s] Level 1:colcon.colcon_core.package_identification:_identify(Robot_Tu_Hanh/ROBOT_AI/src/Protocol) by extension 'colcon_meta'
[27.756s] Level 1:colcon.colcon_core.package_identification:_identify(Robot_Tu_Hanh/ROBOT_AI/src/Protocol) by extensions ['ros']
[27.756s] Level 1:colcon.colcon_core.package_identification:_identify(Robot_Tu_Hanh/ROBOT_AI/src/Protocol) by extension 'ros'
[27.756s] Level 1:colcon.colcon_core.package_identification:_identify(Robot_Tu_Hanh/ROBOT_AI/src/Protocol) by extensions ['cmake', 'python']
[27.757s] Level 1:colcon.colcon_core.package_identification:_identify(Robot_Tu_Hanh/ROBOT_AI/src/Protocol) by extension 'cmake'
[27.757s] Level 1:colcon.colcon_core.package_identification:_identify(Robot_Tu_Hanh/ROBOT_AI/src/Protocol) by extension 'python'
[27.757s] Level 1:colcon.colcon_core.package_identification:_identify(Robot_Tu_Hanh/ROBOT_AI/src/Protocol) by extensions ['python_setup_py']
[27.757s] Level 1:colcon.colcon_core.package_identification:_identify(Robot_Tu_Hanh/ROBOT_AI/src/Protocol) by extension 'python_setup_py'
[27.758s] Level 1:colcon.colcon_core.package_identification:_identify(Robot_Tu_Hanh/ROBOT_AI/test) by extensions ['ignore', 'ignore_ament_install']
[27.758s] Level 1:colcon.colcon_core.package_identification:_identify(Robot_Tu_Hanh/ROBOT_AI/test) by extension 'ignore'
[27.759s] Level 1:colcon.colcon_core.package_identification:_identify(Robot_Tu_Hanh/ROBOT_AI/test) by extension 'ignore_ament_install'
[27.759s] Level 1:colcon.colcon_core.package_identification:_identify(Robot_Tu_Hanh/ROBOT_AI/test) by extensions ['colcon_pkg']
[27.759s] Level 1:colcon.colcon_core.package_identification:_identify(Robot_Tu_Hanh/ROBOT_AI/test) by extension 'colcon_pkg'
[27.759s] Level 1:colcon.colcon_core.package_identification:_identify(Robot_Tu_Hanh/ROBOT_AI/test) by extensions ['colcon_meta']
[27.760s] Level 1:colcon.colcon_core.package_identification:_identify(Robot_Tu_Hanh/ROBOT_AI/test) by extension 'colcon_meta'
[27.760s] Level 1:colcon.colcon_core.package_identification:_identify(Robot_Tu_Hanh/ROBOT_AI/test) by extensions ['ros']
[27.760s] Level 1:colcon.colcon_core.package_identification:_identify(Robot_Tu_Hanh/ROBOT_AI/test) by extension 'ros'
[27.761s] Level 1:colcon.colcon_core.package_identification:_identify(Robot_Tu_Hanh/ROBOT_AI/test) by extensions ['cmake', 'python']
[27.761s] Level 1:colcon.colcon_core.package_identification:_identify(Robot_Tu_Hanh/ROBOT_AI/test) by extension 'cmake'
[27.762s] Level 1:colcon.colcon_core.package_identification:_identify(Robot_Tu_Hanh/ROBOT_AI/test) by extension 'python'
[27.762s] Level 1:colcon.colcon_core.package_identification:_identify(Robot_Tu_Hanh/ROBOT_AI/test) by extensions ['python_setup_py']
[27.762s] Level 1:colcon.colcon_core.package_identification:_identify(Robot_Tu_Hanh/ROBOT_AI/test) by extension 'python_setup_py'
[27.763s] Level 1:colcon.colcon_core.package_identification:_identify(build) by extensions ['ignore', 'ignore_ament_install']
[27.764s] Level 1:colcon.colcon_core.package_identification:_identify(build) by extension 'ignore'
[27.764s] Level 1:colcon.colcon_core.package_identification:_identify(build) ignored
[27.766s] Level 1:colcon.colcon_core.package_identification:_identify(install) by extensions ['ignore', 'ignore_ament_install']
[27.766s] Level 1:colcon.colcon_core.package_identification:_identify(install) by extension 'ignore'
[27.767s] Level 1:colcon.colcon_core.package_identification:_identify(install) ignored
[27.769s] Level 1:colcon.colcon_core.package_identification:_identify(log) by extensions ['ignore', 'ignore_ament_install']
[27.769s] Level 1:colcon.colcon_core.package_identification:_identify(log) by extension 'ignore'
[27.770s] Level 1:colcon.colcon_core.package_identification:_identify(log) ignored
[27.771s] Level 1:colcon.colcon_core.package_identification:_identify(src) by extensions ['ignore', 'ignore_ament_install']
[27.771s] Level 1:colcon.colcon_core.package_identification:_identify(src) by extension 'ignore'
[27.772s] Level 1:colcon.colcon_core.package_identification:_identify(src) by extension 'ignore_ament_install'
[27.773s] Level 1:colcon.colcon_core.package_identification:_identify(src) by extensions ['colcon_pkg']
[27.773s] Level 1:colcon.colcon_core.package_identification:_identify(src) by extension 'colcon_pkg'
[27.773s] Level 1:colcon.colcon_core.package_identification:_identify(src) by extensions ['colcon_meta']
[27.773s] Level 1:colcon.colcon_core.package_identification:_identify(src) by extension 'colcon_meta'
[27.774s] Level 1:colcon.colcon_core.package_identification:_identify(src) by extensions ['ros']
[27.774s] Level 1:colcon.colcon_core.package_identification:_identify(src) by extension 'ros'
[27.775s] Level 1:colcon.colcon_core.package_identification:_identify(src) by extensions ['cmake', 'python']
[27.775s] Level 1:colcon.colcon_core.package_identification:_identify(src) by extension 'cmake'
[27.776s] Level 1:colcon.colcon_core.package_identification:_identify(src) by extension 'python'
[27.776s] Level 1:colcon.colcon_core.package_identification:_identify(src) by extensions ['python_setup_py']
[27.776s] Level 1:colcon.colcon_core.package_identification:_identify(src) by extension 'python_setup_py'
[27.777s] Level 1:colcon.colcon_core.package_identification:_identify(src/camera_node) by extensions ['ignore', 'ignore_ament_install']
[27.778s] Level 1:colcon.colcon_core.package_identification:_identify(src/camera_node) by extension 'ignore'
[27.778s] Level 1:colcon.colcon_core.package_identification:_identify(src/camera_node) by extension 'ignore_ament_install'
[27.778s] Level 1:colcon.colcon_core.package_identification:_identify(src/camera_node) by extensions ['colcon_pkg']
[27.778s] Level 1:colcon.colcon_core.package_identification:_identify(src/camera_node) by extension 'colcon_pkg'
[27.779s] Level 1:colcon.colcon_core.package_identification:_identify(src/camera_node) by extensions ['colcon_meta']
[27.779s] Level 1:colcon.colcon_core.package_identification:_identify(src/camera_node) by extension 'colcon_meta'
[27.779s] Level 1:colcon.colcon_core.package_identification:_identify(src/camera_node) by extensions ['ros']
[27.779s] Level 1:colcon.colcon_core.package_identification:_identify(src/camera_node) by extension 'ros'
[27.791s] DEBUG:colcon.colcon_core.package_identification:Package 'src/camera_node' with type 'ros.ament_python' and name 'camera_node'
[27.791s] Level 1:colcon.colcon_core.package_identification:_identify(src/esp32_ros2_bridge) by extensions ['ignore', 'ignore_ament_install']
[27.792s] Level 1:colcon.colcon_core.package_identification:_identify(src/esp32_ros2_bridge) by extension 'ignore'
[27.792s] Level 1:colcon.colcon_core.package_identification:_identify(src/esp32_ros2_bridge) by extension 'ignore_ament_install'
[27.793s] Level 1:colcon.colcon_core.package_identification:_identify(src/esp32_ros2_bridge) by extensions ['colcon_pkg']
[27.793s] Level 1:colcon.colcon_core.package_identification:_identify(src/esp32_ros2_bridge) by extension 'colcon_pkg'
[27.793s] Level 1:colcon.colcon_core.package_identification:_identify(src/esp32_ros2_bridge) by extensions ['colcon_meta']
[27.793s] Level 1:colcon.colcon_core.package_identification:_identify(src/esp32_ros2_bridge) by extension 'colcon_meta'
[27.794s] Level 1:colcon.colcon_core.package_identification:_identify(src/esp32_ros2_bridge) by extensions ['ros']
[27.794s] Level 1:colcon.colcon_core.package_identification:_identify(src/esp32_ros2_bridge) by extension 'ros'
[27.798s] DEBUG:colcon.colcon_core.package_identification:Package 'src/esp32_ros2_bridge' with type 'ros.ament_python' and name 'esp32_ros2_bridge'
[27.798s] Level 1:colcon.colcon_core.package_identification:_identify(src/robot_ai) by extensions ['ignore', 'ignore_ament_install']
[27.799s] Level 1:colcon.colcon_core.package_identification:_identify(src/robot_ai) by extension 'ignore'
[27.799s] Level 1:colcon.colcon_core.package_identification:_identify(src/robot_ai) by extension 'ignore_ament_install'
[27.800s] Level 1:colcon.colcon_core.package_identification:_identify(src/robot_ai) by extensions ['colcon_pkg']
[27.800s] Level 1:colcon.colcon_core.package_identification:_identify(src/robot_ai) by extension 'colcon_pkg'
[27.800s] Level 1:colcon.colcon_core.package_identification:_identify(src/robot_ai) by extensions ['colcon_meta']
[27.801s] Level 1:colcon.colcon_core.package_identification:_identify(src/robot_ai) by extension 'colcon_meta'
[27.801s] Level 1:colcon.colcon_core.package_identification:_identify(src/robot_ai) by extensions ['ros']
[27.801s] Level 1:colcon.colcon_core.package_identification:_identify(src/robot_ai) by extension 'ros'
[27.804s] DEBUG:colcon.colcon_core.package_identification:Package 'src/robot_ai' with type 'ros.ament_python' and name 'robot_ai'
[27.805s] Level 1:colcon.colcon_core.package_identification:_identify(src/robot_bringup) by extensions ['ignore', 'ignore_ament_install']
[27.805s] Level 1:colcon.colcon_core.package_identification:_identify(src/robot_bringup) by extension 'ignore'
[27.806s] Level 1:colcon.colcon_core.package_identification:_identify(src/robot_bringup) by extension 'ignore_ament_install'
[27.806s] Level 1:colcon.colcon_core.package_identification:_identify(src/robot_bringup) by extensions ['colcon_pkg']
[27.806s] Level 1:colcon.colcon_core.package_identification:_identify(src/robot_bringup) by extension 'colcon_pkg'
[27.806s] Level 1:colcon.colcon_core.package_identification:_identify(src/robot_bringup) by extensions ['colcon_meta']
[27.806s] Level 1:colcon.colcon_core.package_identification:_identify(src/robot_bringup) by extension 'colcon_meta'
[27.807s] Level 1:colcon.colcon_core.package_identification:_identify(src/robot_bringup) by extensions ['ros']
[27.807s] Level 1:colcon.colcon_core.package_identification:_identify(src/robot_bringup) by extension 'ros'
[27.811s] DEBUG:colcon.colcon_core.package_identification:Package 'src/robot_bringup' with type 'ros.ament_cmake' and name 'robot_bringup'
[27.812s] Level 1:colcon.colcon_core.package_identification:_identify(src/robot_description) by extensions ['ignore', 'ignore_ament_install']
[27.812s] Level 1:colcon.colcon_core.package_identification:_identify(src/robot_description) by extension 'ignore'
[27.813s] Level 1:colcon.colcon_core.package_identification:_identify(src/robot_description) by extension 'ignore_ament_install'
[27.813s] Level 1:colcon.colcon_core.package_identification:_identify(src/robot_description) by extensions ['colcon_pkg']
[27.813s] Level 1:colcon.colcon_core.package_identification:_identify(src/robot_description) by extension 'colcon_pkg'
[27.813s] Level 1:colcon.colcon_core.package_identification:_identify(src/robot_description) by extensions ['colcon_meta']
[27.814s] Level 1:colcon.colcon_core.package_identification:_identify(src/robot_description) by extension 'colcon_meta'
[27.814s] Level 1:colcon.colcon_core.package_identification:_identify(src/robot_description) by extensions ['ros']
[27.814s] Level 1:colcon.colcon_core.package_identification:_identify(src/robot_description) by extension 'ros'
[27.817s] DEBUG:colcon.colcon_core.package_identification:Package 'src/robot_description' with type 'ros.ament_cmake' and name 'robot_description'
[27.818s] Level 1:colcon.colcon_core.package_identification:_identify(src/robot_serial) by extensions ['ignore', 'ignore_ament_install']
[27.819s] Level 1:colcon.colcon_core.package_identification:_identify(src/robot_serial) by extension 'ignore'
[27.819s] Level 1:colcon.colcon_core.package_identification:_identify(src/robot_serial) by extension 'ignore_ament_install'
[27.820s] Level 1:colcon.colcon_core.package_identification:_identify(src/robot_serial) by extensions ['colcon_pkg']
[27.820s] Level 1:colcon.colcon_core.package_identification:_identify(src/robot_serial) by extension 'colcon_pkg'
[27.821s] Level 1:colcon.colcon_core.package_identification:_identify(src/robot_serial) by extensions ['colcon_meta']
[27.821s] Level 1:colcon.colcon_core.package_identification:_identify(src/robot_serial) by extension 'colcon_meta'
[27.821s] Level 1:colcon.colcon_core.package_identification:_identify(src/robot_serial) by extensions ['ros']
[27.821s] Level 1:colcon.colcon_core.package_identification:_identify(src/robot_serial) by extension 'ros'
[27.825s] DEBUG:colcon.colcon_core.package_identification:Package 'src/robot_serial' with type 'ros.ament_python' and name 'robot_serial'
[27.825s] Level 1:colcon.colcon_core.package_identification:_identify(src/sllidar_ros2) by extensions ['ignore', 'ignore_ament_install']
[27.826s] Level 1:colcon.colcon_core.package_identification:_identify(src/sllidar_ros2) by extension 'ignore'
[27.827s] Level 1:colcon.colcon_core.package_identification:_identify(src/sllidar_ros2) by extension 'ignore_ament_install'
[27.827s] Level 1:colcon.colcon_core.package_identification:_identify(src/sllidar_ros2) by extensions ['colcon_pkg']
[27.828s] Level 1:colcon.colcon_core.package_identification:_identify(src/sllidar_ros2) by extension 'colcon_pkg'
[27.828s] Level 1:colcon.colcon_core.package_identification:_identify(src/sllidar_ros2) by extensions ['colcon_meta']
[27.828s] Level 1:colcon.colcon_core.package_identification:_identify(src/sllidar_ros2) by extension 'colcon_meta'
[27.829s] Level 1:colcon.colcon_core.package_identification:_identify(src/sllidar_ros2) by extensions ['ros']
[27.829s] Level 1:colcon.colcon_core.package_identification:_identify(src/sllidar_ros2) by extension 'ros'
[27.832s] DEBUG:colcon.colcon_core.package_identification:Package 'src/sllidar_ros2' with type 'ros.ament_cmake' and name 'sllidar_ros2'
[27.833s] Level 1:colcon.colcon_core.package_identification:_identify(src/vision_ai_node) by extensions ['ignore', 'ignore_ament_install']
[27.833s] Level 1:colcon.colcon_core.package_identification:_identify(src/vision_ai_node) by extension 'ignore'
[27.833s] Level 1:colcon.colcon_core.package_identification:_identify(src/vision_ai_node) by extension 'ignore_ament_install'
[27.834s] Level 1:colcon.colcon_core.package_identification:_identify(src/vision_ai_node) by extensions ['colcon_pkg']
[27.834s] Level 1:colcon.colcon_core.package_identification:_identify(src/vision_ai_node) by extension 'colcon_pkg'
[27.834s] Level 1:colcon.colcon_core.package_identification:_identify(src/vision_ai_node) by extensions ['colcon_meta']
[27.834s] Level 1:colcon.colcon_core.package_identification:_identify(src/vision_ai_node) by extension 'colcon_meta'
[27.835s] Level 1:colcon.colcon_core.package_identification:_identify(src/vision_ai_node) by extensions ['ros']
[27.835s] Level 1:colcon.colcon_core.package_identification:_identify(src/vision_ai_node) by extension 'ros'
[27.837s] DEBUG:colcon.colcon_core.package_identification:Package 'src/vision_ai_node' with type 'ros.ament_python' and name 'vision_ai_node'
[27.838s] Level 1:colcon.colcon_core.package_identification:_identify(src/vision_msgs) by extensions ['ignore', 'ignore_ament_install']
[27.839s] Level 1:colcon.colcon_core.package_identification:_identify(src/vision_msgs) by extension 'ignore'
[27.839s] Level 1:colcon.colcon_core.package_identification:_identify(src/vision_msgs) by extension 'ignore_ament_install'
[27.839s] Level 1:colcon.colcon_core.package_identification:_identify(src/vision_msgs) by extensions ['colcon_pkg']
[27.840s] Level 1:colcon.colcon_core.package_identification:_identify(src/vision_msgs) by extension 'colcon_pkg'
[27.840s] Level 1:colcon.colcon_core.package_identification:_identify(src/vision_msgs) by extensions ['colcon_meta']
[27.840s] Level 1:colcon.colcon_core.package_identification:_identify(src/vision_msgs) by extension 'colcon_meta'
[27.840s] Level 1:colcon.colcon_core.package_identification:_identify(src/vision_msgs) by extensions ['ros']
[27.841s] Level 1:colcon.colcon_core.package_identification:_identify(src/vision_msgs) by extension 'ros'
[27.844s] DEBUG:colcon.colcon_core.package_identification:Package 'src/vision_msgs' with type 'ros.ament_cmake' and name 'vision_msgs'
[27.844s] Level 1:colcon.colcon_core.package_discovery:discover_packages(recursive) using defaults
[27.844s] Level 1:colcon.colcon_core.package_discovery:discover_packages(ignore) discover
[27.844s] Level 1:colcon.colcon_core.package_discovery:discover_packages(ignore) using defaults
[27.845s] Level 1:colcon.colcon_core.package_discovery:discover_packages(path) discover
[27.845s] Level 1:colcon.colcon_core.package_discovery:discover_packages(path) using defaults
[27.976s] INFO:colcon.colcon_core.package_selection:Skipping not selected package 'camera_node' in 'src/camera_node'
[27.976s] INFO:colcon.colcon_core.package_selection:Skipping not selected package 'esp32_ros2_bridge' in 'src/esp32_ros2_bridge'
[27.976s] INFO:colcon.colcon_core.package_selection:Skipping not selected package 'robot_description' in 'src/robot_description'
[27.977s] INFO:colcon.colcon_core.package_selection:Skipping not selected package 'sllidar_ros2' in 'src/sllidar_ros2'
[27.977s] INFO:colcon.colcon_core.package_selection:Skipping not selected package 'vision_msgs' in 'src/vision_msgs'
[27.977s] INFO:colcon.colcon_core.package_selection:Skipping not selected package 'robot_ai' in 'src/robot_ai'
[27.977s] INFO:colcon.colcon_core.package_selection:Skipping not selected package 'robot_bringup' in 'src/robot_bringup'
[27.977s] INFO:colcon.colcon_core.package_selection:Skipping not selected package 'vision_ai_node' in 'src/vision_ai_node'
[27.980s] Level 1:colcon.colcon_core.package_discovery:discover_packages(prefix_path) check parameters
[27.980s] Level 1:colcon.colcon_core.package_discovery:discover_packages(prefix_path) discover
[27.987s] Level 1:colcon.colcon_core.package_discovery:discover_packages(prefix_path) using defaults
[27.994s] Level 5:colcon.colcon_core.verb:set package 'robot_serial' build argument 'cmake_args' from command line to 'None'
[27.994s] Level 5:colcon.colcon_core.verb:set package 'robot_serial' build argument 'cmake_target' from command line to 'None'
[27.994s] Level 5:colcon.colcon_core.verb:set package 'robot_serial' build argument 'cmake_target_skip_unavailable' from command line to 'False'
[27.994s] Level 5:colcon.colcon_core.verb:set package 'robot_serial' build argument 'cmake_clean_cache' from command line to 'False'
[27.995s] Level 5:colcon.colcon_core.verb:set package 'robot_serial' build argument 'cmake_clean_first' from command line to 'False'
[27.995s] Level 5:colcon.colcon_core.verb:set package 'robot_serial' build argument 'cmake_force_configure' from command line to 'False'
[27.995s] Level 5:colcon.colcon_core.verb:set package 'robot_serial' build argument 'ament_cmake_args' from command line to 'None'
[27.995s] Level 5:colcon.colcon_core.verb:set package 'robot_serial' build argument 'catkin_cmake_args' from command line to 'None'
[27.995s] Level 5:colcon.colcon_core.verb:set package 'robot_serial' build argument 'catkin_skip_building_tests' from command line to 'False'
[27.995s] DEBUG:colcon.colcon_core.verb:Building package 'robot_serial' with the following arguments: {'ament_cmake_args': None, 'build_base': '/home/robot/robot_ws/build/robot_serial', 'catkin_cmake_args': None, 'catkin_skip_building_tests': False, 'cmake_args': None, 'cmake_clean_cache': False, 'cmake_clean_first': False, 'cmake_force_configure': False, 'cmake_target': None, 'cmake_target_skip_unavailable': False, 'install_base': '/home/robot/robot_ws/install/robot_serial', 'merge_install': False, 'path': '/home/robot/robot_ws/src/robot_serial', 'symlink_install': False, 'test_result_base': None}
[27.996s] INFO:colcon.colcon_core.executor:Executing jobs using 'parallel' executor
[27.999s] DEBUG:colcon.colcon_parallel_executor.executor.parallel:run_until_complete
[28.001s] INFO:colcon.colcon_ros.task.ament_python.build:Building ROS package in '/home/robot/robot_ws/src/robot_serial' with build type 'ament_python'
[28.002s] Level 1:colcon.colcon_core.shell:create_environment_hook('robot_serial', 'ament_prefix_path')
[28.017s] INFO:colcon.colcon_core.plugin_system:Skipping extension 'colcon_core.shell.bat': Not used on non-Windows systems
[28.018s] INFO:colcon.colcon_core.shell:Creating environment hook '/home/robot/robot_ws/install/robot_serial/share/robot_serial/hook/ament_prefix_path.ps1'
[28.022s] INFO:colcon.colcon_core.shell:Creating environment descriptor '/home/robot/robot_ws/install/robot_serial/share/robot_serial/hook/ament_prefix_path.dsv'
[28.025s] INFO:colcon.colcon_core.shell:Creating environment hook '/home/robot/robot_ws/install/robot_serial/share/robot_serial/hook/ament_prefix_path.sh'
[28.030s] INFO:colcon.colcon_core.shell:Skip shell extension 'powershell' for command environment: Not usable outside of PowerShell
[28.031s] DEBUG:colcon.colcon_core.shell:Skip shell extension 'dsv' for command environment
[29.220s] INFO:colcon.colcon_core.task.python.build:Building Python package in '/home/robot/robot_ws/src/robot_serial'
[29.222s] INFO:colcon.colcon_core.shell:Skip shell extension 'powershell' for command environment: Not usable outside of PowerShell
[29.222s] DEBUG:colcon.colcon_core.shell:Skip shell extension 'dsv' for command environment
[52.689s] DEBUG:colcon.colcon_core.task.python.build:Available setuptools commands: bdist_rpm, install_scripts, bdist_dumb, init_catalog, extract_messages, upload, build_ext, register, compile_catalog, develop, test, build_py, dist_info, sdist, easy_install, upload_docs, build_scripts, saveopts, clean, install_headers, install, setopt, egg_info, build, install_lib, symlink_data, update_catalog, build_clib, bdist_egg, check, rotate, install_egg_info, bdist_wheel, install_data, bdist, alias
[52.699s] DEBUG:colcon.colcon_core.event_handler.log_command:Invoking command in '/home/robot/robot_ws/build/robot_serial': PYTHONPATH=/home/robot/robot_ws/build/robot_serial/prefix_override:/usr/lib/python3/dist-packages/colcon_core/task/python/colcon_distutils_commands:/home/robot/robot_ws/install/robot_serial/lib/python3.10/site-packages: /usr/bin/python3 -W ignore:setup.py install is deprecated -W ignore:easy_install command is deprecated setup.py develop --uninstall --editable --build-directory /home/robot/robot_ws/build/robot_serial/build
[54.397s] DEBUG:colcon.colcon_core.event_handler.log_command:Invoked command in '/home/robot/robot_ws/build/robot_serial' returned '0': PYTHONPATH=/home/robot/robot_ws/build/robot_serial/prefix_override:/usr/lib/python3/dist-packages/colcon_core/task/python/colcon_distutils_commands:/home/robot/robot_ws/install/robot_serial/lib/python3.10/site-packages: /usr/bin/python3 -W ignore:setup.py install is deprecated -W ignore:easy_install command is deprecated setup.py develop --uninstall --editable --build-directory /home/robot/robot_ws/build/robot_serial/build
[54.402s] DEBUG:colcon.colcon_core.event_handler.log_command:Invoking command in '/home/robot/robot_ws/src/robot_serial': PYTHONPATH=/home/robot/robot_ws/build/robot_serial/prefix_override:/usr/lib/python3/dist-packages/colcon_core/task/python/colcon_distutils_commands:/home/robot/robot_ws/install/robot_serial/lib/python3.10/site-packages: /usr/bin/python3 -W ignore:setup.py install is deprecated -W ignore:easy_install command is deprecated setup.py egg_info --egg-base ../../build/robot_serial build --build-base /home/robot/robot_ws/build/robot_serial/build install --record /home/robot/robot_ws/build/robot_serial/install.log --install-scripts $base/lib/robot_serial --single-version-externally-managed install_data --force
[61.342s] DEBUG:colcon.colcon_core.event_handler.log_command:Invoked command in '/home/robot/robot_ws/src/robot_serial' returned '0': PYTHONPATH=/home/robot/robot_ws/build/robot_serial/prefix_override:/usr/lib/python3/dist-packages/colcon_core/task/python/colcon_distutils_commands:/home/robot/robot_ws/install/robot_serial/lib/python3.10/site-packages: /usr/bin/python3 -W ignore:setup.py install is deprecated -W ignore:easy_install command is deprecated setup.py egg_info --egg-base ../../build/robot_serial build --build-base /home/robot/robot_ws/build/robot_serial/build install --record /home/robot/robot_ws/build/robot_serial/install.log --install-scripts $base/lib/robot_serial --single-version-externally-managed install_data --force
[61.354s] Level 1:colcon.colcon_core.environment:checking '/home/robot/robot_ws/install/robot_serial' for CMake module files
[61.357s] Level 1:colcon.colcon_core.environment:checking '/home/robot/robot_ws/install/robot_serial' for CMake config files
[61.362s] Level 1:colcon.colcon_core.environment:checking '/home/robot/robot_ws/install/robot_serial/lib'
[61.363s] Level 1:colcon.colcon_core.environment:checking '/home/robot/robot_ws/install/robot_serial/bin'
[61.364s] Level 1:colcon.colcon_core.environment:checking '/home/robot/robot_ws/install/robot_serial/lib/pkgconfig/robot_serial.pc'
[61.365s] Level 1:colcon.colcon_core.environment:checking '/home/robot/robot_ws/install/robot_serial/lib/python3.10/site-packages'
[61.366s] Level 1:colcon.colcon_core.shell:create_environment_hook('robot_serial', 'pythonpath')
[61.367s] INFO:colcon.colcon_core.shell:Creating environment hook '/home/robot/robot_ws/install/robot_serial/share/robot_serial/hook/pythonpath.ps1'
[61.369s] INFO:colcon.colcon_core.shell:Creating environment descriptor '/home/robot/robot_ws/install/robot_serial/share/robot_serial/hook/pythonpath.dsv'
[61.371s] INFO:colcon.colcon_core.shell:Creating environment hook '/home/robot/robot_ws/install/robot_serial/share/robot_serial/hook/pythonpath.sh'
[61.375s] Level 1:colcon.colcon_core.environment:checking '/home/robot/robot_ws/install/robot_serial/bin'
[61.376s] Level 1:colcon.colcon_core.environment:create_environment_scripts_only(robot_serial)
[61.377s] INFO:colcon.colcon_core.shell:Creating package script '/home/robot/robot_ws/install/robot_serial/share/robot_serial/package.ps1'
[61.383s] INFO:colcon.colcon_core.shell:Creating package descriptor '/home/robot/robot_ws/install/robot_serial/share/robot_serial/package.dsv'
[61.386s] INFO:colcon.colcon_core.shell:Creating package script '/home/robot/robot_ws/install/robot_serial/share/robot_serial/package.sh'
[61.390s] INFO:colcon.colcon_core.shell:Creating package script '/home/robot/robot_ws/install/robot_serial/share/robot_serial/package.bash'
[61.394s] INFO:colcon.colcon_core.shell:Creating package script '/home/robot/robot_ws/install/robot_serial/share/robot_serial/package.zsh'
[61.398s] Level 1:colcon.colcon_core.environment:create_file_with_runtime_dependencies(/home/robot/robot_ws/install/robot_serial/share/colcon-core/packages/robot_serial)
[61.400s] DEBUG:colcon.colcon_parallel_executor.executor.parallel:closing loop
[61.401s] DEBUG:colcon.colcon_parallel_executor.executor.parallel:loop closed
[61.402s] DEBUG:colcon.colcon_parallel_executor.executor.parallel:run_until_complete finished with '0'
[61.402s] DEBUG:colcon.colcon_core.event_reactor:joining thread
[64.313s] DEBUG:colcon.colcon_core.event_reactor:joined thread
[64.315s] INFO:colcon.colcon_core.shell:Creating prefix script '/home/robot/robot_ws/install/local_setup.ps1'
[69.292s] INFO:colcon.colcon_core.shell:Creating prefix util module '/home/robot/robot_ws/install/_local_setup_util_ps1.py'
[104.515s] INFO:colcon.colcon_core.shell:Creating prefix chain script '/home/robot/robot_ws/install/setup.ps1'
[109.204s] INFO:colcon.colcon_core.shell:Creating prefix script '/home/robot/robot_ws/install/local_setup.sh'
[109.308s] INFO:colcon.colcon_core.shell:Creating prefix util module '/home/robot/robot_ws/install/_local_setup_util_sh.py'
[109.311s] INFO:colcon.colcon_core.shell:Creating prefix chain script '/home/robot/robot_ws/install/setup.sh'
[109.316s] INFO:colcon.colcon_core.shell:Creating prefix script '/home/robot/robot_ws/install/local_setup.bash'
[109.320s] INFO:colcon.colcon_core.shell:Creating prefix chain script '/home/robot/robot_ws/install/setup.bash'
[109.337s] INFO:colcon.colcon_core.shell:Creating prefix script '/home/robot/robot_ws/install/local_setup.zsh'
[109.340s] INFO:colcon.colcon_core.shell:Creating prefix chain script '/home/robot/robot_ws/install/setup.zsh'
