[2.576s] Invoking command in '/home/phuongnam/robot_main/build/camera_node': PYTHONPATH=/home/phuongnam/robot_main/build/camera_node/prefix_override:/usr/lib/python3/dist-packages/colcon_core/task/python/colcon_distutils_commands:/home/phuongnam/robot_main/install/camera_node/lib/python3.10/site-packages:${PYTHONPATH} /usr/bin/python3 -W ignore:setup.py install is deprecated -W ignore:easy_install command is deprecated setup.py develop --uninstall --editable --build-directory /home/phuongnam/robot_main/build/camera_node/build
[2.965s] running develop
[3.208s] Removing /home/phuongnam/robot_main/install/camera_node/lib/python3.10/site-packages/camera-node.egg-link (link to .)
[3.267s] Invoked command in '/home/phuongnam/robot_main/build/camera_node' returned '0': PYTHONPATH=/home/phuongnam/robot_main/build/camera_node/prefix_override:/usr/lib/python3/dist-packages/colcon_core/task/python/colcon_distutils_commands:/home/phuongnam/robot_main/install/camera_node/lib/python3.10/site-packages:${PYTHONPATH} /usr/bin/python3 -W ignore:setup.py install is deprecated -W ignore:easy_install command is deprecated setup.py develop --uninstall --editable --build-directory /home/phuongnam/robot_main/build/camera_node/build
[3.271s] Invoking command in '/home/phuongnam/robot_main/src/camera_node': PYTHONPATH=/home/phuongnam/robot_main/build/camera_node/prefix_override:/usr/lib/python3/dist-packages/colcon_core/task/python/colcon_distutils_commands:/home/phuongnam/robot_main/install/camera_node/lib/python3.10/site-packages:${PYTHONPATH} /usr/bin/python3 -W ignore:setup.py install is deprecated -W ignore:easy_install command is deprecated setup.py egg_info --egg-base ../../build/camera_node build --build-base /home/phuongnam/robot_main/build/camera_node/build install --record /home/phuongnam/robot_main/build/camera_node/install.log --install-scripts $base/lib/camera_node --single-version-externally-managed install_data --force
[3.622s] running egg_info
[3.624s] writing ../../build/camera_node/camera_node.egg-info/PKG-INFO
[3.624s] writing dependency_links to ../../build/camera_node/camera_node.egg-info/dependency_links.txt
[3.625s] writing entry points to ../../build/camera_node/camera_node.egg-info/entry_points.txt
[3.625s] writing requirements to ../../build/camera_node/camera_node.egg-info/requires.txt
[3.625s] writing top-level names to ../../build/camera_node/camera_node.egg-info/top_level.txt
[3.628s] reading manifest file '../../build/camera_node/camera_node.egg-info/SOURCES.txt'
[3.630s] writing manifest file '../../build/camera_node/camera_node.egg-info/SOURCES.txt'
[3.630s] running build
[3.630s] running build_py
[3.631s] creating /home/phuongnam/robot_main/build/camera_node/build
[3.631s] creating /home/phuongnam/robot_main/build/camera_node/build/lib
[3.631s] creating /home/phuongnam/robot_main/build/camera_node/build/lib/camera_node
[3.631s] copying camera_node/camera_node.py -> /home/phuongnam/robot_main/build/camera_node/build/lib/camera_node
[3.631s] copying camera_node/__init__.py -> /home/phuongnam/robot_main/build/camera_node/build/lib/camera_node
[3.632s] running install
[3.632s] running install_lib
[3.633s] creating /home/phuongnam/robot_main/install/camera_node/lib/python3.10/site-packages/camera_node
[3.633s] copying /home/phuongnam/robot_main/build/camera_node/build/lib/camera_node/camera_node.py -> /home/phuongnam/robot_main/install/camera_node/lib/python3.10/site-packages/camera_node
[3.634s] copying /home/phuongnam/robot_main/build/camera_node/build/lib/camera_node/__init__.py -> /home/phuongnam/robot_main/install/camera_node/lib/python3.10/site-packages/camera_node
[3.635s] byte-compiling /home/phuongnam/robot_main/install/camera_node/lib/python3.10/site-packages/camera_node/camera_node.py to camera_node.cpython-310.pyc
[3.637s] byte-compiling /home/phuongnam/robot_main/install/camera_node/lib/python3.10/site-packages/camera_node/__init__.py to __init__.cpython-310.pyc
[3.638s] running install_data
[3.638s] copying resource/camera_node -> /home/phuongnam/robot_main/install/camera_node/share/ament_index/resource_index/packages
[3.639s] copying package.xml -> /home/phuongnam/robot_main/install/camera_node/share/camera_node
[3.639s] copying launch/camera.launch.py -> /home/phuongnam/robot_main/install/camera_node/share/camera_node/launch
[3.639s] copying config/camera.yaml -> /home/phuongnam/robot_main/install/camera_node/share/camera_node/config
[3.641s] running install_egg_info
[3.642s] Copying ../../build/camera_node/camera_node.egg-info to /home/phuongnam/robot_main/install/camera_node/lib/python3.10/site-packages/camera_node-1.0.0-py3.10.egg-info
[3.644s] running install_scripts
[3.689s] Installing camera_node script to /home/phuongnam/robot_main/install/camera_node/lib/camera_node
[3.694s] writing list of installed files to '/home/phuongnam/robot_main/build/camera_node/install.log'
[3.760s] Invoked command in '/home/phuongnam/robot_main/src/camera_node' returned '0': PYTHONPATH=/home/phuongnam/robot_main/build/camera_node/prefix_override:/usr/lib/python3/dist-packages/colcon_core/task/python/colcon_distutils_commands:/home/phuongnam/robot_main/install/camera_node/lib/python3.10/site-packages:${PYTHONPATH} /usr/bin/python3 -W ignore:setup.py install is deprecated -W ignore:easy_install command is deprecated setup.py egg_info --egg-base ../../build/camera_node build --build-base /home/phuongnam/robot_main/build/camera_node/build install --record /home/phuongnam/robot_main/build/camera_node/install.log --install-scripts $base/lib/camera_node --single-version-externally-managed install_data --force
