[2.734s] Invoking command in '/home/phuongnam/robot_main/build/robot_ai': PYTHONPATH=/home/phuongnam/robot_main/build/robot_ai/prefix_override:/usr/lib/python3/dist-packages/colcon_core/task/python/colcon_distutils_commands:/home/phuongnam/robot_main/install/robot_ai/lib/python3.10/site-packages:${PYTHONPATH} /usr/bin/python3 -W ignore:setup.py install is deprecated -W ignore:easy_install command is deprecated setup.py develop --editable --build-directory /home/phuongnam/robot_main/build/robot_ai/build --no-deps symlink_data
[3.096s] running develop
[3.353s] running egg_info
[3.354s] writing robot_ai.egg-info/PKG-INFO
[3.354s] writing dependency_links to robot_ai.egg-info/dependency_links.txt
[3.354s] writing entry points to robot_ai.egg-info/entry_points.txt
[3.355s] writing requirements to robot_ai.egg-info/requires.txt
[3.355s] writing top-level names to robot_ai.egg-info/top_level.txt
[3.358s] reading manifest file 'robot_ai.egg-info/SOURCES.txt'
[3.359s] writing manifest file 'robot_ai.egg-info/SOURCES.txt'
[3.361s] running build_ext
[3.361s] Creating /home/phuongnam/robot_main/install/robot_ai/lib/python3.10/site-packages/robot-ai.egg-link (link to .)
[3.362s] Installing audio_stream_server script to /home/phuongnam/robot_main/install/robot_ai/lib/robot_ai
[3.362s] Installing command_node script to /home/phuongnam/robot_main/install/robot_ai/lib/robot_ai
[3.363s] Installing dialogue_tts_node script to /home/phuongnam/robot_main/install/robot_ai/lib/robot_ai
[3.363s] Installing http_bridge_node script to /home/phuongnam/robot_main/install/robot_ai/lib/robot_ai
[3.363s] Installing stt_node script to /home/phuongnam/robot_main/install/robot_ai/lib/robot_ai
[3.363s] Installing video_stream_server script to /home/phuongnam/robot_main/install/robot_ai/lib/robot_ai
[3.363s] 
[3.363s] Installed /home/phuongnam/robot_main/build/robot_ai
[3.364s] running symlink_data
[3.408s] Invoked command in '/home/phuongnam/robot_main/build/robot_ai' returned '0': PYTHONPATH=/home/phuongnam/robot_main/build/robot_ai/prefix_override:/usr/lib/python3/dist-packages/colcon_core/task/python/colcon_distutils_commands:/home/phuongnam/robot_main/install/robot_ai/lib/python3.10/site-packages:${PYTHONPATH} /usr/bin/python3 -W ignore:setup.py install is deprecated -W ignore:easy_install command is deprecated setup.py develop --editable --build-directory /home/phuongnam/robot_main/build/robot_ai/build --no-deps symlink_data
