[3.991s] DEBUG:colcon:Command line arguments: ['/usr/bin/colcon', 'build', '--packages-select', 'esp32_ros2_bridge']
[3.993s] DEBUG:colcon:Parsed command line arguments: Namespace(log_base=None, log_level=None, verb_name='build', build_base='build', install_base='install', merge_install=False, symlink_install=False, test_result_base=None, continue_on_error=False, executor='parallel', parallel_workers=4, event_handlers=None, ignore_user_meta=False, metas=['./colcon.meta'], base_paths=['.'], packages_ignore=None, packages_ignore_regex=None, paths=None, packages_up_to=None, packages_up_to_regex=None, packages_above=None, packages_above_and_dependencies=None, packages_above_depth=None, packages_select_by_dep=None, packages_skip_by_dep=None, packages_skip_up_to=None, packages_select_build_failed=False, packages_skip_build_finished=False, packages_select_test_failures=False, packages_skip_test_passed=False, packages_select=['esp32_ros2_bridge'], packages_skip=None, packages_select_regex=None, packages_skip_regex=None, packages_start=None, packages_end=None, allow_overriding=[], cmake_args=None, cmake_target=None, cmake_target_skip_unavailable=False, cmake_clean_cache=False, cmake_clean_first=False, cmake_force_configure=False, ament_cmake_args=None, catkin_cmake_args=None, catkin_skip_building_tests=False, verb_parser=<colcon_defaults.argument_parser.defaults.DefaultArgumentsDecorator object at 0xffff81518c10>, verb_extension=<colcon_core.verb.build.BuildVerb object at 0xffff81692380>, main=<bound method BuildVerb.main of <colcon_core.verb.build.BuildVerb object at 0xffff81692380>>)
[5.678s] Level 1:colcon.colcon_core.package_discovery:discover_packages(colcon_meta) check parameters
[5.679s] Level 1:colcon.colcon_core.package_discovery:discover_packages(recursive) check parameters
[5.679s] Level 1:colcon.colcon_core.package_discovery:discover_packages(ignore) check parameters
[5.679s] Level 1:colcon.colcon_core.package_discovery:discover_packages(path) check parameters
[5.680s] Level 1:colcon.colcon_core.package_discovery:discover_packages(colcon_meta) discover
[5.681s] Level 1:colcon.colcon_core.package_discovery:discover_packages(recursive) discover
[5.681s] INFO:colcon.colcon_core.package_discovery:Crawling recursively for packages in '/home/robot/robot_ws'
[5.682s] Level 1:colcon.colcon_core.package_identification:_identify(.) by extensions ['ignore', 'ignore_ament_install']
[5.683s] Level 1:colcon.colcon_core.package_identification:_identify(.) by extension 'ignore'
[5.683s] Level 1:colcon.colcon_core.package_identification:_identify(.) by extension 'ignore_ament_install'
[5.684s] Level 1:colcon.colcon_core.package_identification:_identify(.) by extensions ['colcon_pkg']
[5.684s] Level 1:colcon.colcon_core.package_identification:_identify(.) by extension 'colcon_pkg'
[5.684s] Level 1:colcon.colcon_core.package_identification:_identify(.) by extensions ['colcon_meta']
[5.685s] Level 1:colcon.colcon_core.package_identification:_identify(.) by extension 'colcon_meta'
[5.685s] Level 1:colcon.colcon_core.package_identification:_identify(.) by extensions ['ros']
[5.685s] Level 1:colcon.colcon_core.package_identification:_identify(.) by extension 'ros'
[5.756s] Level 1:colcon.colcon_core.package_identification:_identify(.) by extensions ['cmake', 'python']
[5.757s] Level 1:colcon.colcon_core.package_identification:_identify(.) by extension 'cmake'
[5.758s] Level 1:colcon.colcon_core.package_identification:_identify(.) by extension 'python'
[5.759s] Level 1:colcon.colcon_core.package_identification:_identify(.) by extensions ['python_setup_py']
[5.759s] Level 1:colcon.colcon_core.package_identification:_identify(.) by extension 'python_setup_py'
[5.761s] Level 1:colcon.colcon_core.package_identification:_identify(build) by extensions ['ignore', 'ignore_ament_install']
[5.761s] Level 1:colcon.colcon_core.package_identification:_identify(build) by extension 'ignore'
[5.762s] Level 1:colcon.colcon_core.package_identification:_identify(build) ignored
[5.763s] Level 1:colcon.colcon_core.package_identification:_identify(install) by extensions ['ignore', 'ignore_ament_install']
[5.764s] Level 1:colcon.colcon_core.package_identification:_identify(install) by extension 'ignore'
[5.765s] Level 1:colcon.colcon_core.package_identification:_identify(install) ignored
[5.766s] Level 1:colcon.colcon_core.package_identification:_identify(log) by extensions ['ignore', 'ignore_ament_install']
[5.767s] Level 1:colcon.colcon_core.package_identification:_identify(log) by extension 'ignore'
[5.767s] Level 1:colcon.colcon_core.package_identification:_identify(log) ignored
[5.768s] Level 1:colcon.colcon_core.package_identification:_identify(src) by extensions ['ignore', 'ignore_ament_install']
[5.768s] Level 1:colcon.colcon_core.package_identification:_identify(src) by extension 'ignore'
[5.768s] Level 1:colcon.colcon_core.package_identification:_identify(src) by extension 'ignore_ament_install'
[5.769s] Level 1:colcon.colcon_core.package_identification:_identify(src) by extensions ['colcon_pkg']
[5.769s] Level 1:colcon.colcon_core.package_identification:_identify(src) by extension 'colcon_pkg'
[5.769s] Level 1:colcon.colcon_core.package_identification:_identify(src) by extensions ['colcon_meta']
[5.769s] Level 1:colcon.colcon_core.package_identification:_identify(src) by extension 'colcon_meta'
[5.770s] Level 1:colcon.colcon_core.package_identification:_identify(src) by extensions ['ros']
[5.770s] Level 1:colcon.colcon_core.package_identification:_identify(src) by extension 'ros'
[5.770s] Level 1:colcon.colcon_core.package_identification:_identify(src) by extensions ['cmake', 'python']
[5.771s] Level 1:colcon.colcon_core.package_identification:_identify(src) by extension 'cmake'
[5.771s] Level 1:colcon.colcon_core.package_identification:_identify(src) by extension 'python'
[5.771s] Level 1:colcon.colcon_core.package_identification:_identify(src) by extensions ['python_setup_py']
[5.771s] Level 1:colcon.colcon_core.package_identification:_identify(src) by extension 'python_setup_py'
[5.772s] Level 1:colcon.colcon_core.package_identification:_identify(src/camera_node) by extensions ['ignore', 'ignore_ament_install']
[5.772s] Level 1:colcon.colcon_core.package_identification:_identify(src/camera_node) by extension 'ignore'
[5.773s] Level 1:colcon.colcon_core.package_identification:_identify(src/camera_node) by extension 'ignore_ament_install'
[5.773s] Level 1:colcon.colcon_core.package_identification:_identify(src/camera_node) by extensions ['colcon_pkg']
[5.773s] Level 1:colcon.colcon_core.package_identification:_identify(src/camera_node) by extension 'colcon_pkg'
[5.774s] Level 1:colcon.colcon_core.package_identification:_identify(src/camera_node) by extensions ['colcon_meta']
[5.774s] Level 1:colcon.colcon_core.package_identification:_identify(src/camera_node) by extension 'colcon_meta'
[5.774s] Level 1:colcon.colcon_core.package_identification:_identify(src/camera_node) by extensions ['ros']
[5.774s] Level 1:colcon.colcon_core.package_identification:_identify(src/camera_node) by extension 'ros'
[5.784s] DEBUG:colcon.colcon_core.package_identification:Package 'src/camera_node' with type 'ros.ament_python' and name 'camera_node'
[5.785s] Level 1:colcon.colcon_core.package_identification:_identify(src/esp32_ros2_bridge) by extensions ['ignore', 'ignore_ament_install']
[5.786s] Level 1:colcon.colcon_core.package_identification:_identify(src/esp32_ros2_bridge) by extension 'ignore'
[5.786s] Level 1:colcon.colcon_core.package_identification:_identify(src/esp32_ros2_bridge) by extension 'ignore_ament_install'
[5.787s] Level 1:colcon.colcon_core.package_identification:_identify(src/esp32_ros2_bridge) by extensions ['colcon_pkg']
[5.787s] Level 1:colcon.colcon_core.package_identification:_identify(src/esp32_ros2_bridge) by extension 'colcon_pkg'
[5.787s] Level 1:colcon.colcon_core.package_identification:_identify(src/esp32_ros2_bridge) by extensions ['colcon_meta']
[5.787s] Level 1:colcon.colcon_core.package_identification:_identify(src/esp32_ros2_bridge) by extension 'colcon_meta'
[5.788s] Level 1:colcon.colcon_core.package_identification:_identify(src/esp32_ros2_bridge) by extensions ['ros']
[5.788s] Level 1:colcon.colcon_core.package_identification:_identify(src/esp32_ros2_bridge) by extension 'ros'
[5.791s] DEBUG:colcon.colcon_core.package_identification:Package 'src/esp32_ros2_bridge' with type 'ros.ament_python' and name 'esp32_ros2_bridge'
[5.792s] Level 1:colcon.colcon_core.package_identification:_identify(src/robot_ai) by extensions ['ignore', 'ignore_ament_install']
[5.792s] Level 1:colcon.colcon_core.package_identification:_identify(src/robot_ai) by extension 'ignore'
[5.793s] Level 1:colcon.colcon_core.package_identification:_identify(src/robot_ai) by extension 'ignore_ament_install'
[5.793s] Level 1:colcon.colcon_core.package_identification:_identify(src/robot_ai) by extensions ['colcon_pkg']
[5.793s] Level 1:colcon.colcon_core.package_identification:_identify(src/robot_ai) by extension 'colcon_pkg'
[5.794s] Level 1:colcon.colcon_core.package_identification:_identify(src/robot_ai) by extensions ['colcon_meta']
[5.794s] Level 1:colcon.colcon_core.package_identification:_identify(src/robot_ai) by extension 'colcon_meta'
[5.794s] Level 1:colcon.colcon_core.package_identification:_identify(src/robot_ai) by extensions ['ros']
[5.794s] Level 1:colcon.colcon_core.package_identification:_identify(src/robot_ai) by extension 'ros'
[5.797s] DEBUG:colcon.colcon_core.package_identification:Package 'src/robot_ai' with type 'ros.ament_python' and name 'robot_ai'
[5.798s] Level 1:colcon.colcon_core.package_identification:_identify(src/robot_bringup) by extensions ['ignore', 'ignore_ament_install']
[5.799s] Level 1:colcon.colcon_core.package_identification:_identify(src/robot_bringup) by extension 'ignore'
[5.799s] Level 1:colcon.colcon_core.package_identification:_identify(src/robot_bringup) by extension 'ignore_ament_install'
[5.800s] Level 1:colcon.colcon_core.package_identification:_identify(src/robot_bringup) by extensions ['colcon_pkg']
[5.800s] Level 1:colcon.colcon_core.package_identification:_identify(src/robot_bringup) by extension 'colcon_pkg'
[5.800s] Level 1:colcon.colcon_core.package_identification:_identify(src/robot_bringup) by extensions ['colcon_meta']
[5.800s] Level 1:colcon.colcon_core.package_identification:_identify(src/robot_bringup) by extension 'colcon_meta'
[5.800s] Level 1:colcon.colcon_core.package_identification:_identify(src/robot_bringup) by extensions ['ros']
[5.801s] Level 1:colcon.colcon_core.package_identification:_identify(src/robot_bringup) by extension 'ros'
[5.803s] DEBUG:colcon.colcon_core.package_identification:Package 'src/robot_bringup' with type 'ros.ament_cmake' and name 'robot_bringup'
[5.804s] Level 1:colcon.colcon_core.package_identification:_identify(src/robot_description) by extensions ['ignore', 'ignore_ament_install']
[5.805s] Level 1:colcon.colcon_core.package_identification:_identify(src/robot_description) by extension 'ignore'
[5.805s] Level 1:colcon.colcon_core.package_identification:_identify(src/robot_description) by extension 'ignore_ament_install'
[5.805s] Level 1:colcon.colcon_core.package_identification:_identify(src/robot_description) by extensions ['colcon_pkg']
[5.806s] Level 1:colcon.colcon_core.package_identification:_identify(src/robot_description) by extension 'colcon_pkg'
[5.806s] Level 1:colcon.colcon_core.package_identification:_identify(src/robot_description) by extensions ['colcon_meta']
[5.806s] Level 1:colcon.colcon_core.package_identification:_identify(src/robot_description) by extension 'colcon_meta'
[5.806s] Level 1:colcon.colcon_core.package_identification:_identify(src/robot_description) by extensions ['ros']
[5.807s] Level 1:colcon.colcon_core.package_identification:_identify(src/robot_description) by extension 'ros'
[5.809s] DEBUG:colcon.colcon_core.package_identification:Package 'src/robot_description' with type 'ros.ament_cmake' and name 'robot_description'
[5.810s] Level 1:colcon.colcon_core.package_identification:_identify(src/robot_serial) by extensions ['ignore', 'ignore_ament_install']
[5.811s] Level 1:colcon.colcon_core.package_identification:_identify(src/robot_serial) by extension 'ignore'
[5.811s] Level 1:colcon.colcon_core.package_identification:_identify(src/robot_serial) by extension 'ignore_ament_install'
[5.812s] Level 1:colcon.colcon_core.package_identification:_identify(src/robot_serial) by extensions ['colcon_pkg']
[5.812s] Level 1:colcon.colcon_core.package_identification:_identify(src/robot_serial) by extension 'colcon_pkg'
[5.812s] Level 1:colcon.colcon_core.package_identification:_identify(src/robot_serial) by extensions ['colcon_meta']
[5.812s] Level 1:colcon.colcon_core.package_identification:_identify(src/robot_serial) by extension 'colcon_meta'
[5.813s] Level 1:colcon.colcon_core.package_identification:_identify(src/robot_serial) by extensions ['ros']
[5.813s] Level 1:colcon.colcon_core.package_identification:_identify(src/robot_serial) by extension 'ros'
[5.816s] DEBUG:colcon.colcon_core.package_identification:Package 'src/robot_serial' with type 'ros.ament_python' and name 'robot_serial'
[5.994s] Level 1:colcon.colcon_core.package_identification:_identify(src/sllidar_ros2) by extensions ['ignore', 'ignore_ament_install']
[5.995s] Level 1:colcon.colcon_core.package_identification:_identify(src/sllidar_ros2) by extension 'ignore'
[5.996s] Level 1:colcon.colcon_core.package_identification:_identify(src/sllidar_ros2) by extension 'ignore_ament_install'
[5.996s] Level 1:colcon.colcon_core.package_identification:_identify(src/sllidar_ros2) by extensions ['colcon_pkg']
[5.997s] Level 1:colcon.colcon_core.package_identification:_identify(src/sllidar_ros2) by extension 'colcon_pkg'
[5.997s] Level 1:colcon.colcon_core.package_identification:_identify(src/sllidar_ros2) by extensions ['colcon_meta']
[5.998s] Level 1:colcon.colcon_core.package_identification:_identify(src/sllidar_ros2) by extension 'colcon_meta'
[5.998s] Level 1:colcon.colcon_core.package_identification:_identify(src/sllidar_ros2) by extensions ['ros']
[5.999s] Level 1:colcon.colcon_core.package_identification:_identify(src/sllidar_ros2) by extension 'ros'
[6.005s] DEBUG:colcon.colcon_core.package_identification:Package 'src/sllidar_ros2' with type 'ros.ament_cmake' and name 'sllidar_ros2'
[6.007s] Level 1:colcon.colcon_core.package_identification:_identify(src/vision_ai_node) by extensions ['ignore', 'ignore_ament_install']
[6.007s] Level 1:colcon.colcon_core.package_identification:_identify(src/vision_ai_node) by extension 'ignore'
[6.008s] Level 1:colcon.colcon_core.package_identification:_identify(src/vision_ai_node) by extension 'ignore_ament_install'
[6.008s] Level 1:colcon.colcon_core.package_identification:_identify(src/vision_ai_node) by extensions ['colcon_pkg']
[6.008s] Level 1:colcon.colcon_core.package_identification:_identify(src/vision_ai_node) by extension 'colcon_pkg'
[6.009s] Level 1:colcon.colcon_core.package_identification:_identify(src/vision_ai_node) by extensions ['colcon_meta']
[6.009s] Level 1:colcon.colcon_core.package_identification:_identify(src/vision_ai_node) by extension 'colcon_meta'
[6.009s] Level 1:colcon.colcon_core.package_identification:_identify(src/vision_ai_node) by extensions ['ros']
[6.009s] Level 1:colcon.colcon_core.package_identification:_identify(src/vision_ai_node) by extension 'ros'
[6.012s] DEBUG:colcon.colcon_core.package_identification:Package 'src/vision_ai_node' with type 'ros.ament_python' and name 'vision_ai_node'
[6.013s] Level 1:colcon.colcon_core.package_identification:_identify(src/vision_msgs) by extensions ['ignore', 'ignore_ament_install']
[6.014s] Level 1:colcon.colcon_core.package_identification:_identify(src/vision_msgs) by extension 'ignore'
[6.014s] Level 1:colcon.colcon_core.package_identification:_identify(src/vision_msgs) by extension 'ignore_ament_install'
[6.015s] Level 1:colcon.colcon_core.package_identification:_identify(src/vision_msgs) by extensions ['colcon_pkg']
[6.015s] Level 1:colcon.colcon_core.package_identification:_identify(src/vision_msgs) by extension 'colcon_pkg'
[6.015s] Level 1:colcon.colcon_core.package_identification:_identify(src/vision_msgs) by extensions ['colcon_meta']
[6.015s] Level 1:colcon.colcon_core.package_identification:_identify(src/vision_msgs) by extension 'colcon_meta'
[6.016s] Level 1:colcon.colcon_core.package_identification:_identify(src/vision_msgs) by extensions ['ros']
[6.016s] Level 1:colcon.colcon_core.package_identification:_identify(src/vision_msgs) by extension 'ros'
[6.019s] DEBUG:colcon.colcon_core.package_identification:Package 'src/vision_msgs' with type 'ros.ament_cmake' and name 'vision_msgs'
[6.020s] Level 1:colcon.colcon_core.package_discovery:discover_packages(recursive) using defaults
[6.021s] Level 1:colcon.colcon_core.package_discovery:discover_packages(ignore) discover
[6.021s] Level 1:colcon.colcon_core.package_discovery:discover_packages(ignore) using defaults
[6.021s] Level 1:colcon.colcon_core.package_discovery:discover_packages(path) discover
[6.021s] Level 1:colcon.colcon_core.package_discovery:discover_packages(path) using defaults
[6.436s] INFO:colcon.colcon_core.package_selection:Skipping not selected package 'camera_node' in 'src/camera_node'
[6.436s] INFO:colcon.colcon_core.package_selection:Skipping not selected package 'robot_description' in 'src/robot_description'
[6.436s] INFO:colcon.colcon_core.package_selection:Skipping not selected package 'robot_serial' in 'src/robot_serial'
[6.437s] INFO:colcon.colcon_core.package_selection:Skipping not selected package 'sllidar_ros2' in 'src/sllidar_ros2'
[6.437s] INFO:colcon.colcon_core.package_selection:Skipping not selected package 'vision_msgs' in 'src/vision_msgs'
[6.437s] INFO:colcon.colcon_core.package_selection:Skipping not selected package 'robot_ai' in 'src/robot_ai'
[6.437s] INFO:colcon.colcon_core.package_selection:Skipping not selected package 'robot_bringup' in 'src/robot_bringup'
[6.437s] INFO:colcon.colcon_core.package_selection:Skipping not selected package 'vision_ai_node' in 'src/vision_ai_node'
[6.439s] Level 1:colcon.colcon_core.package_discovery:discover_packages(prefix_path) check parameters
[6.440s] Level 1:colcon.colcon_core.package_discovery:discover_packages(prefix_path) discover
[6.453s] DEBUG:colcon.colcon_installed_package_information.package_discovery:Found 10 installed packages in /home/robot/robot_ws/install
[6.464s] DEBUG:colcon.colcon_installed_package_information.package_discovery:Found 259 installed packages in /opt/ros/humble
[6.471s] Level 1:colcon.colcon_core.package_discovery:discover_packages(prefix_path) using defaults
[6.702s] Level 5:colcon.colcon_core.verb:set package 'esp32_ros2_bridge' build argument 'cmake_args' from command line to 'None'
[6.703s] Level 5:colcon.colcon_core.verb:set package 'esp32_ros2_bridge' build argument 'cmake_target' from command line to 'None'
[6.703s] Level 5:colcon.colcon_core.verb:set package 'esp32_ros2_bridge' build argument 'cmake_target_skip_unavailable' from command line to 'False'
[6.703s] Level 5:colcon.colcon_core.verb:set package 'esp32_ros2_bridge' build argument 'cmake_clean_cache' from command line to 'False'
[6.703s] Level 5:colcon.colcon_core.verb:set package 'esp32_ros2_bridge' build argument 'cmake_clean_first' from command line to 'False'
[6.703s] Level 5:colcon.colcon_core.verb:set package 'esp32_ros2_bridge' build argument 'cmake_force_configure' from command line to 'False'
[6.704s] Level 5:colcon.colcon_core.verb:set package 'esp32_ros2_bridge' build argument 'ament_cmake_args' from command line to 'None'
[6.704s] Level 5:colcon.colcon_core.verb:set package 'esp32_ros2_bridge' build argument 'catkin_cmake_args' from command line to 'None'
[6.704s] Level 5:colcon.colcon_core.verb:set package 'esp32_ros2_bridge' build argument 'catkin_skip_building_tests' from command line to 'False'
[6.704s] DEBUG:colcon.colcon_core.verb:Building package 'esp32_ros2_bridge' with the following arguments: {'ament_cmake_args': None, 'build_base': '/home/robot/robot_ws/build/esp32_ros2_bridge', 'catkin_cmake_args': None, 'catkin_skip_building_tests': False, 'cmake_args': None, 'cmake_clean_cache': False, 'cmake_clean_first': False, 'cmake_force_configure': False, 'cmake_target': None, 'cmake_target_skip_unavailable': False, 'install_base': '/home/robot/robot_ws/install/esp32_ros2_bridge', 'merge_install': False, 'path': '/home/robot/robot_ws/src/esp32_ros2_bridge', 'symlink_install': False, 'test_result_base': None}
[6.705s] INFO:colcon.colcon_core.executor:Executing jobs using 'parallel' executor
[6.709s] DEBUG:colcon.colcon_parallel_executor.executor.parallel:run_until_complete
[6.711s] INFO:colcon.colcon_ros.task.ament_python.build:Building ROS package in '/home/robot/robot_ws/src/esp32_ros2_bridge' with build type 'ament_python'
[6.712s] Level 1:colcon.colcon_core.shell:create_environment_hook('esp32_ros2_bridge', 'ament_prefix_path')
[6.725s] INFO:colcon.colcon_core.plugin_system:Skipping extension 'colcon_core.shell.bat': Not used on non-Windows systems
[6.726s] INFO:colcon.colcon_core.shell:Creating environment hook '/home/robot/robot_ws/install/esp32_ros2_bridge/share/esp32_ros2_bridge/hook/ament_prefix_path.ps1'
[6.730s] INFO:colcon.colcon_core.shell:Creating environment descriptor '/home/robot/robot_ws/install/esp32_ros2_bridge/share/esp32_ros2_bridge/hook/ament_prefix_path.dsv'
[6.733s] INFO:colcon.colcon_core.shell:Creating environment hook '/home/robot/robot_ws/install/esp32_ros2_bridge/share/esp32_ros2_bridge/hook/ament_prefix_path.sh'
[6.737s] INFO:colcon.colcon_core.shell:Skip shell extension 'powershell' for command environment: Not usable outside of PowerShell
[6.738s] DEBUG:colcon.colcon_core.shell:Skip shell extension 'dsv' for command environment
[9.453s] INFO:colcon.colcon_core.task.python.build:Building Python package in '/home/robot/robot_ws/src/esp32_ros2_bridge'
[9.454s] INFO:colcon.colcon_core.shell:Skip shell extension 'powershell' for command environment: Not usable outside of PowerShell
[9.454s] DEBUG:colcon.colcon_core.shell:Skip shell extension 'dsv' for command environment
[12.063s] DEBUG:colcon.colcon_core.task.python.build:Available setuptools commands: clean, update_catalog, bdist_wheel, bdist_egg, build_clib, build, easy_install, upload_docs, install_scripts, register, sdist, install_data, setopt, extract_messages, dist_info, egg_info, upload, install_headers, build_py, symlink_data, develop, rotate, bdist, bdist_rpm, install_egg_info, saveopts, test, build_ext, init_catalog, alias, check, install_lib, build_scripts, install, bdist_dumb, compile_catalog
[12.080s] DEBUG:colcon.colcon_core.event_handler.log_command:Invoking command in '/home/robot/robot_ws/src/esp32_ros2_bridge': PYTHONPATH=/home/robot/robot_ws/build/esp32_ros2_bridge/prefix_override:/usr/lib/python3/dist-packages/colcon_core/task/python/colcon_distutils_commands:/home/robot/robot_ws/install/esp32_ros2_bridge/lib/python3.10/site-packages:${PYTHONPATH} /usr/bin/python3 -W ignore:setup.py install is deprecated -W ignore:easy_install command is deprecated setup.py egg_info --egg-base ../../build/esp32_ros2_bridge build --build-base /home/robot/robot_ws/build/esp32_ros2_bridge/build install --record /home/robot/robot_ws/build/esp32_ros2_bridge/install.log --single-version-externally-managed install_data
[14.625s] Level 1:colcon.colcon_core.environment:checking '/home/robot/robot_ws/install/esp32_ros2_bridge' for CMake module files
[14.786s] DEBUG:colcon.colcon_core.event_handler.log_command:Invoked command in '/home/robot/robot_ws/src/esp32_ros2_bridge' returned '0': PYTHONPATH=/home/robot/robot_ws/build/esp32_ros2_bridge/prefix_override:/usr/lib/python3/dist-packages/colcon_core/task/python/colcon_distutils_commands:/home/robot/robot_ws/install/esp32_ros2_bridge/lib/python3.10/site-packages:${PYTHONPATH} /usr/bin/python3 -W ignore:setup.py install is deprecated -W ignore:easy_install command is deprecated setup.py egg_info --egg-base ../../build/esp32_ros2_bridge build --build-base /home/robot/robot_ws/build/esp32_ros2_bridge/build install --record /home/robot/robot_ws/build/esp32_ros2_bridge/install.log --single-version-externally-managed install_data
[14.791s] Level 1:colcon.colcon_core.environment:checking '/home/robot/robot_ws/install/esp32_ros2_bridge' for CMake config files
[14.797s] Level 1:colcon.colcon_core.environment:checking '/home/robot/robot_ws/install/esp32_ros2_bridge/lib'
[14.798s] Level 1:colcon.colcon_core.environment:checking '/home/robot/robot_ws/install/esp32_ros2_bridge/bin'
[14.799s] Level 1:colcon.colcon_core.shell:create_environment_hook('esp32_ros2_bridge', 'path')
[14.800s] INFO:colcon.colcon_core.shell:Creating environment hook '/home/robot/robot_ws/install/esp32_ros2_bridge/share/esp32_ros2_bridge/hook/path.ps1'
[14.803s] INFO:colcon.colcon_core.shell:Creating environment descriptor '/home/robot/robot_ws/install/esp32_ros2_bridge/share/esp32_ros2_bridge/hook/path.dsv'
[14.805s] INFO:colcon.colcon_core.shell:Creating environment hook '/home/robot/robot_ws/install/esp32_ros2_bridge/share/esp32_ros2_bridge/hook/path.sh'
[14.807s] Level 1:colcon.colcon_core.environment:checking '/home/robot/robot_ws/install/esp32_ros2_bridge/lib/pkgconfig/esp32_ros2_bridge.pc'
[14.809s] Level 1:colcon.colcon_core.environment:checking '/home/robot/robot_ws/install/esp32_ros2_bridge/lib/python3.10/site-packages'
[14.809s] Level 1:colcon.colcon_core.shell:create_environment_hook('esp32_ros2_bridge', 'pythonpath')
[14.810s] INFO:colcon.colcon_core.shell:Creating environment hook '/home/robot/robot_ws/install/esp32_ros2_bridge/share/esp32_ros2_bridge/hook/pythonpath.ps1'
[14.813s] INFO:colcon.colcon_core.shell:Creating environment descriptor '/home/robot/robot_ws/install/esp32_ros2_bridge/share/esp32_ros2_bridge/hook/pythonpath.dsv'
[14.815s] INFO:colcon.colcon_core.shell:Creating environment hook '/home/robot/robot_ws/install/esp32_ros2_bridge/share/esp32_ros2_bridge/hook/pythonpath.sh'
[14.819s] Level 1:colcon.colcon_core.environment:checking '/home/robot/robot_ws/install/esp32_ros2_bridge/bin'
[14.819s] Level 1:colcon.colcon_core.shell:create_environment_hook('esp32_ros2_bridge', 'pythonscriptspath')
[14.820s] INFO:colcon.colcon_core.shell:Creating environment hook '/home/robot/robot_ws/install/esp32_ros2_bridge/share/esp32_ros2_bridge/hook/pythonscriptspath.ps1'
[14.823s] INFO:colcon.colcon_core.shell:Creating environment descriptor '/home/robot/robot_ws/install/esp32_ros2_bridge/share/esp32_ros2_bridge/hook/pythonscriptspath.dsv'
[14.825s] INFO:colcon.colcon_core.shell:Creating environment hook '/home/robot/robot_ws/install/esp32_ros2_bridge/share/esp32_ros2_bridge/hook/pythonscriptspath.sh'
[14.827s] Level 1:colcon.colcon_core.environment:create_environment_scripts_only(esp32_ros2_bridge)
[14.829s] INFO:colcon.colcon_core.shell:Creating package script '/home/robot/robot_ws/install/esp32_ros2_bridge/share/esp32_ros2_bridge/package.ps1'
[14.835s] INFO:colcon.colcon_core.shell:Creating package descriptor '/home/robot/robot_ws/install/esp32_ros2_bridge/share/esp32_ros2_bridge/package.dsv'
[14.838s] INFO:colcon.colcon_core.shell:Creating package script '/home/robot/robot_ws/install/esp32_ros2_bridge/share/esp32_ros2_bridge/package.sh'
[14.843s] INFO:colcon.colcon_core.shell:Creating package script '/home/robot/robot_ws/install/esp32_ros2_bridge/share/esp32_ros2_bridge/package.bash'
[14.847s] INFO:colcon.colcon_core.shell:Creating package script '/home/robot/robot_ws/install/esp32_ros2_bridge/share/esp32_ros2_bridge/package.zsh'
[14.851s] Level 1:colcon.colcon_core.environment:create_file_with_runtime_dependencies(/home/robot/robot_ws/install/esp32_ros2_bridge/share/colcon-core/packages/esp32_ros2_bridge)
[14.853s] DEBUG:colcon.colcon_parallel_executor.executor.parallel:closing loop
[14.854s] DEBUG:colcon.colcon_parallel_executor.executor.parallel:loop closed
[14.854s] DEBUG:colcon.colcon_parallel_executor.executor.parallel:run_until_complete finished with '0'
[14.855s] DEBUG:colcon.colcon_core.event_reactor:joining thread
[14.856s] DEBUG:colcon.colcon_core.event_reactor:joined thread
[14.857s] INFO:colcon.colcon_core.shell:Creating prefix script '/home/robot/robot_ws/install/local_setup.ps1'
[14.862s] INFO:colcon.colcon_core.shell:Creating prefix util module '/home/robot/robot_ws/install/_local_setup_util_ps1.py'
[14.869s] INFO:colcon.colcon_core.shell:Creating prefix chain script '/home/robot/robot_ws/install/setup.ps1'
[14.878s] INFO:colcon.colcon_core.shell:Creating prefix script '/home/robot/robot_ws/install/local_setup.sh'
[14.881s] INFO:colcon.colcon_core.shell:Creating prefix util module '/home/robot/robot_ws/install/_local_setup_util_sh.py'
[15.708s] INFO:colcon.colcon_core.shell:Creating prefix chain script '/home/robot/robot_ws/install/setup.sh'
[15.727s] INFO:colcon.colcon_core.shell:Creating prefix script '/home/robot/robot_ws/install/local_setup.bash'
[15.729s] INFO:colcon.colcon_core.shell:Creating prefix chain script '/home/robot/robot_ws/install/setup.bash'
[15.737s] INFO:colcon.colcon_core.shell:Creating prefix script '/home/robot/robot_ws/install/local_setup.zsh'
[15.740s] INFO:colcon.colcon_core.shell:Creating prefix chain script '/home/robot/robot_ws/install/setup.zsh'
