[0.293s] Invoking command in '/home/robot/robot_ws/build/robot_description': CMAKE_PREFIX_PATH=${CMAKE_PREFIX_PATH}:/home/robot/robot_ws/install/web_bridge:/home/robot/robot_ws/install/robot_serial:/home/robot/robot_ws/install/robot_ai:/home/robot/robot_ws/install/camera_node:/opt/ros/humble /usr/bin/cmake --build /home/robot/robot_ws/build/robot_description -- -j4 -l4
[7.564s] Invoked command in '/home/robot/robot_ws/build/robot_description' returned '0': CMAKE_PREFIX_PATH=${CMAKE_PREFIX_PATH}:/home/robot/robot_ws/install/web_bridge:/home/robot/robot_ws/install/robot_serial:/home/robot/robot_ws/install/robot_ai:/home/robot/robot_ws/install/camera_node:/opt/ros/humble /usr/bin/cmake --build /home/robot/robot_ws/build/robot_description -- -j4 -l4
[7.578s] Invoking command in '/home/robot/robot_ws/build/robot_description': CMAKE_PREFIX_PATH=${CMAKE_PREFIX_PATH}:/home/robot/robot_ws/install/web_bridge:/home/robot/robot_ws/install/robot_serial:/home/robot/robot_ws/install/robot_ai:/home/robot/robot_ws/install/camera_node:/opt/ros/humble /usr/bin/cmake --install /home/robot/robot_ws/build/robot_description
[7.658s] -- Install configuration: ""
[7.678s] -- Execute custom install script
[7.687s] -- Up-to-date symlink: /home/robot/robot_ws/install/robot_description/share/robot_description//launch/display.launch.py
[7.690s] -- Up-to-date symlink: /home/robot/robot_ws/install/robot_description/share/robot_description//launch/robot_state_publisher.launch.py
[7.705s] -- Up-to-date symlink: /home/robot/robot_ws/install/robot_description/share/robot_description//urdf/gazebo.xacro
[7.706s] -- Up-to-date symlink: /home/robot/robot_ws/install/robot_description/share/robot_description//urdf/macros.xacro
[7.707s] -- Up-to-date symlink: /home/robot/robot_ws/install/robot_description/share/robot_description//urdf/materials.xacro
[7.708s] -- Up-to-date symlink: /home/robot/robot_ws/install/robot_description/share/robot_description//urdf/robot.urdf.xacro
[7.717s] -- Up-to-date symlink: /home/robot/robot_ws/install/robot_description/share/robot_description//config/joint_limits.yaml
[7.724s] -- Up-to-date symlink: /home/robot/robot_ws/install/robot_description/share/robot_description//rviz/rviz.rviz
[7.728s] -- Up-to-date symlink: /home/robot/robot_ws/install/robot_description/share/ament_index/resource_index/package_run_dependencies/robot_description
[7.734s] -- Up-to-date symlink: /home/robot/robot_ws/install/robot_description/share/ament_index/resource_index/parent_prefix_path/robot_description
[7.736s] -- Up-to-date symlink: /home/robot/robot_ws/install/robot_description/share/robot_description/environment/ament_prefix_path.sh
[7.737s] -- Up-to-date symlink: /home/robot/robot_ws/install/robot_description/share/robot_description/environment/ament_prefix_path.dsv
[7.748s] -- Up-to-date symlink: /home/robot/robot_ws/install/robot_description/share/robot_description/environment/path.sh
[7.753s] -- Up-to-date symlink: /home/robot/robot_ws/install/robot_description/share/robot_description/environment/path.dsv
[7.754s] -- Up-to-date symlink: /home/robot/robot_ws/install/robot_description/share/robot_description/local_setup.bash
[7.759s] -- Up-to-date symlink: /home/robot/robot_ws/install/robot_description/share/robot_description/local_setup.sh
[7.761s] -- Up-to-date symlink: /home/robot/robot_ws/install/robot_description/share/robot_description/local_setup.zsh
[7.765s] -- Up-to-date symlink: /home/robot/robot_ws/install/robot_description/share/robot_description/local_setup.dsv
[7.767s] -- Symlinking: /home/robot/robot_ws/install/robot_description/share/robot_description/package.dsv
[8.069s] -- Up-to-date symlink: /home/robot/robot_ws/install/robot_description/share/ament_index/resource_index/packages/robot_description
[8.074s] -- Up-to-date symlink: /home/robot/robot_ws/install/robot_description/share/robot_description/cmake/robot_descriptionConfig.cmake
[8.079s] -- Up-to-date symlink: /home/robot/robot_ws/install/robot_description/share/robot_description/cmake/robot_descriptionConfig-version.cmake
[8.083s] -- Up-to-date symlink: /home/robot/robot_ws/install/robot_description/share/robot_description/package.xml
[8.119s] Invoked command in '/home/robot/robot_ws/build/robot_description' returned '0': CMAKE_PREFIX_PATH=${CMAKE_PREFIX_PATH}:/home/robot/robot_ws/install/web_bridge:/home/robot/robot_ws/install/robot_serial:/home/robot/robot_ws/install/robot_ai:/home/robot/robot_ws/install/camera_node:/opt/ros/humble /usr/bin/cmake --install /home/robot/robot_ws/build/robot_description
