[0.165s] Invoking command in '/home/robot/robot_ws/build/sllidar_ros2': CMAKE_PREFIX_PATH=${CMAKE_PREFIX_PATH}:/home/robot/robot_ws/install/web_bridge:/home/robot/robot_ws/install/vision_ai_node:/home/robot/robot_ws/install/robot_ai:/home/robot/robot_ws/install/robot_serial:/home/robot/robot_ws/install/camera_node:/opt/ros/humble /usr/bin/cmake /home/robot/robot_ws/src/sllidar_ros2 -DAMENT_CMAKE_SYMLINK_INSTALL=1 -DCMAKE_INSTALL_PREFIX=/home/robot/robot_ws/install/sllidar_ros2
[0.824s] -- Found ament_cmake: 1.3.14 (/opt/ros/humble/share/ament_cmake/cmake)
[1.918s] -- Override CMake install command with custom implementation using symlinks instead of copying resources
[2.225s] -- Found rclcpp: 16.0.19 (/opt/ros/humble/share/rclcpp/cmake)
[2.599s] -- Found rosidl_generator_c: 3.1.9 (/opt/ros/humble/share/rosidl_generator_c/cmake)
[2.622s] -- Found rosidl_adapter: 3.1.9 (/opt/ros/humble/share/rosidl_adapter/cmake)
[2.688s] -- Found rosidl_generator_cpp: 3.1.9 (/opt/ros/humble/share/rosidl_generator_cpp/cmake)
[2.921s] -- Using all available rosidl_typesupport_c: rosidl_typesupport_fastrtps_c;rosidl_typesupport_introspection_c
[2.996s] -- Using all available rosidl_typesupport_cpp: rosidl_typesupport_fastrtps_cpp;rosidl_typesupport_introspection_cpp
[3.994s] -- Found rmw_implementation_cmake: 6.1.2 (/opt/ros/humble/share/rmw_implementation_cmake/cmake)
[4.056s] -- Found rmw_cyclonedds_cpp: 1.3.4 (/opt/ros/humble/share/rmw_cyclonedds_cpp/cmake)
[4.513s] -- Using RMW implementation 'rmw_cyclonedds_cpp' as default
[5.231s] -- Found sensor_msgs: 4.9.1 (/opt/ros/humble/share/sensor_msgs/cmake)
[5.517s] -- Found std_srvs: 4.9.1 (/opt/ros/humble/share/std_srvs/cmake)
[7.050s] -- Configuring done
[7.746s] -- Generating done
[7.789s] -- Build files have been written to: /home/robot/robot_ws/build/sllidar_ros2
[8.571s] Invoked command in '/home/robot/robot_ws/build/sllidar_ros2' returned '0': CMAKE_PREFIX_PATH=${CMAKE_PREFIX_PATH}:/home/robot/robot_ws/install/web_bridge:/home/robot/robot_ws/install/vision_ai_node:/home/robot/robot_ws/install/robot_ai:/home/robot/robot_ws/install/robot_serial:/home/robot/robot_ws/install/camera_node:/opt/ros/humble /usr/bin/cmake /home/robot/robot_ws/src/sllidar_ros2 -DAMENT_CMAKE_SYMLINK_INSTALL=1 -DCMAKE_INSTALL_PREFIX=/home/robot/robot_ws/install/sllidar_ros2
[8.580s] Invoking command in '/home/robot/robot_ws/build/sllidar_ros2': CMAKE_PREFIX_PATH=${CMAKE_PREFIX_PATH}:/home/robot/robot_ws/install/web_bridge:/home/robot/robot_ws/install/vision_ai_node:/home/robot/robot_ws/install/robot_ai:/home/robot/robot_ws/install/robot_serial:/home/robot/robot_ws/install/camera_node:/opt/ros/humble /usr/bin/cmake --build /home/robot/robot_ws/build/sllidar_ros2 -- -j4 -l4
[9.025s] [35m[1mConsolidate compiler generated dependencies of target sllidar_client[0m
[9.026s] [35m[1mConsolidate compiler generated dependencies of target sllidar_node[0m
[12.896s] [  5%] [32m[1mLinking CXX executable sllidar_node[0m
[12.925s] [ 10%] [32m[1mLinking CXX executable sllidar_client[0m
[17.568s] [ 95%] Built target sllidar_node
[17.865s] [100%] Built target sllidar_client
[18.016s] Invoked command in '/home/robot/robot_ws/build/sllidar_ros2' returned '0': CMAKE_PREFIX_PATH=${CMAKE_PREFIX_PATH}:/home/robot/robot_ws/install/web_bridge:/home/robot/robot_ws/install/vision_ai_node:/home/robot/robot_ws/install/robot_ai:/home/robot/robot_ws/install/robot_serial:/home/robot/robot_ws/install/camera_node:/opt/ros/humble /usr/bin/cmake --build /home/robot/robot_ws/build/sllidar_ros2 -- -j4 -l4
[18.029s] Invoking command in '/home/robot/robot_ws/build/sllidar_ros2': CMAKE_PREFIX_PATH=${CMAKE_PREFIX_PATH}:/home/robot/robot_ws/install/web_bridge:/home/robot/robot_ws/install/vision_ai_node:/home/robot/robot_ws/install/robot_ai:/home/robot/robot_ws/install/robot_serial:/home/robot/robot_ws/install/camera_node:/opt/ros/humble /usr/bin/cmake --install /home/robot/robot_ws/build/sllidar_ros2
[19.927s] -- Install configuration: ""
[19.928s] -- Execute custom install script
[19.929s] -- Symlinking: /home/robot/robot_ws/install/sllidar_ros2/share/sllidar_ros2/launch/sllidar_c1_launch.py
[19.930s] -- Symlinking: /home/robot/robot_ws/install/sllidar_ros2/share/sllidar_ros2/launch/view_sllidar_c1_launch.py
[19.930s] -- Symlinking: /home/robot/robot_ws/install/sllidar_ros2/share/sllidar_ros2/rviz/sllidar_ros2.rviz
[19.941s] -- Symlinking: /home/robot/robot_ws/install/sllidar_ros2/lib/sllidar_ros2/sllidar_node
[19.941s] -- Symlinking: /home/robot/robot_ws/install/sllidar_ros2/lib/sllidar_ros2/sllidar_client
[19.942s] -- Symlinking: /home/robot/robot_ws/install/sllidar_ros2/share/ament_index/resource_index/package_run_dependencies/sllidar_ros2
[19.943s] -- Symlinking: /home/robot/robot_ws/install/sllidar_ros2/share/ament_index/resource_index/parent_prefix_path/sllidar_ros2
[19.943s] -- Symlinking: /home/robot/robot_ws/install/sllidar_ros2/share/sllidar_ros2/environment/ament_prefix_path.sh
[19.944s] -- Symlinking: /home/robot/robot_ws/install/sllidar_ros2/share/sllidar_ros2/environment/ament_prefix_path.dsv
[19.944s] -- Symlinking: /home/robot/robot_ws/install/sllidar_ros2/share/sllidar_ros2/environment/path.sh
[19.945s] -- Symlinking: /home/robot/robot_ws/install/sllidar_ros2/share/sllidar_ros2/environment/path.dsv
[19.945s] -- Symlinking: /home/robot/robot_ws/install/sllidar_ros2/share/sllidar_ros2/local_setup.bash
[19.946s] -- Symlinking: /home/robot/robot_ws/install/sllidar_ros2/share/sllidar_ros2/local_setup.sh
[19.947s] -- Symlinking: /home/robot/robot_ws/install/sllidar_ros2/share/sllidar_ros2/local_setup.zsh
[19.949s] -- Symlinking: /home/robot/robot_ws/install/sllidar_ros2/share/sllidar_ros2/local_setup.dsv
[19.951s] -- Symlinking: /home/robot/robot_ws/install/sllidar_ros2/share/sllidar_ros2/package.dsv
[19.951s] -- Symlinking: /home/robot/robot_ws/install/sllidar_ros2/share/ament_index/resource_index/packages/sllidar_ros2
[19.953s] -- Symlinking: /home/robot/robot_ws/install/sllidar_ros2/share/sllidar_ros2/cmake/ament_cmake_export_dependencies-extras.cmake
[19.953s] -- Symlinking: /home/robot/robot_ws/install/sllidar_ros2/share/sllidar_ros2/cmake/ament_cmake_export_include_directories-extras.cmake
[19.954s] -- Symlinking: /home/robot/robot_ws/install/sllidar_ros2/share/sllidar_ros2/cmake/sllidar_ros2Config.cmake
[19.955s] -- Symlinking: /home/robot/robot_ws/install/sllidar_ros2/share/sllidar_ros2/cmake/sllidar_ros2Config-version.cmake
[19.955s] -- Symlinking: /home/robot/robot_ws/install/sllidar_ros2/share/sllidar_ros2/package.xml
[19.956s] Invoked command in '/home/robot/robot_ws/build/sllidar_ros2' returned '0': CMAKE_PREFIX_PATH=${CMAKE_PREFIX_PATH}:/home/robot/robot_ws/install/web_bridge:/home/robot/robot_ws/install/vision_ai_node:/home/robot/robot_ws/install/robot_ai:/home/robot/robot_ws/install/robot_serial:/home/robot/robot_ws/install/camera_node:/opt/ros/humble /usr/bin/cmake --install /home/robot/robot_ws/build/sllidar_ros2
