/home/phuongnam/robot_main/install/robot_ai/lib/python3.10/site-packages/robot_ai/command_node.py
/home/phuongnam/robot_main/install/robot_ai/lib/python3.10/site-packages/robot_ai/dialogue_tts_node.py
/home/phuongnam/robot_main/install/robot_ai/lib/python3.10/site-packages/robot_ai/audio_stream_server.py
/home/phuongnam/robot_main/install/robot_ai/lib/python3.10/site-packages/robot_ai/http_bridge_node.py
/home/phuongnam/robot_main/install/robot_ai/lib/python3.10/site-packages/robot_ai/stt_node.py
/home/phuongnam/robot_main/install/robot_ai/lib/python3.10/site-packages/robot_ai/__init__.py
/home/phuongnam/robot_main/install/robot_ai/lib/python3.10/site-packages/robot_ai/video_stream_server.py
/home/phuongnam/robot_main/install/robot_ai/lib/python3.10/site-packages/robot_ai/__pycache__/command_node.cpython-310.pyc
/home/phuongnam/robot_main/install/robot_ai/lib/python3.10/site-packages/robot_ai/__pycache__/dialogue_tts_node.cpython-310.pyc
/home/phuongnam/robot_main/install/robot_ai/lib/python3.10/site-packages/robot_ai/__pycache__/audio_stream_server.cpython-310.pyc
/home/phuongnam/robot_main/install/robot_ai/lib/python3.10/site-packages/robot_ai/__pycache__/http_bridge_node.cpython-310.pyc
/home/phuongnam/robot_main/install/robot_ai/lib/python3.10/site-packages/robot_ai/__pycache__/stt_node.cpython-310.pyc
/home/phuongnam/robot_main/install/robot_ai/lib/python3.10/site-packages/robot_ai/__pycache__/__init__.cpython-310.pyc
/home/phuongnam/robot_main/install/robot_ai/lib/python3.10/site-packages/robot_ai/__pycache__/video_stream_server.cpython-310.pyc
/home/phuongnam/robot_main/install/robot_ai/share/ament_index/resource_index/packages/robot_ai
/home/phuongnam/robot_main/install/robot_ai/share/robot_ai/package.xml
/home/phuongnam/robot_main/install/robot_ai/share/robot_ai/launch/ai.launch.py
/home/phuongnam/robot_main/install/robot_ai/lib/python3.10/site-packages/robot_ai-1.0.0-py3.10.egg-info/entry_points.txt
/home/phuongnam/robot_main/install/robot_ai/lib/python3.10/site-packages/robot_ai-1.0.0-py3.10.egg-info/top_level.txt
/home/phuongnam/robot_main/install/robot_ai/lib/python3.10/site-packages/robot_ai-1.0.0-py3.10.egg-info/SOURCES.txt
/home/phuongnam/robot_main/install/robot_ai/lib/python3.10/site-packages/robot_ai-1.0.0-py3.10.egg-info/zip-safe
/home/phuongnam/robot_main/install/robot_ai/lib/python3.10/site-packages/robot_ai-1.0.0-py3.10.egg-info/PKG-INFO
/home/phuongnam/robot_main/install/robot_ai/lib/python3.10/site-packages/robot_ai-1.0.0-py3.10.egg-info/requires.txt
/home/phuongnam/robot_main/install/robot_ai/lib/python3.10/site-packages/robot_ai-1.0.0-py3.10.egg-info/dependency_links.txt
/home/phuongnam/robot_main/install/robot_ai/lib/robot_ai/audio_stream_server
/home/phuongnam/robot_main/install/robot_ai/lib/robot_ai/command_node
/home/phuongnam/robot_main/install/robot_ai/lib/robot_ai/dialogue_tts_node
/home/phuongnam/robot_main/install/robot_ai/lib/robot_ai/http_bridge_node
/home/phuongnam/robot_main/install/robot_ai/lib/robot_ai/stt_node
/home/phuongnam/robot_main/install/robot_ai/lib/robot_ai/video_stream_server
