[10.506s] Invoking command in '/home/robot/robot_ws/src/robot_serial': PYTHONPATH=/home/robot/robot_ws/build/robot_serial/prefix_override:/usr/lib/python3/dist-packages/colcon_core/task/python/colcon_distutils_commands:/home/robot/robot_ws/install/robot_serial/lib/python3.10/site-packages:${PYTHONPATH} /usr/bin/python3 -W ignore:setup.py install is deprecated -W ignore:easy_install command is deprecated setup.py egg_info --egg-base ../../build/robot_serial build --build-base /home/robot/robot_ws/build/robot_serial/build install --record /home/robot/robot_ws/build/robot_serial/install.log --install-scripts $base/lib/robot_serial --single-version-externally-managed install_data
[13.290s] running egg_info
[13.295s] writing ../../build/robot_serial/robot_serial.egg-info/PKG-INFO
[13.306s] writing dependency_links to ../../build/robot_serial/robot_serial.egg-info/dependency_links.txt
[13.309s] writing entry points to ../../build/robot_serial/robot_serial.egg-info/entry_points.txt
[13.311s] writing requirements to ../../build/robot_serial/robot_serial.egg-info/requires.txt
[13.312s] writing top-level names to ../../build/robot_serial/robot_serial.egg-info/top_level.txt
[13.329s] reading manifest file '../../build/robot_serial/robot_serial.egg-info/SOURCES.txt'
[13.504s] writing manifest file '../../build/robot_serial/robot_serial.egg-info/SOURCES.txt'
[13.510s] running build
[13.516s] running build_py
[13.524s] copying robot_serial/wheel_odom_node.py -> /home/robot/robot_ws/build/robot_serial/build/lib/robot_serial
[13.532s] copying robot_serial/serial_parser.py -> /home/robot/robot_ws/build/robot_serial/build/lib/robot_serial
[13.558s] running install
[13.572s] running install_lib
[13.583s] copying /home/robot/robot_ws/build/robot_serial/build/lib/robot_serial/wheel_odom_node.py -> /home/robot/robot_ws/install/robot_serial/lib/python3.10/site-packages/robot_serial
[13.586s] copying /home/robot/robot_ws/build/robot_serial/build/lib/robot_serial/serial_parser.py -> /home/robot/robot_ws/install/robot_serial/lib/python3.10/site-packages/robot_serial
[13.592s] byte-compiling /home/robot/robot_ws/install/robot_serial/lib/python3.10/site-packages/robot_serial/wheel_odom_node.py to wheel_odom_node.cpython-310.pyc
[13.602s] byte-compiling /home/robot/robot_ws/install/robot_serial/lib/python3.10/site-packages/robot_serial/serial_parser.py to serial_parser.cpython-310.pyc
[13.607s] running install_data
[13.609s] running install_egg_info
[13.622s] removing '/home/robot/robot_ws/install/robot_serial/lib/python3.10/site-packages/robot_serial-1.0.0-py3.10.egg-info' (and everything under it)
[13.624s] Copying ../../build/robot_serial/robot_serial.egg-info to /home/robot/robot_ws/install/robot_serial/lib/python3.10/site-packages/robot_serial-1.0.0-py3.10.egg-info
[13.689s] running install_scripts
[13.826s] Installing serial_node script to /home/robot/robot_ws/install/robot_serial/lib/robot_serial
[13.828s] Installing teleop_text script to /home/robot/robot_ws/install/robot_serial/lib/robot_serial
[13.829s] Installing wheel_odom_node script to /home/robot/robot_ws/install/robot_serial/lib/robot_serial
[13.831s] writing list of installed files to '/home/robot/robot_ws/build/robot_serial/install.log'
[15.437s] Invoked command in '/home/robot/robot_ws/src/robot_serial' returned '0': PYTHONPATH=/home/robot/robot_ws/build/robot_serial/prefix_override:/usr/lib/python3/dist-packages/colcon_core/task/python/colcon_distutils_commands:/home/robot/robot_ws/install/robot_serial/lib/python3.10/site-packages:${PYTHONPATH} /usr/bin/python3 -W ignore:setup.py install is deprecated -W ignore:easy_install command is deprecated setup.py egg_info --egg-base ../../build/robot_serial build --build-base /home/robot/robot_ws/build/robot_serial/build install --record /home/robot/robot_ws/build/robot_serial/install.log --install-scripts $base/lib/robot_serial --single-version-externally-managed install_data
