[0.558s] DEBUG:colcon:Command line arguments: ['/usr/bin/colcon', 'build', '--packages-select', 'robot_serial']
[0.559s] DEBUG:colcon:Parsed command line arguments: Namespace(log_base=None, log_level=None, verb_name='build', build_base='build', install_base='install', merge_install=False, symlink_install=False, test_result_base=None, continue_on_error=False, executor='parallel', parallel_workers=4, event_handlers=None, ignore_user_meta=False, metas=['./colcon.meta'], base_paths=['.'], packages_ignore=None, packages_ignore_regex=None, paths=None, packages_up_to=None, packages_up_to_regex=None, packages_above=None, packages_above_and_dependencies=None, packages_above_depth=None, packages_select_by_dep=None, packages_skip_by_dep=None, packages_skip_up_to=None, packages_select_build_failed=False, packages_skip_build_finished=False, packages_select_test_failures=False, packages_skip_test_passed=False, packages_select=['robot_serial'], packages_skip=None, packages_select_regex=None, packages_skip_regex=None, packages_start=None, packages_end=None, allow_overriding=[], cmake_args=None, cmake_target=None, cmake_target_skip_unavailable=False, cmake_clean_cache=False, cmake_clean_first=False, cmake_force_configure=False, ament_cmake_args=None, catkin_cmake_args=None, catkin_skip_building_tests=False, verb_parser=<colcon_defaults.argument_parser.defaults.DefaultArgumentsDecorator object at 0xffff8902cca0>, verb_extension=<colcon_core.verb.build.BuildVerb object at 0xffff891aa410>, main=<bound method BuildVerb.main of <colcon_core.verb.build.BuildVerb object at 0xffff891aa410>>)
[1.441s] Level 1:colcon.colcon_core.package_discovery:discover_packages(colcon_meta) check parameters
[1.441s] Level 1:colcon.colcon_core.package_discovery:discover_packages(recursive) check parameters
[1.442s] Level 1:colcon.colcon_core.package_discovery:discover_packages(ignore) check parameters
[1.442s] Level 1:colcon.colcon_core.package_discovery:discover_packages(path) check parameters
[1.442s] Level 1:colcon.colcon_core.package_discovery:discover_packages(colcon_meta) discover
[1.442s] Level 1:colcon.colcon_core.package_discovery:discover_packages(recursive) discover
[1.443s] INFO:colcon.colcon_core.package_discovery:Crawling recursively for packages in '/home/robot/robot_ws'
[1.443s] Level 1:colcon.colcon_core.package_identification:_identify(.) by extensions ['ignore', 'ignore_ament_install']
[1.444s] Level 1:colcon.colcon_core.package_identification:_identify(.) by extension 'ignore'
[1.444s] Level 1:colcon.colcon_core.package_identification:_identify(.) by extension 'ignore_ament_install'
[1.444s] Level 1:colcon.colcon_core.package_identification:_identify(.) by extensions ['colcon_pkg']
[1.445s] Level 1:colcon.colcon_core.package_identification:_identify(.) by extension 'colcon_pkg'
[1.445s] Level 1:colcon.colcon_core.package_identification:_identify(.) by extensions ['colcon_meta']
[1.445s] Level 1:colcon.colcon_core.package_identification:_identify(.) by extension 'colcon_meta'
[1.446s] Level 1:colcon.colcon_core.package_identification:_identify(.) by extensions ['ros']
[1.446s] Level 1:colcon.colcon_core.package_identification:_identify(.) by extension 'ros'
[1.502s] Level 1:colcon.colcon_core.package_identification:_identify(.) by extensions ['cmake', 'python']
[1.503s] Level 1:colcon.colcon_core.package_identification:_identify(.) by extension 'cmake'
[1.503s] Level 1:colcon.colcon_core.package_identification:_identify(.) by extension 'python'
[1.503s] Level 1:colcon.colcon_core.package_identification:_identify(.) by extensions ['python_setup_py']
[1.503s] Level 1:colcon.colcon_core.package_identification:_identify(.) by extension 'python_setup_py'
[1.504s] Level 1:colcon.colcon_core.package_identification:_identify(Robot_Tu_Hanh) by extensions ['ignore', 'ignore_ament_install']
[1.504s] Level 1:colcon.colcon_core.package_identification:_identify(Robot_Tu_Hanh) by extension 'ignore'
[1.505s] Level 1:colcon.colcon_core.package_identification:_identify(Robot_Tu_Hanh) by extension 'ignore_ament_install'
[1.505s] Level 1:colcon.colcon_core.package_identification:_identify(Robot_Tu_Hanh) by extensions ['colcon_pkg']
[1.505s] Level 1:colcon.colcon_core.package_identification:_identify(Robot_Tu_Hanh) by extension 'colcon_pkg'
[1.505s] Level 1:colcon.colcon_core.package_identification:_identify(Robot_Tu_Hanh) by extensions ['colcon_meta']
[1.506s] Level 1:colcon.colcon_core.package_identification:_identify(Robot_Tu_Hanh) by extension 'colcon_meta'
[1.506s] Level 1:colcon.colcon_core.package_identification:_identify(Robot_Tu_Hanh) by extensions ['ros']
[1.506s] Level 1:colcon.colcon_core.package_identification:_identify(Robot_Tu_Hanh) by extension 'ros'
[1.506s] Level 1:colcon.colcon_core.package_identification:_identify(Robot_Tu_Hanh) by extensions ['cmake', 'python']
[1.507s] Level 1:colcon.colcon_core.package_identification:_identify(Robot_Tu_Hanh) by extension 'cmake'
[1.507s] Level 1:colcon.colcon_core.package_identification:_identify(Robot_Tu_Hanh) by extension 'python'
[1.507s] Level 1:colcon.colcon_core.package_identification:_identify(Robot_Tu_Hanh) by extensions ['python_setup_py']
[1.507s] Level 1:colcon.colcon_core.package_identification:_identify(Robot_Tu_Hanh) by extension 'python_setup_py'
[1.508s] Level 1:colcon.colcon_core.package_identification:_identify(Robot_Tu_Hanh/ROBOT_AI) by extensions ['ignore', 'ignore_ament_install']
[1.508s] Level 1:colcon.colcon_core.package_identification:_identify(Robot_Tu_Hanh/ROBOT_AI) by extension 'ignore'
[1.508s] Level 1:colcon.colcon_core.package_identification:_identify(Robot_Tu_Hanh/ROBOT_AI) by extension 'ignore_ament_install'
[1.509s] Level 1:colcon.colcon_core.package_identification:_identify(Robot_Tu_Hanh/ROBOT_AI) by extensions ['colcon_pkg']
[1.509s] Level 1:colcon.colcon_core.package_identification:_identify(Robot_Tu_Hanh/ROBOT_AI) by extension 'colcon_pkg'
[1.509s] Level 1:colcon.colcon_core.package_identification:_identify(Robot_Tu_Hanh/ROBOT_AI) by extensions ['colcon_meta']
[1.509s] Level 1:colcon.colcon_core.package_identification:_identify(Robot_Tu_Hanh/ROBOT_AI) by extension 'colcon_meta'
[1.510s] Level 1:colcon.colcon_core.package_identification:_identify(Robot_Tu_Hanh/ROBOT_AI) by extensions ['ros']
[1.510s] Level 1:colcon.colcon_core.package_identification:_identify(Robot_Tu_Hanh/ROBOT_AI) by extension 'ros'
[1.510s] Level 1:colcon.colcon_core.package_identification:_identify(Robot_Tu_Hanh/ROBOT_AI) by extensions ['cmake', 'python']
[1.510s] Level 1:colcon.colcon_core.package_identification:_identify(Robot_Tu_Hanh/ROBOT_AI) by extension 'cmake'
[1.511s] Level 1:colcon.colcon_core.package_identification:_identify(Robot_Tu_Hanh/ROBOT_AI) by extension 'python'
[1.511s] Level 1:colcon.colcon_core.package_identification:_identify(Robot_Tu_Hanh/ROBOT_AI) by extensions ['python_setup_py']
[1.511s] Level 1:colcon.colcon_core.package_identification:_identify(Robot_Tu_Hanh/ROBOT_AI) by extension 'python_setup_py'
[1.512s] Level 1:colcon.colcon_core.package_identification:_identify(build) by extensions ['ignore', 'ignore_ament_install']
[1.512s] Level 1:colcon.colcon_core.package_identification:_identify(build) by extension 'ignore'
[1.512s] Level 1:colcon.colcon_core.package_identification:_identify(build) ignored
[1.513s] Level 1:colcon.colcon_core.package_identification:_identify(install) by extensions ['ignore', 'ignore_ament_install']
[1.514s] Level 1:colcon.colcon_core.package_identification:_identify(install) by extension 'ignore'
[1.514s] Level 1:colcon.colcon_core.package_identification:_identify(install) ignored
[1.515s] Level 1:colcon.colcon_core.package_identification:_identify(log) by extensions ['ignore', 'ignore_ament_install']
[1.516s] Level 1:colcon.colcon_core.package_identification:_identify(log) by extension 'ignore'
[1.516s] Level 1:colcon.colcon_core.package_identification:_identify(log) ignored
[1.517s] Level 1:colcon.colcon_core.package_identification:_identify(src) by extensions ['ignore', 'ignore_ament_install']
[1.517s] Level 1:colcon.colcon_core.package_identification:_identify(src) by extension 'ignore'
[1.517s] Level 1:colcon.colcon_core.package_identification:_identify(src) by extension 'ignore_ament_install'
[1.518s] Level 1:colcon.colcon_core.package_identification:_identify(src) by extensions ['colcon_pkg']
[1.518s] Level 1:colcon.colcon_core.package_identification:_identify(src) by extension 'colcon_pkg'
[1.519s] Level 1:colcon.colcon_core.package_identification:_identify(src) by extensions ['colcon_meta']
[1.519s] Level 1:colcon.colcon_core.package_identification:_identify(src) by extension 'colcon_meta'
[1.519s] Level 1:colcon.colcon_core.package_identification:_identify(src) by extensions ['ros']
[1.520s] Level 1:colcon.colcon_core.package_identification:_identify(src) by extension 'ros'
[1.520s] Level 1:colcon.colcon_core.package_identification:_identify(src) by extensions ['cmake', 'python']
[1.520s] Level 1:colcon.colcon_core.package_identification:_identify(src) by extension 'cmake'
[1.521s] Level 1:colcon.colcon_core.package_identification:_identify(src) by extension 'python'
[1.521s] Level 1:colcon.colcon_core.package_identification:_identify(src) by extensions ['python_setup_py']
[1.521s] Level 1:colcon.colcon_core.package_identification:_identify(src) by extension 'python_setup_py'
[1.522s] Level 1:colcon.colcon_core.package_identification:_identify(src/camera_node) by extensions ['ignore', 'ignore_ament_install']
[1.522s] Level 1:colcon.colcon_core.package_identification:_identify(src/camera_node) by extension 'ignore'
[1.522s] Level 1:colcon.colcon_core.package_identification:_identify(src/camera_node) by extension 'ignore_ament_install'
[1.523s] Level 1:colcon.colcon_core.package_identification:_identify(src/camera_node) by extensions ['colcon_pkg']
[1.523s] Level 1:colcon.colcon_core.package_identification:_identify(src/camera_node) by extension 'colcon_pkg'
[1.523s] Level 1:colcon.colcon_core.package_identification:_identify(src/camera_node) by extensions ['colcon_meta']
[1.523s] Level 1:colcon.colcon_core.package_identification:_identify(src/camera_node) by extension 'colcon_meta'
[1.524s] Level 1:colcon.colcon_core.package_identification:_identify(src/camera_node) by extensions ['ros']
[1.524s] Level 1:colcon.colcon_core.package_identification:_identify(src/camera_node) by extension 'ros'
[1.534s] DEBUG:colcon.colcon_core.package_identification:Package 'src/camera_node' with type 'ros.ament_python' and name 'camera_node'
[1.535s] Level 1:colcon.colcon_core.package_identification:_identify(src/esp32_ros2_bridge) by extensions ['ignore', 'ignore_ament_install']
[1.535s] Level 1:colcon.colcon_core.package_identification:_identify(src/esp32_ros2_bridge) by extension 'ignore'
[1.535s] Level 1:colcon.colcon_core.package_identification:_identify(src/esp32_ros2_bridge) by extension 'ignore_ament_install'
[1.536s] Level 1:colcon.colcon_core.package_identification:_identify(src/esp32_ros2_bridge) by extensions ['colcon_pkg']
[1.536s] Level 1:colcon.colcon_core.package_identification:_identify(src/esp32_ros2_bridge) by extension 'colcon_pkg'
[1.536s] Level 1:colcon.colcon_core.package_identification:_identify(src/esp32_ros2_bridge) by extensions ['colcon_meta']
[1.536s] Level 1:colcon.colcon_core.package_identification:_identify(src/esp32_ros2_bridge) by extension 'colcon_meta'
[1.537s] Level 1:colcon.colcon_core.package_identification:_identify(src/esp32_ros2_bridge) by extensions ['ros']
[1.537s] Level 1:colcon.colcon_core.package_identification:_identify(src/esp32_ros2_bridge) by extension 'ros'
[1.540s] DEBUG:colcon.colcon_core.package_identification:Package 'src/esp32_ros2_bridge' with type 'ros.ament_python' and name 'esp32_ros2_bridge'
[1.541s] Level 1:colcon.colcon_core.package_identification:_identify(src/robot_ai) by extensions ['ignore', 'ignore_ament_install']
[1.541s] Level 1:colcon.colcon_core.package_identification:_identify(src/robot_ai) by extension 'ignore'
[1.541s] Level 1:colcon.colcon_core.package_identification:_identify(src/robot_ai) by extension 'ignore_ament_install'
[1.542s] Level 1:colcon.colcon_core.package_identification:_identify(src/robot_ai) by extensions ['colcon_pkg']
[1.542s] Level 1:colcon.colcon_core.package_identification:_identify(src/robot_ai) by extension 'colcon_pkg'
[1.542s] Level 1:colcon.colcon_core.package_identification:_identify(src/robot_ai) by extensions ['colcon_meta']
[1.543s] Level 1:colcon.colcon_core.package_identification:_identify(src/robot_ai) by extension 'colcon_meta'
[1.543s] Level 1:colcon.colcon_core.package_identification:_identify(src/robot_ai) by extensions ['ros']
[1.543s] Level 1:colcon.colcon_core.package_identification:_identify(src/robot_ai) by extension 'ros'
[1.546s] DEBUG:colcon.colcon_core.package_identification:Package 'src/robot_ai' with type 'ros.ament_python' and name 'robot_ai'
[1.546s] Level 1:colcon.colcon_core.package_identification:_identify(src/robot_bringup) by extensions ['ignore', 'ignore_ament_install']
[1.547s] Level 1:colcon.colcon_core.package_identification:_identify(src/robot_bringup) by extension 'ignore'
[1.547s] Level 1:colcon.colcon_core.package_identification:_identify(src/robot_bringup) by extension 'ignore_ament_install'
[1.548s] Level 1:colcon.colcon_core.package_identification:_identify(src/robot_bringup) by extensions ['colcon_pkg']
[1.548s] Level 1:colcon.colcon_core.package_identification:_identify(src/robot_bringup) by extension 'colcon_pkg'
[1.548s] Level 1:colcon.colcon_core.package_identification:_identify(src/robot_bringup) by extensions ['colcon_meta']
[1.548s] Level 1:colcon.colcon_core.package_identification:_identify(src/robot_bringup) by extension 'colcon_meta'
[1.548s] Level 1:colcon.colcon_core.package_identification:_identify(src/robot_bringup) by extensions ['ros']
[1.549s] Level 1:colcon.colcon_core.package_identification:_identify(src/robot_bringup) by extension 'ros'
[1.552s] DEBUG:colcon.colcon_core.package_identification:Package 'src/robot_bringup' with type 'ros.ament_cmake' and name 'robot_bringup'
[1.553s] Level 1:colcon.colcon_core.package_identification:_identify(src/robot_description) by extensions ['ignore', 'ignore_ament_install']
[1.553s] Level 1:colcon.colcon_core.package_identification:_identify(src/robot_description) by extension 'ignore'
[1.554s] Level 1:colcon.colcon_core.package_identification:_identify(src/robot_description) by extension 'ignore_ament_install'
[1.554s] Level 1:colcon.colcon_core.package_identification:_identify(src/robot_description) by extensions ['colcon_pkg']
[1.554s] Level 1:colcon.colcon_core.package_identification:_identify(src/robot_description) by extension 'colcon_pkg'
[1.554s] Level 1:colcon.colcon_core.package_identification:_identify(src/robot_description) by extensions ['colcon_meta']
[1.555s] Level 1:colcon.colcon_core.package_identification:_identify(src/robot_description) by extension 'colcon_meta'
[1.555s] Level 1:colcon.colcon_core.package_identification:_identify(src/robot_description) by extensions ['ros']
[1.555s] Level 1:colcon.colcon_core.package_identification:_identify(src/robot_description) by extension 'ros'
[1.558s] DEBUG:colcon.colcon_core.package_identification:Package 'src/robot_description' with type 'ros.ament_cmake' and name 'robot_description'
[1.559s] Level 1:colcon.colcon_core.package_identification:_identify(src/robot_serial) by extensions ['ignore', 'ignore_ament_install']
[1.559s] Level 1:colcon.colcon_core.package_identification:_identify(src/robot_serial) by extension 'ignore'
[1.559s] Level 1:colcon.colcon_core.package_identification:_identify(src/robot_serial) by extension 'ignore_ament_install'
[1.560s] Level 1:colcon.colcon_core.package_identification:_identify(src/robot_serial) by extensions ['colcon_pkg']
[1.560s] Level 1:colcon.colcon_core.package_identification:_identify(src/robot_serial) by extension 'colcon_pkg'
[1.560s] Level 1:colcon.colcon_core.package_identification:_identify(src/robot_serial) by extensions ['colcon_meta']
[1.560s] Level 1:colcon.colcon_core.package_identification:_identify(src/robot_serial) by extension 'colcon_meta'
[1.561s] Level 1:colcon.colcon_core.package_identification:_identify(src/robot_serial) by extensions ['ros']
[1.561s] Level 1:colcon.colcon_core.package_identification:_identify(src/robot_serial) by extension 'ros'
[1.564s] DEBUG:colcon.colcon_core.package_identification:Package 'src/robot_serial' with type 'ros.ament_python' and name 'robot_serial'
[1.565s] Level 1:colcon.colcon_core.package_identification:_identify(src/sllidar_ros2) by extensions ['ignore', 'ignore_ament_install']
[1.565s] Level 1:colcon.colcon_core.package_identification:_identify(src/sllidar_ros2) by extension 'ignore'
[1.565s] Level 1:colcon.colcon_core.package_identification:_identify(src/sllidar_ros2) by extension 'ignore_ament_install'
[1.566s] Level 1:colcon.colcon_core.package_identification:_identify(src/sllidar_ros2) by extensions ['colcon_pkg']
[1.566s] Level 1:colcon.colcon_core.package_identification:_identify(src/sllidar_ros2) by extension 'colcon_pkg'
[1.566s] Level 1:colcon.colcon_core.package_identification:_identify(src/sllidar_ros2) by extensions ['colcon_meta']
[1.566s] Level 1:colcon.colcon_core.package_identification:_identify(src/sllidar_ros2) by extension 'colcon_meta'
[1.567s] Level 1:colcon.colcon_core.package_identification:_identify(src/sllidar_ros2) by extensions ['ros']
[1.567s] Level 1:colcon.colcon_core.package_identification:_identify(src/sllidar_ros2) by extension 'ros'
[1.570s] DEBUG:colcon.colcon_core.package_identification:Package 'src/sllidar_ros2' with type 'ros.ament_cmake' and name 'sllidar_ros2'
[1.571s] Level 1:colcon.colcon_core.package_identification:_identify(src/vision_ai_node) by extensions ['ignore', 'ignore_ament_install']
[1.571s] Level 1:colcon.colcon_core.package_identification:_identify(src/vision_ai_node) by extension 'ignore'
[1.572s] Level 1:colcon.colcon_core.package_identification:_identify(src/vision_ai_node) by extension 'ignore_ament_install'
[1.572s] Level 1:colcon.colcon_core.package_identification:_identify(src/vision_ai_node) by extensions ['colcon_pkg']
[1.572s] Level 1:colcon.colcon_core.package_identification:_identify(src/vision_ai_node) by extension 'colcon_pkg'
[1.572s] Level 1:colcon.colcon_core.package_identification:_identify(src/vision_ai_node) by extensions ['colcon_meta']
[1.572s] Level 1:colcon.colcon_core.package_identification:_identify(src/vision_ai_node) by extension 'colcon_meta'
[1.573s] Level 1:colcon.colcon_core.package_identification:_identify(src/vision_ai_node) by extensions ['ros']
[1.573s] Level 1:colcon.colcon_core.package_identification:_identify(src/vision_ai_node) by extension 'ros'
[1.576s] DEBUG:colcon.colcon_core.package_identification:Package 'src/vision_ai_node' with type 'ros.ament_python' and name 'vision_ai_node'
[1.576s] Level 1:colcon.colcon_core.package_identification:_identify(src/vision_msgs) by extensions ['ignore', 'ignore_ament_install']
[1.577s] Level 1:colcon.colcon_core.package_identification:_identify(src/vision_msgs) by extension 'ignore'
[1.577s] Level 1:colcon.colcon_core.package_identification:_identify(src/vision_msgs) by extension 'ignore_ament_install'
[1.577s] Level 1:colcon.colcon_core.package_identification:_identify(src/vision_msgs) by extensions ['colcon_pkg']
[1.578s] Level 1:colcon.colcon_core.package_identification:_identify(src/vision_msgs) by extension 'colcon_pkg'
[1.578s] Level 1:colcon.colcon_core.package_identification:_identify(src/vision_msgs) by extensions ['colcon_meta']
[1.578s] Level 1:colcon.colcon_core.package_identification:_identify(src/vision_msgs) by extension 'colcon_meta'
[1.578s] Level 1:colcon.colcon_core.package_identification:_identify(src/vision_msgs) by extensions ['ros']
[1.579s] Level 1:colcon.colcon_core.package_identification:_identify(src/vision_msgs) by extension 'ros'
[1.581s] DEBUG:colcon.colcon_core.package_identification:Package 'src/vision_msgs' with type 'ros.ament_cmake' and name 'vision_msgs'
[1.582s] Level 1:colcon.colcon_core.package_discovery:discover_packages(recursive) using defaults
[1.582s] Level 1:colcon.colcon_core.package_discovery:discover_packages(ignore) discover
[1.582s] Level 1:colcon.colcon_core.package_discovery:discover_packages(ignore) using defaults
[1.582s] Level 1:colcon.colcon_core.package_discovery:discover_packages(path) discover
[1.583s] Level 1:colcon.colcon_core.package_discovery:discover_packages(path) using defaults
[1.695s] INFO:colcon.colcon_core.package_selection:Skipping not selected package 'camera_node' in 'src/camera_node'
[1.696s] INFO:colcon.colcon_core.package_selection:Skipping not selected package 'esp32_ros2_bridge' in 'src/esp32_ros2_bridge'
[1.696s] INFO:colcon.colcon_core.package_selection:Skipping not selected package 'robot_description' in 'src/robot_description'
[1.696s] INFO:colcon.colcon_core.package_selection:Skipping not selected package 'sllidar_ros2' in 'src/sllidar_ros2'
[1.696s] INFO:colcon.colcon_core.package_selection:Skipping not selected package 'vision_msgs' in 'src/vision_msgs'
[1.697s] INFO:colcon.colcon_core.package_selection:Skipping not selected package 'robot_ai' in 'src/robot_ai'
[1.697s] INFO:colcon.colcon_core.package_selection:Skipping not selected package 'robot_bringup' in 'src/robot_bringup'
[1.697s] INFO:colcon.colcon_core.package_selection:Skipping not selected package 'vision_ai_node' in 'src/vision_ai_node'
[1.700s] Level 1:colcon.colcon_core.package_discovery:discover_packages(prefix_path) check parameters
[1.700s] Level 1:colcon.colcon_core.package_discovery:discover_packages(prefix_path) discover
[1.717s] DEBUG:colcon.colcon_installed_package_information.package_discovery:Found 10 installed packages in /home/robot/robot_ws/install
[1.728s] DEBUG:colcon.colcon_installed_package_information.package_discovery:Found 259 installed packages in /opt/ros/humble
[1.740s] Level 1:colcon.colcon_core.package_discovery:discover_packages(prefix_path) using defaults
[1.988s] Level 5:colcon.colcon_core.verb:set package 'robot_serial' build argument 'cmake_args' from command line to 'None'
[1.989s] Level 5:colcon.colcon_core.verb:set package 'robot_serial' build argument 'cmake_target' from command line to 'None'
[1.989s] Level 5:colcon.colcon_core.verb:set package 'robot_serial' build argument 'cmake_target_skip_unavailable' from command line to 'False'
[1.989s] Level 5:colcon.colcon_core.verb:set package 'robot_serial' build argument 'cmake_clean_cache' from command line to 'False'
[1.989s] Level 5:colcon.colcon_core.verb:set package 'robot_serial' build argument 'cmake_clean_first' from command line to 'False'
[1.989s] Level 5:colcon.colcon_core.verb:set package 'robot_serial' build argument 'cmake_force_configure' from command line to 'False'
[1.989s] Level 5:colcon.colcon_core.verb:set package 'robot_serial' build argument 'ament_cmake_args' from command line to 'None'
[1.990s] Level 5:colcon.colcon_core.verb:set package 'robot_serial' build argument 'catkin_cmake_args' from command line to 'None'
[1.990s] Level 5:colcon.colcon_core.verb:set package 'robot_serial' build argument 'catkin_skip_building_tests' from command line to 'False'
[1.990s] DEBUG:colcon.colcon_core.verb:Building package 'robot_serial' with the following arguments: {'ament_cmake_args': None, 'build_base': '/home/robot/robot_ws/build/robot_serial', 'catkin_cmake_args': None, 'catkin_skip_building_tests': False, 'cmake_args': None, 'cmake_clean_cache': False, 'cmake_clean_first': False, 'cmake_force_configure': False, 'cmake_target': None, 'cmake_target_skip_unavailable': False, 'install_base': '/home/robot/robot_ws/install/robot_serial', 'merge_install': False, 'path': '/home/robot/robot_ws/src/robot_serial', 'symlink_install': False, 'test_result_base': None}
[1.991s] INFO:colcon.colcon_core.executor:Executing jobs using 'parallel' executor
[1.994s] DEBUG:colcon.colcon_parallel_executor.executor.parallel:run_until_complete
[1.995s] INFO:colcon.colcon_ros.task.ament_python.build:Building ROS package in '/home/robot/robot_ws/src/robot_serial' with build type 'ament_python'
[1.996s] Level 1:colcon.colcon_core.shell:create_environment_hook('robot_serial', 'ament_prefix_path')
[2.009s] INFO:colcon.colcon_core.plugin_system:Skipping extension 'colcon_core.shell.bat': Not used on non-Windows systems
[2.011s] INFO:colcon.colcon_core.shell:Creating environment hook '/home/robot/robot_ws/install/robot_serial/share/robot_serial/hook/ament_prefix_path.ps1'
[2.014s] INFO:colcon.colcon_core.shell:Creating environment descriptor '/home/robot/robot_ws/install/robot_serial/share/robot_serial/hook/ament_prefix_path.dsv'
[2.017s] INFO:colcon.colcon_core.shell:Creating environment hook '/home/robot/robot_ws/install/robot_serial/share/robot_serial/hook/ament_prefix_path.sh'
[2.021s] INFO:colcon.colcon_core.shell:Skip shell extension 'powershell' for command environment: Not usable outside of PowerShell
[2.022s] DEBUG:colcon.colcon_core.shell:Skip shell extension 'dsv' for command environment
[3.492s] INFO:colcon.colcon_core.task.python.build:Building Python package in '/home/robot/robot_ws/src/robot_serial'
[3.493s] INFO:colcon.colcon_core.shell:Skip shell extension 'powershell' for command environment: Not usable outside of PowerShell
[3.494s] DEBUG:colcon.colcon_core.shell:Skip shell extension 'dsv' for command environment
[5.589s] DEBUG:colcon.colcon_core.task.python.build:Available setuptools commands: test, upload_docs, bdist_rpm, bdist_egg, update_catalog, install_headers, install_data, setopt, install_lib, bdist_wheel, install_egg_info, dist_info, build_scripts, bdist_dumb, install_scripts, easy_install, build, symlink_data, saveopts, clean, init_catalog, alias, develop, rotate, build_ext, upload, egg_info, install, sdist, compile_catalog, bdist, build_py, build_clib, check, extract_messages, register
[5.599s] DEBUG:colcon.colcon_core.event_handler.log_command:Invoking command in '/home/robot/robot_ws/src/robot_serial': PYTHONPATH=/home/robot/robot_ws/build/robot_serial/prefix_override:/usr/lib/python3/dist-packages/colcon_core/task/python/colcon_distutils_commands:/home/robot/robot_ws/install/robot_serial/lib/python3.10/site-packages:${PYTHONPATH} /usr/bin/python3 -W ignore:setup.py install is deprecated -W ignore:easy_install command is deprecated setup.py egg_info --egg-base ../../build/robot_serial build --build-base /home/robot/robot_ws/build/robot_serial/build install --record /home/robot/robot_ws/build/robot_serial/install.log --install-scripts $base/lib/robot_serial --single-version-externally-managed install_data
[7.390s] Level 1:colcon.colcon_core.environment:checking '/home/robot/robot_ws/install/robot_serial' for CMake module files
[10.645s] DEBUG:colcon.colcon_core.event_handler.log_command:Invoked command in '/home/robot/robot_ws/src/robot_serial' returned '0': PYTHONPATH=/home/robot/robot_ws/build/robot_serial/prefix_override:/usr/lib/python3/dist-packages/colcon_core/task/python/colcon_distutils_commands:/home/robot/robot_ws/install/robot_serial/lib/python3.10/site-packages:${PYTHONPATH} /usr/bin/python3 -W ignore:setup.py install is deprecated -W ignore:easy_install command is deprecated setup.py egg_info --egg-base ../../build/robot_serial build --build-base /home/robot/robot_ws/build/robot_serial/build install --record /home/robot/robot_ws/build/robot_serial/install.log --install-scripts $base/lib/robot_serial --single-version-externally-managed install_data
[10.649s] Level 1:colcon.colcon_core.environment:checking '/home/robot/robot_ws/install/robot_serial' for CMake config files
[10.660s] Level 1:colcon.colcon_core.environment:checking '/home/robot/robot_ws/install/robot_serial/lib'
[10.661s] Level 1:colcon.colcon_core.environment:checking '/home/robot/robot_ws/install/robot_serial/bin'
[10.662s] Level 1:colcon.colcon_core.environment:checking '/home/robot/robot_ws/install/robot_serial/lib/pkgconfig/robot_serial.pc'
[10.664s] Level 1:colcon.colcon_core.environment:checking '/home/robot/robot_ws/install/robot_serial/lib/python3.10/site-packages'
[10.665s] Level 1:colcon.colcon_core.shell:create_environment_hook('robot_serial', 'pythonpath')
[10.666s] INFO:colcon.colcon_core.shell:Creating environment hook '/home/robot/robot_ws/install/robot_serial/share/robot_serial/hook/pythonpath.ps1'
[10.670s] INFO:colcon.colcon_core.shell:Creating environment descriptor '/home/robot/robot_ws/install/robot_serial/share/robot_serial/hook/pythonpath.dsv'
[10.673s] INFO:colcon.colcon_core.shell:Creating environment hook '/home/robot/robot_ws/install/robot_serial/share/robot_serial/hook/pythonpath.sh'
[10.678s] Level 1:colcon.colcon_core.environment:checking '/home/robot/robot_ws/install/robot_serial/bin'
[10.679s] Level 1:colcon.colcon_core.environment:create_environment_scripts_only(robot_serial)
[10.681s] INFO:colcon.colcon_core.shell:Creating package script '/home/robot/robot_ws/install/robot_serial/share/robot_serial/package.ps1'
[10.689s] INFO:colcon.colcon_core.shell:Creating package descriptor '/home/robot/robot_ws/install/robot_serial/share/robot_serial/package.dsv'
[10.693s] INFO:colcon.colcon_core.shell:Creating package script '/home/robot/robot_ws/install/robot_serial/share/robot_serial/package.sh'
[10.698s] INFO:colcon.colcon_core.shell:Creating package script '/home/robot/robot_ws/install/robot_serial/share/robot_serial/package.bash'
[10.705s] INFO:colcon.colcon_core.shell:Creating package script '/home/robot/robot_ws/install/robot_serial/share/robot_serial/package.zsh'
[10.710s] Level 1:colcon.colcon_core.environment:create_file_with_runtime_dependencies(/home/robot/robot_ws/install/robot_serial/share/colcon-core/packages/robot_serial)
[10.715s] DEBUG:colcon.colcon_parallel_executor.executor.parallel:closing loop
[10.716s] DEBUG:colcon.colcon_parallel_executor.executor.parallel:loop closed
[10.717s] DEBUG:colcon.colcon_parallel_executor.executor.parallel:run_until_complete finished with '0'
[10.717s] DEBUG:colcon.colcon_core.event_reactor:joining thread
[10.721s] DEBUG:colcon.colcon_core.event_reactor:joined thread
[10.722s] INFO:colcon.colcon_core.shell:Creating prefix script '/home/robot/robot_ws/install/local_setup.ps1'
[10.730s] INFO:colcon.colcon_core.shell:Creating prefix util module '/home/robot/robot_ws/install/_local_setup_util_ps1.py'
[10.739s] INFO:colcon.colcon_core.shell:Creating prefix chain script '/home/robot/robot_ws/install/setup.ps1'
[10.751s] INFO:colcon.colcon_core.shell:Creating prefix script '/home/robot/robot_ws/install/local_setup.sh'
[10.756s] INFO:colcon.colcon_core.shell:Creating prefix util module '/home/robot/robot_ws/install/_local_setup_util_sh.py'
[10.761s] INFO:colcon.colcon_core.shell:Creating prefix chain script '/home/robot/robot_ws/install/setup.sh'
[10.774s] INFO:colcon.colcon_core.shell:Creating prefix script '/home/robot/robot_ws/install/local_setup.bash'
[10.777s] INFO:colcon.colcon_core.shell:Creating prefix chain script '/home/robot/robot_ws/install/setup.bash'
[10.805s] INFO:colcon.colcon_core.shell:Creating prefix script '/home/robot/robot_ws/install/local_setup.zsh'
[10.823s] INFO:colcon.colcon_core.shell:Creating prefix chain script '/home/robot/robot_ws/install/setup.zsh'
