[0.197s] DEBUG:colcon:Command line arguments: ['/usr/bin/colcon', 'build']
[0.197s] DEBUG:colcon:Parsed command line arguments: Namespace(log_base=None, log_level=None, verb_name='build', build_base='build', install_base='install', merge_install=False, symlink_install=False, test_result_base=None, continue_on_error=False, executor='parallel', parallel_workers=8, event_handlers=None, ignore_user_meta=False, metas=['./colcon.meta'], base_paths=['.'], packages_ignore=None, packages_ignore_regex=None, paths=None, packages_up_to=None, packages_up_to_regex=None, packages_above=None, packages_above_and_dependencies=None, packages_above_depth=None, packages_select_by_dep=None, packages_skip_by_dep=None, packages_skip_up_to=None, packages_select_build_failed=False, packages_skip_build_finished=False, packages_select_test_failures=False, packages_skip_test_passed=False, packages_select=None, packages_skip=None, packages_select_regex=None, packages_skip_regex=None, packages_start=None, packages_end=None, allow_overriding=[], cmake_args=None, cmake_target=None, cmake_target_skip_unavailable=False, cmake_clean_cache=False, cmake_clean_first=False, cmake_force_configure=False, ament_cmake_args=None, catkin_cmake_args=None, catkin_skip_building_tests=False, verb_parser=<colcon_defaults.argument_parser.defaults.DefaultArgumentsDecorator object at 0x76ba8c347d00>, verb_extension=<colcon_core.verb.build.BuildVerb object at 0x76ba8c347790>, main=<bound method BuildVerb.main of <colcon_core.verb.build.BuildVerb object at 0x76ba8c347790>>)
[0.672s] Level 1:colcon.colcon_core.package_discovery:discover_packages(colcon_meta) check parameters
[0.672s] Level 1:colcon.colcon_core.package_discovery:discover_packages(recursive) check parameters
[0.672s] Level 1:colcon.colcon_core.package_discovery:discover_packages(ignore) check parameters
[0.672s] Level 1:colcon.colcon_core.package_discovery:discover_packages(path) check parameters
[0.672s] Level 1:colcon.colcon_core.package_discovery:discover_packages(colcon_meta) discover
[0.672s] Level 1:colcon.colcon_core.package_discovery:discover_packages(recursive) discover
[0.672s] INFO:colcon.colcon_core.package_discovery:Crawling recursively for packages in '/home/phuongnam/robot_main'
[0.673s] Level 1:colcon.colcon_core.package_identification:_identify(.) by extensions ['ignore', 'ignore_ament_install']
[0.673s] Level 1:colcon.colcon_core.package_identification:_identify(.) by extension 'ignore'
[0.673s] Level 1:colcon.colcon_core.package_identification:_identify(.) by extension 'ignore_ament_install'
[0.673s] Level 1:colcon.colcon_core.package_identification:_identify(.) by extensions ['colcon_pkg']
[0.673s] Level 1:colcon.colcon_core.package_identification:_identify(.) by extension 'colcon_pkg'
[0.673s] Level 1:colcon.colcon_core.package_identification:_identify(.) by extensions ['colcon_meta']
[0.673s] Level 1:colcon.colcon_core.package_identification:_identify(.) by extension 'colcon_meta'
[0.673s] Level 1:colcon.colcon_core.package_identification:_identify(.) by extensions ['ros']
[0.673s] Level 1:colcon.colcon_core.package_identification:_identify(.) by extension 'ros'
[0.712s] Level 1:colcon.colcon_core.package_identification:_identify(.) by extensions ['cmake', 'python']
[0.712s] Level 1:colcon.colcon_core.package_identification:_identify(.) by extension 'cmake'
[0.712s] Level 1:colcon.colcon_core.package_identification:_identify(.) by extension 'python'
[0.713s] Level 1:colcon.colcon_core.package_identification:_identify(.) by extensions ['python_setup_py']
[0.713s] Level 1:colcon.colcon_core.package_identification:_identify(.) by extension 'python_setup_py'
[0.713s] Level 1:colcon.colcon_core.package_identification:_identify(build) by extensions ['ignore', 'ignore_ament_install']
[0.713s] Level 1:colcon.colcon_core.package_identification:_identify(build) by extension 'ignore'
[0.713s] Level 1:colcon.colcon_core.package_identification:_identify(build) ignored
[0.713s] Level 1:colcon.colcon_core.package_identification:_identify(install) by extensions ['ignore', 'ignore_ament_install']
[0.714s] Level 1:colcon.colcon_core.package_identification:_identify(install) by extension 'ignore'
[0.714s] Level 1:colcon.colcon_core.package_identification:_identify(install) ignored
[0.714s] Level 1:colcon.colcon_core.package_identification:_identify(log) by extensions ['ignore', 'ignore_ament_install']
[0.714s] Level 1:colcon.colcon_core.package_identification:_identify(log) by extension 'ignore'
[0.714s] Level 1:colcon.colcon_core.package_identification:_identify(log) ignored
[0.714s] Level 1:colcon.colcon_core.package_identification:_identify(src) by extensions ['ignore', 'ignore_ament_install']
[0.715s] Level 1:colcon.colcon_core.package_identification:_identify(src) by extension 'ignore'
[0.715s] Level 1:colcon.colcon_core.package_identification:_identify(src) by extension 'ignore_ament_install'
[0.715s] Level 1:colcon.colcon_core.package_identification:_identify(src) by extensions ['colcon_pkg']
[0.715s] Level 1:colcon.colcon_core.package_identification:_identify(src) by extension 'colcon_pkg'
[0.715s] Level 1:colcon.colcon_core.package_identification:_identify(src) by extensions ['colcon_meta']
[0.715s] Level 1:colcon.colcon_core.package_identification:_identify(src) by extension 'colcon_meta'
[0.715s] Level 1:colcon.colcon_core.package_identification:_identify(src) by extensions ['ros']
[0.715s] Level 1:colcon.colcon_core.package_identification:_identify(src) by extension 'ros'
[0.715s] Level 1:colcon.colcon_core.package_identification:_identify(src) by extensions ['cmake', 'python']
[0.715s] Level 1:colcon.colcon_core.package_identification:_identify(src) by extension 'cmake'
[0.716s] Level 1:colcon.colcon_core.package_identification:_identify(src) by extension 'python'
[0.716s] Level 1:colcon.colcon_core.package_identification:_identify(src) by extensions ['python_setup_py']
[0.716s] Level 1:colcon.colcon_core.package_identification:_identify(src) by extension 'python_setup_py'
[0.716s] Level 1:colcon.colcon_core.package_identification:_identify(src/camera_node) by extensions ['ignore', 'ignore_ament_install']
[0.716s] Level 1:colcon.colcon_core.package_identification:_identify(src/camera_node) by extension 'ignore'
[0.716s] Level 1:colcon.colcon_core.package_identification:_identify(src/camera_node) by extension 'ignore_ament_install'
[0.716s] Level 1:colcon.colcon_core.package_identification:_identify(src/camera_node) by extensions ['colcon_pkg']
[0.716s] Level 1:colcon.colcon_core.package_identification:_identify(src/camera_node) by extension 'colcon_pkg'
[0.716s] Level 1:colcon.colcon_core.package_identification:_identify(src/camera_node) by extensions ['colcon_meta']
[0.717s] Level 1:colcon.colcon_core.package_identification:_identify(src/camera_node) by extension 'colcon_meta'
[0.717s] Level 1:colcon.colcon_core.package_identification:_identify(src/camera_node) by extensions ['ros']
[0.717s] Level 1:colcon.colcon_core.package_identification:_identify(src/camera_node) by extension 'ros'
[0.721s] DEBUG:colcon.colcon_core.package_identification:Package 'src/camera_node' with type 'ros.ament_python' and name 'camera_node'
[0.721s] Level 1:colcon.colcon_core.package_identification:_identify(src/robot_ai) by extensions ['ignore', 'ignore_ament_install']
[0.721s] Level 1:colcon.colcon_core.package_identification:_identify(src/robot_ai) by extension 'ignore'
[0.721s] Level 1:colcon.colcon_core.package_identification:_identify(src/robot_ai) by extension 'ignore_ament_install'
[0.721s] Level 1:colcon.colcon_core.package_identification:_identify(src/robot_ai) by extensions ['colcon_pkg']
[0.722s] Level 1:colcon.colcon_core.package_identification:_identify(src/robot_ai) by extension 'colcon_pkg'
[0.722s] Level 1:colcon.colcon_core.package_identification:_identify(src/robot_ai) by extensions ['colcon_meta']
[0.722s] Level 1:colcon.colcon_core.package_identification:_identify(src/robot_ai) by extension 'colcon_meta'
[0.722s] Level 1:colcon.colcon_core.package_identification:_identify(src/robot_ai) by extensions ['ros']
[0.722s] Level 1:colcon.colcon_core.package_identification:_identify(src/robot_ai) by extension 'ros'
[0.723s] DEBUG:colcon.colcon_core.package_identification:Package 'src/robot_ai' with type 'ros.ament_python' and name 'robot_ai'
[0.723s] Level 1:colcon.colcon_core.package_identification:_identify(src/robot_bringup) by extensions ['ignore', 'ignore_ament_install']
[0.723s] Level 1:colcon.colcon_core.package_identification:_identify(src/robot_bringup) by extension 'ignore'
[0.723s] Level 1:colcon.colcon_core.package_identification:_identify(src/robot_bringup) by extension 'ignore_ament_install'
[0.723s] Level 1:colcon.colcon_core.package_identification:_identify(src/robot_bringup) by extensions ['colcon_pkg']
[0.723s] Level 1:colcon.colcon_core.package_identification:_identify(src/robot_bringup) by extension 'colcon_pkg'
[0.723s] Level 1:colcon.colcon_core.package_identification:_identify(src/robot_bringup) by extensions ['colcon_meta']
[0.723s] Level 1:colcon.colcon_core.package_identification:_identify(src/robot_bringup) by extension 'colcon_meta'
[0.724s] Level 1:colcon.colcon_core.package_identification:_identify(src/robot_bringup) by extensions ['ros']
[0.724s] Level 1:colcon.colcon_core.package_identification:_identify(src/robot_bringup) by extension 'ros'
[0.725s] DEBUG:colcon.colcon_core.package_identification:Package 'src/robot_bringup' with type 'ros.ament_cmake' and name 'robot_bringup'
[0.726s] Level 1:colcon.colcon_core.package_identification:_identify(src/robot_description) by extensions ['ignore', 'ignore_ament_install']
[0.726s] Level 1:colcon.colcon_core.package_identification:_identify(src/robot_description) by extension 'ignore'
[0.726s] Level 1:colcon.colcon_core.package_identification:_identify(src/robot_description) by extension 'ignore_ament_install'
[0.726s] Level 1:colcon.colcon_core.package_identification:_identify(src/robot_description) by extensions ['colcon_pkg']
[0.726s] Level 1:colcon.colcon_core.package_identification:_identify(src/robot_description) by extension 'colcon_pkg'
[0.726s] Level 1:colcon.colcon_core.package_identification:_identify(src/robot_description) by extensions ['colcon_meta']
[0.726s] Level 1:colcon.colcon_core.package_identification:_identify(src/robot_description) by extension 'colcon_meta'
[0.726s] Level 1:colcon.colcon_core.package_identification:_identify(src/robot_description) by extensions ['ros']
[0.726s] Level 1:colcon.colcon_core.package_identification:_identify(src/robot_description) by extension 'ros'
[0.727s] DEBUG:colcon.colcon_core.package_identification:Package 'src/robot_description' with type 'ros.ament_cmake' and name 'robot_description'
[0.728s] Level 1:colcon.colcon_core.package_identification:_identify(src/robot_serial) by extensions ['ignore', 'ignore_ament_install']
[0.728s] Level 1:colcon.colcon_core.package_identification:_identify(src/robot_serial) by extension 'ignore'
[0.728s] Level 1:colcon.colcon_core.package_identification:_identify(src/robot_serial) by extension 'ignore_ament_install'
[0.728s] Level 1:colcon.colcon_core.package_identification:_identify(src/robot_serial) by extensions ['colcon_pkg']
[0.728s] Level 1:colcon.colcon_core.package_identification:_identify(src/robot_serial) by extension 'colcon_pkg'
[0.728s] Level 1:colcon.colcon_core.package_identification:_identify(src/robot_serial) by extensions ['colcon_meta']
[0.728s] Level 1:colcon.colcon_core.package_identification:_identify(src/robot_serial) by extension 'colcon_meta'
[0.728s] Level 1:colcon.colcon_core.package_identification:_identify(src/robot_serial) by extensions ['ros']
[0.728s] Level 1:colcon.colcon_core.package_identification:_identify(src/robot_serial) by extension 'ros'
[0.729s] DEBUG:colcon.colcon_core.package_identification:Package 'src/robot_serial' with type 'ros.ament_python' and name 'robot_serial'
[0.729s] Level 1:colcon.colcon_core.package_identification:_identify(src/sllidar_ros2) by extensions ['ignore', 'ignore_ament_install']
[0.730s] Level 1:colcon.colcon_core.package_identification:_identify(src/sllidar_ros2) by extension 'ignore'
[0.730s] Level 1:colcon.colcon_core.package_identification:_identify(src/sllidar_ros2) by extension 'ignore_ament_install'
[0.730s] Level 1:colcon.colcon_core.package_identification:_identify(src/sllidar_ros2) by extensions ['colcon_pkg']
[0.730s] Level 1:colcon.colcon_core.package_identification:_identify(src/sllidar_ros2) by extension 'colcon_pkg'
[0.730s] Level 1:colcon.colcon_core.package_identification:_identify(src/sllidar_ros2) by extensions ['colcon_meta']
[0.730s] Level 1:colcon.colcon_core.package_identification:_identify(src/sllidar_ros2) by extension 'colcon_meta'
[0.730s] Level 1:colcon.colcon_core.package_identification:_identify(src/sllidar_ros2) by extensions ['ros']
[0.730s] Level 1:colcon.colcon_core.package_identification:_identify(src/sllidar_ros2) by extension 'ros'
[0.731s] DEBUG:colcon.colcon_core.package_identification:Package 'src/sllidar_ros2' with type 'ros.ament_cmake' and name 'sllidar_ros2'
[0.732s] Level 1:colcon.colcon_core.package_identification:_identify(src/web_bridge) by extensions ['ignore', 'ignore_ament_install']
[0.732s] Level 1:colcon.colcon_core.package_identification:_identify(src/web_bridge) by extension 'ignore'
[0.732s] Level 1:colcon.colcon_core.package_identification:_identify(src/web_bridge) by extension 'ignore_ament_install'
[0.732s] Level 1:colcon.colcon_core.package_identification:_identify(src/web_bridge) by extensions ['colcon_pkg']
[0.732s] Level 1:colcon.colcon_core.package_identification:_identify(src/web_bridge) by extension 'colcon_pkg'
[0.732s] Level 1:colcon.colcon_core.package_identification:_identify(src/web_bridge) by extensions ['colcon_meta']
[0.732s] Level 1:colcon.colcon_core.package_identification:_identify(src/web_bridge) by extension 'colcon_meta'
[0.732s] Level 1:colcon.colcon_core.package_identification:_identify(src/web_bridge) by extensions ['ros']
[0.732s] Level 1:colcon.colcon_core.package_identification:_identify(src/web_bridge) by extension 'ros'
[0.733s] DEBUG:colcon.colcon_core.package_identification:Package 'src/web_bridge' with type 'ros.ament_python' and name 'web_bridge'
[0.733s] Level 1:colcon.colcon_core.package_discovery:discover_packages(recursive) using defaults
[0.733s] Level 1:colcon.colcon_core.package_discovery:discover_packages(ignore) discover
[0.733s] Level 1:colcon.colcon_core.package_discovery:discover_packages(ignore) using defaults
[0.733s] Level 1:colcon.colcon_core.package_discovery:discover_packages(path) discover
[0.733s] Level 1:colcon.colcon_core.package_discovery:discover_packages(path) using defaults
[0.785s] Level 1:colcon.colcon_core.package_discovery:discover_packages(prefix_path) check parameters
[0.786s] Level 1:colcon.colcon_core.package_discovery:discover_packages(prefix_path) discover
[0.793s] DEBUG:colcon.colcon_installed_package_information.package_discovery:Found 322 installed packages in /opt/ros/humble
[0.796s] Level 1:colcon.colcon_core.package_discovery:discover_packages(prefix_path) using defaults
[0.871s] Level 5:colcon.colcon_core.verb:set package 'camera_node' build argument 'cmake_args' from command line to 'None'
[0.871s] Level 5:colcon.colcon_core.verb:set package 'camera_node' build argument 'cmake_target' from command line to 'None'
[0.871s] Level 5:colcon.colcon_core.verb:set package 'camera_node' build argument 'cmake_target_skip_unavailable' from command line to 'False'
[0.872s] Level 5:colcon.colcon_core.verb:set package 'camera_node' build argument 'cmake_clean_cache' from command line to 'False'
[0.872s] Level 5:colcon.colcon_core.verb:set package 'camera_node' build argument 'cmake_clean_first' from command line to 'False'
[0.872s] Level 5:colcon.colcon_core.verb:set package 'camera_node' build argument 'cmake_force_configure' from command line to 'False'
[0.872s] Level 5:colcon.colcon_core.verb:set package 'camera_node' build argument 'ament_cmake_args' from command line to 'None'
[0.872s] Level 5:colcon.colcon_core.verb:set package 'camera_node' build argument 'catkin_cmake_args' from command line to 'None'
[0.872s] Level 5:colcon.colcon_core.verb:set package 'camera_node' build argument 'catkin_skip_building_tests' from command line to 'False'
[0.872s] DEBUG:colcon.colcon_core.verb:Building package 'camera_node' with the following arguments: {'ament_cmake_args': None, 'build_base': '/home/phuongnam/robot_main/build/camera_node', 'catkin_cmake_args': None, 'catkin_skip_building_tests': False, 'cmake_args': None, 'cmake_clean_cache': False, 'cmake_clean_first': False, 'cmake_force_configure': False, 'cmake_target': None, 'cmake_target_skip_unavailable': False, 'install_base': '/home/phuongnam/robot_main/install/camera_node', 'merge_install': False, 'path': '/home/phuongnam/robot_main/src/camera_node', 'symlink_install': False, 'test_result_base': None}
[0.873s] Level 5:colcon.colcon_core.verb:set package 'robot_ai' build argument 'cmake_args' from command line to 'None'
[0.873s] Level 5:colcon.colcon_core.verb:set package 'robot_ai' build argument 'cmake_target' from command line to 'None'
[0.874s] Level 5:colcon.colcon_core.verb:set package 'robot_ai' build argument 'cmake_target_skip_unavailable' from command line to 'False'
[0.874s] Level 5:colcon.colcon_core.verb:set package 'robot_ai' build argument 'cmake_clean_cache' from command line to 'False'
[0.874s] Level 5:colcon.colcon_core.verb:set package 'robot_ai' build argument 'cmake_clean_first' from command line to 'False'
[0.874s] Level 5:colcon.colcon_core.verb:set package 'robot_ai' build argument 'cmake_force_configure' from command line to 'False'
[0.874s] Level 5:colcon.colcon_core.verb:set package 'robot_ai' build argument 'ament_cmake_args' from command line to 'None'
[0.874s] Level 5:colcon.colcon_core.verb:set package 'robot_ai' build argument 'catkin_cmake_args' from command line to 'None'
[0.874s] Level 5:colcon.colcon_core.verb:set package 'robot_ai' build argument 'catkin_skip_building_tests' from command line to 'False'
[0.874s] DEBUG:colcon.colcon_core.verb:Building package 'robot_ai' with the following arguments: {'ament_cmake_args': None, 'build_base': '/home/phuongnam/robot_main/build/robot_ai', 'catkin_cmake_args': None, 'catkin_skip_building_tests': False, 'cmake_args': None, 'cmake_clean_cache': False, 'cmake_clean_first': False, 'cmake_force_configure': False, 'cmake_target': None, 'cmake_target_skip_unavailable': False, 'install_base': '/home/phuongnam/robot_main/install/robot_ai', 'merge_install': False, 'path': '/home/phuongnam/robot_main/src/robot_ai', 'symlink_install': False, 'test_result_base': None}
[0.875s] Level 5:colcon.colcon_core.verb:set package 'robot_description' build argument 'cmake_args' from command line to 'None'
[0.875s] Level 5:colcon.colcon_core.verb:set package 'robot_description' build argument 'cmake_target' from command line to 'None'
[0.876s] Level 5:colcon.colcon_core.verb:set package 'robot_description' build argument 'cmake_target_skip_unavailable' from command line to 'False'
[0.876s] Level 5:colcon.colcon_core.verb:set package 'robot_description' build argument 'cmake_clean_cache' from command line to 'False'
[0.876s] Level 5:colcon.colcon_core.verb:set package 'robot_description' build argument 'cmake_clean_first' from command line to 'False'
[0.876s] Level 5:colcon.colcon_core.verb:set package 'robot_description' build argument 'cmake_force_configure' from command line to 'False'
[0.876s] Level 5:colcon.colcon_core.verb:set package 'robot_description' build argument 'ament_cmake_args' from command line to 'None'
[0.876s] Level 5:colcon.colcon_core.verb:set package 'robot_description' build argument 'catkin_cmake_args' from command line to 'None'
[0.876s] Level 5:colcon.colcon_core.verb:set package 'robot_description' build argument 'catkin_skip_building_tests' from command line to 'False'
[0.876s] DEBUG:colcon.colcon_core.verb:Building package 'robot_description' with the following arguments: {'ament_cmake_args': None, 'build_base': '/home/phuongnam/robot_main/build/robot_description', 'catkin_cmake_args': None, 'catkin_skip_building_tests': False, 'cmake_args': None, 'cmake_clean_cache': False, 'cmake_clean_first': False, 'cmake_force_configure': False, 'cmake_target': None, 'cmake_target_skip_unavailable': False, 'install_base': '/home/phuongnam/robot_main/install/robot_description', 'merge_install': False, 'path': '/home/phuongnam/robot_main/src/robot_description', 'symlink_install': False, 'test_result_base': None}
[0.877s] Level 5:colcon.colcon_core.verb:set package 'robot_serial' build argument 'cmake_args' from command line to 'None'
[0.878s] Level 5:colcon.colcon_core.verb:set package 'robot_serial' build argument 'cmake_target' from command line to 'None'
[0.878s] Level 5:colcon.colcon_core.verb:set package 'robot_serial' build argument 'cmake_target_skip_unavailable' from command line to 'False'
[0.878s] Level 5:colcon.colcon_core.verb:set package 'robot_serial' build argument 'cmake_clean_cache' from command line to 'False'
[0.878s] Level 5:colcon.colcon_core.verb:set package 'robot_serial' build argument 'cmake_clean_first' from command line to 'False'
[0.878s] Level 5:colcon.colcon_core.verb:set package 'robot_serial' build argument 'cmake_force_configure' from command line to 'False'
[0.878s] Level 5:colcon.colcon_core.verb:set package 'robot_serial' build argument 'ament_cmake_args' from command line to 'None'
[0.878s] Level 5:colcon.colcon_core.verb:set package 'robot_serial' build argument 'catkin_cmake_args' from command line to 'None'
[0.878s] Level 5:colcon.colcon_core.verb:set package 'robot_serial' build argument 'catkin_skip_building_tests' from command line to 'False'
[0.878s] DEBUG:colcon.colcon_core.verb:Building package 'robot_serial' with the following arguments: {'ament_cmake_args': None, 'build_base': '/home/phuongnam/robot_main/build/robot_serial', 'catkin_cmake_args': None, 'catkin_skip_building_tests': False, 'cmake_args': None, 'cmake_clean_cache': False, 'cmake_clean_first': False, 'cmake_force_configure': False, 'cmake_target': None, 'cmake_target_skip_unavailable': False, 'install_base': '/home/phuongnam/robot_main/install/robot_serial', 'merge_install': False, 'path': '/home/phuongnam/robot_main/src/robot_serial', 'symlink_install': False, 'test_result_base': None}
[0.880s] Level 5:colcon.colcon_core.verb:set package 'sllidar_ros2' build argument 'cmake_args' from command line to 'None'
[0.880s] Level 5:colcon.colcon_core.verb:set package 'sllidar_ros2' build argument 'cmake_target' from command line to 'None'
[0.880s] Level 5:colcon.colcon_core.verb:set package 'sllidar_ros2' build argument 'cmake_target_skip_unavailable' from command line to 'False'
[0.880s] Level 5:colcon.colcon_core.verb:set package 'sllidar_ros2' build argument 'cmake_clean_cache' from command line to 'False'
[0.880s] Level 5:colcon.colcon_core.verb:set package 'sllidar_ros2' build argument 'cmake_clean_first' from command line to 'False'
[0.880s] Level 5:colcon.colcon_core.verb:set package 'sllidar_ros2' build argument 'cmake_force_configure' from command line to 'False'
[0.880s] Level 5:colcon.colcon_core.verb:set package 'sllidar_ros2' build argument 'ament_cmake_args' from command line to 'None'
[0.880s] Level 5:colcon.colcon_core.verb:set package 'sllidar_ros2' build argument 'catkin_cmake_args' from command line to 'None'
[0.880s] Level 5:colcon.colcon_core.verb:set package 'sllidar_ros2' build argument 'catkin_skip_building_tests' from command line to 'False'
[0.880s] DEBUG:colcon.colcon_core.verb:Building package 'sllidar_ros2' with the following arguments: {'ament_cmake_args': None, 'build_base': '/home/phuongnam/robot_main/build/sllidar_ros2', 'catkin_cmake_args': None, 'catkin_skip_building_tests': False, 'cmake_args': None, 'cmake_clean_cache': False, 'cmake_clean_first': False, 'cmake_force_configure': False, 'cmake_target': None, 'cmake_target_skip_unavailable': False, 'install_base': '/home/phuongnam/robot_main/install/sllidar_ros2', 'merge_install': False, 'path': '/home/phuongnam/robot_main/src/sllidar_ros2', 'symlink_install': False, 'test_result_base': None}
[0.882s] Level 5:colcon.colcon_core.verb:set package 'web_bridge' build argument 'cmake_args' from command line to 'None'
[0.882s] Level 5:colcon.colcon_core.verb:set package 'web_bridge' build argument 'cmake_target' from command line to 'None'
[0.882s] Level 5:colcon.colcon_core.verb:set package 'web_bridge' build argument 'cmake_target_skip_unavailable' from command line to 'False'
[0.882s] Level 5:colcon.colcon_core.verb:set package 'web_bridge' build argument 'cmake_clean_cache' from command line to 'False'
[0.882s] Level 5:colcon.colcon_core.verb:set package 'web_bridge' build argument 'cmake_clean_first' from command line to 'False'
[0.882s] Level 5:colcon.colcon_core.verb:set package 'web_bridge' build argument 'cmake_force_configure' from command line to 'False'
[0.882s] Level 5:colcon.colcon_core.verb:set package 'web_bridge' build argument 'ament_cmake_args' from command line to 'None'
[0.883s] Level 5:colcon.colcon_core.verb:set package 'web_bridge' build argument 'catkin_cmake_args' from command line to 'None'
[0.883s] Level 5:colcon.colcon_core.verb:set package 'web_bridge' build argument 'catkin_skip_building_tests' from command line to 'False'
[0.883s] DEBUG:colcon.colcon_core.verb:Building package 'web_bridge' with the following arguments: {'ament_cmake_args': None, 'build_base': '/home/phuongnam/robot_main/build/web_bridge', 'catkin_cmake_args': None, 'catkin_skip_building_tests': False, 'cmake_args': None, 'cmake_clean_cache': False, 'cmake_clean_first': False, 'cmake_force_configure': False, 'cmake_target': None, 'cmake_target_skip_unavailable': False, 'install_base': '/home/phuongnam/robot_main/install/web_bridge', 'merge_install': False, 'path': '/home/phuongnam/robot_main/src/web_bridge', 'symlink_install': False, 'test_result_base': None}
[0.884s] Level 5:colcon.colcon_core.verb:set package 'robot_bringup' build argument 'cmake_args' from command line to 'None'
[0.884s] Level 5:colcon.colcon_core.verb:set package 'robot_bringup' build argument 'cmake_target' from command line to 'None'
[0.884s] Level 5:colcon.colcon_core.verb:set package 'robot_bringup' build argument 'cmake_target_skip_unavailable' from command line to 'False'
[0.885s] Level 5:colcon.colcon_core.verb:set package 'robot_bringup' build argument 'cmake_clean_cache' from command line to 'False'
[0.885s] Level 5:colcon.colcon_core.verb:set package 'robot_bringup' build argument 'cmake_clean_first' from command line to 'False'
[0.885s] Level 5:colcon.colcon_core.verb:set package 'robot_bringup' build argument 'cmake_force_configure' from command line to 'False'
[0.885s] Level 5:colcon.colcon_core.verb:set package 'robot_bringup' build argument 'ament_cmake_args' from command line to 'None'
[0.885s] Level 5:colcon.colcon_core.verb:set package 'robot_bringup' build argument 'catkin_cmake_args' from command line to 'None'
[0.885s] Level 5:colcon.colcon_core.verb:set package 'robot_bringup' build argument 'catkin_skip_building_tests' from command line to 'False'
[0.885s] DEBUG:colcon.colcon_core.verb:Building package 'robot_bringup' with the following arguments: {'ament_cmake_args': None, 'build_base': '/home/phuongnam/robot_main/build/robot_bringup', 'catkin_cmake_args': None, 'catkin_skip_building_tests': False, 'cmake_args': None, 'cmake_clean_cache': False, 'cmake_clean_first': False, 'cmake_force_configure': False, 'cmake_target': None, 'cmake_target_skip_unavailable': False, 'install_base': '/home/phuongnam/robot_main/install/robot_bringup', 'merge_install': False, 'path': '/home/phuongnam/robot_main/src/robot_bringup', 'symlink_install': False, 'test_result_base': None}
[0.886s] INFO:colcon.colcon_core.executor:Executing jobs using 'parallel' executor
[0.891s] DEBUG:colcon.colcon_parallel_executor.executor.parallel:run_until_complete
[0.892s] INFO:colcon.colcon_ros.task.ament_cmake.build:Building ROS package in '/home/phuongnam/robot_main/src/robot_description' with build type 'ament_cmake'
[0.892s] INFO:colcon.colcon_cmake.task.cmake.build:Building CMake package in '/home/phuongnam/robot_main/src/robot_description'
[0.902s] INFO:colcon.colcon_core.plugin_system:Skipping extension 'colcon_core.shell.bat': Not used on non-Windows systems
[0.903s] INFO:colcon.colcon_core.shell:Skip shell extension 'powershell' for command environment: Not usable outside of PowerShell
[0.903s] DEBUG:colcon.colcon_core.shell:Skip shell extension 'dsv' for command environment
[0.919s] INFO:colcon.colcon_ros.task.ament_cmake.build:Building ROS package in '/home/phuongnam/robot_main/src/sllidar_ros2' with build type 'ament_cmake'
[0.920s] INFO:colcon.colcon_cmake.task.cmake.build:Building CMake package in '/home/phuongnam/robot_main/src/sllidar_ros2'
[0.920s] INFO:colcon.colcon_core.shell:Skip shell extension 'powershell' for command environment: Not usable outside of PowerShell
[0.921s] DEBUG:colcon.colcon_core.shell:Skip shell extension 'dsv' for command environment
[0.933s] INFO:colcon.colcon_ros.task.ament_python.build:Building ROS package in '/home/phuongnam/robot_main/src/camera_node' with build type 'ament_python'
[0.933s] Level 1:colcon.colcon_core.shell:create_environment_hook('camera_node', 'ament_prefix_path')
[0.934s] INFO:colcon.colcon_core.shell:Creating environment hook '/home/phuongnam/robot_main/install/camera_node/share/camera_node/hook/ament_prefix_path.ps1'
[0.943s] INFO:colcon.colcon_core.shell:Creating environment descriptor '/home/phuongnam/robot_main/install/camera_node/share/camera_node/hook/ament_prefix_path.dsv'
[0.944s] INFO:colcon.colcon_core.shell:Creating environment hook '/home/phuongnam/robot_main/install/camera_node/share/camera_node/hook/ament_prefix_path.sh'
[0.947s] INFO:colcon.colcon_core.shell:Skip shell extension 'powershell' for command environment: Not usable outside of PowerShell
[0.948s] DEBUG:colcon.colcon_core.shell:Skip shell extension 'dsv' for command environment
[0.958s] INFO:colcon.colcon_ros.task.ament_python.build:Building ROS package in '/home/phuongnam/robot_main/src/robot_ai' with build type 'ament_python'
[0.960s] Level 1:colcon.colcon_core.shell:create_environment_hook('robot_ai', 'ament_prefix_path')
[0.964s] INFO:colcon.colcon_core.shell:Creating environment hook '/home/phuongnam/robot_main/install/robot_ai/share/robot_ai/hook/ament_prefix_path.ps1'
[0.965s] INFO:colcon.colcon_core.shell:Creating environment descriptor '/home/phuongnam/robot_main/install/robot_ai/share/robot_ai/hook/ament_prefix_path.dsv'
[0.966s] INFO:colcon.colcon_core.shell:Creating environment hook '/home/phuongnam/robot_main/install/robot_ai/share/robot_ai/hook/ament_prefix_path.sh'
[0.970s] INFO:colcon.colcon_core.shell:Skip shell extension 'powershell' for command environment: Not usable outside of PowerShell
[0.970s] DEBUG:colcon.colcon_core.shell:Skip shell extension 'dsv' for command environment
[0.982s] INFO:colcon.colcon_ros.task.ament_python.build:Building ROS package in '/home/phuongnam/robot_main/src/robot_serial' with build type 'ament_python'
[0.982s] Level 1:colcon.colcon_core.shell:create_environment_hook('robot_serial', 'ament_prefix_path')
[0.983s] INFO:colcon.colcon_core.shell:Creating environment hook '/home/phuongnam/robot_main/install/robot_serial/share/robot_serial/hook/ament_prefix_path.ps1'
[0.988s] INFO:colcon.colcon_core.shell:Creating environment descriptor '/home/phuongnam/robot_main/install/robot_serial/share/robot_serial/hook/ament_prefix_path.dsv'
[0.990s] INFO:colcon.colcon_core.shell:Creating environment hook '/home/phuongnam/robot_main/install/robot_serial/share/robot_serial/hook/ament_prefix_path.sh'
[0.991s] INFO:colcon.colcon_core.shell:Skip shell extension 'powershell' for command environment: Not usable outside of PowerShell
[0.991s] DEBUG:colcon.colcon_core.shell:Skip shell extension 'dsv' for command environment
[1.014s] INFO:colcon.colcon_ros.task.ament_python.build:Building ROS package in '/home/phuongnam/robot_main/src/web_bridge' with build type 'ament_python'
[1.016s] Level 1:colcon.colcon_core.shell:create_environment_hook('web_bridge', 'ament_prefix_path')
[1.016s] INFO:colcon.colcon_core.shell:Creating environment hook '/home/phuongnam/robot_main/install/web_bridge/share/web_bridge/hook/ament_prefix_path.ps1'
[1.018s] INFO:colcon.colcon_core.shell:Creating environment descriptor '/home/phuongnam/robot_main/install/web_bridge/share/web_bridge/hook/ament_prefix_path.dsv'
[1.019s] INFO:colcon.colcon_core.shell:Creating environment hook '/home/phuongnam/robot_main/install/web_bridge/share/web_bridge/hook/ament_prefix_path.sh'
[1.021s] INFO:colcon.colcon_core.shell:Skip shell extension 'powershell' for command environment: Not usable outside of PowerShell
[1.022s] DEBUG:colcon.colcon_core.shell:Skip shell extension 'dsv' for command environment
[1.040s] DEBUG:colcon.colcon_core.event_handler.log_command:Invoking command in '/home/phuongnam/robot_main/build/robot_description': CMAKE_PREFIX_PATH=/opt/ros/humble /usr/bin/cmake /home/phuongnam/robot_main/src/robot_description -DCMAKE_INSTALL_PREFIX=/home/phuongnam/robot_main/install/robot_description
[1.049s] DEBUG:colcon.colcon_core.event_handler.log_command:Invoking command in '/home/phuongnam/robot_main/build/sllidar_ros2': CMAKE_PREFIX_PATH=/opt/ros/humble /usr/bin/cmake /home/phuongnam/robot_main/src/sllidar_ros2 -DCMAKE_INSTALL_PREFIX=/home/phuongnam/robot_main/install/sllidar_ros2
[1.478s] INFO:colcon.colcon_core.task.python.build:Building Python package in '/home/phuongnam/robot_main/src/camera_node'
[1.478s] INFO:colcon.colcon_core.shell:Skip shell extension 'powershell' for command environment: Not usable outside of PowerShell
[1.478s] DEBUG:colcon.colcon_core.shell:Skip shell extension 'dsv' for command environment
[1.863s] INFO:colcon.colcon_core.task.python.build:Building Python package in '/home/phuongnam/robot_main/src/robot_ai'
[1.864s] INFO:colcon.colcon_core.shell:Skip shell extension 'powershell' for command environment: Not usable outside of PowerShell
[1.864s] DEBUG:colcon.colcon_core.shell:Skip shell extension 'dsv' for command environment
[2.248s] INFO:colcon.colcon_core.task.python.build:Building Python package in '/home/phuongnam/robot_main/src/robot_serial'
[2.248s] INFO:colcon.colcon_core.shell:Skip shell extension 'powershell' for command environment: Not usable outside of PowerShell
[2.248s] DEBUG:colcon.colcon_core.shell:Skip shell extension 'dsv' for command environment
[2.606s] INFO:colcon.colcon_core.task.python.build:Building Python package in '/home/phuongnam/robot_main/src/web_bridge'
[2.607s] INFO:colcon.colcon_core.shell:Skip shell extension 'powershell' for command environment: Not usable outside of PowerShell
[2.607s] DEBUG:colcon.colcon_core.shell:Skip shell extension 'dsv' for command environment
[2.634s] DEBUG:colcon.colcon_core.event_handler.log_command:Invoked command in '/home/phuongnam/robot_main/build/robot_description' returned '0': CMAKE_PREFIX_PATH=/opt/ros/humble /usr/bin/cmake /home/phuongnam/robot_main/src/robot_description -DCMAKE_INSTALL_PREFIX=/home/phuongnam/robot_main/install/robot_description
[2.635s] DEBUG:colcon.colcon_core.event_handler.log_command:Invoking command in '/home/phuongnam/robot_main/build/robot_description': CMAKE_PREFIX_PATH=/opt/ros/humble /usr/bin/cmake --build /home/phuongnam/robot_main/build/robot_description -- -j8 -l8
[2.636s] DEBUG:colcon.colcon_core.event_handler.log_command:Invoked command in '/home/phuongnam/robot_main/build/sllidar_ros2' returned '0': CMAKE_PREFIX_PATH=/opt/ros/humble /usr/bin/cmake /home/phuongnam/robot_main/src/sllidar_ros2 -DCMAKE_INSTALL_PREFIX=/home/phuongnam/robot_main/install/sllidar_ros2
[2.637s] DEBUG:colcon.colcon_core.event_handler.log_command:Invoking command in '/home/phuongnam/robot_main/build/sllidar_ros2': CMAKE_PREFIX_PATH=/opt/ros/humble /usr/bin/cmake --build /home/phuongnam/robot_main/build/sllidar_ros2 -- -j8 -l8
[2.713s] DEBUG:colcon.colcon_core.event_handler.log_command:Invoked command in '/home/phuongnam/robot_main/build/robot_description' returned '0': CMAKE_PREFIX_PATH=/opt/ros/humble /usr/bin/cmake --build /home/phuongnam/robot_main/build/robot_description -- -j8 -l8
[2.740s] DEBUG:colcon.colcon_core.event_handler.log_command:Invoking command in '/home/phuongnam/robot_main/build/robot_description': CMAKE_PREFIX_PATH=/opt/ros/humble /usr/bin/cmake --install /home/phuongnam/robot_main/build/robot_description
[2.799s] Level 1:colcon.colcon_core.environment:create_environment_scripts_only(robot_description)
[2.800s] DEBUG:colcon.colcon_core.event_handler.log_command:Invoked command in '/home/phuongnam/robot_main/build/robot_description' returned '0': CMAKE_PREFIX_PATH=/opt/ros/humble /usr/bin/cmake --install /home/phuongnam/robot_main/build/robot_description
[2.806s] Level 1:colcon.colcon_core.environment:checking '/home/phuongnam/robot_main/install/robot_description' for CMake module files
[2.807s] Level 1:colcon.colcon_core.environment:checking '/home/phuongnam/robot_main/install/robot_description' for CMake config files
[2.808s] Level 1:colcon.colcon_core.shell:create_environment_hook('robot_description', 'cmake_prefix_path')
[2.808s] INFO:colcon.colcon_core.shell:Creating environment hook '/home/phuongnam/robot_main/install/robot_description/share/robot_description/hook/cmake_prefix_path.ps1'
[2.809s] INFO:colcon.colcon_core.shell:Creating environment descriptor '/home/phuongnam/robot_main/install/robot_description/share/robot_description/hook/cmake_prefix_path.dsv'
[2.810s] INFO:colcon.colcon_core.shell:Creating environment hook '/home/phuongnam/robot_main/install/robot_description/share/robot_description/hook/cmake_prefix_path.sh'
[2.811s] Level 1:colcon.colcon_core.environment:checking '/home/phuongnam/robot_main/install/robot_description/bin'
[2.811s] Level 1:colcon.colcon_core.environment:checking '/home/phuongnam/robot_main/install/robot_description/lib/pkgconfig/robot_description.pc'
[2.812s] Level 1:colcon.colcon_core.environment:checking '/home/phuongnam/robot_main/install/robot_description/lib/python3.10/site-packages'
[2.812s] Level 1:colcon.colcon_core.environment:checking '/home/phuongnam/robot_main/install/robot_description/bin'
[2.813s] INFO:colcon.colcon_core.shell:Creating package script '/home/phuongnam/robot_main/install/robot_description/share/robot_description/package.ps1'
[2.814s] INFO:colcon.colcon_core.shell:Creating package descriptor '/home/phuongnam/robot_main/install/robot_description/share/robot_description/package.dsv'
[2.815s] INFO:colcon.colcon_core.shell:Creating package script '/home/phuongnam/robot_main/install/robot_description/share/robot_description/package.sh'
[2.817s] INFO:colcon.colcon_core.shell:Creating package script '/home/phuongnam/robot_main/install/robot_description/share/robot_description/package.bash'
[2.818s] INFO:colcon.colcon_core.shell:Creating package script '/home/phuongnam/robot_main/install/robot_description/share/robot_description/package.zsh'
[2.820s] Level 1:colcon.colcon_core.environment:create_file_with_runtime_dependencies(/home/phuongnam/robot_main/install/robot_description/share/colcon-core/packages/robot_description)
[2.821s] Level 1:colcon.colcon_core.environment:create_environment_scripts_only(robot_description)
[2.821s] Level 1:colcon.colcon_core.environment:checking '/home/phuongnam/robot_main/install/robot_description' for CMake module files
[2.823s] Level 1:colcon.colcon_core.environment:checking '/home/phuongnam/robot_main/install/robot_description' for CMake config files
[2.824s] Level 1:colcon.colcon_core.shell:create_environment_hook('robot_description', 'cmake_prefix_path')
[2.825s] INFO:colcon.colcon_core.shell:Creating environment hook '/home/phuongnam/robot_main/install/robot_description/share/robot_description/hook/cmake_prefix_path.ps1'
[2.826s] INFO:colcon.colcon_core.shell:Creating environment descriptor '/home/phuongnam/robot_main/install/robot_description/share/robot_description/hook/cmake_prefix_path.dsv'
[2.827s] INFO:colcon.colcon_core.shell:Creating environment hook '/home/phuongnam/robot_main/install/robot_description/share/robot_description/hook/cmake_prefix_path.sh'
[2.828s] Level 1:colcon.colcon_core.environment:checking '/home/phuongnam/robot_main/install/robot_description/bin'
[2.828s] Level 1:colcon.colcon_core.environment:checking '/home/phuongnam/robot_main/install/robot_description/lib/pkgconfig/robot_description.pc'
[2.829s] Level 1:colcon.colcon_core.environment:checking '/home/phuongnam/robot_main/install/robot_description/lib/python3.10/site-packages'
[2.830s] Level 1:colcon.colcon_core.environment:checking '/home/phuongnam/robot_main/install/robot_description/bin'
[2.831s] INFO:colcon.colcon_core.shell:Creating package script '/home/phuongnam/robot_main/install/robot_description/share/robot_description/package.ps1'
[2.832s] INFO:colcon.colcon_core.shell:Creating package descriptor '/home/phuongnam/robot_main/install/robot_description/share/robot_description/package.dsv'
[2.833s] INFO:colcon.colcon_core.shell:Creating package script '/home/phuongnam/robot_main/install/robot_description/share/robot_description/package.sh'
[2.834s] INFO:colcon.colcon_core.shell:Creating package script '/home/phuongnam/robot_main/install/robot_description/share/robot_description/package.bash'
[2.835s] INFO:colcon.colcon_core.shell:Creating package script '/home/phuongnam/robot_main/install/robot_description/share/robot_description/package.zsh'
[2.837s] Level 1:colcon.colcon_core.environment:create_file_with_runtime_dependencies(/home/phuongnam/robot_main/install/robot_description/share/colcon-core/packages/robot_description)
[2.842s] DEBUG:colcon.colcon_core.event_handler.log_command:Invoked command in '/home/phuongnam/robot_main/build/sllidar_ros2' returned '0': CMAKE_PREFIX_PATH=/opt/ros/humble /usr/bin/cmake --build /home/phuongnam/robot_main/build/sllidar_ros2 -- -j8 -l8
[2.845s] DEBUG:colcon.colcon_core.event_handler.log_command:Invoking command in '/home/phuongnam/robot_main/build/sllidar_ros2': CMAKE_PREFIX_PATH=/opt/ros/humble /usr/bin/cmake --install /home/phuongnam/robot_main/build/sllidar_ros2
[2.893s] Level 1:colcon.colcon_core.environment:create_environment_scripts_only(sllidar_ros2)
[2.894s] Level 1:colcon.colcon_core.environment:checking '/home/phuongnam/robot_main/install/sllidar_ros2' for CMake module files
[2.896s] DEBUG:colcon.colcon_core.event_handler.log_command:Invoked command in '/home/phuongnam/robot_main/build/sllidar_ros2' returned '0': CMAKE_PREFIX_PATH=/opt/ros/humble /usr/bin/cmake --install /home/phuongnam/robot_main/build/sllidar_ros2
[2.896s] Level 1:colcon.colcon_core.environment:checking '/home/phuongnam/robot_main/install/sllidar_ros2' for CMake config files
[2.897s] Level 1:colcon.colcon_core.shell:create_environment_hook('sllidar_ros2', 'cmake_prefix_path')
[2.897s] INFO:colcon.colcon_core.shell:Creating environment hook '/home/phuongnam/robot_main/install/sllidar_ros2/share/sllidar_ros2/hook/cmake_prefix_path.ps1'
[2.898s] INFO:colcon.colcon_core.shell:Creating environment descriptor '/home/phuongnam/robot_main/install/sllidar_ros2/share/sllidar_ros2/hook/cmake_prefix_path.dsv'
[2.899s] INFO:colcon.colcon_core.shell:Creating environment hook '/home/phuongnam/robot_main/install/sllidar_ros2/share/sllidar_ros2/hook/cmake_prefix_path.sh'
[2.900s] Level 1:colcon.colcon_core.environment:checking '/home/phuongnam/robot_main/install/sllidar_ros2/lib'
[2.900s] Level 1:colcon.colcon_core.environment:checking '/home/phuongnam/robot_main/install/sllidar_ros2/bin'
[2.900s] Level 1:colcon.colcon_core.environment:checking '/home/phuongnam/robot_main/install/sllidar_ros2/lib/pkgconfig/sllidar_ros2.pc'
[2.901s] Level 1:colcon.colcon_core.environment:checking '/home/phuongnam/robot_main/install/sllidar_ros2/lib/python3.10/site-packages'
[2.902s] Level 1:colcon.colcon_core.environment:checking '/home/phuongnam/robot_main/install/sllidar_ros2/bin'
[2.902s] INFO:colcon.colcon_core.shell:Creating package script '/home/phuongnam/robot_main/install/sllidar_ros2/share/sllidar_ros2/package.ps1'
[2.903s] INFO:colcon.colcon_core.shell:Creating package descriptor '/home/phuongnam/robot_main/install/sllidar_ros2/share/sllidar_ros2/package.dsv'
[2.904s] INFO:colcon.colcon_core.shell:Creating package script '/home/phuongnam/robot_main/install/sllidar_ros2/share/sllidar_ros2/package.sh'
[2.904s] INFO:colcon.colcon_core.shell:Creating package script '/home/phuongnam/robot_main/install/sllidar_ros2/share/sllidar_ros2/package.bash'
[2.905s] INFO:colcon.colcon_core.shell:Creating package script '/home/phuongnam/robot_main/install/sllidar_ros2/share/sllidar_ros2/package.zsh'
[2.906s] Level 1:colcon.colcon_core.environment:create_file_with_runtime_dependencies(/home/phuongnam/robot_main/install/sllidar_ros2/share/colcon-core/packages/sllidar_ros2)
[2.906s] Level 1:colcon.colcon_core.environment:create_environment_scripts_only(sllidar_ros2)
[2.907s] Level 1:colcon.colcon_core.environment:checking '/home/phuongnam/robot_main/install/sllidar_ros2' for CMake module files
[2.908s] Level 1:colcon.colcon_core.environment:checking '/home/phuongnam/robot_main/install/sllidar_ros2' for CMake config files
[2.908s] Level 1:colcon.colcon_core.shell:create_environment_hook('sllidar_ros2', 'cmake_prefix_path')
[2.908s] INFO:colcon.colcon_core.shell:Creating environment hook '/home/phuongnam/robot_main/install/sllidar_ros2/share/sllidar_ros2/hook/cmake_prefix_path.ps1'
[2.909s] INFO:colcon.colcon_core.shell:Creating environment descriptor '/home/phuongnam/robot_main/install/sllidar_ros2/share/sllidar_ros2/hook/cmake_prefix_path.dsv'
[2.910s] INFO:colcon.colcon_core.shell:Creating environment hook '/home/phuongnam/robot_main/install/sllidar_ros2/share/sllidar_ros2/hook/cmake_prefix_path.sh'
[2.910s] Level 1:colcon.colcon_core.environment:checking '/home/phuongnam/robot_main/install/sllidar_ros2/lib'
[2.911s] Level 1:colcon.colcon_core.environment:checking '/home/phuongnam/robot_main/install/sllidar_ros2/bin'
[2.911s] Level 1:colcon.colcon_core.environment:checking '/home/phuongnam/robot_main/install/sllidar_ros2/lib/pkgconfig/sllidar_ros2.pc'
[2.911s] Level 1:colcon.colcon_core.environment:checking '/home/phuongnam/robot_main/install/sllidar_ros2/lib/python3.10/site-packages'
[2.911s] Level 1:colcon.colcon_core.environment:checking '/home/phuongnam/robot_main/install/sllidar_ros2/bin'
[2.912s] INFO:colcon.colcon_core.shell:Creating package script '/home/phuongnam/robot_main/install/sllidar_ros2/share/sllidar_ros2/package.ps1'
[2.913s] INFO:colcon.colcon_core.shell:Creating package descriptor '/home/phuongnam/robot_main/install/sllidar_ros2/share/sllidar_ros2/package.dsv'
[2.914s] INFO:colcon.colcon_core.shell:Creating package script '/home/phuongnam/robot_main/install/sllidar_ros2/share/sllidar_ros2/package.sh'
[2.915s] INFO:colcon.colcon_core.shell:Creating package script '/home/phuongnam/robot_main/install/sllidar_ros2/share/sllidar_ros2/package.bash'
[2.915s] INFO:colcon.colcon_core.shell:Creating package script '/home/phuongnam/robot_main/install/sllidar_ros2/share/sllidar_ros2/package.zsh'
[2.916s] Level 1:colcon.colcon_core.environment:create_file_with_runtime_dependencies(/home/phuongnam/robot_main/install/sllidar_ros2/share/colcon-core/packages/sllidar_ros2)
[2.916s] INFO:colcon.colcon_ros.task.ament_cmake.build:Building ROS package in '/home/phuongnam/robot_main/src/robot_bringup' with build type 'ament_cmake'
[2.916s] INFO:colcon.colcon_cmake.task.cmake.build:Building CMake package in '/home/phuongnam/robot_main/src/robot_bringup'
[2.917s] INFO:colcon.colcon_core.shell:Skip shell extension 'powershell' for command environment: Not usable outside of PowerShell
[2.917s] DEBUG:colcon.colcon_core.shell:Skip shell extension 'dsv' for command environment
[2.932s] DEBUG:colcon.colcon_core.event_handler.log_command:Invoking command in '/home/phuongnam/robot_main/build/robot_bringup': AMENT_PREFIX_PATH=/home/phuongnam/robot_main/install/sllidar_ros2:/home/phuongnam/robot_main/install/robot_description:${AMENT_PREFIX_PATH} CMAKE_PREFIX_PATH=/home/phuongnam/robot_main/install/sllidar_ros2:/home/phuongnam/robot_main/install/robot_description:/opt/ros/humble /usr/bin/cmake /home/phuongnam/robot_main/src/robot_bringup -DCMAKE_INSTALL_PREFIX=/home/phuongnam/robot_main/install/robot_bringup
[3.333s] DEBUG:colcon.colcon_core.event_handler.log_command:Invoked command in '/home/phuongnam/robot_main/build/robot_bringup' returned '0': AMENT_PREFIX_PATH=/home/phuongnam/robot_main/install/sllidar_ros2:/home/phuongnam/robot_main/install/robot_description:${AMENT_PREFIX_PATH} CMAKE_PREFIX_PATH=/home/phuongnam/robot_main/install/sllidar_ros2:/home/phuongnam/robot_main/install/robot_description:/opt/ros/humble /usr/bin/cmake /home/phuongnam/robot_main/src/robot_bringup -DCMAKE_INSTALL_PREFIX=/home/phuongnam/robot_main/install/robot_bringup
[3.336s] DEBUG:colcon.colcon_core.event_handler.log_command:Invoking command in '/home/phuongnam/robot_main/build/robot_bringup': AMENT_PREFIX_PATH=/home/phuongnam/robot_main/install/sllidar_ros2:/home/phuongnam/robot_main/install/robot_description:${AMENT_PREFIX_PATH} CMAKE_PREFIX_PATH=/home/phuongnam/robot_main/install/sllidar_ros2:/home/phuongnam/robot_main/install/robot_description:/opt/ros/humble /usr/bin/cmake --build /home/phuongnam/robot_main/build/robot_bringup -- -j8 -l8
[3.390s] DEBUG:colcon.colcon_core.event_handler.log_command:Invoked command in '/home/phuongnam/robot_main/build/robot_bringup' returned '0': AMENT_PREFIX_PATH=/home/phuongnam/robot_main/install/sllidar_ros2:/home/phuongnam/robot_main/install/robot_description:${AMENT_PREFIX_PATH} CMAKE_PREFIX_PATH=/home/phuongnam/robot_main/install/sllidar_ros2:/home/phuongnam/robot_main/install/robot_description:/opt/ros/humble /usr/bin/cmake --build /home/phuongnam/robot_main/build/robot_bringup -- -j8 -l8
[3.395s] DEBUG:colcon.colcon_core.event_handler.log_command:Invoking command in '/home/phuongnam/robot_main/build/robot_bringup': AMENT_PREFIX_PATH=/home/phuongnam/robot_main/install/sllidar_ros2:/home/phuongnam/robot_main/install/robot_description:${AMENT_PREFIX_PATH} CMAKE_PREFIX_PATH=/home/phuongnam/robot_main/install/sllidar_ros2:/home/phuongnam/robot_main/install/robot_description:/opt/ros/humble /usr/bin/cmake --install /home/phuongnam/robot_main/build/robot_bringup
[3.449s] Level 1:colcon.colcon_core.environment:create_environment_scripts_only(robot_bringup)
[3.449s] Level 1:colcon.colcon_core.environment:checking '/home/phuongnam/robot_main/install/robot_bringup' for CMake module files
[3.451s] DEBUG:colcon.colcon_core.event_handler.log_command:Invoked command in '/home/phuongnam/robot_main/build/robot_bringup' returned '0': AMENT_PREFIX_PATH=/home/phuongnam/robot_main/install/sllidar_ros2:/home/phuongnam/robot_main/install/robot_description:${AMENT_PREFIX_PATH} CMAKE_PREFIX_PATH=/home/phuongnam/robot_main/install/sllidar_ros2:/home/phuongnam/robot_main/install/robot_description:/opt/ros/humble /usr/bin/cmake --install /home/phuongnam/robot_main/build/robot_bringup
[3.452s] Level 1:colcon.colcon_core.environment:checking '/home/phuongnam/robot_main/install/robot_bringup' for CMake config files
[3.453s] Level 1:colcon.colcon_core.shell:create_environment_hook('robot_bringup', 'cmake_prefix_path')
[3.454s] INFO:colcon.colcon_core.shell:Creating environment hook '/home/phuongnam/robot_main/install/robot_bringup/share/robot_bringup/hook/cmake_prefix_path.ps1'
[3.455s] INFO:colcon.colcon_core.shell:Creating environment descriptor '/home/phuongnam/robot_main/install/robot_bringup/share/robot_bringup/hook/cmake_prefix_path.dsv'
[3.456s] INFO:colcon.colcon_core.shell:Creating environment hook '/home/phuongnam/robot_main/install/robot_bringup/share/robot_bringup/hook/cmake_prefix_path.sh'
[3.458s] Level 1:colcon.colcon_core.environment:checking '/home/phuongnam/robot_main/install/robot_bringup/lib'
[3.458s] Level 1:colcon.colcon_core.environment:checking '/home/phuongnam/robot_main/install/robot_bringup/bin'
[3.458s] Level 1:colcon.colcon_core.environment:checking '/home/phuongnam/robot_main/install/robot_bringup/lib/pkgconfig/robot_bringup.pc'
[3.459s] Level 1:colcon.colcon_core.environment:checking '/home/phuongnam/robot_main/install/robot_bringup/lib/python3.10/site-packages'
[3.460s] Level 1:colcon.colcon_core.environment:checking '/home/phuongnam/robot_main/install/robot_bringup/bin'
[3.461s] INFO:colcon.colcon_core.shell:Creating package script '/home/phuongnam/robot_main/install/robot_bringup/share/robot_bringup/package.ps1'
[3.463s] INFO:colcon.colcon_core.shell:Creating package descriptor '/home/phuongnam/robot_main/install/robot_bringup/share/robot_bringup/package.dsv'
[3.465s] INFO:colcon.colcon_core.shell:Creating package script '/home/phuongnam/robot_main/install/robot_bringup/share/robot_bringup/package.sh'
[3.467s] INFO:colcon.colcon_core.shell:Creating package script '/home/phuongnam/robot_main/install/robot_bringup/share/robot_bringup/package.bash'
[3.468s] INFO:colcon.colcon_core.shell:Creating package script '/home/phuongnam/robot_main/install/robot_bringup/share/robot_bringup/package.zsh'
[3.469s] Level 1:colcon.colcon_core.environment:create_file_with_runtime_dependencies(/home/phuongnam/robot_main/install/robot_bringup/share/colcon-core/packages/robot_bringup)
[3.471s] Level 1:colcon.colcon_core.environment:create_environment_scripts_only(robot_bringup)
[3.472s] Level 1:colcon.colcon_core.environment:checking '/home/phuongnam/robot_main/install/robot_bringup' for CMake module files
[3.473s] Level 1:colcon.colcon_core.environment:checking '/home/phuongnam/robot_main/install/robot_bringup' for CMake config files
[3.475s] Level 1:colcon.colcon_core.shell:create_environment_hook('robot_bringup', 'cmake_prefix_path')
[3.475s] INFO:colcon.colcon_core.shell:Creating environment hook '/home/phuongnam/robot_main/install/robot_bringup/share/robot_bringup/hook/cmake_prefix_path.ps1'
[3.477s] INFO:colcon.colcon_core.shell:Creating environment descriptor '/home/phuongnam/robot_main/install/robot_bringup/share/robot_bringup/hook/cmake_prefix_path.dsv'
[3.478s] INFO:colcon.colcon_core.shell:Creating environment hook '/home/phuongnam/robot_main/install/robot_bringup/share/robot_bringup/hook/cmake_prefix_path.sh'
[3.479s] Level 1:colcon.colcon_core.environment:checking '/home/phuongnam/robot_main/install/robot_bringup/lib'
[3.480s] Level 1:colcon.colcon_core.environment:checking '/home/phuongnam/robot_main/install/robot_bringup/bin'
[3.480s] Level 1:colcon.colcon_core.environment:checking '/home/phuongnam/robot_main/install/robot_bringup/lib/pkgconfig/robot_bringup.pc'
[3.480s] Level 1:colcon.colcon_core.environment:checking '/home/phuongnam/robot_main/install/robot_bringup/lib/python3.10/site-packages'
[3.482s] Level 1:colcon.colcon_core.environment:checking '/home/phuongnam/robot_main/install/robot_bringup/bin'
[3.483s] INFO:colcon.colcon_core.shell:Creating package script '/home/phuongnam/robot_main/install/robot_bringup/share/robot_bringup/package.ps1'
[3.485s] INFO:colcon.colcon_core.shell:Creating package descriptor '/home/phuongnam/robot_main/install/robot_bringup/share/robot_bringup/package.dsv'
[3.487s] INFO:colcon.colcon_core.shell:Creating package script '/home/phuongnam/robot_main/install/robot_bringup/share/robot_bringup/package.sh'
[3.488s] INFO:colcon.colcon_core.shell:Creating package script '/home/phuongnam/robot_main/install/robot_bringup/share/robot_bringup/package.bash'
[3.490s] INFO:colcon.colcon_core.shell:Creating package script '/home/phuongnam/robot_main/install/robot_bringup/share/robot_bringup/package.zsh'
[3.491s] Level 1:colcon.colcon_core.environment:create_file_with_runtime_dependencies(/home/phuongnam/robot_main/install/robot_bringup/share/colcon-core/packages/robot_bringup)
[3.511s] DEBUG:colcon.colcon_core.task.python.build:Available setuptools commands: setopt, upload, build, egg_info, bdist_rpm, build_py, test, check, alias, build_clib, build_scripts, bdist_egg, rotate, register, install_data, clean, install, build_ext, sdist, easy_install, saveopts, install_headers, bdist, upload_docs, install_egg_info, symlink_data, bdist_wheel, bdist_dumb, dist_info, install_lib, install_scripts, develop
[3.517s] DEBUG:colcon.colcon_core.event_handler.log_command:Invoking command in '/home/phuongnam/robot_main/build/camera_node': PYTHONPATH=/home/phuongnam/robot_main/build/camera_node/prefix_override:/usr/lib/python3/dist-packages/colcon_core/task/python/colcon_distutils_commands:/home/phuongnam/robot_main/install/camera_node/lib/python3.10/site-packages:${PYTHONPATH} /usr/bin/python3 -W ignore:setup.py install is deprecated -W ignore:easy_install command is deprecated setup.py develop --uninstall --editable --build-directory /home/phuongnam/robot_main/build/camera_node/build
[3.519s] DEBUG:colcon.colcon_core.task.python.build:Available setuptools commands: setopt, upload, build, egg_info, bdist_rpm, build_py, test, check, alias, build_clib, build_scripts, bdist_egg, rotate, register, install_data, clean, install, build_ext, sdist, easy_install, saveopts, install_headers, bdist, upload_docs, install_egg_info, symlink_data, bdist_wheel, bdist_dumb, dist_info, install_lib, install_scripts, develop
[3.522s] DEBUG:colcon.colcon_core.event_handler.log_command:Invoking command in '/home/phuongnam/robot_main/build/robot_serial': PYTHONPATH=/home/phuongnam/robot_main/build/robot_serial/prefix_override:/usr/lib/python3/dist-packages/colcon_core/task/python/colcon_distutils_commands:/home/phuongnam/robot_main/install/robot_serial/lib/python3.10/site-packages:${PYTHONPATH} /usr/bin/python3 -W ignore:setup.py install is deprecated -W ignore:easy_install command is deprecated setup.py develop --uninstall --editable --build-directory /home/phuongnam/robot_main/build/robot_serial/build
[3.523s] DEBUG:colcon.colcon_core.task.python.build:Available setuptools commands: setopt, upload, build, egg_info, bdist_rpm, build_py, test, check, alias, build_clib, build_scripts, bdist_egg, rotate, register, install_data, clean, install, build_ext, sdist, easy_install, saveopts, install_headers, bdist, upload_docs, install_egg_info, symlink_data, bdist_wheel, bdist_dumb, dist_info, install_lib, install_scripts, develop
[3.525s] DEBUG:colcon.colcon_core.task.python.build:Available setuptools commands: setopt, upload, build, egg_info, bdist_rpm, build_py, test, check, alias, build_clib, build_scripts, bdist_egg, rotate, register, install_data, clean, install, build_ext, sdist, easy_install, saveopts, install_headers, bdist, upload_docs, install_egg_info, symlink_data, bdist_wheel, bdist_dumb, dist_info, install_lib, install_scripts, develop
[3.529s] DEBUG:colcon.colcon_core.event_handler.log_command:Invoking command in '/home/phuongnam/robot_main/build/robot_ai': PYTHONPATH=/home/phuongnam/robot_main/build/robot_ai/prefix_override:/usr/lib/python3/dist-packages/colcon_core/task/python/colcon_distutils_commands:/home/phuongnam/robot_main/install/robot_ai/lib/python3.10/site-packages:${PYTHONPATH} /usr/bin/python3 -W ignore:setup.py install is deprecated -W ignore:easy_install command is deprecated setup.py develop --uninstall --editable --build-directory /home/phuongnam/robot_main/build/robot_ai/build
[3.531s] DEBUG:colcon.colcon_core.event_handler.log_command:Invoking command in '/home/phuongnam/robot_main/build/web_bridge': PYTHONPATH=/home/phuongnam/robot_main/build/web_bridge/prefix_override:/usr/lib/python3/dist-packages/colcon_core/task/python/colcon_distutils_commands:/home/phuongnam/robot_main/install/web_bridge/lib/python3.10/site-packages:${PYTHONPATH} /usr/bin/python3 -W ignore:setup.py install is deprecated -W ignore:easy_install command is deprecated setup.py develop --uninstall --editable --build-directory /home/phuongnam/robot_main/build/web_bridge/build
[4.199s] DEBUG:colcon.colcon_core.event_handler.log_command:Invoked command in '/home/phuongnam/robot_main/build/robot_serial' returned '0': PYTHONPATH=/home/phuongnam/robot_main/build/robot_serial/prefix_override:/usr/lib/python3/dist-packages/colcon_core/task/python/colcon_distutils_commands:/home/phuongnam/robot_main/install/robot_serial/lib/python3.10/site-packages:${PYTHONPATH} /usr/bin/python3 -W ignore:setup.py install is deprecated -W ignore:easy_install command is deprecated setup.py develop --uninstall --editable --build-directory /home/phuongnam/robot_main/build/robot_serial/build
[4.203s] DEBUG:colcon.colcon_core.event_handler.log_command:Invoking command in '/home/phuongnam/robot_main/src/robot_serial': PYTHONPATH=/home/phuongnam/robot_main/build/robot_serial/prefix_override:/usr/lib/python3/dist-packages/colcon_core/task/python/colcon_distutils_commands:/home/phuongnam/robot_main/install/robot_serial/lib/python3.10/site-packages:${PYTHONPATH} /usr/bin/python3 -W ignore:setup.py install is deprecated -W ignore:easy_install command is deprecated setup.py egg_info --egg-base ../../build/robot_serial build --build-base /home/phuongnam/robot_main/build/robot_serial/build install --record /home/phuongnam/robot_main/build/robot_serial/install.log --install-scripts $base/lib/robot_serial --single-version-externally-managed install_data --force
[4.207s] DEBUG:colcon.colcon_core.event_handler.log_command:Invoked command in '/home/phuongnam/robot_main/build/camera_node' returned '0': PYTHONPATH=/home/phuongnam/robot_main/build/camera_node/prefix_override:/usr/lib/python3/dist-packages/colcon_core/task/python/colcon_distutils_commands:/home/phuongnam/robot_main/install/camera_node/lib/python3.10/site-packages:${PYTHONPATH} /usr/bin/python3 -W ignore:setup.py install is deprecated -W ignore:easy_install command is deprecated setup.py develop --uninstall --editable --build-directory /home/phuongnam/robot_main/build/camera_node/build
[4.211s] DEBUG:colcon.colcon_core.event_handler.log_command:Invoking command in '/home/phuongnam/robot_main/src/camera_node': PYTHONPATH=/home/phuongnam/robot_main/build/camera_node/prefix_override:/usr/lib/python3/dist-packages/colcon_core/task/python/colcon_distutils_commands:/home/phuongnam/robot_main/install/camera_node/lib/python3.10/site-packages:${PYTHONPATH} /usr/bin/python3 -W ignore:setup.py install is deprecated -W ignore:easy_install command is deprecated setup.py egg_info --egg-base ../../build/camera_node build --build-base /home/phuongnam/robot_main/build/camera_node/build install --record /home/phuongnam/robot_main/build/camera_node/install.log --install-scripts $base/lib/camera_node --single-version-externally-managed install_data --force
[4.222s] DEBUG:colcon.colcon_core.event_handler.log_command:Invoked command in '/home/phuongnam/robot_main/build/robot_ai' returned '0': PYTHONPATH=/home/phuongnam/robot_main/build/robot_ai/prefix_override:/usr/lib/python3/dist-packages/colcon_core/task/python/colcon_distutils_commands:/home/phuongnam/robot_main/install/robot_ai/lib/python3.10/site-packages:${PYTHONPATH} /usr/bin/python3 -W ignore:setup.py install is deprecated -W ignore:easy_install command is deprecated setup.py develop --uninstall --editable --build-directory /home/phuongnam/robot_main/build/robot_ai/build
[4.226s] DEBUG:colcon.colcon_core.event_handler.log_command:Invoking command in '/home/phuongnam/robot_main/src/robot_ai': PYTHONPATH=/home/phuongnam/robot_main/build/robot_ai/prefix_override:/usr/lib/python3/dist-packages/colcon_core/task/python/colcon_distutils_commands:/home/phuongnam/robot_main/install/robot_ai/lib/python3.10/site-packages:${PYTHONPATH} /usr/bin/python3 -W ignore:setup.py install is deprecated -W ignore:easy_install command is deprecated setup.py egg_info --egg-base ../../build/robot_ai build --build-base /home/phuongnam/robot_main/build/robot_ai/build install --record /home/phuongnam/robot_main/build/robot_ai/install.log --install-scripts $base/lib/robot_ai --single-version-externally-managed install_data --force
[4.240s] DEBUG:colcon.colcon_core.event_handler.log_command:Invoked command in '/home/phuongnam/robot_main/build/web_bridge' returned '0': PYTHONPATH=/home/phuongnam/robot_main/build/web_bridge/prefix_override:/usr/lib/python3/dist-packages/colcon_core/task/python/colcon_distutils_commands:/home/phuongnam/robot_main/install/web_bridge/lib/python3.10/site-packages:${PYTHONPATH} /usr/bin/python3 -W ignore:setup.py install is deprecated -W ignore:easy_install command is deprecated setup.py develop --uninstall --editable --build-directory /home/phuongnam/robot_main/build/web_bridge/build
[4.243s] DEBUG:colcon.colcon_core.event_handler.log_command:Invoking command in '/home/phuongnam/robot_main/src/web_bridge': PYTHONPATH=/home/phuongnam/robot_main/build/web_bridge/prefix_override:/usr/lib/python3/dist-packages/colcon_core/task/python/colcon_distutils_commands:/home/phuongnam/robot_main/install/web_bridge/lib/python3.10/site-packages:${PYTHONPATH} /usr/bin/python3 -W ignore:setup.py install is deprecated -W ignore:easy_install command is deprecated setup.py egg_info --egg-base ../../build/web_bridge build --build-base /home/phuongnam/robot_main/build/web_bridge/build install --record /home/phuongnam/robot_main/build/web_bridge/install.log --install-scripts $base/lib/web_bridge --single-version-externally-managed install_data --force
[4.696s] Level 1:colcon.colcon_core.environment:checking '/home/phuongnam/robot_main/install/camera_node' for CMake module files
[4.697s] Level 1:colcon.colcon_core.environment:checking '/home/phuongnam/robot_main/install/camera_node' for CMake config files
[4.700s] DEBUG:colcon.colcon_core.event_handler.log_command:Invoked command in '/home/phuongnam/robot_main/src/camera_node' returned '0': PYTHONPATH=/home/phuongnam/robot_main/build/camera_node/prefix_override:/usr/lib/python3/dist-packages/colcon_core/task/python/colcon_distutils_commands:/home/phuongnam/robot_main/install/camera_node/lib/python3.10/site-packages:${PYTHONPATH} /usr/bin/python3 -W ignore:setup.py install is deprecated -W ignore:easy_install command is deprecated setup.py egg_info --egg-base ../../build/camera_node build --build-base /home/phuongnam/robot_main/build/camera_node/build install --record /home/phuongnam/robot_main/build/camera_node/install.log --install-scripts $base/lib/camera_node --single-version-externally-managed install_data --force
[4.703s] Level 1:colcon.colcon_core.environment:checking '/home/phuongnam/robot_main/install/camera_node/lib'
[4.703s] Level 1:colcon.colcon_core.environment:checking '/home/phuongnam/robot_main/install/camera_node/bin'
[4.703s] Level 1:colcon.colcon_core.environment:checking '/home/phuongnam/robot_main/install/camera_node/lib/pkgconfig/camera_node.pc'
[4.704s] Level 1:colcon.colcon_core.environment:checking '/home/phuongnam/robot_main/install/camera_node/lib/python3.10/site-packages'
[4.704s] Level 1:colcon.colcon_core.shell:create_environment_hook('camera_node', 'pythonpath')
[4.704s] INFO:colcon.colcon_core.shell:Creating environment hook '/home/phuongnam/robot_main/install/camera_node/share/camera_node/hook/pythonpath.ps1'
[4.706s] INFO:colcon.colcon_core.shell:Creating environment descriptor '/home/phuongnam/robot_main/install/camera_node/share/camera_node/hook/pythonpath.dsv'
[4.707s] INFO:colcon.colcon_core.shell:Creating environment hook '/home/phuongnam/robot_main/install/camera_node/share/camera_node/hook/pythonpath.sh'
[4.709s] Level 1:colcon.colcon_core.environment:checking '/home/phuongnam/robot_main/install/camera_node/bin'
[4.709s] Level 1:colcon.colcon_core.environment:create_environment_scripts_only(camera_node)
[4.710s] INFO:colcon.colcon_core.shell:Creating package script '/home/phuongnam/robot_main/install/camera_node/share/camera_node/package.ps1'
[4.711s] INFO:colcon.colcon_core.shell:Creating package descriptor '/home/phuongnam/robot_main/install/camera_node/share/camera_node/package.dsv'
[4.713s] INFO:colcon.colcon_core.shell:Creating package script '/home/phuongnam/robot_main/install/camera_node/share/camera_node/package.sh'
[4.714s] INFO:colcon.colcon_core.shell:Creating package script '/home/phuongnam/robot_main/install/camera_node/share/camera_node/package.bash'
[4.715s] INFO:colcon.colcon_core.shell:Creating package script '/home/phuongnam/robot_main/install/camera_node/share/camera_node/package.zsh'
[4.716s] Level 1:colcon.colcon_core.environment:create_file_with_runtime_dependencies(/home/phuongnam/robot_main/install/camera_node/share/colcon-core/packages/camera_node)
[4.718s] Level 1:colcon.colcon_core.environment:checking '/home/phuongnam/robot_main/install/robot_serial' for CMake module files
[4.720s] DEBUG:colcon.colcon_core.event_handler.log_command:Invoked command in '/home/phuongnam/robot_main/src/robot_serial' returned '0': PYTHONPATH=/home/phuongnam/robot_main/build/robot_serial/prefix_override:/usr/lib/python3/dist-packages/colcon_core/task/python/colcon_distutils_commands:/home/phuongnam/robot_main/install/robot_serial/lib/python3.10/site-packages:${PYTHONPATH} /usr/bin/python3 -W ignore:setup.py install is deprecated -W ignore:easy_install command is deprecated setup.py egg_info --egg-base ../../build/robot_serial build --build-base /home/phuongnam/robot_main/build/robot_serial/build install --record /home/phuongnam/robot_main/build/robot_serial/install.log --install-scripts $base/lib/robot_serial --single-version-externally-managed install_data --force
[4.720s] Level 1:colcon.colcon_core.environment:checking '/home/phuongnam/robot_main/install/robot_serial' for CMake config files
[4.722s] Level 1:colcon.colcon_core.environment:checking '/home/phuongnam/robot_main/install/robot_serial/lib'
[4.722s] Level 1:colcon.colcon_core.environment:checking '/home/phuongnam/robot_main/install/robot_serial/bin'
[4.722s] Level 1:colcon.colcon_core.environment:checking '/home/phuongnam/robot_main/install/robot_serial/lib/pkgconfig/robot_serial.pc'
[4.722s] Level 1:colcon.colcon_core.environment:checking '/home/phuongnam/robot_main/install/robot_serial/lib/python3.10/site-packages'
[4.723s] Level 1:colcon.colcon_core.shell:create_environment_hook('robot_serial', 'pythonpath')
[4.723s] INFO:colcon.colcon_core.shell:Creating environment hook '/home/phuongnam/robot_main/install/robot_serial/share/robot_serial/hook/pythonpath.ps1'
[4.724s] INFO:colcon.colcon_core.shell:Creating environment descriptor '/home/phuongnam/robot_main/install/robot_serial/share/robot_serial/hook/pythonpath.dsv'
[4.724s] INFO:colcon.colcon_core.shell:Creating environment hook '/home/phuongnam/robot_main/install/robot_serial/share/robot_serial/hook/pythonpath.sh'
[4.726s] Level 1:colcon.colcon_core.environment:checking '/home/phuongnam/robot_main/install/robot_serial/bin'
[4.726s] Level 1:colcon.colcon_core.environment:create_environment_scripts_only(robot_serial)
[4.727s] INFO:colcon.colcon_core.shell:Creating package script '/home/phuongnam/robot_main/install/robot_serial/share/robot_serial/package.ps1'
[4.728s] INFO:colcon.colcon_core.shell:Creating package descriptor '/home/phuongnam/robot_main/install/robot_serial/share/robot_serial/package.dsv'
[4.729s] INFO:colcon.colcon_core.shell:Creating package script '/home/phuongnam/robot_main/install/robot_serial/share/robot_serial/package.sh'
[4.729s] INFO:colcon.colcon_core.shell:Creating package script '/home/phuongnam/robot_main/install/robot_serial/share/robot_serial/package.bash'
[4.730s] INFO:colcon.colcon_core.shell:Creating package script '/home/phuongnam/robot_main/install/robot_serial/share/robot_serial/package.zsh'
[4.731s] Level 1:colcon.colcon_core.environment:create_file_with_runtime_dependencies(/home/phuongnam/robot_main/install/robot_serial/share/colcon-core/packages/robot_serial)
[4.733s] Level 1:colcon.colcon_core.environment:checking '/home/phuongnam/robot_main/install/web_bridge' for CMake module files
[4.734s] DEBUG:colcon.colcon_core.event_handler.log_command:Invoked command in '/home/phuongnam/robot_main/src/web_bridge' returned '0': PYTHONPATH=/home/phuongnam/robot_main/build/web_bridge/prefix_override:/usr/lib/python3/dist-packages/colcon_core/task/python/colcon_distutils_commands:/home/phuongnam/robot_main/install/web_bridge/lib/python3.10/site-packages:${PYTHONPATH} /usr/bin/python3 -W ignore:setup.py install is deprecated -W ignore:easy_install command is deprecated setup.py egg_info --egg-base ../../build/web_bridge build --build-base /home/phuongnam/robot_main/build/web_bridge/build install --record /home/phuongnam/robot_main/build/web_bridge/install.log --install-scripts $base/lib/web_bridge --single-version-externally-managed install_data --force
[4.735s] Level 1:colcon.colcon_core.environment:checking '/home/phuongnam/robot_main/install/web_bridge' for CMake config files
[4.736s] Level 1:colcon.colcon_core.environment:checking '/home/phuongnam/robot_main/install/web_bridge/lib'
[4.736s] Level 1:colcon.colcon_core.environment:checking '/home/phuongnam/robot_main/install/web_bridge/bin'
[4.736s] Level 1:colcon.colcon_core.environment:checking '/home/phuongnam/robot_main/install/web_bridge/lib/pkgconfig/web_bridge.pc'
[4.737s] Level 1:colcon.colcon_core.environment:checking '/home/phuongnam/robot_main/install/web_bridge/lib/python3.10/site-packages'
[4.737s] Level 1:colcon.colcon_core.shell:create_environment_hook('web_bridge', 'pythonpath')
[4.737s] INFO:colcon.colcon_core.shell:Creating environment hook '/home/phuongnam/robot_main/install/web_bridge/share/web_bridge/hook/pythonpath.ps1'
[4.738s] INFO:colcon.colcon_core.shell:Creating environment descriptor '/home/phuongnam/robot_main/install/web_bridge/share/web_bridge/hook/pythonpath.dsv'
[4.738s] INFO:colcon.colcon_core.shell:Creating environment hook '/home/phuongnam/robot_main/install/web_bridge/share/web_bridge/hook/pythonpath.sh'
[4.740s] Level 1:colcon.colcon_core.environment:checking '/home/phuongnam/robot_main/install/web_bridge/bin'
[4.740s] Level 1:colcon.colcon_core.environment:create_environment_scripts_only(web_bridge)
[4.741s] INFO:colcon.colcon_core.shell:Creating package script '/home/phuongnam/robot_main/install/web_bridge/share/web_bridge/package.ps1'
[4.742s] INFO:colcon.colcon_core.shell:Creating package descriptor '/home/phuongnam/robot_main/install/web_bridge/share/web_bridge/package.dsv'
[4.742s] INFO:colcon.colcon_core.shell:Creating package script '/home/phuongnam/robot_main/install/web_bridge/share/web_bridge/package.sh'
[4.743s] INFO:colcon.colcon_core.shell:Creating package script '/home/phuongnam/robot_main/install/web_bridge/share/web_bridge/package.bash'
[4.744s] INFO:colcon.colcon_core.shell:Creating package script '/home/phuongnam/robot_main/install/web_bridge/share/web_bridge/package.zsh'
[4.744s] Level 1:colcon.colcon_core.environment:create_file_with_runtime_dependencies(/home/phuongnam/robot_main/install/web_bridge/share/colcon-core/packages/web_bridge)
[4.746s] Level 1:colcon.colcon_core.environment:checking '/home/phuongnam/robot_main/install/robot_ai' for CMake module files
[4.747s] DEBUG:colcon.colcon_core.event_handler.log_command:Invoked command in '/home/phuongnam/robot_main/src/robot_ai' returned '0': PYTHONPATH=/home/phuongnam/robot_main/build/robot_ai/prefix_override:/usr/lib/python3/dist-packages/colcon_core/task/python/colcon_distutils_commands:/home/phuongnam/robot_main/install/robot_ai/lib/python3.10/site-packages:${PYTHONPATH} /usr/bin/python3 -W ignore:setup.py install is deprecated -W ignore:easy_install command is deprecated setup.py egg_info --egg-base ../../build/robot_ai build --build-base /home/phuongnam/robot_main/build/robot_ai/build install --record /home/phuongnam/robot_main/build/robot_ai/install.log --install-scripts $base/lib/robot_ai --single-version-externally-managed install_data --force
[4.747s] Level 1:colcon.colcon_core.environment:checking '/home/phuongnam/robot_main/install/robot_ai' for CMake config files
[4.748s] Level 1:colcon.colcon_core.environment:checking '/home/phuongnam/robot_main/install/robot_ai/lib'
[4.748s] Level 1:colcon.colcon_core.environment:checking '/home/phuongnam/robot_main/install/robot_ai/bin'
[4.748s] Level 1:colcon.colcon_core.environment:checking '/home/phuongnam/robot_main/install/robot_ai/lib/pkgconfig/robot_ai.pc'
[4.749s] Level 1:colcon.colcon_core.environment:checking '/home/phuongnam/robot_main/install/robot_ai/lib/python3.10/site-packages'
[4.749s] Level 1:colcon.colcon_core.shell:create_environment_hook('robot_ai', 'pythonpath')
[4.749s] INFO:colcon.colcon_core.shell:Creating environment hook '/home/phuongnam/robot_main/install/robot_ai/share/robot_ai/hook/pythonpath.ps1'
[4.750s] INFO:colcon.colcon_core.shell:Creating environment descriptor '/home/phuongnam/robot_main/install/robot_ai/share/robot_ai/hook/pythonpath.dsv'
[4.751s] INFO:colcon.colcon_core.shell:Creating environment hook '/home/phuongnam/robot_main/install/robot_ai/share/robot_ai/hook/pythonpath.sh'
[4.752s] Level 1:colcon.colcon_core.environment:checking '/home/phuongnam/robot_main/install/robot_ai/bin'
[4.753s] Level 1:colcon.colcon_core.environment:create_environment_scripts_only(robot_ai)
[4.753s] INFO:colcon.colcon_core.shell:Creating package script '/home/phuongnam/robot_main/install/robot_ai/share/robot_ai/package.ps1'
[4.754s] INFO:colcon.colcon_core.shell:Creating package descriptor '/home/phuongnam/robot_main/install/robot_ai/share/robot_ai/package.dsv'
[4.755s] INFO:colcon.colcon_core.shell:Creating package script '/home/phuongnam/robot_main/install/robot_ai/share/robot_ai/package.sh'
[4.755s] INFO:colcon.colcon_core.shell:Creating package script '/home/phuongnam/robot_main/install/robot_ai/share/robot_ai/package.bash'
[4.756s] INFO:colcon.colcon_core.shell:Creating package script '/home/phuongnam/robot_main/install/robot_ai/share/robot_ai/package.zsh'
[4.757s] Level 1:colcon.colcon_core.environment:create_file_with_runtime_dependencies(/home/phuongnam/robot_main/install/robot_ai/share/colcon-core/packages/robot_ai)
[4.757s] DEBUG:colcon.colcon_parallel_executor.executor.parallel:closing loop
[4.757s] DEBUG:colcon.colcon_parallel_executor.executor.parallel:loop closed
[4.758s] DEBUG:colcon.colcon_parallel_executor.executor.parallel:run_until_complete finished with '0'
[4.758s] DEBUG:colcon.colcon_core.event_reactor:joining thread
[4.759s] DEBUG:colcon.colcon_core.event_reactor:joined thread
[4.759s] INFO:colcon.colcon_core.shell:Creating prefix script '/home/phuongnam/robot_main/install/local_setup.ps1'
[4.761s] INFO:colcon.colcon_core.shell:Creating prefix util module '/home/phuongnam/robot_main/install/_local_setup_util_ps1.py'
[4.763s] INFO:colcon.colcon_core.shell:Creating prefix chain script '/home/phuongnam/robot_main/install/setup.ps1'
[4.766s] INFO:colcon.colcon_core.shell:Creating prefix script '/home/phuongnam/robot_main/install/local_setup.sh'
[4.767s] INFO:colcon.colcon_core.shell:Creating prefix util module '/home/phuongnam/robot_main/install/_local_setup_util_sh.py'
[4.768s] INFO:colcon.colcon_core.shell:Creating prefix chain script '/home/phuongnam/robot_main/install/setup.sh'
[4.770s] INFO:colcon.colcon_core.shell:Creating prefix script '/home/phuongnam/robot_main/install/local_setup.bash'
[4.771s] INFO:colcon.colcon_core.shell:Creating prefix chain script '/home/phuongnam/robot_main/install/setup.bash'
[4.772s] INFO:colcon.colcon_core.shell:Creating prefix script '/home/phuongnam/robot_main/install/local_setup.zsh'
[4.773s] INFO:colcon.colcon_core.shell:Creating prefix chain script '/home/phuongnam/robot_main/install/setup.zsh'
