[3.823s] Invoking command in '/home/robot/robot_ws/src/web_bridge': PYTHONPATH=/home/robot/robot_ws/build/web_bridge/prefix_override:/usr/lib/python3/dist-packages/colcon_core/task/python/colcon_distutils_commands:/home/robot/robot_ws/install/web_bridge/lib/python3.10/site-packages:${PYTHONPATH} /usr/bin/python3 -W ignore:setup.py install is deprecated -W ignore:easy_install command is deprecated setup.py egg_info --egg-base ../../build/web_bridge build --build-base /home/robot/robot_ws/build/web_bridge/build install --record /home/robot/robot_ws/build/web_bridge/install.log --install-scripts $base/lib/web_bridge --single-version-externally-managed install_data
[4.947s] running egg_info
[4.950s] writing ../../build/web_bridge/web_bridge.egg-info/PKG-INFO
[4.952s] writing dependency_links to ../../build/web_bridge/web_bridge.egg-info/dependency_links.txt
[4.952s] writing entry points to ../../build/web_bridge/web_bridge.egg-info/entry_points.txt
[4.953s] writing requirements to ../../build/web_bridge/web_bridge.egg-info/requires.txt
[4.954s] writing top-level names to ../../build/web_bridge/web_bridge.egg-info/top_level.txt
[4.963s] reading manifest file '../../build/web_bridge/web_bridge.egg-info/SOURCES.txt'
[4.967s] writing manifest file '../../build/web_bridge/web_bridge.egg-info/SOURCES.txt'
[4.967s] running build
[4.968s] running build_py
[4.969s] copying web_bridge/web_bridge_node.py -> /home/robot/robot_ws/build/web_bridge/build/lib/web_bridge
[4.970s] running install
[4.972s] running install_lib
[4.975s] copying /home/robot/robot_ws/build/web_bridge/build/lib/web_bridge/web_bridge_node.py -> /home/robot/robot_ws/install/web_bridge/lib/python3.10/site-packages/web_bridge
[4.979s] byte-compiling /home/robot/robot_ws/install/web_bridge/lib/python3.10/site-packages/web_bridge/web_bridge_node.py to web_bridge_node.cpython-310.pyc
[4.988s] running install_data
[4.989s] running install_egg_info
[4.997s] removing '/home/robot/robot_ws/install/web_bridge/lib/python3.10/site-packages/web_bridge-0.0.1-py3.10.egg-info' (and everything under it)
[5.000s] Copying ../../build/web_bridge/web_bridge.egg-info to /home/robot/robot_ws/install/web_bridge/lib/python3.10/site-packages/web_bridge-0.0.1-py3.10.egg-info
[5.006s] running install_scripts
[5.108s] Installing web_bridge script to /home/robot/robot_ws/install/web_bridge/lib/web_bridge
[5.110s] writing list of installed files to '/home/robot/robot_ws/build/web_bridge/install.log'
[5.378s] Invoked command in '/home/robot/robot_ws/src/web_bridge' returned '0': PYTHONPATH=/home/robot/robot_ws/build/web_bridge/prefix_override:/usr/lib/python3/dist-packages/colcon_core/task/python/colcon_distutils_commands:/home/robot/robot_ws/install/web_bridge/lib/python3.10/site-packages:${PYTHONPATH} /usr/bin/python3 -W ignore:setup.py install is deprecated -W ignore:easy_install command is deprecated setup.py egg_info --egg-base ../../build/web_bridge build --build-base /home/robot/robot_ws/build/web_bridge/build install --record /home/robot/robot_ws/build/web_bridge/install.log --install-scripts $base/lib/web_bridge --single-version-externally-managed install_data
