[3.925s] Invoking command in '/home/robot/robot_ws/src/web_bridge': PYTHONPATH=/home/robot/robot_ws/build/web_bridge/prefix_override:/usr/lib/python3/dist-packages/colcon_core/task/python/colcon_distutils_commands:/home/robot/robot_ws/install/web_bridge/lib/python3.10/site-packages:${PYTHONPATH} /usr/bin/python3 -W ignore:setup.py install is deprecated -W ignore:easy_install command is deprecated setup.py egg_info --egg-base ../../build/web_bridge build --build-base /home/robot/robot_ws/build/web_bridge/build install --record /home/robot/robot_ws/build/web_bridge/install.log --install-scripts $base/lib/web_bridge --single-version-externally-managed install_data
[8.118s] running egg_info
[8.121s] writing ../../build/web_bridge/web_bridge.egg-info/PKG-INFO
[8.136s] writing dependency_links to ../../build/web_bridge/web_bridge.egg-info/dependency_links.txt
[8.137s] writing entry points to ../../build/web_bridge/web_bridge.egg-info/entry_points.txt
[8.138s] writing requirements to ../../build/web_bridge/web_bridge.egg-info/requires.txt
[8.138s] writing top-level names to ../../build/web_bridge/web_bridge.egg-info/top_level.txt
[8.138s] reading manifest file '../../build/web_bridge/web_bridge.egg-info/SOURCES.txt'
[8.141s] writing manifest file '../../build/web_bridge/web_bridge.egg-info/SOURCES.txt'
[8.142s] running build
[8.143s] running build_py
[8.144s] running install
[8.146s] running install_lib
[8.154s] running install_data
[8.155s] running install_egg_info
[8.167s] removing '/home/robot/robot_ws/install/web_bridge/lib/python3.10/site-packages/web_bridge-0.0.1-py3.10.egg-info' (and everything under it)
[8.169s] Copying ../../build/web_bridge/web_bridge.egg-info to /home/robot/robot_ws/install/web_bridge/lib/python3.10/site-packages/web_bridge-0.0.1-py3.10.egg-info
[8.178s] running install_scripts
[8.300s] Installing web_bridge script to /home/robot/robot_ws/install/web_bridge/lib/web_bridge
[8.302s] writing list of installed files to '/home/robot/robot_ws/build/web_bridge/install.log'
[8.458s] Invoked command in '/home/robot/robot_ws/src/web_bridge' returned '0': PYTHONPATH=/home/robot/robot_ws/build/web_bridge/prefix_override:/usr/lib/python3/dist-packages/colcon_core/task/python/colcon_distutils_commands:/home/robot/robot_ws/install/web_bridge/lib/python3.10/site-packages:${PYTHONPATH} /usr/bin/python3 -W ignore:setup.py install is deprecated -W ignore:easy_install command is deprecated setup.py egg_info --egg-base ../../build/web_bridge build --build-base /home/robot/robot_ws/build/web_bridge/build install --record /home/robot/robot_ws/build/web_bridge/install.log --install-scripts $base/lib/web_bridge --single-version-externally-managed install_data
