[0.676s] DEBUG:colcon:Command line arguments: ['/usr/bin/colcon', 'build', '--symlink-install']
[0.676s] DEBUG:colcon:Parsed command line arguments: Namespace(log_base=None, log_level=None, verb_name='build', build_base='build', install_base='install', merge_install=False, symlink_install=True, test_result_base=None, continue_on_error=False, executor='parallel', parallel_workers=4, event_handlers=None, ignore_user_meta=False, metas=['./colcon.meta'], base_paths=['.'], packages_ignore=None, packages_ignore_regex=None, paths=None, packages_up_to=None, packages_up_to_regex=None, packages_above=None, packages_above_and_dependencies=None, packages_above_depth=None, packages_select_by_dep=None, packages_skip_by_dep=None, packages_skip_up_to=None, packages_select_build_failed=False, packages_skip_build_finished=False, packages_select_test_failures=False, packages_skip_test_passed=False, packages_select=None, packages_skip=None, packages_select_regex=None, packages_skip_regex=None, packages_start=None, packages_end=None, allow_overriding=[], cmake_args=None, cmake_target=None, cmake_target_skip_unavailable=False, cmake_clean_cache=False, cmake_clean_first=False, cmake_force_configure=False, ament_cmake_args=None, catkin_cmake_args=None, catkin_skip_building_tests=False, verb_parser=<colcon_defaults.argument_parser.defaults.DefaultArgumentsDecorator object at 0xffff920e4d90>, verb_extension=<colcon_core.verb.build.BuildVerb object at 0xffff920e4940>, main=<bound method BuildVerb.main of <colcon_core.verb.build.BuildVerb object at 0xffff920e4940>>)
[1.749s] Level 1:colcon.colcon_core.package_discovery:discover_packages(colcon_meta) check parameters
[1.750s] Level 1:colcon.colcon_core.package_discovery:discover_packages(recursive) check parameters
[1.751s] Level 1:colcon.colcon_core.package_discovery:discover_packages(ignore) check parameters
[1.752s] Level 1:colcon.colcon_core.package_discovery:discover_packages(path) check parameters
[1.752s] Level 1:colcon.colcon_core.package_discovery:discover_packages(colcon_meta) discover
[1.753s] Level 1:colcon.colcon_core.package_discovery:discover_packages(recursive) discover
[1.753s] INFO:colcon.colcon_core.package_discovery:Crawling recursively for packages in '/home/robot/robot_ws'
[1.754s] Level 1:colcon.colcon_core.package_identification:_identify(.) by extensions ['ignore', 'ignore_ament_install']
[1.755s] Level 1:colcon.colcon_core.package_identification:_identify(.) by extension 'ignore'
[1.756s] Level 1:colcon.colcon_core.package_identification:_identify(.) by extension 'ignore_ament_install'
[1.756s] Level 1:colcon.colcon_core.package_identification:_identify(.) by extensions ['colcon_pkg']
[1.756s] Level 1:colcon.colcon_core.package_identification:_identify(.) by extension 'colcon_pkg'
[1.757s] Level 1:colcon.colcon_core.package_identification:_identify(.) by extensions ['colcon_meta']
[1.757s] Level 1:colcon.colcon_core.package_identification:_identify(.) by extension 'colcon_meta'
[1.758s] Level 1:colcon.colcon_core.package_identification:_identify(.) by extensions ['ros']
[1.758s] Level 1:colcon.colcon_core.package_identification:_identify(.) by extension 'ros'
[1.836s] Level 1:colcon.colcon_core.package_identification:_identify(.) by extensions ['cmake', 'python']
[1.838s] Level 1:colcon.colcon_core.package_identification:_identify(.) by extension 'cmake'
[1.839s] Level 1:colcon.colcon_core.package_identification:_identify(.) by extension 'python'
[1.840s] Level 1:colcon.colcon_core.package_identification:_identify(.) by extensions ['python_setup_py']
[1.841s] Level 1:colcon.colcon_core.package_identification:_identify(.) by extension 'python_setup_py'
[1.842s] Level 1:colcon.colcon_core.package_identification:_identify(build) by extensions ['ignore', 'ignore_ament_install']
[1.843s] Level 1:colcon.colcon_core.package_identification:_identify(build) by extension 'ignore'
[1.844s] Level 1:colcon.colcon_core.package_identification:_identify(build) ignored
[1.845s] Level 1:colcon.colcon_core.package_identification:_identify(install) by extensions ['ignore', 'ignore_ament_install']
[1.847s] Level 1:colcon.colcon_core.package_identification:_identify(install) by extension 'ignore'
[1.848s] Level 1:colcon.colcon_core.package_identification:_identify(install) ignored
[1.850s] Level 1:colcon.colcon_core.package_identification:_identify(log) by extensions ['ignore', 'ignore_ament_install']
[1.851s] Level 1:colcon.colcon_core.package_identification:_identify(log) by extension 'ignore'
[1.852s] Level 1:colcon.colcon_core.package_identification:_identify(log) ignored
[1.853s] Level 1:colcon.colcon_core.package_identification:_identify(src) by extensions ['ignore', 'ignore_ament_install']
[1.853s] Level 1:colcon.colcon_core.package_identification:_identify(src) by extension 'ignore'
[1.854s] Level 1:colcon.colcon_core.package_identification:_identify(src) by extension 'ignore_ament_install'
[1.854s] Level 1:colcon.colcon_core.package_identification:_identify(src) by extensions ['colcon_pkg']
[1.854s] Level 1:colcon.colcon_core.package_identification:_identify(src) by extension 'colcon_pkg'
[1.855s] Level 1:colcon.colcon_core.package_identification:_identify(src) by extensions ['colcon_meta']
[1.855s] Level 1:colcon.colcon_core.package_identification:_identify(src) by extension 'colcon_meta'
[1.856s] Level 1:colcon.colcon_core.package_identification:_identify(src) by extensions ['ros']
[1.856s] Level 1:colcon.colcon_core.package_identification:_identify(src) by extension 'ros'
[1.857s] Level 1:colcon.colcon_core.package_identification:_identify(src) by extensions ['cmake', 'python']
[1.857s] Level 1:colcon.colcon_core.package_identification:_identify(src) by extension 'cmake'
[1.857s] Level 1:colcon.colcon_core.package_identification:_identify(src) by extension 'python'
[1.858s] Level 1:colcon.colcon_core.package_identification:_identify(src) by extensions ['python_setup_py']
[1.858s] Level 1:colcon.colcon_core.package_identification:_identify(src) by extension 'python_setup_py'
[1.859s] Level 1:colcon.colcon_core.package_identification:_identify(src/camera_node) by extensions ['ignore', 'ignore_ament_install']
[1.860s] Level 1:colcon.colcon_core.package_identification:_identify(src/camera_node) by extension 'ignore'
[1.860s] Level 1:colcon.colcon_core.package_identification:_identify(src/camera_node) by extension 'ignore_ament_install'
[1.861s] Level 1:colcon.colcon_core.package_identification:_identify(src/camera_node) by extensions ['colcon_pkg']
[1.861s] Level 1:colcon.colcon_core.package_identification:_identify(src/camera_node) by extension 'colcon_pkg'
[1.862s] Level 1:colcon.colcon_core.package_identification:_identify(src/camera_node) by extensions ['colcon_meta']
[1.863s] Level 1:colcon.colcon_core.package_identification:_identify(src/camera_node) by extension 'colcon_meta'
[1.864s] Level 1:colcon.colcon_core.package_identification:_identify(src/camera_node) by extensions ['ros']
[1.865s] Level 1:colcon.colcon_core.package_identification:_identify(src/camera_node) by extension 'ros'
[1.883s] DEBUG:colcon.colcon_core.package_identification:Package 'src/camera_node' with type 'ros.ament_python' and name 'camera_node'
[1.885s] Level 1:colcon.colcon_core.package_identification:_identify(src/robot_ai) by extensions ['ignore', 'ignore_ament_install']
[1.885s] Level 1:colcon.colcon_core.package_identification:_identify(src/robot_ai) by extension 'ignore'
[1.886s] Level 1:colcon.colcon_core.package_identification:_identify(src/robot_ai) by extension 'ignore_ament_install'
[1.886s] Level 1:colcon.colcon_core.package_identification:_identify(src/robot_ai) by extensions ['colcon_pkg']
[1.887s] Level 1:colcon.colcon_core.package_identification:_identify(src/robot_ai) by extension 'colcon_pkg'
[1.887s] Level 1:colcon.colcon_core.package_identification:_identify(src/robot_ai) by extensions ['colcon_meta']
[1.888s] Level 1:colcon.colcon_core.package_identification:_identify(src/robot_ai) by extension 'colcon_meta'
[1.889s] Level 1:colcon.colcon_core.package_identification:_identify(src/robot_ai) by extensions ['ros']
[1.890s] Level 1:colcon.colcon_core.package_identification:_identify(src/robot_ai) by extension 'ros'
[1.894s] DEBUG:colcon.colcon_core.package_identification:Package 'src/robot_ai' with type 'ros.ament_python' and name 'robot_ai'
[1.896s] Level 1:colcon.colcon_core.package_identification:_identify(src/robot_bringup) by extensions ['ignore', 'ignore_ament_install']
[1.897s] Level 1:colcon.colcon_core.package_identification:_identify(src/robot_bringup) by extension 'ignore'
[1.898s] Level 1:colcon.colcon_core.package_identification:_identify(src/robot_bringup) by extension 'ignore_ament_install'
[1.898s] Level 1:colcon.colcon_core.package_identification:_identify(src/robot_bringup) by extensions ['colcon_pkg']
[1.898s] Level 1:colcon.colcon_core.package_identification:_identify(src/robot_bringup) by extension 'colcon_pkg'
[1.899s] Level 1:colcon.colcon_core.package_identification:_identify(src/robot_bringup) by extensions ['colcon_meta']
[1.899s] Level 1:colcon.colcon_core.package_identification:_identify(src/robot_bringup) by extension 'colcon_meta'
[1.899s] Level 1:colcon.colcon_core.package_identification:_identify(src/robot_bringup) by extensions ['ros']
[1.899s] Level 1:colcon.colcon_core.package_identification:_identify(src/robot_bringup) by extension 'ros'
[1.903s] DEBUG:colcon.colcon_core.package_identification:Package 'src/robot_bringup' with type 'ros.ament_cmake' and name 'robot_bringup'
[1.904s] Level 1:colcon.colcon_core.package_identification:_identify(src/robot_description) by extensions ['ignore', 'ignore_ament_install']
[1.905s] Level 1:colcon.colcon_core.package_identification:_identify(src/robot_description) by extension 'ignore'
[1.906s] Level 1:colcon.colcon_core.package_identification:_identify(src/robot_description) by extension 'ignore_ament_install'
[1.908s] Level 1:colcon.colcon_core.package_identification:_identify(src/robot_description) by extensions ['colcon_pkg']
[1.908s] Level 1:colcon.colcon_core.package_identification:_identify(src/robot_description) by extension 'colcon_pkg'
[1.909s] Level 1:colcon.colcon_core.package_identification:_identify(src/robot_description) by extensions ['colcon_meta']
[1.909s] Level 1:colcon.colcon_core.package_identification:_identify(src/robot_description) by extension 'colcon_meta'
[1.910s] Level 1:colcon.colcon_core.package_identification:_identify(src/robot_description) by extensions ['ros']
[1.910s] Level 1:colcon.colcon_core.package_identification:_identify(src/robot_description) by extension 'ros'
[1.917s] DEBUG:colcon.colcon_core.package_identification:Package 'src/robot_description' with type 'ros.ament_cmake' and name 'robot_description'
[1.918s] Level 1:colcon.colcon_core.package_identification:_identify(src/robot_serial) by extensions ['ignore', 'ignore_ament_install']
[1.919s] Level 1:colcon.colcon_core.package_identification:_identify(src/robot_serial) by extension 'ignore'
[1.920s] Level 1:colcon.colcon_core.package_identification:_identify(src/robot_serial) by extension 'ignore_ament_install'
[1.921s] Level 1:colcon.colcon_core.package_identification:_identify(src/robot_serial) by extensions ['colcon_pkg']
[1.922s] Level 1:colcon.colcon_core.package_identification:_identify(src/robot_serial) by extension 'colcon_pkg'
[1.923s] Level 1:colcon.colcon_core.package_identification:_identify(src/robot_serial) by extensions ['colcon_meta']
[1.923s] Level 1:colcon.colcon_core.package_identification:_identify(src/robot_serial) by extension 'colcon_meta'
[1.923s] Level 1:colcon.colcon_core.package_identification:_identify(src/robot_serial) by extensions ['ros']
[1.924s] Level 1:colcon.colcon_core.package_identification:_identify(src/robot_serial) by extension 'ros'
[1.928s] DEBUG:colcon.colcon_core.package_identification:Package 'src/robot_serial' with type 'ros.ament_python' and name 'robot_serial'
[1.929s] Level 1:colcon.colcon_core.package_identification:_identify(src/sllidar_ros2) by extensions ['ignore', 'ignore_ament_install']
[1.929s] Level 1:colcon.colcon_core.package_identification:_identify(src/sllidar_ros2) by extension 'ignore'
[1.930s] Level 1:colcon.colcon_core.package_identification:_identify(src/sllidar_ros2) by extension 'ignore_ament_install'
[1.931s] Level 1:colcon.colcon_core.package_identification:_identify(src/sllidar_ros2) by extensions ['colcon_pkg']
[1.931s] Level 1:colcon.colcon_core.package_identification:_identify(src/sllidar_ros2) by extension 'colcon_pkg'
[1.932s] Level 1:colcon.colcon_core.package_identification:_identify(src/sllidar_ros2) by extensions ['colcon_meta']
[1.932s] Level 1:colcon.colcon_core.package_identification:_identify(src/sllidar_ros2) by extension 'colcon_meta'
[1.933s] Level 1:colcon.colcon_core.package_identification:_identify(src/sllidar_ros2) by extensions ['ros']
[1.933s] Level 1:colcon.colcon_core.package_identification:_identify(src/sllidar_ros2) by extension 'ros'
[1.940s] DEBUG:colcon.colcon_core.package_identification:Package 'src/sllidar_ros2' with type 'ros.ament_cmake' and name 'sllidar_ros2'
[1.942s] Level 1:colcon.colcon_core.package_identification:_identify(src/web_bridge) by extensions ['ignore', 'ignore_ament_install']
[1.942s] Level 1:colcon.colcon_core.package_identification:_identify(src/web_bridge) by extension 'ignore'
[1.943s] Level 1:colcon.colcon_core.package_identification:_identify(src/web_bridge) by extension 'ignore_ament_install'
[1.944s] Level 1:colcon.colcon_core.package_identification:_identify(src/web_bridge) by extensions ['colcon_pkg']
[1.945s] Level 1:colcon.colcon_core.package_identification:_identify(src/web_bridge) by extension 'colcon_pkg'
[1.945s] Level 1:colcon.colcon_core.package_identification:_identify(src/web_bridge) by extensions ['colcon_meta']
[1.946s] Level 1:colcon.colcon_core.package_identification:_identify(src/web_bridge) by extension 'colcon_meta'
[1.947s] Level 1:colcon.colcon_core.package_identification:_identify(src/web_bridge) by extensions ['ros']
[1.947s] Level 1:colcon.colcon_core.package_identification:_identify(src/web_bridge) by extension 'ros'
[1.950s] DEBUG:colcon.colcon_core.package_identification:Package 'src/web_bridge' with type 'ros.ament_python' and name 'web_bridge'
[1.951s] Level 1:colcon.colcon_core.package_discovery:discover_packages(recursive) using defaults
[1.951s] Level 1:colcon.colcon_core.package_discovery:discover_packages(ignore) discover
[1.951s] Level 1:colcon.colcon_core.package_discovery:discover_packages(ignore) using defaults
[1.951s] Level 1:colcon.colcon_core.package_discovery:discover_packages(path) discover
[1.951s] Level 1:colcon.colcon_core.package_discovery:discover_packages(path) using defaults
[2.100s] Level 1:colcon.colcon_core.package_discovery:discover_packages(prefix_path) check parameters
[2.100s] Level 1:colcon.colcon_core.package_discovery:discover_packages(prefix_path) discover
[2.120s] DEBUG:colcon.colcon_installed_package_information.package_discovery:Found 7 installed packages in /home/robot/robot_ws/install
[2.132s] DEBUG:colcon.colcon_installed_package_information.package_discovery:Found 262 installed packages in /opt/ros/humble
[2.191s] Level 1:colcon.colcon_core.package_discovery:discover_packages(prefix_path) using defaults
[2.410s] Level 5:colcon.colcon_core.verb:set package 'camera_node' build argument 'cmake_args' from command line to 'None'
[2.411s] Level 5:colcon.colcon_core.verb:set package 'camera_node' build argument 'cmake_target' from command line to 'None'
[2.411s] Level 5:colcon.colcon_core.verb:set package 'camera_node' build argument 'cmake_target_skip_unavailable' from command line to 'False'
[2.411s] Level 5:colcon.colcon_core.verb:set package 'camera_node' build argument 'cmake_clean_cache' from command line to 'False'
[2.412s] Level 5:colcon.colcon_core.verb:set package 'camera_node' build argument 'cmake_clean_first' from command line to 'False'
[2.412s] Level 5:colcon.colcon_core.verb:set package 'camera_node' build argument 'cmake_force_configure' from command line to 'False'
[2.412s] Level 5:colcon.colcon_core.verb:set package 'camera_node' build argument 'ament_cmake_args' from command line to 'None'
[2.412s] Level 5:colcon.colcon_core.verb:set package 'camera_node' build argument 'catkin_cmake_args' from command line to 'None'
[2.413s] Level 5:colcon.colcon_core.verb:set package 'camera_node' build argument 'catkin_skip_building_tests' from command line to 'False'
[2.413s] DEBUG:colcon.colcon_core.verb:Building package 'camera_node' with the following arguments: {'ament_cmake_args': None, 'build_base': '/home/robot/robot_ws/build/camera_node', 'catkin_cmake_args': None, 'catkin_skip_building_tests': False, 'cmake_args': None, 'cmake_clean_cache': False, 'cmake_clean_first': False, 'cmake_force_configure': False, 'cmake_target': None, 'cmake_target_skip_unavailable': False, 'install_base': '/home/robot/robot_ws/install/camera_node', 'merge_install': False, 'path': '/home/robot/robot_ws/src/camera_node', 'symlink_install': True, 'test_result_base': None}
[2.416s] Level 5:colcon.colcon_core.verb:set package 'robot_ai' build argument 'cmake_args' from command line to 'None'
[2.416s] Level 5:colcon.colcon_core.verb:set package 'robot_ai' build argument 'cmake_target' from command line to 'None'
[2.416s] Level 5:colcon.colcon_core.verb:set package 'robot_ai' build argument 'cmake_target_skip_unavailable' from command line to 'False'
[2.416s] Level 5:colcon.colcon_core.verb:set package 'robot_ai' build argument 'cmake_clean_cache' from command line to 'False'
[2.417s] Level 5:colcon.colcon_core.verb:set package 'robot_ai' build argument 'cmake_clean_first' from command line to 'False'
[2.417s] Level 5:colcon.colcon_core.verb:set package 'robot_ai' build argument 'cmake_force_configure' from command line to 'False'
[2.417s] Level 5:colcon.colcon_core.verb:set package 'robot_ai' build argument 'ament_cmake_args' from command line to 'None'
[2.417s] Level 5:colcon.colcon_core.verb:set package 'robot_ai' build argument 'catkin_cmake_args' from command line to 'None'
[2.417s] Level 5:colcon.colcon_core.verb:set package 'robot_ai' build argument 'catkin_skip_building_tests' from command line to 'False'
[2.418s] DEBUG:colcon.colcon_core.verb:Building package 'robot_ai' with the following arguments: {'ament_cmake_args': None, 'build_base': '/home/robot/robot_ws/build/robot_ai', 'catkin_cmake_args': None, 'catkin_skip_building_tests': False, 'cmake_args': None, 'cmake_clean_cache': False, 'cmake_clean_first': False, 'cmake_force_configure': False, 'cmake_target': None, 'cmake_target_skip_unavailable': False, 'install_base': '/home/robot/robot_ws/install/robot_ai', 'merge_install': False, 'path': '/home/robot/robot_ws/src/robot_ai', 'symlink_install': True, 'test_result_base': None}
[2.420s] Level 5:colcon.colcon_core.verb:set package 'robot_description' build argument 'cmake_args' from command line to 'None'
[2.420s] Level 5:colcon.colcon_core.verb:set package 'robot_description' build argument 'cmake_target' from command line to 'None'
[2.420s] Level 5:colcon.colcon_core.verb:set package 'robot_description' build argument 'cmake_target_skip_unavailable' from command line to 'False'
[2.421s] Level 5:colcon.colcon_core.verb:set package 'robot_description' build argument 'cmake_clean_cache' from command line to 'False'
[2.421s] Level 5:colcon.colcon_core.verb:set package 'robot_description' build argument 'cmake_clean_first' from command line to 'False'
[2.421s] Level 5:colcon.colcon_core.verb:set package 'robot_description' build argument 'cmake_force_configure' from command line to 'False'
[2.421s] Level 5:colcon.colcon_core.verb:set package 'robot_description' build argument 'ament_cmake_args' from command line to 'None'
[2.421s] Level 5:colcon.colcon_core.verb:set package 'robot_description' build argument 'catkin_cmake_args' from command line to 'None'
[2.421s] Level 5:colcon.colcon_core.verb:set package 'robot_description' build argument 'catkin_skip_building_tests' from command line to 'False'
[2.422s] DEBUG:colcon.colcon_core.verb:Building package 'robot_description' with the following arguments: {'ament_cmake_args': None, 'build_base': '/home/robot/robot_ws/build/robot_description', 'catkin_cmake_args': None, 'catkin_skip_building_tests': False, 'cmake_args': None, 'cmake_clean_cache': False, 'cmake_clean_first': False, 'cmake_force_configure': False, 'cmake_target': None, 'cmake_target_skip_unavailable': False, 'install_base': '/home/robot/robot_ws/install/robot_description', 'merge_install': False, 'path': '/home/robot/robot_ws/src/robot_description', 'symlink_install': True, 'test_result_base': None}
[2.424s] Level 5:colcon.colcon_core.verb:set package 'robot_serial' build argument 'cmake_args' from command line to 'None'
[2.424s] Level 5:colcon.colcon_core.verb:set package 'robot_serial' build argument 'cmake_target' from command line to 'None'
[2.424s] Level 5:colcon.colcon_core.verb:set package 'robot_serial' build argument 'cmake_target_skip_unavailable' from command line to 'False'
[2.424s] Level 5:colcon.colcon_core.verb:set package 'robot_serial' build argument 'cmake_clean_cache' from command line to 'False'
[2.424s] Level 5:colcon.colcon_core.verb:set package 'robot_serial' build argument 'cmake_clean_first' from command line to 'False'
[2.425s] Level 5:colcon.colcon_core.verb:set package 'robot_serial' build argument 'cmake_force_configure' from command line to 'False'
[2.425s] Level 5:colcon.colcon_core.verb:set package 'robot_serial' build argument 'ament_cmake_args' from command line to 'None'
[2.425s] Level 5:colcon.colcon_core.verb:set package 'robot_serial' build argument 'catkin_cmake_args' from command line to 'None'
[2.425s] Level 5:colcon.colcon_core.verb:set package 'robot_serial' build argument 'catkin_skip_building_tests' from command line to 'False'
[2.425s] DEBUG:colcon.colcon_core.verb:Building package 'robot_serial' with the following arguments: {'ament_cmake_args': None, 'build_base': '/home/robot/robot_ws/build/robot_serial', 'catkin_cmake_args': None, 'catkin_skip_building_tests': False, 'cmake_args': None, 'cmake_clean_cache': False, 'cmake_clean_first': False, 'cmake_force_configure': False, 'cmake_target': None, 'cmake_target_skip_unavailable': False, 'install_base': '/home/robot/robot_ws/install/robot_serial', 'merge_install': False, 'path': '/home/robot/robot_ws/src/robot_serial', 'symlink_install': True, 'test_result_base': None}
[2.427s] Level 5:colcon.colcon_core.verb:set package 'sllidar_ros2' build argument 'cmake_args' from command line to 'None'
[2.427s] Level 5:colcon.colcon_core.verb:set package 'sllidar_ros2' build argument 'cmake_target' from command line to 'None'
[2.427s] Level 5:colcon.colcon_core.verb:set package 'sllidar_ros2' build argument 'cmake_target_skip_unavailable' from command line to 'False'
[2.428s] Level 5:colcon.colcon_core.verb:set package 'sllidar_ros2' build argument 'cmake_clean_cache' from command line to 'False'
[2.428s] Level 5:colcon.colcon_core.verb:set package 'sllidar_ros2' build argument 'cmake_clean_first' from command line to 'False'
[2.428s] Level 5:colcon.colcon_core.verb:set package 'sllidar_ros2' build argument 'cmake_force_configure' from command line to 'False'
[2.428s] Level 5:colcon.colcon_core.verb:set package 'sllidar_ros2' build argument 'ament_cmake_args' from command line to 'None'
[2.428s] Level 5:colcon.colcon_core.verb:set package 'sllidar_ros2' build argument 'catkin_cmake_args' from command line to 'None'
[2.428s] Level 5:colcon.colcon_core.verb:set package 'sllidar_ros2' build argument 'catkin_skip_building_tests' from command line to 'False'
[2.428s] DEBUG:colcon.colcon_core.verb:Building package 'sllidar_ros2' with the following arguments: {'ament_cmake_args': None, 'build_base': '/home/robot/robot_ws/build/sllidar_ros2', 'catkin_cmake_args': None, 'catkin_skip_building_tests': False, 'cmake_args': None, 'cmake_clean_cache': False, 'cmake_clean_first': False, 'cmake_force_configure': False, 'cmake_target': None, 'cmake_target_skip_unavailable': False, 'install_base': '/home/robot/robot_ws/install/sllidar_ros2', 'merge_install': False, 'path': '/home/robot/robot_ws/src/sllidar_ros2', 'symlink_install': True, 'test_result_base': None}
[2.430s] Level 5:colcon.colcon_core.verb:set package 'web_bridge' build argument 'cmake_args' from command line to 'None'
[2.431s] Level 5:colcon.colcon_core.verb:set package 'web_bridge' build argument 'cmake_target' from command line to 'None'
[2.431s] Level 5:colcon.colcon_core.verb:set package 'web_bridge' build argument 'cmake_target_skip_unavailable' from command line to 'False'
[2.431s] Level 5:colcon.colcon_core.verb:set package 'web_bridge' build argument 'cmake_clean_cache' from command line to 'False'
[2.431s] Level 5:colcon.colcon_core.verb:set package 'web_bridge' build argument 'cmake_clean_first' from command line to 'False'
[2.431s] Level 5:colcon.colcon_core.verb:set package 'web_bridge' build argument 'cmake_force_configure' from command line to 'False'
[2.432s] Level 5:colcon.colcon_core.verb:set package 'web_bridge' build argument 'ament_cmake_args' from command line to 'None'
[2.432s] Level 5:colcon.colcon_core.verb:set package 'web_bridge' build argument 'catkin_cmake_args' from command line to 'None'
[2.432s] Level 5:colcon.colcon_core.verb:set package 'web_bridge' build argument 'catkin_skip_building_tests' from command line to 'False'
[2.432s] DEBUG:colcon.colcon_core.verb:Building package 'web_bridge' with the following arguments: {'ament_cmake_args': None, 'build_base': '/home/robot/robot_ws/build/web_bridge', 'catkin_cmake_args': None, 'catkin_skip_building_tests': False, 'cmake_args': None, 'cmake_clean_cache': False, 'cmake_clean_first': False, 'cmake_force_configure': False, 'cmake_target': None, 'cmake_target_skip_unavailable': False, 'install_base': '/home/robot/robot_ws/install/web_bridge', 'merge_install': False, 'path': '/home/robot/robot_ws/src/web_bridge', 'symlink_install': True, 'test_result_base': None}
[2.434s] Level 5:colcon.colcon_core.verb:set package 'robot_bringup' build argument 'cmake_args' from command line to 'None'
[2.434s] Level 5:colcon.colcon_core.verb:set package 'robot_bringup' build argument 'cmake_target' from command line to 'None'
[2.434s] Level 5:colcon.colcon_core.verb:set package 'robot_bringup' build argument 'cmake_target_skip_unavailable' from command line to 'False'
[2.435s] Level 5:colcon.colcon_core.verb:set package 'robot_bringup' build argument 'cmake_clean_cache' from command line to 'False'
[2.435s] Level 5:colcon.colcon_core.verb:set package 'robot_bringup' build argument 'cmake_clean_first' from command line to 'False'
[2.435s] Level 5:colcon.colcon_core.verb:set package 'robot_bringup' build argument 'cmake_force_configure' from command line to 'False'
[2.435s] Level 5:colcon.colcon_core.verb:set package 'robot_bringup' build argument 'ament_cmake_args' from command line to 'None'
[2.435s] Level 5:colcon.colcon_core.verb:set package 'robot_bringup' build argument 'catkin_cmake_args' from command line to 'None'
[2.435s] Level 5:colcon.colcon_core.verb:set package 'robot_bringup' build argument 'catkin_skip_building_tests' from command line to 'False'
[2.436s] DEBUG:colcon.colcon_core.verb:Building package 'robot_bringup' with the following arguments: {'ament_cmake_args': None, 'build_base': '/home/robot/robot_ws/build/robot_bringup', 'catkin_cmake_args': None, 'catkin_skip_building_tests': False, 'cmake_args': None, 'cmake_clean_cache': False, 'cmake_clean_first': False, 'cmake_force_configure': False, 'cmake_target': None, 'cmake_target_skip_unavailable': False, 'install_base': '/home/robot/robot_ws/install/robot_bringup', 'merge_install': False, 'path': '/home/robot/robot_ws/src/robot_bringup', 'symlink_install': True, 'test_result_base': None}
[2.436s] INFO:colcon.colcon_core.executor:Executing jobs using 'parallel' executor
[2.441s] DEBUG:colcon.colcon_parallel_executor.executor.parallel:run_until_complete
[2.442s] INFO:colcon.colcon_ros.task.ament_cmake.build:Building ROS package in '/home/robot/robot_ws/src/robot_description' with build type 'ament_cmake'
[2.443s] INFO:colcon.colcon_cmake.task.cmake.build:Building CMake package in '/home/robot/robot_ws/src/robot_description'
[2.459s] INFO:colcon.colcon_core.plugin_system:Skipping extension 'colcon_core.shell.bat': Not used on non-Windows systems
[2.460s] INFO:colcon.colcon_core.shell:Skip shell extension 'powershell' for command environment: Not usable outside of PowerShell
[2.460s] DEBUG:colcon.colcon_core.shell:Skip shell extension 'dsv' for command environment
[2.487s] INFO:colcon.colcon_ros.task.ament_cmake.build:Building ROS package in '/home/robot/robot_ws/src/sllidar_ros2' with build type 'ament_cmake'
[2.488s] INFO:colcon.colcon_cmake.task.cmake.build:Building CMake package in '/home/robot/robot_ws/src/sllidar_ros2'
[2.490s] INFO:colcon.colcon_core.shell:Skip shell extension 'powershell' for command environment: Not usable outside of PowerShell
[2.490s] DEBUG:colcon.colcon_core.shell:Skip shell extension 'dsv' for command environment
[2.518s] INFO:colcon.colcon_ros.task.ament_python.build:Building ROS package in '/home/robot/robot_ws/src/camera_node' with build type 'ament_python'
[2.519s] Level 1:colcon.colcon_core.shell:create_environment_hook('camera_node', 'ament_prefix_path')
[2.521s] INFO:colcon.colcon_core.shell:Creating environment hook '/home/robot/robot_ws/install/camera_node/share/camera_node/hook/ament_prefix_path.ps1'
[2.525s] INFO:colcon.colcon_core.shell:Creating environment descriptor '/home/robot/robot_ws/install/camera_node/share/camera_node/hook/ament_prefix_path.dsv'
[2.528s] INFO:colcon.colcon_core.shell:Creating environment hook '/home/robot/robot_ws/install/camera_node/share/camera_node/hook/ament_prefix_path.sh'
[2.533s] INFO:colcon.colcon_core.shell:Skip shell extension 'powershell' for command environment: Not usable outside of PowerShell
[2.534s] DEBUG:colcon.colcon_core.shell:Skip shell extension 'dsv' for command environment
[2.564s] INFO:colcon.colcon_ros.task.ament_python.build:Building ROS package in '/home/robot/robot_ws/src/robot_ai' with build type 'ament_python'
[2.565s] Level 1:colcon.colcon_core.shell:create_environment_hook('robot_ai', 'ament_prefix_path')
[2.568s] INFO:colcon.colcon_core.shell:Creating environment hook '/home/robot/robot_ws/install/robot_ai/share/robot_ai/hook/ament_prefix_path.ps1'
[2.574s] INFO:colcon.colcon_core.shell:Creating environment descriptor '/home/robot/robot_ws/install/robot_ai/share/robot_ai/hook/ament_prefix_path.dsv'
[2.577s] INFO:colcon.colcon_core.shell:Creating environment hook '/home/robot/robot_ws/install/robot_ai/share/robot_ai/hook/ament_prefix_path.sh'
[2.582s] INFO:colcon.colcon_core.shell:Skip shell extension 'powershell' for command environment: Not usable outside of PowerShell
[2.582s] DEBUG:colcon.colcon_core.shell:Skip shell extension 'dsv' for command environment
[2.637s] DEBUG:colcon.colcon_core.event_handler.log_command:Invoking command in '/home/robot/robot_ws/build/robot_description': CMAKE_PREFIX_PATH=${CMAKE_PREFIX_PATH}:/home/robot/robot_ws/install/web_bridge:/home/robot/robot_ws/install/robot_serial:/home/robot/robot_ws/install/robot_ai:/home/robot/robot_ws/install/camera_node:/opt/ros/humble /usr/bin/cmake --build /home/robot/robot_ws/build/robot_description -- -j4 -l4
[2.678s] DEBUG:colcon.colcon_core.event_handler.log_command:Invoking command in '/home/robot/robot_ws/build/sllidar_ros2': CMAKE_PREFIX_PATH=${CMAKE_PREFIX_PATH}:/home/robot/robot_ws/install/web_bridge:/home/robot/robot_ws/install/robot_serial:/home/robot/robot_ws/install/robot_ai:/home/robot/robot_ws/install/camera_node:/opt/ros/humble /usr/bin/cmake --build /home/robot/robot_ws/build/sllidar_ros2 -- -j4 -l4
[4.234s] INFO:colcon.colcon_core.task.python.build:Building Python package in '/home/robot/robot_ws/src/camera_node'
[4.235s] INFO:colcon.colcon_core.shell:Skip shell extension 'powershell' for command environment: Not usable outside of PowerShell
[4.236s] DEBUG:colcon.colcon_core.shell:Skip shell extension 'dsv' for command environment
[4.288s] DEBUG:colcon.colcon_core.event_handler.log_command:Invoked command in '/home/robot/robot_ws/build/robot_description' returned '0': CMAKE_PREFIX_PATH=${CMAKE_PREFIX_PATH}:/home/robot/robot_ws/install/web_bridge:/home/robot/robot_ws/install/robot_serial:/home/robot/robot_ws/install/robot_ai:/home/robot/robot_ws/install/camera_node:/opt/ros/humble /usr/bin/cmake --build /home/robot/robot_ws/build/robot_description -- -j4 -l4
[4.339s] DEBUG:colcon.colcon_core.event_handler.log_command:Invoking command in '/home/robot/robot_ws/build/robot_description': CMAKE_PREFIX_PATH=${CMAKE_PREFIX_PATH}:/home/robot/robot_ws/install/web_bridge:/home/robot/robot_ws/install/robot_serial:/home/robot/robot_ws/install/robot_ai:/home/robot/robot_ws/install/camera_node:/opt/ros/humble /usr/bin/cmake --install /home/robot/robot_ws/build/robot_description
[4.342s] DEBUG:colcon.colcon_core.event_handler.log_command:Invoked command in '/home/robot/robot_ws/build/sllidar_ros2' returned '0': CMAKE_PREFIX_PATH=${CMAKE_PREFIX_PATH}:/home/robot/robot_ws/install/web_bridge:/home/robot/robot_ws/install/robot_serial:/home/robot/robot_ws/install/robot_ai:/home/robot/robot_ws/install/camera_node:/opt/ros/humble /usr/bin/cmake --build /home/robot/robot_ws/build/sllidar_ros2 -- -j4 -l4
[4.356s] DEBUG:colcon.colcon_core.event_handler.log_command:Invoking command in '/home/robot/robot_ws/build/sllidar_ros2': CMAKE_PREFIX_PATH=${CMAKE_PREFIX_PATH}:/home/robot/robot_ws/install/web_bridge:/home/robot/robot_ws/install/robot_serial:/home/robot/robot_ws/install/robot_ai:/home/robot/robot_ws/install/camera_node:/opt/ros/humble /usr/bin/cmake --install /home/robot/robot_ws/build/sllidar_ros2
[5.882s] INFO:colcon.colcon_core.task.python.build:Building Python package in '/home/robot/robot_ws/src/robot_ai'
[5.918s] INFO:colcon.colcon_core.shell:Skip shell extension 'powershell' for command environment: Not usable outside of PowerShell
[5.919s] DEBUG:colcon.colcon_core.shell:Skip shell extension 'dsv' for command environment
[5.979s] Level 1:colcon.colcon_core.environment:create_environment_scripts_only(robot_description)
[6.008s] Level 1:colcon.colcon_core.environment:checking '/home/robot/robot_ws/install/robot_description' for CMake module files
[6.012s] Level 1:colcon.colcon_core.environment:checking '/home/robot/robot_ws/install/robot_description' for CMake config files
[6.014s] Level 1:colcon.colcon_core.shell:create_environment_hook('robot_description', 'cmake_prefix_path')
[6.015s] INFO:colcon.colcon_core.shell:Creating environment hook '/home/robot/robot_ws/install/robot_description/share/robot_description/hook/cmake_prefix_path.ps1'
[6.200s] INFO:colcon.colcon_core.shell:Creating environment descriptor '/home/robot/robot_ws/install/robot_description/share/robot_description/hook/cmake_prefix_path.dsv'
[6.214s] INFO:colcon.colcon_core.shell:Creating environment hook '/home/robot/robot_ws/install/robot_description/share/robot_description/hook/cmake_prefix_path.sh'
[6.221s] Level 1:colcon.colcon_core.environment:checking '/home/robot/robot_ws/install/robot_description/bin'
[6.222s] Level 1:colcon.colcon_core.environment:checking '/home/robot/robot_ws/install/robot_description/lib/pkgconfig/robot_description.pc'
[6.224s] Level 1:colcon.colcon_core.environment:checking '/home/robot/robot_ws/install/robot_description/lib/python3.10/site-packages'
[6.227s] Level 1:colcon.colcon_core.environment:checking '/home/robot/robot_ws/install/robot_description/bin'
[6.229s] INFO:colcon.colcon_core.shell:Creating package script '/home/robot/robot_ws/install/robot_description/share/robot_description/package.ps1'
[6.238s] INFO:colcon.colcon_core.shell:Creating package descriptor '/home/robot/robot_ws/install/robot_description/share/robot_description/package.dsv'
[6.242s] INFO:colcon.colcon_core.shell:Creating package script '/home/robot/robot_ws/install/robot_description/share/robot_description/package.sh'
[6.248s] INFO:colcon.colcon_core.shell:Creating package script '/home/robot/robot_ws/install/robot_description/share/robot_description/package.bash'
[6.254s] INFO:colcon.colcon_core.shell:Creating package script '/home/robot/robot_ws/install/robot_description/share/robot_description/package.zsh'
[6.260s] Level 1:colcon.colcon_core.environment:create_file_with_runtime_dependencies(/home/robot/robot_ws/install/robot_description/share/colcon-core/packages/robot_description)
[6.268s] Level 1:colcon.colcon_core.environment:create_environment_scripts_only(robot_description)
[6.269s] Level 1:colcon.colcon_core.environment:checking '/home/robot/robot_ws/install/robot_description' for CMake module files
[6.276s] Level 1:colcon.colcon_core.environment:checking '/home/robot/robot_ws/install/robot_description' for CMake config files
[6.278s] Level 1:colcon.colcon_core.shell:create_environment_hook('robot_description', 'cmake_prefix_path')
[6.280s] INFO:colcon.colcon_core.shell:Creating environment hook '/home/robot/robot_ws/install/robot_description/share/robot_description/hook/cmake_prefix_path.ps1'
[6.284s] INFO:colcon.colcon_core.shell:Creating environment descriptor '/home/robot/robot_ws/install/robot_description/share/robot_description/hook/cmake_prefix_path.dsv'
[6.302s] INFO:colcon.colcon_core.shell:Creating environment hook '/home/robot/robot_ws/install/robot_description/share/robot_description/hook/cmake_prefix_path.sh'
[6.307s] DEBUG:colcon.colcon_core.event_handler.log_command:Invoked command in '/home/robot/robot_ws/build/robot_description' returned '0': CMAKE_PREFIX_PATH=${CMAKE_PREFIX_PATH}:/home/robot/robot_ws/install/web_bridge:/home/robot/robot_ws/install/robot_serial:/home/robot/robot_ws/install/robot_ai:/home/robot/robot_ws/install/camera_node:/opt/ros/humble /usr/bin/cmake --install /home/robot/robot_ws/build/robot_description
[6.368s] Level 1:colcon.colcon_core.environment:checking '/home/robot/robot_ws/install/robot_description/bin'
[6.368s] Level 1:colcon.colcon_core.environment:checking '/home/robot/robot_ws/install/robot_description/lib/pkgconfig/robot_description.pc'
[6.370s] Level 1:colcon.colcon_core.environment:checking '/home/robot/robot_ws/install/robot_description/lib/python3.10/site-packages'
[6.372s] Level 1:colcon.colcon_core.environment:checking '/home/robot/robot_ws/install/robot_description/bin'
[6.388s] INFO:colcon.colcon_core.shell:Creating package script '/home/robot/robot_ws/install/robot_description/share/robot_description/package.ps1'
[6.393s] INFO:colcon.colcon_core.shell:Creating package descriptor '/home/robot/robot_ws/install/robot_description/share/robot_description/package.dsv'
[6.400s] INFO:colcon.colcon_core.shell:Creating package script '/home/robot/robot_ws/install/robot_description/share/robot_description/package.sh'
[6.405s] INFO:colcon.colcon_core.shell:Creating package script '/home/robot/robot_ws/install/robot_description/share/robot_description/package.bash'
[6.409s] INFO:colcon.colcon_core.shell:Creating package script '/home/robot/robot_ws/install/robot_description/share/robot_description/package.zsh'
[6.413s] Level 1:colcon.colcon_core.environment:create_file_with_runtime_dependencies(/home/robot/robot_ws/install/robot_description/share/colcon-core/packages/robot_description)
[6.416s] Level 1:colcon.colcon_core.environment:create_environment_scripts_only(sllidar_ros2)
[6.419s] Level 1:colcon.colcon_core.environment:checking '/home/robot/robot_ws/install/sllidar_ros2' for CMake module files
[6.427s] DEBUG:colcon.colcon_core.event_handler.log_command:Invoked command in '/home/robot/robot_ws/build/sllidar_ros2' returned '0': CMAKE_PREFIX_PATH=${CMAKE_PREFIX_PATH}:/home/robot/robot_ws/install/web_bridge:/home/robot/robot_ws/install/robot_serial:/home/robot/robot_ws/install/robot_ai:/home/robot/robot_ws/install/camera_node:/opt/ros/humble /usr/bin/cmake --install /home/robot/robot_ws/build/sllidar_ros2
[6.430s] Level 1:colcon.colcon_core.environment:checking '/home/robot/robot_ws/install/sllidar_ros2' for CMake config files
[6.433s] Level 1:colcon.colcon_core.shell:create_environment_hook('sllidar_ros2', 'cmake_prefix_path')
[6.435s] INFO:colcon.colcon_core.shell:Creating environment hook '/home/robot/robot_ws/install/sllidar_ros2/share/sllidar_ros2/hook/cmake_prefix_path.ps1'
[6.439s] INFO:colcon.colcon_core.shell:Creating environment descriptor '/home/robot/robot_ws/install/sllidar_ros2/share/sllidar_ros2/hook/cmake_prefix_path.dsv'
[6.442s] INFO:colcon.colcon_core.shell:Creating environment hook '/home/robot/robot_ws/install/sllidar_ros2/share/sllidar_ros2/hook/cmake_prefix_path.sh'
[6.446s] Level 1:colcon.colcon_core.environment:checking '/home/robot/robot_ws/install/sllidar_ros2/lib'
[6.448s] Level 1:colcon.colcon_core.environment:checking '/home/robot/robot_ws/install/sllidar_ros2/bin'
[6.449s] Level 1:colcon.colcon_core.environment:checking '/home/robot/robot_ws/install/sllidar_ros2/lib/pkgconfig/sllidar_ros2.pc'
[6.450s] Level 1:colcon.colcon_core.environment:checking '/home/robot/robot_ws/install/sllidar_ros2/lib/python3.10/site-packages'
[6.453s] Level 1:colcon.colcon_core.environment:checking '/home/robot/robot_ws/install/sllidar_ros2/bin'
[6.455s] INFO:colcon.colcon_core.shell:Creating package script '/home/robot/robot_ws/install/sllidar_ros2/share/sllidar_ros2/package.ps1'
[6.458s] INFO:colcon.colcon_core.shell:Creating package descriptor '/home/robot/robot_ws/install/sllidar_ros2/share/sllidar_ros2/package.dsv'
[6.461s] INFO:colcon.colcon_core.shell:Creating package script '/home/robot/robot_ws/install/sllidar_ros2/share/sllidar_ros2/package.sh'
[6.465s] INFO:colcon.colcon_core.shell:Creating package script '/home/robot/robot_ws/install/sllidar_ros2/share/sllidar_ros2/package.bash'
[6.468s] INFO:colcon.colcon_core.shell:Creating package script '/home/robot/robot_ws/install/sllidar_ros2/share/sllidar_ros2/package.zsh'
[6.473s] Level 1:colcon.colcon_core.environment:create_file_with_runtime_dependencies(/home/robot/robot_ws/install/sllidar_ros2/share/colcon-core/packages/sllidar_ros2)
[6.479s] Level 1:colcon.colcon_core.environment:create_environment_scripts_only(sllidar_ros2)
[6.480s] Level 1:colcon.colcon_core.environment:checking '/home/robot/robot_ws/install/sllidar_ros2' for CMake module files
[6.484s] Level 1:colcon.colcon_core.environment:checking '/home/robot/robot_ws/install/sllidar_ros2' for CMake config files
[6.489s] Level 1:colcon.colcon_core.shell:create_environment_hook('sllidar_ros2', 'cmake_prefix_path')
[6.490s] INFO:colcon.colcon_core.shell:Creating environment hook '/home/robot/robot_ws/install/sllidar_ros2/share/sllidar_ros2/hook/cmake_prefix_path.ps1'
[6.784s] INFO:colcon.colcon_core.shell:Creating environment descriptor '/home/robot/robot_ws/install/sllidar_ros2/share/sllidar_ros2/hook/cmake_prefix_path.dsv'
[6.787s] INFO:colcon.colcon_core.shell:Creating environment hook '/home/robot/robot_ws/install/sllidar_ros2/share/sllidar_ros2/hook/cmake_prefix_path.sh'
[6.790s] Level 1:colcon.colcon_core.environment:checking '/home/robot/robot_ws/install/sllidar_ros2/lib'
[6.791s] Level 1:colcon.colcon_core.environment:checking '/home/robot/robot_ws/install/sllidar_ros2/bin'
[6.791s] Level 1:colcon.colcon_core.environment:checking '/home/robot/robot_ws/install/sllidar_ros2/lib/pkgconfig/sllidar_ros2.pc'
[6.793s] Level 1:colcon.colcon_core.environment:checking '/home/robot/robot_ws/install/sllidar_ros2/lib/python3.10/site-packages'
[6.795s] Level 1:colcon.colcon_core.environment:checking '/home/robot/robot_ws/install/sllidar_ros2/bin'
[6.797s] INFO:colcon.colcon_core.shell:Creating package script '/home/robot/robot_ws/install/sllidar_ros2/share/sllidar_ros2/package.ps1'
[6.801s] INFO:colcon.colcon_core.shell:Creating package descriptor '/home/robot/robot_ws/install/sllidar_ros2/share/sllidar_ros2/package.dsv'
[6.804s] INFO:colcon.colcon_core.shell:Creating package script '/home/robot/robot_ws/install/sllidar_ros2/share/sllidar_ros2/package.sh'
[6.806s] INFO:colcon.colcon_core.shell:Creating package script '/home/robot/robot_ws/install/sllidar_ros2/share/sllidar_ros2/package.bash'
[6.809s] INFO:colcon.colcon_core.shell:Creating package script '/home/robot/robot_ws/install/sllidar_ros2/share/sllidar_ros2/package.zsh'
[6.812s] Level 1:colcon.colcon_core.environment:create_file_with_runtime_dependencies(/home/robot/robot_ws/install/sllidar_ros2/share/colcon-core/packages/sllidar_ros2)
[6.815s] INFO:colcon.colcon_ros.task.ament_python.build:Building ROS package in '/home/robot/robot_ws/src/robot_serial' with build type 'ament_python'
[6.815s] Level 1:colcon.colcon_core.shell:create_environment_hook('robot_serial', 'ament_prefix_path')
[6.817s] INFO:colcon.colcon_core.shell:Creating environment hook '/home/robot/robot_ws/install/robot_serial/share/robot_serial/hook/ament_prefix_path.ps1'
[6.820s] INFO:colcon.colcon_core.shell:Creating environment descriptor '/home/robot/robot_ws/install/robot_serial/share/robot_serial/hook/ament_prefix_path.dsv'
[6.824s] INFO:colcon.colcon_core.shell:Creating environment hook '/home/robot/robot_ws/install/robot_serial/share/robot_serial/hook/ament_prefix_path.sh'
[6.828s] INFO:colcon.colcon_core.shell:Skip shell extension 'powershell' for command environment: Not usable outside of PowerShell
[6.828s] DEBUG:colcon.colcon_core.shell:Skip shell extension 'dsv' for command environment
[6.854s] INFO:colcon.colcon_ros.task.ament_python.build:Building ROS package in '/home/robot/robot_ws/src/web_bridge' with build type 'ament_python'
[6.854s] Level 1:colcon.colcon_core.shell:create_environment_hook('web_bridge', 'ament_prefix_path')
[6.856s] INFO:colcon.colcon_core.shell:Creating environment hook '/home/robot/robot_ws/install/web_bridge/share/web_bridge/hook/ament_prefix_path.ps1'
[6.859s] INFO:colcon.colcon_core.shell:Creating environment descriptor '/home/robot/robot_ws/install/web_bridge/share/web_bridge/hook/ament_prefix_path.dsv'
[6.862s] INFO:colcon.colcon_core.shell:Creating environment hook '/home/robot/robot_ws/install/web_bridge/share/web_bridge/hook/ament_prefix_path.sh'
[6.866s] INFO:colcon.colcon_core.shell:Skip shell extension 'powershell' for command environment: Not usable outside of PowerShell
[6.866s] DEBUG:colcon.colcon_core.shell:Skip shell extension 'dsv' for command environment
[8.983s] INFO:colcon.colcon_core.task.python.build:Building Python package in '/home/robot/robot_ws/src/robot_serial'
[8.985s] INFO:colcon.colcon_core.shell:Skip shell extension 'powershell' for command environment: Not usable outside of PowerShell
[8.986s] DEBUG:colcon.colcon_core.shell:Skip shell extension 'dsv' for command environment
[10.614s] INFO:colcon.colcon_core.task.python.build:Building Python package in '/home/robot/robot_ws/src/web_bridge'
[10.624s] INFO:colcon.colcon_core.shell:Skip shell extension 'powershell' for command environment: Not usable outside of PowerShell
[10.694s] DEBUG:colcon.colcon_core.shell:Skip shell extension 'dsv' for command environment
[10.728s] DEBUG:colcon.colcon_core.task.python.build:Available setuptools commands: install_data, install_scripts, upload, register, build, install, install_egg_info, install_lib, update_catalog, bdist_dumb, build_ext, easy_install, build_py, rotate, setopt, check, test, bdist_rpm, dist_info, compile_catalog, bdist_wheel, alias, init_catalog, symlink_data, clean, sdist, saveopts, bdist, develop, install_headers, bdist_egg, upload_docs, egg_info, extract_messages, build_clib, build_scripts
[10.773s] DEBUG:colcon.colcon_core.task.python.build:Available setuptools commands: install_data, install_scripts, upload, register, build, install, install_egg_info, install_lib, update_catalog, bdist_dumb, build_ext, easy_install, build_py, rotate, setopt, check, test, bdist_rpm, dist_info, compile_catalog, bdist_wheel, alias, init_catalog, symlink_data, clean, sdist, saveopts, bdist, develop, install_headers, bdist_egg, upload_docs, egg_info, extract_messages, build_clib, build_scripts
[12.962s] DEBUG:colcon.colcon_core.task.python.build:Available setuptools 'develop' options: --upgrade, --find-links, --site-dirs, --install-dir, --force-installation-into-system-dir, --dry-run, --allow-hosts, --zip-ok, --editable, --uninstall, --no-user-cfg, --user, --build-directory, --record, --always-unzip, --optimize, --version, --prefix, --no-deps, --always-copy, --index-url, --egg-path, --script-dir, --no-find-links, --help, --local-snapshots-ok, --install-layout, --multi-version, --verbose, --exclude-scripts, --quiet
[12.975s] DEBUG:colcon.colcon_core.event_handler.log_command:Invoking command in '/home/robot/robot_ws/build/camera_node': PYTHONPATH=/home/robot/robot_ws/build/camera_node/prefix_override:/usr/lib/python3/dist-packages/colcon_core/task/python/colcon_distutils_commands:/home/robot/robot_ws/install/camera_node/lib/python3.10/site-packages:${PYTHONPATH} /usr/bin/python3 -W ignore:setup.py install is deprecated -W ignore:easy_install command is deprecated setup.py develop --editable --build-directory /home/robot/robot_ws/build/camera_node/build --no-deps symlink_data
[13.676s] DEBUG:colcon.colcon_core.task.python.build:Available setuptools 'develop' options: --upgrade, --find-links, --site-dirs, --install-dir, --force-installation-into-system-dir, --dry-run, --allow-hosts, --zip-ok, --editable, --uninstall, --no-user-cfg, --user, --build-directory, --record, --always-unzip, --optimize, --version, --prefix, --no-deps, --always-copy, --index-url, --egg-path, --script-dir, --no-find-links, --help, --local-snapshots-ok, --install-layout, --multi-version, --verbose, --exclude-scripts, --quiet
[13.683s] DEBUG:colcon.colcon_core.event_handler.log_command:Invoking command in '/home/robot/robot_ws/build/robot_ai': PYTHONPATH=/home/robot/robot_ws/build/robot_ai/prefix_override:/usr/lib/python3/dist-packages/colcon_core/task/python/colcon_distutils_commands:/home/robot/robot_ws/install/robot_ai/lib/python3.10/site-packages:${PYTHONPATH} /usr/bin/python3 -W ignore:setup.py install is deprecated -W ignore:easy_install command is deprecated setup.py develop --editable --build-directory /home/robot/robot_ws/build/robot_ai/build --no-deps symlink_data
[14.893s] DEBUG:colcon.colcon_core.task.python.build:Available setuptools commands: install_data, install_scripts, upload, register, build, install, install_egg_info, install_lib, update_catalog, bdist_dumb, build_ext, easy_install, build_py, rotate, setopt, check, test, bdist_rpm, dist_info, compile_catalog, bdist_wheel, alias, init_catalog, symlink_data, clean, sdist, saveopts, bdist, develop, install_headers, bdist_egg, upload_docs, egg_info, extract_messages, build_clib, build_scripts
[15.423s] DEBUG:colcon.colcon_core.task.python.build:Available setuptools commands: install_data, install_scripts, upload, register, build, install, install_egg_info, install_lib, update_catalog, bdist_dumb, build_ext, easy_install, build_py, rotate, setopt, check, test, bdist_rpm, dist_info, compile_catalog, bdist_wheel, alias, init_catalog, symlink_data, clean, sdist, saveopts, bdist, develop, install_headers, bdist_egg, upload_docs, egg_info, extract_messages, build_clib, build_scripts
[17.231s] DEBUG:colcon.colcon_core.task.python.build:Available setuptools 'develop' options: --upgrade, --find-links, --site-dirs, --install-dir, --force-installation-into-system-dir, --dry-run, --allow-hosts, --zip-ok, --editable, --uninstall, --no-user-cfg, --user, --build-directory, --record, --always-unzip, --optimize, --version, --prefix, --no-deps, --always-copy, --index-url, --egg-path, --script-dir, --no-find-links, --help, --local-snapshots-ok, --install-layout, --multi-version, --verbose, --exclude-scripts, --quiet
[18.903s] Level 1:colcon.colcon_core.shell:create_environment_hook('camera_node', 'pythonpath_develop')
[18.905s] INFO:colcon.colcon_core.shell:Creating environment hook '/home/robot/robot_ws/build/camera_node/share/camera_node/hook/pythonpath_develop.ps1'
[18.919s] INFO:colcon.colcon_core.shell:Creating environment descriptor '/home/robot/robot_ws/build/camera_node/share/camera_node/hook/pythonpath_develop.dsv'
[18.925s] DEBUG:colcon.colcon_core.event_handler.log_command:Invoking command in '/home/robot/robot_ws/build/robot_serial': PYTHONPATH=/home/robot/robot_ws/build/robot_serial/prefix_override:/usr/lib/python3/dist-packages/colcon_core/task/python/colcon_distutils_commands:/home/robot/robot_ws/install/robot_serial/lib/python3.10/site-packages:${PYTHONPATH} /usr/bin/python3 -W ignore:setup.py install is deprecated -W ignore:easy_install command is deprecated setup.py develop --editable --build-directory /home/robot/robot_ws/build/robot_serial/build --no-deps symlink_data
[18.925s] INFO:colcon.colcon_core.shell:Creating environment hook '/home/robot/robot_ws/build/camera_node/share/camera_node/hook/pythonpath_develop.sh'
[18.928s] DEBUG:colcon.colcon_core.event_handler.log_command:Invoked command in '/home/robot/robot_ws/build/camera_node' returned '0': PYTHONPATH=/home/robot/robot_ws/build/camera_node/prefix_override:/usr/lib/python3/dist-packages/colcon_core/task/python/colcon_distutils_commands:/home/robot/robot_ws/install/camera_node/lib/python3.10/site-packages:${PYTHONPATH} /usr/bin/python3 -W ignore:setup.py install is deprecated -W ignore:easy_install command is deprecated setup.py develop --editable --build-directory /home/robot/robot_ws/build/camera_node/build --no-deps symlink_data
[18.931s] Level 1:colcon.colcon_core.environment:checking '/home/robot/robot_ws/install/camera_node' for CMake module files
[18.934s] Level 1:colcon.colcon_core.environment:checking '/home/robot/robot_ws/install/camera_node' for CMake config files
[18.940s] Level 1:colcon.colcon_core.environment:checking '/home/robot/robot_ws/install/camera_node/lib'
[18.941s] Level 1:colcon.colcon_core.environment:checking '/home/robot/robot_ws/install/camera_node/bin'
[18.941s] Level 1:colcon.colcon_core.environment:checking '/home/robot/robot_ws/install/camera_node/lib/pkgconfig/camera_node.pc'
[18.942s] Level 1:colcon.colcon_core.environment:checking '/home/robot/robot_ws/install/camera_node/lib/python3.10/site-packages'
[18.943s] Level 1:colcon.colcon_core.shell:create_environment_hook('camera_node', 'pythonpath')
[18.944s] INFO:colcon.colcon_core.shell:Creating environment hook '/home/robot/robot_ws/install/camera_node/share/camera_node/hook/pythonpath.ps1'
[18.947s] INFO:colcon.colcon_core.shell:Creating environment descriptor '/home/robot/robot_ws/install/camera_node/share/camera_node/hook/pythonpath.dsv'
[18.949s] INFO:colcon.colcon_core.shell:Creating environment hook '/home/robot/robot_ws/install/camera_node/share/camera_node/hook/pythonpath.sh'
[18.954s] Level 1:colcon.colcon_core.environment:checking '/home/robot/robot_ws/install/camera_node/bin'
[18.954s] Level 1:colcon.colcon_core.environment:create_environment_scripts_only(camera_node)
[18.956s] INFO:colcon.colcon_core.shell:Creating package script '/home/robot/robot_ws/install/camera_node/share/camera_node/package.ps1'
[18.960s] INFO:colcon.colcon_core.shell:Creating package descriptor '/home/robot/robot_ws/install/camera_node/share/camera_node/package.dsv'
[18.963s] INFO:colcon.colcon_core.shell:Creating package script '/home/robot/robot_ws/install/camera_node/share/camera_node/package.sh'
[18.966s] INFO:colcon.colcon_core.shell:Creating package script '/home/robot/robot_ws/install/camera_node/share/camera_node/package.bash'
[18.973s] INFO:colcon.colcon_core.shell:Creating package script '/home/robot/robot_ws/install/camera_node/share/camera_node/package.zsh'
[18.976s] Level 1:colcon.colcon_core.environment:create_file_with_runtime_dependencies(/home/robot/robot_ws/install/camera_node/share/colcon-core/packages/camera_node)
[18.978s] Level 1:colcon.colcon_core.shell:create_environment_hook('robot_ai', 'pythonpath_develop')
[18.980s] INFO:colcon.colcon_core.shell:Creating environment hook '/home/robot/robot_ws/build/robot_ai/share/robot_ai/hook/pythonpath_develop.ps1'
[18.984s] INFO:colcon.colcon_core.shell:Creating environment descriptor '/home/robot/robot_ws/build/robot_ai/share/robot_ai/hook/pythonpath_develop.dsv'
[18.987s] INFO:colcon.colcon_core.shell:Creating environment hook '/home/robot/robot_ws/build/robot_ai/share/robot_ai/hook/pythonpath_develop.sh'
[18.990s] DEBUG:colcon.colcon_core.event_handler.log_command:Invoked command in '/home/robot/robot_ws/build/robot_ai' returned '0': PYTHONPATH=/home/robot/robot_ws/build/robot_ai/prefix_override:/usr/lib/python3/dist-packages/colcon_core/task/python/colcon_distutils_commands:/home/robot/robot_ws/install/robot_ai/lib/python3.10/site-packages:${PYTHONPATH} /usr/bin/python3 -W ignore:setup.py install is deprecated -W ignore:easy_install command is deprecated setup.py develop --editable --build-directory /home/robot/robot_ws/build/robot_ai/build --no-deps symlink_data
[18.992s] Level 1:colcon.colcon_core.environment:checking '/home/robot/robot_ws/install/robot_ai' for CMake module files
[18.996s] Level 1:colcon.colcon_core.environment:checking '/home/robot/robot_ws/install/robot_ai' for CMake config files
[19.001s] Level 1:colcon.colcon_core.environment:checking '/home/robot/robot_ws/install/robot_ai/lib'
[19.002s] Level 1:colcon.colcon_core.environment:checking '/home/robot/robot_ws/install/robot_ai/bin'
[19.002s] Level 1:colcon.colcon_core.environment:checking '/home/robot/robot_ws/install/robot_ai/lib/pkgconfig/robot_ai.pc'
[19.004s] Level 1:colcon.colcon_core.environment:checking '/home/robot/robot_ws/install/robot_ai/lib/python3.10/site-packages'
[19.004s] Level 1:colcon.colcon_core.shell:create_environment_hook('robot_ai', 'pythonpath')
[19.005s] INFO:colcon.colcon_core.shell:Creating environment hook '/home/robot/robot_ws/install/robot_ai/share/robot_ai/hook/pythonpath.ps1'
[19.008s] INFO:colcon.colcon_core.shell:Creating environment descriptor '/home/robot/robot_ws/install/robot_ai/share/robot_ai/hook/pythonpath.dsv'
[19.010s] INFO:colcon.colcon_core.shell:Creating environment hook '/home/robot/robot_ws/install/robot_ai/share/robot_ai/hook/pythonpath.sh'
[19.014s] Level 1:colcon.colcon_core.environment:checking '/home/robot/robot_ws/install/robot_ai/bin'
[19.015s] Level 1:colcon.colcon_core.environment:create_environment_scripts_only(robot_ai)
[19.016s] INFO:colcon.colcon_core.shell:Creating package script '/home/robot/robot_ws/install/robot_ai/share/robot_ai/package.ps1'
[19.020s] INFO:colcon.colcon_core.shell:Creating package descriptor '/home/robot/robot_ws/install/robot_ai/share/robot_ai/package.dsv'
[19.023s] INFO:colcon.colcon_core.shell:Creating package script '/home/robot/robot_ws/install/robot_ai/share/robot_ai/package.sh'
[19.026s] INFO:colcon.colcon_core.shell:Creating package script '/home/robot/robot_ws/install/robot_ai/share/robot_ai/package.bash'
[19.028s] INFO:colcon.colcon_core.shell:Creating package script '/home/robot/robot_ws/install/robot_ai/share/robot_ai/package.zsh'
[19.031s] Level 1:colcon.colcon_core.environment:create_file_with_runtime_dependencies(/home/robot/robot_ws/install/robot_ai/share/colcon-core/packages/robot_ai)
[19.033s] DEBUG:colcon.colcon_core.task.python.build:Available setuptools 'develop' options: --upgrade, --find-links, --site-dirs, --install-dir, --force-installation-into-system-dir, --dry-run, --allow-hosts, --zip-ok, --editable, --uninstall, --no-user-cfg, --user, --build-directory, --record, --always-unzip, --optimize, --version, --prefix, --no-deps, --always-copy, --index-url, --egg-path, --script-dir, --no-find-links, --help, --local-snapshots-ok, --install-layout, --multi-version, --verbose, --exclude-scripts, --quiet
[19.048s] DEBUG:colcon.colcon_core.event_handler.log_command:Invoking command in '/home/robot/robot_ws/build/web_bridge': PYTHONPATH=/home/robot/robot_ws/build/web_bridge/prefix_override:/usr/lib/python3/dist-packages/colcon_core/task/python/colcon_distutils_commands:/home/robot/robot_ws/install/web_bridge/lib/python3.10/site-packages:${PYTHONPATH} /usr/bin/python3 -W ignore:setup.py install is deprecated -W ignore:easy_install command is deprecated setup.py develop --editable --build-directory /home/robot/robot_ws/build/web_bridge/build --no-deps symlink_data
[19.050s] INFO:colcon.colcon_ros.task.ament_cmake.build:Building ROS package in '/home/robot/robot_ws/src/robot_bringup' with build type 'ament_cmake'
[19.051s] INFO:colcon.colcon_cmake.task.cmake.build:Building CMake package in '/home/robot/robot_ws/src/robot_bringup'
[19.053s] INFO:colcon.colcon_core.shell:Skip shell extension 'powershell' for command environment: Not usable outside of PowerShell
[19.053s] DEBUG:colcon.colcon_core.shell:Skip shell extension 'dsv' for command environment
[19.294s] DEBUG:colcon.colcon_core.event_handler.log_command:Invoking command in '/home/robot/robot_ws/build/robot_bringup': CMAKE_PREFIX_PATH=/home/robot/robot_ws/install/sllidar_ros2:/home/robot/robot_ws/install/robot_description:/home/robot/robot_ws/install/robot_bringup:/home/robot/robot_ws/install/web_bridge:/home/robot/robot_ws/install/robot_serial:/home/robot/robot_ws/install/robot_ai:/home/robot/robot_ws/install/camera_node:/opt/ros/humble /usr/bin/cmake --build /home/robot/robot_ws/build/robot_bringup -- -j4 -l4
[19.369s] DEBUG:colcon.colcon_core.event_handler.log_command:Invoked command in '/home/robot/robot_ws/build/robot_bringup' returned '0': CMAKE_PREFIX_PATH=/home/robot/robot_ws/install/sllidar_ros2:/home/robot/robot_ws/install/robot_description:/home/robot/robot_ws/install/robot_bringup:/home/robot/robot_ws/install/web_bridge:/home/robot/robot_ws/install/robot_serial:/home/robot/robot_ws/install/robot_ai:/home/robot/robot_ws/install/camera_node:/opt/ros/humble /usr/bin/cmake --build /home/robot/robot_ws/build/robot_bringup -- -j4 -l4
[19.372s] DEBUG:colcon.colcon_core.event_handler.log_command:Invoking command in '/home/robot/robot_ws/build/robot_bringup': CMAKE_PREFIX_PATH=/home/robot/robot_ws/install/sllidar_ros2:/home/robot/robot_ws/install/robot_description:/home/robot/robot_ws/install/robot_bringup:/home/robot/robot_ws/install/web_bridge:/home/robot/robot_ws/install/robot_serial:/home/robot/robot_ws/install/robot_ai:/home/robot/robot_ws/install/camera_node:/opt/ros/humble /usr/bin/cmake --install /home/robot/robot_ws/build/robot_bringup
[19.726s] Level 1:colcon.colcon_core.environment:create_environment_scripts_only(robot_bringup)
[19.727s] Level 1:colcon.colcon_core.environment:checking '/home/robot/robot_ws/install/robot_bringup' for CMake module files
[19.736s] DEBUG:colcon.colcon_core.event_handler.log_command:Invoked command in '/home/robot/robot_ws/build/robot_bringup' returned '0': CMAKE_PREFIX_PATH=/home/robot/robot_ws/install/sllidar_ros2:/home/robot/robot_ws/install/robot_description:/home/robot/robot_ws/install/robot_bringup:/home/robot/robot_ws/install/web_bridge:/home/robot/robot_ws/install/robot_serial:/home/robot/robot_ws/install/robot_ai:/home/robot/robot_ws/install/camera_node:/opt/ros/humble /usr/bin/cmake --install /home/robot/robot_ws/build/robot_bringup
[19.739s] Level 1:colcon.colcon_core.environment:checking '/home/robot/robot_ws/install/robot_bringup' for CMake config files
[19.826s] Level 1:colcon.colcon_core.shell:create_environment_hook('robot_bringup', 'cmake_prefix_path')
[19.827s] INFO:colcon.colcon_core.shell:Creating environment hook '/home/robot/robot_ws/install/robot_bringup/share/robot_bringup/hook/cmake_prefix_path.ps1'
[19.830s] INFO:colcon.colcon_core.shell:Creating environment descriptor '/home/robot/robot_ws/install/robot_bringup/share/robot_bringup/hook/cmake_prefix_path.dsv'
[19.833s] INFO:colcon.colcon_core.shell:Creating environment hook '/home/robot/robot_ws/install/robot_bringup/share/robot_bringup/hook/cmake_prefix_path.sh'
[19.836s] Level 1:colcon.colcon_core.environment:checking '/home/robot/robot_ws/install/robot_bringup/lib'
[19.837s] Level 1:colcon.colcon_core.environment:checking '/home/robot/robot_ws/install/robot_bringup/bin'
[19.838s] Level 1:colcon.colcon_core.environment:checking '/home/robot/robot_ws/install/robot_bringup/lib/pkgconfig/robot_bringup.pc'
[19.839s] Level 1:colcon.colcon_core.environment:checking '/home/robot/robot_ws/install/robot_bringup/lib/python3.10/site-packages'
[19.843s] Level 1:colcon.colcon_core.environment:checking '/home/robot/robot_ws/install/robot_bringup/bin'
[19.845s] INFO:colcon.colcon_core.shell:Creating package script '/home/robot/robot_ws/install/robot_bringup/share/robot_bringup/package.ps1'
[19.850s] INFO:colcon.colcon_core.shell:Creating package descriptor '/home/robot/robot_ws/install/robot_bringup/share/robot_bringup/package.dsv'
[19.853s] INFO:colcon.colcon_core.shell:Creating package script '/home/robot/robot_ws/install/robot_bringup/share/robot_bringup/package.sh'
[19.855s] INFO:colcon.colcon_core.shell:Creating package script '/home/robot/robot_ws/install/robot_bringup/share/robot_bringup/package.bash'
[19.860s] INFO:colcon.colcon_core.shell:Creating package script '/home/robot/robot_ws/install/robot_bringup/share/robot_bringup/package.zsh'
[19.862s] Level 1:colcon.colcon_core.environment:create_file_with_runtime_dependencies(/home/robot/robot_ws/install/robot_bringup/share/colcon-core/packages/robot_bringup)
[19.866s] Level 1:colcon.colcon_core.environment:create_environment_scripts_only(robot_bringup)
[19.868s] Level 1:colcon.colcon_core.environment:checking '/home/robot/robot_ws/install/robot_bringup' for CMake module files
[19.872s] Level 1:colcon.colcon_core.environment:checking '/home/robot/robot_ws/install/robot_bringup' for CMake config files
[19.888s] Level 1:colcon.colcon_core.shell:create_environment_hook('robot_bringup', 'cmake_prefix_path')
[19.890s] INFO:colcon.colcon_core.shell:Creating environment hook '/home/robot/robot_ws/install/robot_bringup/share/robot_bringup/hook/cmake_prefix_path.ps1'
[20.252s] INFO:colcon.colcon_core.shell:Creating environment descriptor '/home/robot/robot_ws/install/robot_bringup/share/robot_bringup/hook/cmake_prefix_path.dsv'
[20.420s] INFO:colcon.colcon_core.shell:Creating environment hook '/home/robot/robot_ws/install/robot_bringup/share/robot_bringup/hook/cmake_prefix_path.sh'
[20.427s] Level 1:colcon.colcon_core.environment:checking '/home/robot/robot_ws/install/robot_bringup/lib'
[20.428s] Level 1:colcon.colcon_core.environment:checking '/home/robot/robot_ws/install/robot_bringup/bin'
[20.429s] Level 1:colcon.colcon_core.environment:checking '/home/robot/robot_ws/install/robot_bringup/lib/pkgconfig/robot_bringup.pc'
[20.445s] Level 1:colcon.colcon_core.environment:checking '/home/robot/robot_ws/install/robot_bringup/lib/python3.10/site-packages'
[20.447s] Level 1:colcon.colcon_core.environment:checking '/home/robot/robot_ws/install/robot_bringup/bin'
[20.449s] INFO:colcon.colcon_core.shell:Creating package script '/home/robot/robot_ws/install/robot_bringup/share/robot_bringup/package.ps1'
[20.454s] INFO:colcon.colcon_core.shell:Creating package descriptor '/home/robot/robot_ws/install/robot_bringup/share/robot_bringup/package.dsv'
[20.457s] INFO:colcon.colcon_core.shell:Creating package script '/home/robot/robot_ws/install/robot_bringup/share/robot_bringup/package.sh'
[20.461s] INFO:colcon.colcon_core.shell:Creating package script '/home/robot/robot_ws/install/robot_bringup/share/robot_bringup/package.bash'
[20.464s] INFO:colcon.colcon_core.shell:Creating package script '/home/robot/robot_ws/install/robot_bringup/share/robot_bringup/package.zsh'
[20.468s] Level 1:colcon.colcon_core.environment:create_file_with_runtime_dependencies(/home/robot/robot_ws/install/robot_bringup/share/colcon-core/packages/robot_bringup)
[21.978s] Level 1:colcon.colcon_core.shell:create_environment_hook('robot_serial', 'pythonpath_develop')
[21.980s] INFO:colcon.colcon_core.shell:Creating environment hook '/home/robot/robot_ws/build/robot_serial/share/robot_serial/hook/pythonpath_develop.ps1'
[21.981s] DEBUG:colcon.colcon_core.event_handler.log_command:Invoked command in '/home/robot/robot_ws/build/robot_serial' returned '0': PYTHONPATH=/home/robot/robot_ws/build/robot_serial/prefix_override:/usr/lib/python3/dist-packages/colcon_core/task/python/colcon_distutils_commands:/home/robot/robot_ws/install/robot_serial/lib/python3.10/site-packages:${PYTHONPATH} /usr/bin/python3 -W ignore:setup.py install is deprecated -W ignore:easy_install command is deprecated setup.py develop --editable --build-directory /home/robot/robot_ws/build/robot_serial/build --no-deps symlink_data
[21.984s] INFO:colcon.colcon_core.shell:Creating environment descriptor '/home/robot/robot_ws/build/robot_serial/share/robot_serial/hook/pythonpath_develop.dsv'
[21.986s] INFO:colcon.colcon_core.shell:Creating environment hook '/home/robot/robot_ws/build/robot_serial/share/robot_serial/hook/pythonpath_develop.sh'
[21.990s] Level 1:colcon.colcon_core.environment:checking '/home/robot/robot_ws/install/robot_serial' for CMake module files
[21.993s] Level 1:colcon.colcon_core.environment:checking '/home/robot/robot_ws/install/robot_serial' for CMake config files
[21.998s] Level 1:colcon.colcon_core.environment:checking '/home/robot/robot_ws/install/robot_serial/lib'
[21.998s] Level 1:colcon.colcon_core.environment:checking '/home/robot/robot_ws/install/robot_serial/bin'
[21.999s] Level 1:colcon.colcon_core.environment:checking '/home/robot/robot_ws/install/robot_serial/lib/pkgconfig/robot_serial.pc'
[22.000s] Level 1:colcon.colcon_core.environment:checking '/home/robot/robot_ws/install/robot_serial/lib/python3.10/site-packages'
[22.001s] Level 1:colcon.colcon_core.shell:create_environment_hook('robot_serial', 'pythonpath')
[22.002s] INFO:colcon.colcon_core.shell:Creating environment hook '/home/robot/robot_ws/install/robot_serial/share/robot_serial/hook/pythonpath.ps1'
[22.004s] INFO:colcon.colcon_core.shell:Creating environment descriptor '/home/robot/robot_ws/install/robot_serial/share/robot_serial/hook/pythonpath.dsv'
[22.007s] INFO:colcon.colcon_core.shell:Creating environment hook '/home/robot/robot_ws/install/robot_serial/share/robot_serial/hook/pythonpath.sh'
[22.011s] Level 1:colcon.colcon_core.environment:checking '/home/robot/robot_ws/install/robot_serial/bin'
[22.011s] Level 1:colcon.colcon_core.environment:create_environment_scripts_only(robot_serial)
[22.013s] INFO:colcon.colcon_core.shell:Creating package script '/home/robot/robot_ws/install/robot_serial/share/robot_serial/package.ps1'
[22.018s] INFO:colcon.colcon_core.shell:Creating package descriptor '/home/robot/robot_ws/install/robot_serial/share/robot_serial/package.dsv'
[22.021s] INFO:colcon.colcon_core.shell:Creating package script '/home/robot/robot_ws/install/robot_serial/share/robot_serial/package.sh'
[22.025s] INFO:colcon.colcon_core.shell:Creating package script '/home/robot/robot_ws/install/robot_serial/share/robot_serial/package.bash'
[22.028s] INFO:colcon.colcon_core.shell:Creating package script '/home/robot/robot_ws/install/robot_serial/share/robot_serial/package.zsh'
[22.033s] Level 1:colcon.colcon_core.environment:create_file_with_runtime_dependencies(/home/robot/robot_ws/install/robot_serial/share/colcon-core/packages/robot_serial)
[22.563s] Level 1:colcon.colcon_core.shell:create_environment_hook('web_bridge', 'pythonpath_develop')
[22.564s] INFO:colcon.colcon_core.shell:Creating environment hook '/home/robot/robot_ws/build/web_bridge/share/web_bridge/hook/pythonpath_develop.ps1'
[22.566s] DEBUG:colcon.colcon_core.event_handler.log_command:Invoked command in '/home/robot/robot_ws/build/web_bridge' returned '0': PYTHONPATH=/home/robot/robot_ws/build/web_bridge/prefix_override:/usr/lib/python3/dist-packages/colcon_core/task/python/colcon_distutils_commands:/home/robot/robot_ws/install/web_bridge/lib/python3.10/site-packages:${PYTHONPATH} /usr/bin/python3 -W ignore:setup.py install is deprecated -W ignore:easy_install command is deprecated setup.py develop --editable --build-directory /home/robot/robot_ws/build/web_bridge/build --no-deps symlink_data
[22.798s] INFO:colcon.colcon_core.shell:Creating environment descriptor '/home/robot/robot_ws/build/web_bridge/share/web_bridge/hook/pythonpath_develop.dsv'
[22.802s] INFO:colcon.colcon_core.shell:Creating environment hook '/home/robot/robot_ws/build/web_bridge/share/web_bridge/hook/pythonpath_develop.sh'
[22.807s] Level 1:colcon.colcon_core.environment:checking '/home/robot/robot_ws/install/web_bridge' for CMake module files
[22.811s] Level 1:colcon.colcon_core.environment:checking '/home/robot/robot_ws/install/web_bridge' for CMake config files
[22.816s] Level 1:colcon.colcon_core.environment:checking '/home/robot/robot_ws/install/web_bridge/lib'
[22.817s] Level 1:colcon.colcon_core.environment:checking '/home/robot/robot_ws/install/web_bridge/bin'
[22.817s] Level 1:colcon.colcon_core.environment:checking '/home/robot/robot_ws/install/web_bridge/lib/pkgconfig/web_bridge.pc'
[22.818s] Level 1:colcon.colcon_core.environment:checking '/home/robot/robot_ws/install/web_bridge/lib/python3.10/site-packages'
[22.819s] Level 1:colcon.colcon_core.shell:create_environment_hook('web_bridge', 'pythonpath')
[22.820s] INFO:colcon.colcon_core.shell:Creating environment hook '/home/robot/robot_ws/install/web_bridge/share/web_bridge/hook/pythonpath.ps1'
[22.822s] INFO:colcon.colcon_core.shell:Creating environment descriptor '/home/robot/robot_ws/install/web_bridge/share/web_bridge/hook/pythonpath.dsv'
[22.824s] INFO:colcon.colcon_core.shell:Creating environment hook '/home/robot/robot_ws/install/web_bridge/share/web_bridge/hook/pythonpath.sh'
[22.828s] Level 1:colcon.colcon_core.environment:checking '/home/robot/robot_ws/install/web_bridge/bin'
[22.829s] Level 1:colcon.colcon_core.environment:create_environment_scripts_only(web_bridge)
[22.831s] INFO:colcon.colcon_core.shell:Creating package script '/home/robot/robot_ws/install/web_bridge/share/web_bridge/package.ps1'
[22.835s] INFO:colcon.colcon_core.shell:Creating package descriptor '/home/robot/robot_ws/install/web_bridge/share/web_bridge/package.dsv'
[22.837s] INFO:colcon.colcon_core.shell:Creating package script '/home/robot/robot_ws/install/web_bridge/share/web_bridge/package.sh'
[22.840s] INFO:colcon.colcon_core.shell:Creating package script '/home/robot/robot_ws/install/web_bridge/share/web_bridge/package.bash'
[22.842s] INFO:colcon.colcon_core.shell:Creating package script '/home/robot/robot_ws/install/web_bridge/share/web_bridge/package.zsh'
[22.844s] Level 1:colcon.colcon_core.environment:create_file_with_runtime_dependencies(/home/robot/robot_ws/install/web_bridge/share/colcon-core/packages/web_bridge)
[22.846s] DEBUG:colcon.colcon_parallel_executor.executor.parallel:closing loop
[22.847s] DEBUG:colcon.colcon_parallel_executor.executor.parallel:loop closed
[22.848s] DEBUG:colcon.colcon_parallel_executor.executor.parallel:run_until_complete finished with '0'
[22.849s] DEBUG:colcon.colcon_core.event_reactor:joining thread
[22.852s] DEBUG:colcon.colcon_core.event_reactor:joined thread
[22.853s] INFO:colcon.colcon_core.shell:Creating prefix script '/home/robot/robot_ws/install/local_setup.ps1'
[22.858s] INFO:colcon.colcon_core.shell:Creating prefix util module '/home/robot/robot_ws/install/_local_setup_util_ps1.py'
[22.867s] INFO:colcon.colcon_core.shell:Creating prefix chain script '/home/robot/robot_ws/install/setup.ps1'
[22.874s] INFO:colcon.colcon_core.shell:Creating prefix script '/home/robot/robot_ws/install/local_setup.sh'
[22.877s] INFO:colcon.colcon_core.shell:Creating prefix util module '/home/robot/robot_ws/install/_local_setup_util_sh.py'
[22.881s] INFO:colcon.colcon_core.shell:Creating prefix chain script '/home/robot/robot_ws/install/setup.sh'
[22.888s] INFO:colcon.colcon_core.shell:Creating prefix script '/home/robot/robot_ws/install/local_setup.bash'
[22.891s] INFO:colcon.colcon_core.shell:Creating prefix chain script '/home/robot/robot_ws/install/setup.bash'
[22.898s] INFO:colcon.colcon_core.shell:Creating prefix script '/home/robot/robot_ws/install/local_setup.zsh'
[22.901s] INFO:colcon.colcon_core.shell:Creating prefix chain script '/home/robot/robot_ws/install/setup.zsh'
