[0.049s] Invoking command in '/home/phuongnam/robot_main/build/sllidar_ros2': CMAKE_PREFIX_PATH=/opt/ros/humble /usr/bin/cmake /home/phuongnam/robot_main/src/sllidar_ros2 -DAMENT_CMAKE_SYMLINK_INSTALL=1 -DCMAKE_INSTALL_PREFIX=/home/phuongnam/robot_main/install/sllidar_ros2
[1.272s] -- The C compiler identification is GNU 11.4.0
[1.273s] -- The CXX compiler identification is GNU 11.4.0
[1.273s] -- Detecting C compiler ABI info
[1.274s] -- Detecting C compiler ABI info - done
[1.274s] -- Check for working C compiler: /usr/bin/cc - skipped
[1.276s] -- Detecting C compile features
[1.276s] -- Detecting C compile features - done
[1.276s] -- Detecting CXX compiler ABI info
[1.276s] -- Detecting CXX compiler ABI info - done
[1.276s] -- Check for working CXX compiler: /usr/bin/c++ - skipped
[1.276s] -- Detecting CXX compile features
[1.276s] -- Detecting CXX compile features - done
[1.276s] -- Found ament_cmake: 1.3.14 (/opt/ros/humble/share/ament_cmake/cmake)
[1.276s] -- Found Python3: /usr/bin/python3 (found version "3.10.12") found components: Interpreter 
[1.277s] -- Override CMake install command with custom implementation using symlinks instead of copying resources
[1.277s] -- Found rclcpp: 16.0.19 (/opt/ros/humble/share/rclcpp/cmake)
[1.277s] -- Found rosidl_generator_c: 3.1.8 (/opt/ros/humble/share/rosidl_generator_c/cmake)
[1.277s] -- Found rosidl_adapter: 3.1.8 (/opt/ros/humble/share/rosidl_adapter/cmake)
[1.277s] -- Found rosidl_generator_cpp: 3.1.8 (/opt/ros/humble/share/rosidl_generator_cpp/cmake)
[1.277s] -- Using all available rosidl_typesupport_c: rosidl_typesupport_fastrtps_c;rosidl_typesupport_introspection_c
[1.277s] -- Using all available rosidl_typesupport_cpp: rosidl_typesupport_fastrtps_cpp;rosidl_typesupport_introspection_cpp
[1.284s] -- Found rmw_implementation_cmake: 6.1.2 (/opt/ros/humble/share/rmw_implementation_cmake/cmake)
[1.298s] -- Found rmw_fastrtps_cpp: 6.2.10 (/opt/ros/humble/share/rmw_fastrtps_cpp/cmake)
[1.538s] -- Found OpenSSL: /usr/lib/x86_64-linux-gnu/libcrypto.so (found version "3.0.2")  
[1.578s] -- Found FastRTPS: /opt/ros/humble/include  
[1.635s] -- Using RMW implementation 'rmw_fastrtps_cpp' as default
[1.666s] -- Looking for pthread.h
[1.842s] -- Looking for pthread.h - found
[1.845s] -- Performing Test CMAKE_HAVE_LIBC_PTHREAD
[1.963s] -- Performing Test CMAKE_HAVE_LIBC_PTHREAD - Success
[1.965s] -- Found Threads: TRUE  
[2.120s] -- Found sensor_msgs: 4.9.1 (/opt/ros/humble/share/sensor_msgs/cmake)
[2.206s] -- Found std_srvs: 4.9.1 (/opt/ros/humble/share/std_srvs/cmake)
[2.371s] -- Configuring done
[2.406s] -- Generating done
[2.418s] -- Build files have been written to: /home/phuongnam/robot_main/build/sllidar_ros2
[2.442s] Invoked command in '/home/phuongnam/robot_main/build/sllidar_ros2' returned '0': CMAKE_PREFIX_PATH=/opt/ros/humble /usr/bin/cmake /home/phuongnam/robot_main/src/sllidar_ros2 -DAMENT_CMAKE_SYMLINK_INSTALL=1 -DCMAKE_INSTALL_PREFIX=/home/phuongnam/robot_main/install/sllidar_ros2
[2.445s] Invoking command in '/home/phuongnam/robot_main/build/sllidar_ros2': CMAKE_PREFIX_PATH=/opt/ros/humble /usr/bin/cmake --build /home/phuongnam/robot_main/build/sllidar_ros2 -- -j8 -l8
[2.544s] [  5%] [32mBuilding CXX object CMakeFiles/sllidar_client.dir/src/sllidar_client.cpp.o[0m
[2.552s] [ 10%] [32mBuilding CXX object CMakeFiles/sllidar_node.dir/src/sllidar_node.cpp.o[0m
[2.557s] [ 15%] [32mBuilding CXX object CMakeFiles/sllidar_node.dir/sdk/src/arch/linux/net_serial.cpp.o[0m
[2.557s] [ 20%] [32mBuilding CXX object CMakeFiles/sllidar_node.dir/sdk/src/dataunpacker/unpacker/handler_capsules.cpp.o[0m
[2.561s] [ 25%] [32mBuilding CXX object CMakeFiles/sllidar_node.dir/sdk/src/arch/linux/net_socket.cpp.o[0m
[2.566s] [ 30%] [32mBuilding CXX object CMakeFiles/sllidar_node.dir/sdk/src/dataunpacker/unpacker/handler_hqnode.cpp.o[0m
[2.573s] [ 35%] [32mBuilding CXX object CMakeFiles/sllidar_node.dir/sdk/src/arch/linux/timer.cpp.o[0m
[2.573s] [ 40%] [32mBuilding CXX object CMakeFiles/sllidar_node.dir/sdk/src/dataunpacker/dataunpacker.cpp.o[0m
[4.032s] In file included from /home/phuongnam/robot_main/src/sllidar_ros2/./sdk/include/rplidar_protocol.h:36,
[4.033s]                  from /home/phuongnam/robot_main/src/sllidar_ros2/./sdk/include/rplidar.h:39,
[4.033s]                  from /home/phuongnam/robot_main/src/sllidar_ros2/./sdk/src/sdkcommon.h:49,
[4.033s]                  from /home/phuongnam/robot_main/src/sllidar_ros2/sdk/src/dataunpacker/dataunnpacker_commondef.h:41,
[4.033s]                  from /home/phuongnam/robot_main/src/sllidar_ros2/sdk/src/dataunpacker/dataunpacker.cpp:39:
[4.033s] /home/phuongnam/robot_main/src/sllidar_ros2/./sdk/include/sl_lidar_protocol.h:66:16: warning: ISO C++ forbids zero-size array ‘data’ [-Wpedantic]
[4.034s]    66 |     sl_u8 data[0];
[4.034s]       |                ^
[4.035s] In file included from /home/phuongnam/robot_main/src/sllidar_ros2/./sdk/include/rplidar_cmd.h:36,
[4.035s]                  from /home/phuongnam/robot_main/src/sllidar_ros2/./sdk/include/rplidar.h:40,
[4.035s]                  from /home/phuongnam/robot_main/src/sllidar_ros2/./sdk/src/sdkcommon.h:49,
[4.036s]                  from /home/phuongnam/robot_main/src/sllidar_ros2/sdk/src/dataunpacker/dataunnpacker_commondef.h:41,
[4.036s]                  from /home/phuongnam/robot_main/src/sllidar_ros2/sdk/src/dataunpacker/dataunpacker.cpp:39:
[4.039s] /home/phuongnam/robot_main/src/sllidar_ros2/./sdk/include/sl_lidar_cmd.h:324:20: warning: ISO C++ forbids zero-size array ‘payload’ [-Wpedantic]
[4.039s]   324 |     sl_u8  payload[0];
[4.040s]       |                    ^
[4.445s] In file included from /home/phuongnam/robot_main/src/sllidar_ros2/./sdk/include/rplidar_protocol.h:36,
[4.445s]                  from /home/phuongnam/robot_main/src/sllidar_ros2/./sdk/include/rplidar.h:39,
[4.445s]                  from /home/phuongnam/robot_main/src/sllidar_ros2/./sdk/src/sdkcommon.h:49,
[4.454s]                  from /home/phuongnam/robot_main/src/sllidar_ros2/sdk/src/arch/linux/net_socket.cpp:10:
[4.454s] /home/phuongnam/robot_main/src/sllidar_ros2/./sdk/include/sl_lidar_protocol.h:66:16: warning: ISO C++ forbids zero-size array ‘data’ [-Wpedantic]
[4.455s]    66 |     sl_u8 data[0];
[4.455s]       |                ^
[4.455s] In file included from /home/phuongnam/robot_main/src/sllidar_ros2/./sdk/include/rplidar_cmd.h:36,
[4.455s]                  from /home/phuongnam/robot_main/src/sllidar_ros2/./sdk/include/rplidar.h:40,
[4.455s]                  from /home/phuongnam/robot_main/src/sllidar_ros2/./sdk/src/sdkcommon.h:49,
[4.455s]                  from /home/phuongnam/robot_main/src/sllidar_ros2/sdk/src/arch/linux/net_socket.cpp:10:
[4.455s] /home/phuongnam/robot_main/src/sllidar_ros2/./sdk/include/sl_lidar_cmd.h:324:20: warning: ISO C++ forbids zero-size array ‘payload’ [-Wpedantic]
[4.456s]   324 |     sl_u8  payload[0];
[4.456s]       |                    ^
[4.555s] In file included from /home/phuongnam/robot_main/src/sllidar_ros2/./sdk/include/rplidar_protocol.h:36,
[4.555s]                  from /home/phuongnam/robot_main/src/sllidar_ros2/./sdk/include/rplidar.h:39,
[4.555s]                  from /home/phuongnam/robot_main/src/sllidar_ros2/./sdk/src/sdkcommon.h:49,
[4.556s]                  from /home/phuongnam/robot_main/src/sllidar_ros2/sdk/src/dataunpacker/unpacker/../dataunnpacker_commondef.h:41,
[4.556s]                  from /home/phuongnam/robot_main/src/sllidar_ros2/sdk/src/dataunpacker/unpacker/handler_hqnode.cpp:39:
[4.556s] /home/phuongnam/robot_main/src/sllidar_ros2/./sdk/include/sl_lidar_protocol.h:66:16: warning: ISO C++ forbids zero-size array ‘data’ [-Wpedantic]
[4.556s]    66 |     sl_u8 data[0];
[4.556s]       |                ^
[4.564s] In file included from /home/phuongnam/robot_main/src/sllidar_ros2/./sdk/include/rplidar_cmd.h:36,
[4.564s]                  from /home/phuongnam/robot_main/src/sllidar_ros2/./sdk/include/rplidar.h:40,
[4.565s]                  from /home/phuongnam/robot_main/src/sllidar_ros2/./sdk/src/sdkcommon.h:49,
[4.565s]                  from /home/phuongnam/robot_main/src/sllidar_ros2/sdk/src/dataunpacker/unpacker/../dataunnpacker_commondef.h:41,
[4.565s]                  from /home/phuongnam/robot_main/src/sllidar_ros2/sdk/src/dataunpacker/unpacker/handler_hqnode.cpp:39:
[4.565s] /home/phuongnam/robot_main/src/sllidar_ros2/./sdk/include/sl_lidar_cmd.h:324:20: warning: ISO C++ forbids zero-size array ‘payload’ [-Wpedantic]
[4.565s]   324 |     sl_u8  payload[0];
[4.566s]       |                    ^
[4.580s] In file included from /home/phuongnam/robot_main/src/sllidar_ros2/./sdk/include/rplidar_protocol.h:36,
[4.580s]                  from /home/phuongnam/robot_main/src/sllidar_ros2/./sdk/include/rplidar.h:39,
[4.580s]                  from /home/phuongnam/robot_main/src/sllidar_ros2/./sdk/src/sdkcommon.h:49,
[4.580s]                  from /home/phuongnam/robot_main/src/sllidar_ros2/sdk/src/dataunpacker/unpacker/../dataunnpacker_commondef.h:41,
[4.581s]                  from /home/phuongnam/robot_main/src/sllidar_ros2/sdk/src/dataunpacker/unpacker/handler_capsules.cpp:39:
[4.581s] /home/phuongnam/robot_main/src/sllidar_ros2/./sdk/include/sl_lidar_protocol.h:66:16: warning: ISO C++ forbids zero-size array ‘data’ [-Wpedantic]
[4.581s]    66 |     sl_u8 data[0];
[4.581s]       |                ^
[4.584s] In file included from /home/phuongnam/robot_main/src/sllidar_ros2/./sdk/include/rplidar_cmd.h:36,
[4.584s]                  from /home/phuongnam/robot_main/src/sllidar_ros2/./sdk/include/rplidar.h:40,
[4.585s]                  from /home/phuongnam/robot_main/src/sllidar_ros2/./sdk/src/sdkcommon.h:49,
[4.585s]                  from /home/phuongnam/robot_main/src/sllidar_ros2/sdk/src/dataunpacker/unpacker/../dataunnpacker_commondef.h:41,
[4.585s]                  from /home/phuongnam/robot_main/src/sllidar_ros2/sdk/src/dataunpacker/unpacker/handler_capsules.cpp:39:
[4.585s] /home/phuongnam/robot_main/src/sllidar_ros2/./sdk/include/sl_lidar_cmd.h:324:20: warning: ISO C++ forbids zero-size array ‘payload’ [-Wpedantic]
[4.585s]   324 |     sl_u8  payload[0];
[4.585s]       |                    ^
[4.592s] In file included from /home/phuongnam/robot_main/src/sllidar_ros2/sdk/src/dataunpacker/dataunpacker.cpp:40:
[4.592s] /home/phuongnam/robot_main/src/sllidar_ros2/sdk/src/dataunpacker/dataunpacker.h: In member function ‘virtual void sl::internal::LIDARSampleDataListener::onCustomSampleDataDecoded(_u8, _u32, const void*, size_t)’:
[4.593s] /home/phuongnam/robot_main/src/sllidar_ros2/sdk/src/dataunpacker/dataunpacker.h:54:52: warning: unused parameter ‘ansType’ [-Wunused-parameter]
[4.593s]    54 |         virtual void onCustomSampleDataDecoded(_u8 ansType, _u32 customCode, const void* data, size_t size) {}
[4.593s]       |                                                ~~~~^~~~~~~
[4.593s] /home/phuongnam/robot_main/src/sllidar_ros2/sdk/src/dataunpacker/dataunpacker.h:54:66: warning: unused parameter ‘customCode’ [-Wunused-parameter]
[4.593s]    54 |         virtual void onCustomSampleDataDecoded(_u8 ansType, _u32 customCode, const void* data, size_t size) {}
[4.594s]       |                                                             ~~~~~^~~~~~~~~~
[4.594s] /home/phuongnam/robot_main/src/sllidar_ros2/sdk/src/dataunpacker/dataunpacker.h:54:90: warning: unused parameter ‘data’ [-Wunused-parameter]
[4.594s]    54 |         virtual void onCustomSampleDataDecoded(_u8 ansType, _u32 customCode, const void* data, size_t size) {}
[4.594s]       |                                                                              ~~~~~~~~~~~~^~~~
[4.594s] /home/phuongnam/robot_main/src/sllidar_ros2/sdk/src/dataunpacker/dataunpacker.h:54:103: warning: unused parameter ‘size’ [-Wunused-parameter]
[4.594s]    54 |         virtual void onCustomSampleDataDecoded(_u8 ansType, _u32 customCode, const void* data, size_t size) {}
[4.595s]       |                                                                                                ~~~~~~~^~~~
[4.595s] /home/phuongnam/robot_main/src/sllidar_ros2/sdk/src/dataunpacker/dataunpacker.h: In member function ‘virtual void sl::internal::LIDARSampleDataListener::onDecodingError(int, _u8, const void*, size_t)’:
[4.602s] /home/phuongnam/robot_main/src/sllidar_ros2/sdk/src/dataunpacker/dataunpacker.h:56:42: warning: unused parameter ‘errMsg’ [-Wunused-parameter]
[4.602s]    56 |         virtual void onDecodingError(int errMsg, _u8 ansType, const void* payload, size_t size) {}
[4.603s]       |                                      ~~~~^~~~~~
[4.603s] /home/phuongnam/robot_main/src/sllidar_ros2/sdk/src/dataunpacker/dataunpacker.h:56:54: warning: unused parameter ‘ansType’ [-Wunused-parameter]
[4.603s]    56 |         virtual void onDecodingError(int errMsg, _u8 ansType, const void* payload, size_t size) {}
[4.603s]       |                                                  ~~~~^~~~~~~
[4.603s] /home/phuongnam/robot_main/src/sllidar_ros2/sdk/src/dataunpacker/dataunpacker.h:56:75: warning: unused parameter ‘payload’ [-Wunused-parameter]
[4.603s]    56 |         virtual void onDecodingError(int errMsg, _u8 ansType, const void* payload, size_t size) {}
[4.604s]       |                                                               ~~~~~~~~~~~~^~~~~~~
[4.604s] /home/phuongnam/robot_main/src/sllidar_ros2/sdk/src/dataunpacker/dataunpacker.h:56:91: warning: unused parameter ‘size’ [-Wunused-parameter]
[4.604s]    56 |         virtual void onDecodingError(int errMsg, _u8 ansType, const void* payload, size_t size) {}
[4.604s]       |                                                                                    ~~~~~~~^~~~
[4.704s] In file included from /home/phuongnam/robot_main/src/sllidar_ros2/./sdk/src/arch/linux/arch_linux.h:42,
[4.705s]                  from /home/phuongnam/robot_main/src/sllidar_ros2/./sdk/src/sdkcommon.h:41,
[4.706s]                  from /home/phuongnam/robot_main/src/sllidar_ros2/sdk/src/arch/linux/net_socket.cpp:10:
[4.707s] /home/phuongnam/robot_main/src/sllidar_ros2/sdk/src/arch/linux/net_socket.cpp: In member function ‘virtual u_result rp::arch::net::DGramSocketImpl::sendTo(const rp::net::SocketAddress*, const void*, size_t)’:
[4.712s] /home/phuongnam/robot_main/src/sllidar_ros2/sdk/src/arch/linux/net_socket.cpp:733:24: warning: comparison of integer expressions of different signedness: ‘int’ and ‘size_t’ {aka ‘long unsigned int’} [-Wsign-compare]
[4.712s]   733 |             assert(ans == len);
[4.712s]       |                    ~~~~^~~~~~
[4.741s] [ 45%] [32mBuilding CXX object CMakeFiles/sllidar_node.dir/sdk/src/dataunpacker/unpacker/handler_normalnode.cpp.o[0m
[4.993s] /home/phuongnam/robot_main/src/sllidar_ros2/sdk/src/arch/linux/net_serial.cpp: In member function ‘bool rp::arch::net::raw_serial::open(const char*, uint32_t, uint32_t)’:
[4.994s] /home/phuongnam/robot_main/src/sllidar_ros2/sdk/src/arch/linux/net_serial.cpp:97:74: warning: unused parameter ‘flags’ [-Wunused-parameter]
[4.995s]    97 | bool raw_serial::open(const char * portname, uint32_t baudrate, uint32_t flags)
[4.996s]       |                                                                 ~~~~~~~~~^~~~~
[4.999s] /home/phuongnam/robot_main/src/sllidar_ros2/sdk/src/arch/linux/net_serial.cpp: In member function ‘virtual void rp::arch::net::raw_serial::flush(_u32)’:
[4.999s] /home/phuongnam/robot_main/src/sllidar_ros2/sdk/src/arch/linux/net_serial.cpp:281:30: warning: unused parameter ‘flags’ [-Wunused-parameter]
[4.999s]   281 | void raw_serial::flush( _u32 flags)
[5.000s]       |                         ~~~~~^~~~~
[5.005s] /home/phuongnam/robot_main/src/sllidar_ros2/sdk/src/arch/linux/net_serial.cpp: In member function ‘virtual int rp::arch::net::raw_serial::waitforsent(_u32, size_t*)’:
[5.005s] /home/phuongnam/robot_main/src/sllidar_ros2/sdk/src/arch/linux/net_serial.cpp:286:34: warning: unused parameter ‘timeout’ [-Wunused-parameter]
[5.006s]   286 | int raw_serial::waitforsent(_u32 timeout, size_t * returned_size)
[5.006s]       |                             ~~~~~^~~~~~~
[5.006s] /home/phuongnam/robot_main/src/sllidar_ros2/sdk/src/arch/linux/net_serial.cpp: In member function ‘virtual int rp::arch::net::raw_serial::waitforrecv(_u32, size_t*)’:
[5.010s] /home/phuongnam/robot_main/src/sllidar_ros2/sdk/src/arch/linux/net_serial.cpp:292:34: warning: unused parameter ‘timeout’ [-Wunused-parameter]
[5.011s]   292 | int raw_serial::waitforrecv(_u32 timeout, size_t * returned_size)
[5.011s]       |                             ~~~~~^~~~~~~
[5.011s] In file included from /home/phuongnam/robot_main/src/sllidar_ros2/sdk/src/dataunpacker/unpacker/handler_hqnode.cpp:40:
[5.011s] /home/phuongnam/robot_main/src/sllidar_ros2/sdk/src/dataunpacker/unpacker/../dataunpacker.h: In member function ‘virtual void sl::internal::LIDARSampleDataListener::onCustomSampleDataDecoded(_u8, _u32, const void*, size_t)’:
[5.011s] /home/phuongnam/robot_main/src/sllidar_ros2/sdk/src/dataunpacker/unpacker/../dataunpacker.h:54:52: warning: unused parameter ‘ansType’ [-Wunused-parameter]
[5.012s]    54 |         virtual void onCustomSampleDataDecoded(_u8 ansType, _u32 customCode, const void* data, size_t size) {}
[5.012s]       |                                                ~~~~^~~~~~~
[5.012s] /home/phuongnam/robot_main/src/sllidar_ros2/sdk/src/dataunpacker/unpacker/../dataunpacker.h:54:66: warning: unused parameter ‘customCode’ [-Wunused-parameter]
[5.016s]    54 |         virtual void onCustomSampleDataDecoded(_u8 ansType, _u32 customCode, const void* data, size_t size) {}
[5.016s]       |                                                             ~~~~~^~~~~~~~~~
[5.016s] /home/phuongnam/robot_main/src/sllidar_ros2/sdk/src/dataunpacker/unpacker/../dataunpacker.h:54:90: warning: unused parameter ‘data’ [-Wunused-parameter]
[5.016s]    54 |         virtual void onCustomSampleDataDecoded(_u8 ansType, _u32 customCode, const void* data, size_t size) {}
[5.016s]       |                                                                              ~~~~~~~~~~~~^~~~
[5.017s] /home/phuongnam/robot_main/src/sllidar_ros2/sdk/src/dataunpacker/unpacker/../dataunpacker.h:54:103: warning: unused parameter ‘size’ [-Wunused-parameter]
[5.017s]    54 |         virtual void onCustomSampleDataDecoded(_u8 ansType, _u32 customCode, const void* data, size_t size) {}
[5.017s]       |                                                                                                ~~~~~~~^~~~
[5.017s] /home/phuongnam/robot_main/src/sllidar_ros2/sdk/src/dataunpacker/unpacker/../dataunpacker.h: In member function ‘virtual void sl::internal::LIDARSampleDataListener::onDecodingError(int, _u8, const void*, size_t)’:
[5.020s] /home/phuongnam/robot_main/src/sllidar_ros2/sdk/src/dataunpacker/unpacker/../dataunpacker.h:56:42: warning: unused parameter ‘errMsg’ [-Wunused-parameter]
[5.020s]    56 |         virtual void onDecodingError(int errMsg, _u8 ansType, const void* payload, size_t size) {}
[5.021s]       |                                      ~~~~^~~~~~
[5.021s] /home/phuongnam/robot_main/src/sllidar_ros2/sdk/src/dataunpacker/unpacker/../dataunpacker.h:56:54: warning: unused parameter ‘ansType’ [-Wunused-parameter]
[5.021s]    56 |         virtual void onDecodingError(int errMsg, _u8 ansType, const void* payload, size_t size) {}
[5.021s]       |                                                  ~~~~^~~~~~~
[5.021s] /home/phuongnam/robot_main/src/sllidar_ros2/sdk/src/dataunpacker/unpacker/../dataunpacker.h:56:75: warning: unused parameter ‘payload’ [-Wunused-parameter]
[5.021s]    56 |         virtual void onDecodingError(int errMsg, _u8 ansType, const void* payload, size_t size) {}
[5.021s]       |                                                               ~~~~~~~~~~~~^~~~~~~
[5.022s] /home/phuongnam/robot_main/src/sllidar_ros2/sdk/src/dataunpacker/unpacker/../dataunpacker.h:56:91: warning: unused parameter ‘size’ [-Wunused-parameter]
[5.022s]    56 |         virtual void onDecodingError(int errMsg, _u8 ansType, const void* payload, size_t size) {}
[5.022s]       |                                                                                    ~~~~~~~^~~~
[5.022s] /home/phuongnam/robot_main/src/sllidar_ros2/sdk/src/arch/linux/net_serial.cpp: In member function ‘virtual void rp::arch::net::raw_serial::cancelOperation()’:
[5.022s] /home/phuongnam/robot_main/src/sllidar_ros2/sdk/src/arch/linux/net_serial.cpp:427:5: warning: value computed is not used [-Wunused-value]
[5.022s]   427 |     (int)::write(_selfpipe[1], "x", 1);
[5.022s]       |     ^~~~~~~~~~~~~~~~~~~~~~~~~~~~~~~~~~
[5.385s] [ 50%] [32mBuilding CXX object CMakeFiles/sllidar_node.dir/sdk/src/hal/thread.cpp.o[0m
[5.409s] [ 55%] [32mBuilding CXX object CMakeFiles/sllidar_node.dir/sdk/src/rplidar_driver.cpp.o[0m
[5.421s] [ 60%] [32mBuilding CXX object CMakeFiles/sllidar_node.dir/sdk/src/sl_async_transceiver.cpp.o[0m
[5.586s] [ 65%] [32mBuilding CXX object CMakeFiles/sllidar_node.dir/sdk/src/sl_crc.cpp.o[0m
[5.606s] In file included from /home/phuongnam/robot_main/src/sllidar_ros2/sdk/src/dataunpacker/unpacker/handler_capsules.cpp:40:
[5.607s] /home/phuongnam/robot_main/src/sllidar_ros2/sdk/src/dataunpacker/unpacker/../dataunpacker.h: In member function ‘virtual void sl::internal::LIDARSampleDataListener::onCustomSampleDataDecoded(_u8, _u32, const void*, size_t)’:
[5.607s] /home/phuongnam/robot_main/src/sllidar_ros2/sdk/src/dataunpacker/unpacker/../dataunpacker.h:54:52: warning: unused parameter ‘ansType’ [-Wunused-parameter]
[5.607s]    54 |         virtual void onCustomSampleDataDecoded(_u8 ansType, _u32 customCode, const void* data, size_t size) {}
[5.607s]       |                                                ~~~~^~~~~~~
[5.607s] /home/phuongnam/robot_main/src/sllidar_ros2/sdk/src/dataunpacker/unpacker/../dataunpacker.h:54:66: warning: unused parameter ‘customCode’ [-Wunused-parameter]
[5.608s]    54 |         virtual void onCustomSampleDataDecoded(_u8 ansType, _u32 customCode, const void* data, size_t size) {}
[5.608s]       |                                                             ~~~~~^~~~~~~~~~
[5.608s] /home/phuongnam/robot_main/src/sllidar_ros2/sdk/src/dataunpacker/unpacker/../dataunpacker.h:54:90: warning: unused parameter ‘data’ [-Wunused-parameter]
[5.608s]    54 |         virtual void onCustomSampleDataDecoded(_u8 ansType, _u32 customCode, const void* data, size_t size) {}
[5.608s]       |                                                                              ~~~~~~~~~~~~^~~~
[5.608s] /home/phuongnam/robot_main/src/sllidar_ros2/sdk/src/dataunpacker/unpacker/../dataunpacker.h:54:103: warning: unused parameter ‘size’ [-Wunused-parameter]
[5.609s]    54 |         virtual void onCustomSampleDataDecoded(_u8 ansType, _u32 customCode, const void* data, size_t size) {}
[5.609s]       |                                                                                                ~~~~~~~^~~~
[5.609s] /home/phuongnam/robot_main/src/sllidar_ros2/sdk/src/dataunpacker/unpacker/../dataunpacker.h: In member function ‘virtual void sl::internal::LIDARSampleDataListener::onDecodingError(int, _u8, const void*, size_t)’:
[5.609s] /home/phuongnam/robot_main/src/sllidar_ros2/sdk/src/dataunpacker/unpacker/../dataunpacker.h:56:42: warning: unused parameter ‘errMsg’ [-Wunused-parameter]
[5.609s]    56 |         virtual void onDecodingError(int errMsg, _u8 ansType, const void* payload, size_t size) {}
[5.609s]       |                                      ~~~~^~~~~~
[5.610s] /home/phuongnam/robot_main/src/sllidar_ros2/sdk/src/dataunpacker/unpacker/../dataunpacker.h:56:54: warning: unused parameter ‘ansType’ [-Wunused-parameter]
[5.610s]    56 |         virtual void onDecodingError(int errMsg, _u8 ansType, const void* payload, size_t size) {}
[5.610s]       |                                                  ~~~~^~~~~~~
[5.621s] /home/phuongnam/robot_main/src/sllidar_ros2/sdk/src/dataunpacker/unpacker/../dataunpacker.h:56:75: warning: unused parameter ‘payload’ [-Wunused-parameter]
[5.622s]    56 |         virtual void onDecodingError(int errMsg, _u8 ansType, const void* payload, size_t size) {}
[5.622s]       |                                                               ~~~~~~~~~~~~^~~~~~~
[5.622s] /home/phuongnam/robot_main/src/sllidar_ros2/sdk/src/dataunpacker/unpacker/../dataunpacker.h:56:91: warning: unused parameter ‘size’ [-Wunused-parameter]
[5.622s]    56 |         virtual void onDecodingError(int errMsg, _u8 ansType, const void* payload, size_t size) {}
[5.622s]       |                                                                                    ~~~~~~~^~~~
[5.654s] In file included from /home/phuongnam/robot_main/src/sllidar_ros2/./sdk/include/sl_lidar_cmd.h:41,
[5.655s]                  from /home/phuongnam/robot_main/src/sllidar_ros2/./sdk/include/sl_crc.h:36,
[5.655s]                  from /home/phuongnam/robot_main/src/sllidar_ros2/sdk/src/sl_crc.cpp:33:
[5.655s] /home/phuongnam/robot_main/src/sllidar_ros2/./sdk/include/sl_lidar_protocol.h:66:16: warning: ISO C++ forbids zero-size array ‘data’ [-Wpedantic]
[5.655s]    66 |     sl_u8 data[0];
[5.656s]       |                ^
[5.657s] In file included from /home/phuongnam/robot_main/src/sllidar_ros2/./sdk/include/sl_crc.h:36,
[5.658s]                  from /home/phuongnam/robot_main/src/sllidar_ros2/sdk/src/sl_crc.cpp:33:
[5.658s] /home/phuongnam/robot_main/src/sllidar_ros2/./sdk/include/sl_lidar_cmd.h:324:20: warning: ISO C++ forbids zero-size array ‘payload’ [-Wpedantic]
[5.658s]   324 |     sl_u8  payload[0];
[5.659s]       |                    ^
[5.666s] /home/phuongnam/robot_main/src/sllidar_ros2/sdk/src/dataunpacker/unpacker/handler_capsules.cpp: In member function ‘void sl::internal::unpacker::UnpackerHandler_DenseCapsuleNode::_onScanNodeDenseCapsuleData(rplidar_response_dense_capsule_measurement_nodes_t&, sl::internal::LIDARSampleDataUnpackerInner*)’:
[5.666s] /home/phuongnam/robot_main/src/sllidar_ros2/sdk/src/dataunpacker/unpacker/handler_capsules.cpp:763:30: warning: type qualifiers ignored on cast result type [-Wignored-qualifiers]
[5.667s]   763 |             const int dist = static_cast<const int>(_cached_previous_dense_capsuledata.cabins[pos].distance);
[5.667s]       |                              ^~~~~~~~~~~~~~~~~~~~~~~~~~~~~~~~~~~~~~~~~~~~~~~~~~~~~~~~~~~~~~~~~~~~~~~~~~~~~~~
[5.714s] [ 70%] [32mBuilding CXX object CMakeFiles/sllidar_node.dir/sdk/src/sl_lidar_driver.cpp.o[0m
[6.054s] In file included from /home/phuongnam/robot_main/src/sllidar_ros2/./sdk/include/rplidar_protocol.h:36,
[6.056s]                  from /home/phuongnam/robot_main/src/sllidar_ros2/./sdk/include/rplidar.h:39,
[6.058s]                  from /home/phuongnam/robot_main/src/sllidar_ros2/./sdk/src/sdkcommon.h:49,
[6.058s]                  from /home/phuongnam/robot_main/src/sllidar_ros2/sdk/src/dataunpacker/unpacker/../dataunnpacker_commondef.h:41,
[6.058s]                  from /home/phuongnam/robot_main/src/sllidar_ros2/sdk/src/dataunpacker/unpacker/handler_normalnode.cpp:39:
[6.059s] /home/phuongnam/robot_main/src/sllidar_ros2/./sdk/include/sl_lidar_protocol.h:66:16: warning: ISO C++ forbids zero-size array ‘data’ [-Wpedantic]
[6.059s]    66 |     sl_u8 data[0];
[6.059s]       |                ^
[6.064s] In file included from /home/phuongnam/robot_main/src/sllidar_ros2/./sdk/include/rplidar_cmd.h:36,
[6.065s]                  from /home/phuongnam/robot_main/src/sllidar_ros2/./sdk/include/rplidar.h:40,
[6.065s]                  from /home/phuongnam/robot_main/src/sllidar_ros2/./sdk/src/sdkcommon.h:49,
[6.065s]                  from /home/phuongnam/robot_main/src/sllidar_ros2/sdk/src/dataunpacker/unpacker/../dataunnpacker_commondef.h:41,
[6.065s]                  from /home/phuongnam/robot_main/src/sllidar_ros2/sdk/src/dataunpacker/unpacker/handler_normalnode.cpp:39:
[6.065s] /home/phuongnam/robot_main/src/sllidar_ros2/./sdk/include/sl_lidar_cmd.h:324:20: warning: ISO C++ forbids zero-size array ‘payload’ [-Wpedantic]
[6.065s]   324 |     sl_u8  payload[0];
[6.066s]       |                    ^
[6.163s] [ 75%] [32mBuilding CXX object CMakeFiles/sllidar_node.dir/sdk/src/sl_lidarprotocol_codec.cpp.o[0m
[6.563s] In file included from /home/phuongnam/robot_main/src/sllidar_ros2/sdk/src/dataunpacker/unpacker/handler_normalnode.cpp:40:
[6.563s] /home/phuongnam/robot_main/src/sllidar_ros2/sdk/src/dataunpacker/unpacker/../dataunpacker.h: In member function ‘virtual void sl::internal::LIDARSampleDataListener::onCustomSampleDataDecoded(_u8, _u32, const void*, size_t)’:
[6.563s] /home/phuongnam/robot_main/src/sllidar_ros2/sdk/src/dataunpacker/unpacker/../dataunpacker.h:54:52: warning: unused parameter ‘ansType’ [-Wunused-parameter]
[6.563s]    54 |         virtual void onCustomSampleDataDecoded(_u8 ansType, _u32 customCode, const void* data, size_t size) {}
[6.566s]       |                                                ~~~~^~~~~~~
[6.570s] /home/phuongnam/robot_main/src/sllidar_ros2/sdk/src/dataunpacker/unpacker/../dataunpacker.h:54:66: warning: unused parameter ‘customCode’ [-Wunused-parameter]
[6.570s]    54 |         virtual void onCustomSampleDataDecoded(_u8 ansType, _u32 customCode, const void* data, size_t size) {}
[6.570s]       |                                                             ~~~~~^~~~~~~~~~
[6.570s] /home/phuongnam/robot_main/src/sllidar_ros2/sdk/src/dataunpacker/unpacker/../dataunpacker.h:54:90: warning: unused parameter ‘data’ [-Wunused-parameter]
[6.571s]    54 |         virtual void onCustomSampleDataDecoded(_u8 ansType, _u32 customCode, const void* data, size_t size) {}
[6.571s]       |                                                                              ~~~~~~~~~~~~^~~~
[6.571s] /home/phuongnam/robot_main/src/sllidar_ros2/sdk/src/dataunpacker/unpacker/../dataunpacker.h:54:103: warning: unused parameter ‘size’ [-Wunused-parameter]
[6.574s]    54 |         virtual void onCustomSampleDataDecoded(_u8 ansType, _u32 customCode, const void* data, size_t size) {}
[6.575s]       |                                                                                                ~~~~~~~^~~~
[6.575s] /home/phuongnam/robot_main/src/sllidar_ros2/sdk/src/dataunpacker/unpacker/../dataunpacker.h: In member function ‘virtual void sl::internal::LIDARSampleDataListener::onDecodingError(int, _u8, const void*, size_t)’:
[6.575s] /home/phuongnam/robot_main/src/sllidar_ros2/sdk/src/dataunpacker/unpacker/../dataunpacker.h:56:42: warning: unused parameter ‘errMsg’ [-Wunused-parameter]
[6.575s]    56 |         virtual void onDecodingError(int errMsg, _u8 ansType, const void* payload, size_t size) {}
[6.575s]       |                                      ~~~~^~~~~~
[6.576s] /home/phuongnam/robot_main/src/sllidar_ros2/sdk/src/dataunpacker/unpacker/../dataunpacker.h:56:54: warning: unused parameter ‘ansType’ [-Wunused-parameter]
[6.576s]    56 |         virtual void onDecodingError(int errMsg, _u8 ansType, const void* payload, size_t size) {}
[6.576s]       |                                                  ~~~~^~~~~~~
[6.576s] /home/phuongnam/robot_main/src/sllidar_ros2/sdk/src/dataunpacker/unpacker/../dataunpacker.h:56:75: warning: unused parameter ‘payload’ [-Wunused-parameter]
[6.576s]    56 |         virtual void onDecodingError(int errMsg, _u8 ansType, const void* payload, size_t size) {}
[6.576s]       |                                                               ~~~~~~~~~~~~^~~~~~~
[6.577s] /home/phuongnam/robot_main/src/sllidar_ros2/sdk/src/dataunpacker/unpacker/../dataunpacker.h:56:91: warning: unused parameter ‘size’ [-Wunused-parameter]
[6.577s]    56 |         virtual void onDecodingError(int errMsg, _u8 ansType, const void* payload, size_t size) {}
[6.583s]       |                                                                                    ~~~~~~~^~~~
[6.583s] In file included from /home/phuongnam/robot_main/src/sllidar_ros2/./sdk/include/rplidar_protocol.h:36,
[6.583s]                  from /home/phuongnam/robot_main/src/sllidar_ros2/./sdk/include/rplidar.h:39,
[6.584s]                  from /home/phuongnam/robot_main/src/sllidar_ros2/./sdk/src/sdkcommon.h:49,
[6.584s]                  from /home/phuongnam/robot_main/src/sllidar_ros2/sdk/src/hal/thread.cpp:35:
[6.584s] /home/phuongnam/robot_main/src/sllidar_ros2/./sdk/include/sl_lidar_protocol.h:66:16: warning: ISO C++ forbids zero-size array ‘data’ [-Wpedantic]
[6.584s]    66 |     sl_u8 data[0];
[6.585s]       |                ^
[6.585s] In file included from /home/phuongnam/robot_main/src/sllidar_ros2/./sdk/include/rplidar_cmd.h:36,
[6.585s]                  from /home/phuongnam/robot_main/src/sllidar_ros2/./sdk/include/rplidar.h:40,
[6.585s]                  from /home/phuongnam/robot_main/src/sllidar_ros2/./sdk/src/sdkcommon.h:49,
[6.585s]                  from /home/phuongnam/robot_main/src/sllidar_ros2/sdk/src/hal/thread.cpp:35:
[6.586s] /home/phuongnam/robot_main/src/sllidar_ros2/./sdk/include/sl_lidar_cmd.h:324:20: warning: ISO C++ forbids zero-size array ‘payload’ [-Wpedantic]
[6.586s]   324 |     sl_u8  payload[0];
[6.592s]       |                    ^
[6.606s] In file included from /home/phuongnam/robot_main/src/sllidar_ros2/./sdk/include/rplidar_protocol.h:36,
[6.606s]                  from /home/phuongnam/robot_main/src/sllidar_ros2/./sdk/include/rplidar.h:39,
[6.607s]                  from /home/phuongnam/robot_main/src/sllidar_ros2/sdk/src/sdkcommon.h:49,
[6.607s]                  from /home/phuongnam/robot_main/src/sllidar_ros2/sdk/src/sl_async_transceiver.cpp:35:
[6.607s] /home/phuongnam/robot_main/src/sllidar_ros2/./sdk/include/sl_lidar_protocol.h:66:16: warning: ISO C++ forbids zero-size array ‘data’ [-Wpedantic]
[6.607s]    66 |     sl_u8 data[0];
[6.607s]       |                ^
[6.607s] In file included from /home/phuongnam/robot_main/src/sllidar_ros2/./sdk/include/rplidar_cmd.h:36,
[6.615s]                  from /home/phuongnam/robot_main/src/sllidar_ros2/./sdk/include/rplidar.h:40,
[6.615s]                  from /home/phuongnam/robot_main/src/sllidar_ros2/sdk/src/sdkcommon.h:49,
[6.616s]                  from /home/phuongnam/robot_main/src/sllidar_ros2/sdk/src/sl_async_transceiver.cpp:35:
[6.616s] /home/phuongnam/robot_main/src/sllidar_ros2/./sdk/include/sl_lidar_cmd.h:324:20: warning: ISO C++ forbids zero-size array ‘payload’ [-Wpedantic]
[6.616s]   324 |     sl_u8  payload[0];
[6.616s]       |                    ^
[6.701s] In file included from /home/phuongnam/robot_main/src/sllidar_ros2/sdk/src/hal/thread.cpp:43:
[6.702s] /home/phuongnam/robot_main/src/sllidar_ros2/./sdk/src/arch/linux/thread.hpp: In static member function ‘static rp::hal::Thread rp::hal::Thread::create(thread_proc_t, void*)’:
[6.702s] /home/phuongnam/robot_main/src/sllidar_ros2/./sdk/src/arch/linux/thread.hpp:52:57: warning: cast between incompatible function types from ‘thread_proc_t’ {aka ‘long unsigned int (*)(void*)’} to ‘void* (*)(void*)’ [-Wcast-function-type]
[6.702s]    52 |     pthread_create((pthread_t *)&newborn._handle, NULL, (void * (*)(void *))proc, data);
[6.702s]       |                                                         ^~~~~~~~~~~~~~~~~~~~~~~~
[6.706s] /home/phuongnam/robot_main/src/sllidar_ros2/./sdk/src/arch/linux/thread.hpp: In member function ‘u_result rp::hal::Thread::join(long unsigned int)’:
[6.706s] /home/phuongnam/robot_main/src/sllidar_ros2/./sdk/src/arch/linux/thread.hpp:176:37: warning: unused parameter ‘timeout’ [-Wunused-parameter]
[6.707s]   176 | u_result Thread::join(unsigned long timeout)
[6.707s]       |                       ~~~~~~~~~~~~~~^~~~~~~
[6.739s] In file included from /home/phuongnam/robot_main/src/sllidar_ros2/./sdk/include/rplidar_protocol.h:36,
[6.740s]                  from /home/phuongnam/robot_main/src/sllidar_ros2/./sdk/include/rplidar.h:39,
[6.740s]                  from /home/phuongnam/robot_main/src/sllidar_ros2/sdk/src/sdkcommon.h:49,
[6.741s]                  from /home/phuongnam/robot_main/src/sllidar_ros2/sdk/src/rplidar_driver.cpp:33:
[6.741s] /home/phuongnam/robot_main/src/sllidar_ros2/./sdk/include/sl_lidar_protocol.h:66:16: warning: ISO C++ forbids zero-size array ‘data’ [-Wpedantic]
[6.741s]    66 |     sl_u8 data[0];
[6.742s]       |                ^
[6.745s] In file included from /home/phuongnam/robot_main/src/sllidar_ros2/./sdk/include/rplidar_cmd.h:36,
[6.745s]                  from /home/phuongnam/robot_main/src/sllidar_ros2/./sdk/include/rplidar.h:40,
[6.746s]                  from /home/phuongnam/robot_main/src/sllidar_ros2/sdk/src/sdkcommon.h:49,
[6.746s]                  from /home/phuongnam/robot_main/src/sllidar_ros2/sdk/src/rplidar_driver.cpp:33:
[6.746s] /home/phuongnam/robot_main/src/sllidar_ros2/./sdk/include/sl_lidar_cmd.h:324:20: warning: ISO C++ forbids zero-size array ‘payload’ [-Wpedantic]
[6.746s]   324 |     sl_u8  payload[0];
[6.746s]       |                    ^
[6.833s] In file included from /home/phuongnam/robot_main/src/sllidar_ros2/./sdk/include/rplidar_protocol.h:36,
[6.834s]                  from /home/phuongnam/robot_main/src/sllidar_ros2/./sdk/include/rplidar.h:39,
[6.834s]                  from /home/phuongnam/robot_main/src/sllidar_ros2/sdk/src/sdkcommon.h:49,
[6.834s]                  from /home/phuongnam/robot_main/src/sllidar_ros2/sdk/src/sl_lidar_driver.cpp:33:
[6.834s] /home/phuongnam/robot_main/src/sllidar_ros2/./sdk/include/sl_lidar_protocol.h:66:16: warning: ISO C++ forbids zero-size array ‘data’ [-Wpedantic]
[6.835s]    66 |     sl_u8 data[0];
[6.835s]       |                ^
[6.835s] In file included from /home/phuongnam/robot_main/src/sllidar_ros2/./sdk/include/rplidar_cmd.h:36,
[6.835s]                  from /home/phuongnam/robot_main/src/sllidar_ros2/./sdk/include/rplidar.h:40,
[6.835s]                  from /home/phuongnam/robot_main/src/sllidar_ros2/sdk/src/sdkcommon.h:49,
[6.835s]                  from /home/phuongnam/robot_main/src/sllidar_ros2/sdk/src/sl_lidar_driver.cpp:33:
[6.836s] /home/phuongnam/robot_main/src/sllidar_ros2/./sdk/include/sl_lidar_cmd.h:324:20: warning: ISO C++ forbids zero-size array ‘payload’ [-Wpedantic]
[6.836s]   324 |     sl_u8  payload[0];
[6.836s]       |                    ^
[6.885s] In file included from /home/phuongnam/robot_main/src/sllidar_ros2/sdk/src/sl_async_transceiver.cpp:44:
[6.885s] /home/phuongnam/robot_main/src/sllidar_ros2/sdk/src/sl_async_transceiver.h: In member function ‘virtual void sl::internal::IAsyncProtocolCodec::onChannelError(u_result)’:
[6.886s] /home/phuongnam/robot_main/src/sllidar_ros2/sdk/src/sl_async_transceiver.h:90:48: warning: unused parameter ‘errCode’ [-Wunused-parameter]
[6.886s]    90 |         virtual void   onChannelError(u_result errCode) {}
[6.886s]       |                                       ~~~~~~~~~^~~~~~~
[6.977s] [ 80%] [32mBuilding CXX object CMakeFiles/sllidar_node.dir/sdk/src/sl_serial_channel.cpp.o[0m
[6.986s] [ 85%] [32mBuilding CXX object CMakeFiles/sllidar_node.dir/sdk/src/sl_tcp_channel.cpp.o[0m
[7.102s] /home/phuongnam/robot_main/src/sllidar_ros2/sdk/src/rplidar_driver.cpp: In member function ‘u_result rp::standalone::rplidar::RPlidarDriver::connect(const char*, _u32, _u32)’:
[7.103s] /home/phuongnam/robot_main/src/sllidar_ros2/sdk/src/rplidar_driver.cpp:67:77: warning: unused parameter ‘flag’ [-Wunused-parameter]
[7.103s]    67 |     u_result RPlidarDriver::connect(const char *path, _u32 portOrBaud, _u32 flag)
[7.103s]       |                                                                        ~~~~~^~~~
[7.104s] /home/phuongnam/robot_main/src/sllidar_ros2/sdk/src/rplidar_driver.cpp: In member function ‘u_result rp::standalone::rplidar::RPlidarDriver::reset(_u32)’:
[7.104s] /home/phuongnam/robot_main/src/sllidar_ros2/sdk/src/rplidar_driver.cpp:101:40: warning: unused parameter ‘timeout’ [-Wunused-parameter]
[7.105s]   101 |     u_result RPlidarDriver::reset(_u32 timeout)
[7.105s]       |                                   ~~~~~^~~~~~~
[7.108s] /home/phuongnam/robot_main/src/sllidar_ros2/sdk/src/rplidar_driver.cpp: In member function ‘u_result rp::standalone::rplidar::RPlidarDriver::getScanDataWithInterval(rplidar_response_measurement_node_t*, size_t&)’:
[7.108s] /home/phuongnam/robot_main/src/sllidar_ros2/sdk/src/rplidar_driver.cpp:180:91: warning: unused parameter ‘nodebuffer’ [-Wunused-parameter]
[7.108s]   180 |     u_result RPlidarDriver::getScanDataWithInterval(rplidar_response_measurement_node_t * nodebuffer, size_t & count)
[7.109s]       |                                                     ~~~~~~~~~~~~~~~~~~~~~~~~~~~~~~~~~~~~~~^~~~~~~~~~
[7.109s] /home/phuongnam/robot_main/src/sllidar_ros2/sdk/src/rplidar_driver.cpp:180:112: warning: unused parameter ‘count’ [-Wunused-parameter]
[7.109s]   180 |     u_result RPlidarDriver::getScanDataWithInterval(rplidar_response_measurement_node_t * nodebuffer, size_t & count)
[7.110s]       |                                                                                                       ~~~~~~~~~^~~~~
[7.174s] In file included from /home/phuongnam/robot_main/src/sllidar_ros2/./sdk/include/rplidar_protocol.h:36,
[7.174s]                  from /home/phuongnam/robot_main/src/sllidar_ros2/./sdk/include/rplidar.h:39,
[7.174s]                  from /home/phuongnam/robot_main/src/sllidar_ros2/sdk/src/sdkcommon.h:49,
[7.174s]                  from /home/phuongnam/robot_main/src/sllidar_ros2/sdk/src/sl_lidarprotocol_codec.cpp:35:
[7.175s] /home/phuongnam/robot_main/src/sllidar_ros2/./sdk/include/sl_lidar_protocol.h:66:16: warning: ISO C++ forbids zero-size array ‘data’ [-Wpedantic]
[7.175s]    66 |     sl_u8 data[0];
[7.175s]       |                ^
[7.176s] In file included from /home/phuongnam/robot_main/src/sllidar_ros2/./sdk/include/rplidar_cmd.h:36,
[7.176s]                  from /home/phuongnam/robot_main/src/sllidar_ros2/./sdk/include/rplidar.h:40,
[7.177s]                  from /home/phuongnam/robot_main/src/sllidar_ros2/sdk/src/sdkcommon.h:49,
[7.177s]                  from /home/phuongnam/robot_main/src/sllidar_ros2/sdk/src/sl_lidarprotocol_codec.cpp:35:
[7.177s] /home/phuongnam/robot_main/src/sllidar_ros2/./sdk/include/sl_lidar_cmd.h:324:20: warning: ISO C++ forbids zero-size array ‘payload’ [-Wpedantic]
[7.177s]   324 |     sl_u8  payload[0];
[7.177s]       |                    ^
[7.362s] In file included from /home/phuongnam/robot_main/src/sllidar_ros2/sdk/src/sl_lidar_driver.cpp:50:
[7.362s] /home/phuongnam/robot_main/src/sllidar_ros2/sdk/src/dataunpacker/dataunpacker.h: In member function ‘virtual void sl::internal::LIDARSampleDataListener::onCustomSampleDataDecoded(_u8, _u32, const void*, size_t)’:
[7.362s] /home/phuongnam/robot_main/src/sllidar_ros2/sdk/src/dataunpacker/dataunpacker.h:54:52: warning: unused parameter ‘ansType’ [-Wunused-parameter]
[7.363s]    54 |         virtual void onCustomSampleDataDecoded(_u8 ansType, _u32 customCode, const void* data, size_t size) {}
[7.363s]       |                                                ~~~~^~~~~~~
[7.363s] /home/phuongnam/robot_main/src/sllidar_ros2/sdk/src/dataunpacker/dataunpacker.h:54:66: warning: unused parameter ‘customCode’ [-Wunused-parameter]
[7.363s]    54 |         virtual void onCustomSampleDataDecoded(_u8 ansType, _u32 customCode, const void* data, size_t size) {}
[7.363s]       |                                                             ~~~~~^~~~~~~~~~
[7.364s] /home/phuongnam/robot_main/src/sllidar_ros2/sdk/src/dataunpacker/dataunpacker.h:54:90: warning: unused parameter ‘data’ [-Wunused-parameter]
[7.367s]    54 |         virtual void onCustomSampleDataDecoded(_u8 ansType, _u32 customCode, const void* data, size_t size) {}
[7.367s]       |                                                                              ~~~~~~~~~~~~^~~~
[7.368s] /home/phuongnam/robot_main/src/sllidar_ros2/sdk/src/dataunpacker/dataunpacker.h:54:103: warning: unused parameter ‘size’ [-Wunused-parameter]
[7.368s]    54 |         virtual void onCustomSampleDataDecoded(_u8 ansType, _u32 customCode, const void* data, size_t size) {}
[7.368s]       |                                                                                                ~~~~~~~^~~~
[7.368s] /home/phuongnam/robot_main/src/sllidar_ros2/sdk/src/dataunpacker/dataunpacker.h: In member function ‘virtual void sl::internal::LIDARSampleDataListener::onDecodingError(int, _u8, const void*, size_t)’:
[7.368s] /home/phuongnam/robot_main/src/sllidar_ros2/sdk/src/dataunpacker/dataunpacker.h:56:42: warning: unused parameter ‘errMsg’ [-Wunused-parameter]
[7.369s]    56 |         virtual void onDecodingError(int errMsg, _u8 ansType, const void* payload, size_t size) {}
[7.369s]       |                                      ~~~~^~~~~~
[7.369s] /home/phuongnam/robot_main/src/sllidar_ros2/sdk/src/dataunpacker/dataunpacker.h:56:54: warning: unused parameter ‘ansType’ [-Wunused-parameter]
[7.369s]    56 |         virtual void onDecodingError(int errMsg, _u8 ansType, const void* payload, size_t size) {}
[7.369s]       |                                                  ~~~~^~~~~~~
[7.370s] /home/phuongnam/robot_main/src/sllidar_ros2/sdk/src/dataunpacker/dataunpacker.h:56:75: warning: unused parameter ‘payload’ [-Wunused-parameter]
[7.370s]    56 |         virtual void onDecodingError(int errMsg, _u8 ansType, const void* payload, size_t size) {}
[7.370s]       |                                                               ~~~~~~~~~~~~^~~~~~~
[7.370s] /home/phuongnam/robot_main/src/sllidar_ros2/sdk/src/dataunpacker/dataunpacker.h:56:91: warning: unused parameter ‘size’ [-Wunused-parameter]
[7.370s]    56 |         virtual void onDecodingError(int errMsg, _u8 ansType, const void* payload, size_t size) {}
[7.374s]       |                                                                                    ~~~~~~~^~~~
[7.379s] [ 90%] [32mBuilding CXX object CMakeFiles/sllidar_node.dir/sdk/src/sl_udp_channel.cpp.o[0m
[7.385s] In file included from /home/phuongnam/robot_main/src/sllidar_ros2/sdk/src/sl_lidar_driver.cpp:51:
[7.386s] /home/phuongnam/robot_main/src/sllidar_ros2/sdk/src/sl_async_transceiver.h: In member function ‘virtual void sl::internal::IAsyncProtocolCodec::onChannelError(u_result)’:
[7.387s] /home/phuongnam/robot_main/src/sllidar_ros2/sdk/src/sl_async_transceiver.h:90:48: warning: unused parameter ‘errCode’ [-Wunused-parameter]
[7.387s]    90 |         virtual void   onChannelError(u_result errCode) {}
[7.387s]       |                                       ~~~~~~~~~^~~~~~~
[7.438s] /home/phuongnam/robot_main/src/sllidar_ros2/sdk/src/sl_lidar_driver.cpp: In member function ‘virtual sl_result sl::SlamtecLidarDriver::reset(sl_u32)’:
[7.438s] /home/phuongnam/robot_main/src/sllidar_ros2/sdk/src/sl_lidar_driver.cpp:511:32: warning: unused parameter ‘timeoutInMs’ [-Wunused-parameter]
[7.439s]   511 |         sl_result reset(sl_u32 timeoutInMs = DEFAULT_TIMEOUT)
[7.439s]       |                         ~~~~~~~^~~~~~~~~~~~~~~~~~~~~~~~~~~~~
[7.447s] /home/phuongnam/robot_main/src/sllidar_ros2/sdk/src/sl_lidar_driver.cpp: In member function ‘virtual sl_result sl::SlamtecLidarDriver::startScan(bool, bool, sl_u32, sl::LidarScanMode*)’:
[7.450s] /home/phuongnam/robot_main/src/sllidar_ros2/sdk/src/sl_lidar_driver.cpp:586:69: warning: unused parameter ‘options’ [-Wunused-parameter]
[7.450s]   586 |         sl_result startScan(bool force, bool useTypicalScan, sl_u32 options = 0, LidarScanMode* outUsedScanMode = nullptr)
[7.451s]       |                                                              ~~~~~~~^~~~~~~~~~~
[7.452s] /home/phuongnam/robot_main/src/sllidar_ros2/sdk/src/sl_lidar_driver.cpp: In member function ‘virtual sl_result sl::SlamtecLidarDriver::stop(sl_u32)’:
[7.452s] /home/phuongnam/robot_main/src/sllidar_ros2/sdk/src/sl_lidar_driver.cpp:763:31: warning: unused parameter ‘timeout’ [-Wunused-parameter]
[7.452s]   763 |         sl_result stop(sl_u32 timeout = DEFAULT_TIMEOUT)
[7.452s]       |                        ~~~~~~~^~~~~~~~~~~~~~~~~~~~~~~~~
[7.456s] /home/phuongnam/robot_main/src/sllidar_ros2/sdk/src/sl_lidar_driver.cpp: In member function ‘virtual sl_result sl::SlamtecLidarDriver::getFrequency(const sl::LidarScanMode&, const sl_lidar_response_measurement_node_hq_t*, size_t, float&)’:
[7.457s] /home/phuongnam/robot_main/src/sllidar_ros2/sdk/src/sl_lidar_driver.cpp:880:110: warning: unused parameter ‘nodes’ [-Wunused-parameter]
[7.457s]   880 |         sl_result getFrequency(const LidarScanMode& scanMode, const sl_lidar_response_measurement_node_hq_t* nodes, size_t count, float& frequency)
[7.458s]       |                                                               ~~~~~~~~~~~~~~~~~~~~~~~~~~~~~~~~~~~~~~~~~~~~~~~^~~~~
[7.465s] /home/phuongnam/robot_main/src/sllidar_ros2/sdk/src/sl_lidar_driver.cpp: In member function ‘virtual sl_result sl::SlamtecLidarDriver::getMotorInfo(sl::LidarMotorInfo&, sl_u32)’:
[7.465s] /home/phuongnam/robot_main/src/sllidar_ros2/sdk/src/sl_lidar_driver.cpp:1023:66: warning: unused parameter ‘timeoutInMs’ [-Wunused-parameter]
[7.466s]  1023 |         sl_result getMotorInfo(LidarMotorInfo &motorInfo, sl_u32 timeoutInMs)
[7.466s]       |                                                           ~~~~~~~^~~~~~~~~~~
[7.466s] /home/phuongnam/robot_main/src/sllidar_ros2/sdk/src/sl_lidar_driver.cpp: In member function ‘u_result sl::SlamtecLidarDriver::getScanModeCount(sl_u16&, sl_u32)’:
[7.466s] /home/phuongnam/robot_main/src/sllidar_ros2/sdk/src/sl_lidar_driver.cpp:1199:61: warning: unused parameter ‘timeoutInMs’ [-Wunused-parameter]
[7.466s]  1199 |         u_result getScanModeCount(sl_u16& modeCount, sl_u32 timeoutInMs = DEFAULT_TIMEOUT)
[7.466s]       |                                                      ~~~~~~~^~~~~~~~~~~~~~~~~~~~~~~~~~~~~
[7.595s] /home/phuongnam/robot_main/src/sllidar_ros2/sdk/src/sl_lidar_driver.cpp: In instantiation of ‘void sl::RawSampleNodeHolder<T>::pushNode(_u64, const T*) [with T = sl_lidar_response_measurement_node_hq_t; _u64 = long unsigned int]’:
[7.595s] /home/phuongnam/robot_main/src/sllidar_ros2/sdk/src/sl_lidar_driver.cpp:1648:42:   required from here
[7.595s] /home/phuongnam/robot_main/src/sllidar_ros2/sdk/src/sl_lidar_driver.cpp:202:28: warning: unused parameter ‘timestamp_uS’ [-Wunused-parameter]
[7.595s]   202 |         void pushNode(_u64 timestamp_uS, const T* node)
[7.595s]       |                       ~~~~~^~~~~~~~~~~~
[7.609s] In file included from /home/phuongnam/robot_main/src/sllidar_ros2/sdk/src/sl_lidarprotocol_codec.cpp:49:
[7.609s] /home/phuongnam/robot_main/src/sllidar_ros2/sdk/src/sl_async_transceiver.h: In member function ‘virtual void sl::internal::IAsyncProtocolCodec::onChannelError(u_result)’:
[7.610s] /home/phuongnam/robot_main/src/sllidar_ros2/sdk/src/sl_async_transceiver.h:90:48: warning: unused parameter ‘errCode’ [-Wunused-parameter]
[7.610s]    90 |         virtual void   onChannelError(u_result errCode) {}
[7.610s]       |                                       ~~~~~~~~~^~~~~~~
[7.673s] In file included from /home/phuongnam/robot_main/src/sllidar_ros2/./sdk/include/sl_lidar_cmd.h:41,
[7.674s]                  from /home/phuongnam/robot_main/src/sllidar_ros2/./sdk/include/sl_lidar_driver.h:54,
[7.674s]                  from /home/phuongnam/robot_main/src/sllidar_ros2/sdk/src/sl_tcp_channel.cpp:33:
[7.674s] /home/phuongnam/robot_main/src/sllidar_ros2/./sdk/include/sl_lidar_protocol.h:66:16: warning: ISO C++ forbids zero-size array ‘data’ [-Wpedantic]
[7.674s]    66 |     sl_u8 data[0];
[7.674s]       |                ^
[7.675s] In file included from /home/phuongnam/robot_main/src/sllidar_ros2/./sdk/include/sl_lidar_driver.h:54,
[7.675s]                  from /home/phuongnam/robot_main/src/sllidar_ros2/sdk/src/sl_tcp_channel.cpp:33:
[7.675s] /home/phuongnam/robot_main/src/sllidar_ros2/./sdk/include/sl_lidar_cmd.h:324:20: warning: ISO C++ forbids zero-size array ‘payload’ [-Wpedantic]
[7.675s]   324 |     sl_u8  payload[0];
[7.675s]       |                    ^
[7.689s] /home/phuongnam/robot_main/src/sllidar_ros2/sdk/src/sl_tcp_channel.cpp: In member function ‘void sl::TcpChannel::setStatus(_u32)’:
[7.689s] /home/phuongnam/robot_main/src/sllidar_ros2/sdk/src/sl_tcp_channel.cpp:109:29: warning: unused parameter ‘flag’ [-Wunused-parameter]
[7.689s]   109 |         void setStatus(_u32 flag){}
[7.689s]       |                        ~~~~~^~~~
[7.767s] In file included from /home/phuongnam/robot_main/src/sllidar_ros2/./sdk/include/sl_lidar_cmd.h:41,
[7.767s]                  from /home/phuongnam/robot_main/src/sllidar_ros2/./sdk/include/sl_lidar_driver.h:54,
[7.768s]                  from /home/phuongnam/robot_main/src/sllidar_ros2/sdk/src/sl_serial_channel.cpp:33:
[7.768s] /home/phuongnam/robot_main/src/sllidar_ros2/./sdk/include/sl_lidar_protocol.h:66:16: warning: ISO C++ forbids zero-size array ‘data’ [-Wpedantic]
[7.772s]    66 |     sl_u8 data[0];
[7.773s]       |                ^
[7.773s] In file included from /home/phuongnam/robot_main/src/sllidar_ros2/./sdk/include/sl_lidar_driver.h:54,
[7.773s]                  from /home/phuongnam/robot_main/src/sllidar_ros2/sdk/src/sl_serial_channel.cpp:33:
[7.773s] /home/phuongnam/robot_main/src/sllidar_ros2/./sdk/include/sl_lidar_cmd.h:324:20: warning: ISO C++ forbids zero-size array ‘payload’ [-Wpedantic]
[7.773s]   324 |     sl_u8  payload[0];
[7.774s]       |                    ^
[7.873s] /home/phuongnam/robot_main/src/sllidar_ros2/sdk/src/sl_lidar_driver.cpp: At global scope:
[7.875s] /home/phuongnam/robot_main/src/sllidar_ros2/sdk/src/sl_lidar_driver.cpp:83:17: warning: ‘void sl::convert(const sl_lidar_response_measurement_node_hq_t&, sl_lidar_response_measurement_node_t&)’ defined but not used [-Wunused-function]
[7.876s]    83 |     static void convert(const sl_lidar_response_measurement_node_hq_t& from, sl_lidar_response_measurement_node_t& to)
[7.876s]       |                 ^~~~~~~
[7.876s] /home/phuongnam/robot_main/src/sllidar_ros2/sdk/src/sl_lidar_driver.cpp:75:17: warning: ‘void sl::convert(const sl_lidar_response_measurement_node_t&, sl_lidar_response_measurement_node_hq_t&)’ defined but not used [-Wunused-function]
[7.876s]    75 |     static void convert(const sl_lidar_response_measurement_node_t& from, sl_lidar_response_measurement_node_hq_t& to)
[7.881s]       |                 ^~~~~~~
[7.881s] /home/phuongnam/robot_main/src/sllidar_ros2/sdk/src/sl_lidar_driver.cpp:70:17: warning: ‘void sl::printDeprecationWarn(const char*, const char*)’ defined but not used [-Wunused-function]
[7.881s]    70 |     static void printDeprecationWarn(const char* fn, const char* replacement)
[7.882s]       |                 ^~~~~~~~~~~~~~~~~~~~
[8.005s] In file included from /home/phuongnam/robot_main/src/sllidar_ros2/./sdk/include/sl_lidar_cmd.h:41,
[8.005s]                  from /home/phuongnam/robot_main/src/sllidar_ros2/./sdk/include/sl_lidar_driver.h:54,
[8.005s]                  from /home/phuongnam/robot_main/src/sllidar_ros2/sdk/src/sl_udp_channel.cpp:33:
[8.005s] /home/phuongnam/robot_main/src/sllidar_ros2/./sdk/include/sl_lidar_protocol.h:66:16: warning: ISO C++ forbids zero-size array ‘data’ [-Wpedantic]
[8.005s]    66 |     sl_u8 data[0];
[8.006s]       |                ^
[8.006s] In file included from /home/phuongnam/robot_main/src/sllidar_ros2/./sdk/include/sl_lidar_driver.h:54,
[8.006s]                  from /home/phuongnam/robot_main/src/sllidar_ros2/sdk/src/sl_udp_channel.cpp:33:
[8.006s] /home/phuongnam/robot_main/src/sllidar_ros2/./sdk/include/sl_lidar_cmd.h:324:20: warning: ISO C++ forbids zero-size array ‘payload’ [-Wpedantic]
[8.006s]   324 |     sl_u8  payload[0];
[8.006s]       |                    ^
[8.016s] /home/phuongnam/robot_main/src/sllidar_ros2/sdk/src/sl_udp_channel.cpp: In member function ‘void sl::UdpChannel::setStatus(_u32)’:
[8.016s] /home/phuongnam/robot_main/src/sllidar_ros2/sdk/src/sl_udp_channel.cpp:112:29: warning: unused parameter ‘flag’ [-Wunused-parameter]
[8.017s]   112 |         void setStatus(_u32 flag){}
[8.017s]       |                        ~~~~~^~~~
[9.904s] In file included from /home/phuongnam/robot_main/src/sllidar_ros2/./sdk/include/sl_lidar_cmd.h:41,
[9.904s]                  from /home/phuongnam/robot_main/src/sllidar_ros2/./sdk/include/sl_lidar_driver.h:54,
[9.904s]                  from /home/phuongnam/robot_main/src/sllidar_ros2/./sdk/include/sl_lidar.h:36,
[9.904s]                  from /home/phuongnam/robot_main/src/sllidar_ros2/src/sllidar_node.cpp:38:
[9.905s] /home/phuongnam/robot_main/src/sllidar_ros2/./sdk/include/sl_lidar_protocol.h:66:16: warning: ISO C++ forbids zero-size array ‘data’ [-Wpedantic]
[9.905s]    66 |     sl_u8 data[0];
[9.905s]       |                ^
[9.905s] In file included from /home/phuongnam/robot_main/src/sllidar_ros2/./sdk/include/sl_lidar_driver.h:54,
[9.905s]                  from /home/phuongnam/robot_main/src/sllidar_ros2/./sdk/include/sl_lidar.h:36,
[9.905s]                  from /home/phuongnam/robot_main/src/sllidar_ros2/src/sllidar_node.cpp:38:
[9.905s] /home/phuongnam/robot_main/src/sllidar_ros2/./sdk/include/sl_lidar_cmd.h:324:20: warning: ISO C++ forbids zero-size array ‘payload’ [-Wpedantic]
[9.905s]   324 |     sl_u8  payload[0];
[9.905s]       |                    ^
[14.238s] [ 95%] [32m[1mLinking CXX executable sllidar_node[0m
[14.845s] [ 95%] Built target sllidar_node
[18.675s] [100%] [32m[1mLinking CXX executable sllidar_client[0m
[19.258s] [100%] Built target sllidar_client
[19.274s] Invoked command in '/home/phuongnam/robot_main/build/sllidar_ros2' returned '0': CMAKE_PREFIX_PATH=/opt/ros/humble /usr/bin/cmake --build /home/phuongnam/robot_main/build/sllidar_ros2 -- -j8 -l8
[19.277s] Invoking command in '/home/phuongnam/robot_main/build/sllidar_ros2': CMAKE_PREFIX_PATH=/opt/ros/humble /usr/bin/cmake --install /home/phuongnam/robot_main/build/sllidar_ros2
[19.286s] -- Install configuration: ""
[19.287s] -- Execute custom install script
[19.288s] -- Symlinking: /home/phuongnam/robot_main/install/sllidar_ros2/share/sllidar_ros2/launch/sllidar_a1_launch.py
[19.301s] -- Symlinking: /home/phuongnam/robot_main/install/sllidar_ros2/share/sllidar_ros2/launch/sllidar_a2m12_launch .py
[19.312s] -- Symlinking: /home/phuongnam/robot_main/install/sllidar_ros2/share/sllidar_ros2/launch/sllidar_a2m7_launch.py
[19.324s] -- Symlinking: /home/phuongnam/robot_main/install/sllidar_ros2/share/sllidar_ros2/launch/sllidar_a2m8_launch.py
[19.336s] -- Symlinking: /home/phuongnam/robot_main/install/sllidar_ros2/share/sllidar_ros2/launch/sllidar_a3_launch.py
[19.347s] -- Symlinking: /home/phuongnam/robot_main/install/sllidar_ros2/share/sllidar_ros2/launch/sllidar_c1_launch.py
[19.358s] -- Symlinking: /home/phuongnam/robot_main/install/sllidar_ros2/share/sllidar_ros2/launch/sllidar_s1_launch.py
[19.368s] -- Symlinking: /home/phuongnam/robot_main/install/sllidar_ros2/share/sllidar_ros2/launch/sllidar_s1_tcp_launch.py
[19.379s] -- Symlinking: /home/phuongnam/robot_main/install/sllidar_ros2/share/sllidar_ros2/launch/sllidar_s2_launch.py
[19.391s] -- Symlinking: /home/phuongnam/robot_main/install/sllidar_ros2/share/sllidar_ros2/launch/sllidar_s2e_launch.py
[19.401s] -- Symlinking: /home/phuongnam/robot_main/install/sllidar_ros2/share/sllidar_ros2/launch/sllidar_s3_launch.py
[19.413s] -- Symlinking: /home/phuongnam/robot_main/install/sllidar_ros2/share/sllidar_ros2/launch/sllidar_t1_launch.py
[19.425s] -- Symlinking: /home/phuongnam/robot_main/install/sllidar_ros2/share/sllidar_ros2/launch/view_sllidar_a1_launch.py
[19.436s] -- Symlinking: /home/phuongnam/robot_main/install/sllidar_ros2/share/sllidar_ros2/launch/view_sllidar_a2m12_launch.py
[19.447s] -- Symlinking: /home/phuongnam/robot_main/install/sllidar_ros2/share/sllidar_ros2/launch/view_sllidar_a2m7_launch.py
[19.458s] -- Symlinking: /home/phuongnam/robot_main/install/sllidar_ros2/share/sllidar_ros2/launch/view_sllidar_a2m8_launch.py
[19.470s] -- Symlinking: /home/phuongnam/robot_main/install/sllidar_ros2/share/sllidar_ros2/launch/view_sllidar_a3_launch.py
[19.481s] -- Symlinking: /home/phuongnam/robot_main/install/sllidar_ros2/share/sllidar_ros2/launch/view_sllidar_c1_launch.py
[19.492s] -- Symlinking: /home/phuongnam/robot_main/install/sllidar_ros2/share/sllidar_ros2/launch/view_sllidar_s1_launch.py
[19.504s] -- Symlinking: /home/phuongnam/robot_main/install/sllidar_ros2/share/sllidar_ros2/launch/view_sllidar_s1_tcp_launch.py
[19.516s] -- Symlinking: /home/phuongnam/robot_main/install/sllidar_ros2/share/sllidar_ros2/launch/view_sllidar_s2_launch.py
[19.528s] -- Symlinking: /home/phuongnam/robot_main/install/sllidar_ros2/share/sllidar_ros2/launch/view_sllidar_s2e_launch.py
[19.539s] -- Symlinking: /home/phuongnam/robot_main/install/sllidar_ros2/share/sllidar_ros2/launch/view_sllidar_s3_launch.py
[19.550s] -- Symlinking: /home/phuongnam/robot_main/install/sllidar_ros2/share/sllidar_ros2/launch/view_sllidar_t1_launch.py
[19.561s] -- Symlinking: /home/phuongnam/robot_main/install/sllidar_ros2/share/sllidar_ros2/rviz/sllidar_ros2.rviz
[19.572s] -- Symlinking: /home/phuongnam/robot_main/install/sllidar_ros2/lib/sllidar_ros2/sllidar_node
[19.583s] -- Symlinking: /home/phuongnam/robot_main/install/sllidar_ros2/lib/sllidar_ros2/sllidar_client
[19.595s] -- Symlinking: /home/phuongnam/robot_main/install/sllidar_ros2/share/ament_index/resource_index/package_run_dependencies/sllidar_ros2
[19.606s] -- Symlinking: /home/phuongnam/robot_main/install/sllidar_ros2/share/ament_index/resource_index/parent_prefix_path/sllidar_ros2
[19.617s] -- Symlinking: /home/phuongnam/robot_main/install/sllidar_ros2/share/sllidar_ros2/environment/ament_prefix_path.sh
[19.629s] -- Symlinking: /home/phuongnam/robot_main/install/sllidar_ros2/share/sllidar_ros2/environment/ament_prefix_path.dsv
[19.640s] -- Symlinking: /home/phuongnam/robot_main/install/sllidar_ros2/share/sllidar_ros2/environment/path.sh
[19.651s] -- Symlinking: /home/phuongnam/robot_main/install/sllidar_ros2/share/sllidar_ros2/environment/path.dsv
[19.662s] -- Symlinking: /home/phuongnam/robot_main/install/sllidar_ros2/share/sllidar_ros2/local_setup.bash
[19.673s] -- Symlinking: /home/phuongnam/robot_main/install/sllidar_ros2/share/sllidar_ros2/local_setup.sh
[19.684s] -- Symlinking: /home/phuongnam/robot_main/install/sllidar_ros2/share/sllidar_ros2/local_setup.zsh
[19.695s] -- Symlinking: /home/phuongnam/robot_main/install/sllidar_ros2/share/sllidar_ros2/local_setup.dsv
[19.706s] -- Symlinking: /home/phuongnam/robot_main/install/sllidar_ros2/share/sllidar_ros2/package.dsv
[19.717s] -- Symlinking: /home/phuongnam/robot_main/install/sllidar_ros2/share/ament_index/resource_index/packages/sllidar_ros2
[19.729s] -- Symlinking: /home/phuongnam/robot_main/install/sllidar_ros2/share/sllidar_ros2/cmake/ament_cmake_export_dependencies-extras.cmake
[19.745s] -- Symlinking: /home/phuongnam/robot_main/install/sllidar_ros2/share/sllidar_ros2/cmake/ament_cmake_export_include_directories-extras.cmake
[19.765s] -- Symlinking: /home/phuongnam/robot_main/install/sllidar_ros2/share/sllidar_ros2/cmake/sllidar_ros2Config.cmake
[19.777s] -- Symlinking: /home/phuongnam/robot_main/install/sllidar_ros2/share/sllidar_ros2/cmake/sllidar_ros2Config-version.cmake
[19.794s] -- Symlinking: /home/phuongnam/robot_main/install/sllidar_ros2/share/sllidar_ros2/package.xml
[19.810s] Invoked command in '/home/phuongnam/robot_main/build/sllidar_ros2' returned '0': CMAKE_PREFIX_PATH=/opt/ros/humble /usr/bin/cmake --install /home/phuongnam/robot_main/build/sllidar_ros2
