[0.544s] DEBUG:colcon:Command line arguments: ['/usr/bin/colcon', 'build', '--packages-select', 'robot_serial']
[0.545s] DEBUG:colcon:Parsed command line arguments: Namespace(log_base=None, log_level=None, verb_name='build', build_base='build', install_base='install', merge_install=False, symlink_install=False, test_result_base=None, continue_on_error=False, executor='parallel', parallel_workers=4, event_handlers=None, ignore_user_meta=False, metas=['./colcon.meta'], base_paths=['.'], packages_ignore=None, packages_ignore_regex=None, paths=None, packages_up_to=None, packages_up_to_regex=None, packages_above=None, packages_above_and_dependencies=None, packages_above_depth=None, packages_select_by_dep=None, packages_skip_by_dep=None, packages_skip_up_to=None, packages_select_build_failed=False, packages_skip_build_finished=False, packages_select_test_failures=False, packages_skip_test_passed=False, packages_select=['robot_serial'], packages_skip=None, packages_select_regex=None, packages_skip_regex=None, packages_start=None, packages_end=None, allow_overriding=[], cmake_args=None, cmake_target=None, cmake_target_skip_unavailable=False, cmake_clean_cache=False, cmake_clean_first=False, cmake_force_configure=False, ament_cmake_args=None, catkin_cmake_args=None, catkin_skip_building_tests=False, verb_parser=<colcon_defaults.argument_parser.defaults.DefaultArgumentsDecorator object at 0xffff9b19cca0>, verb_extension=<colcon_core.verb.build.BuildVerb object at 0xffff9b31a410>, main=<bound method BuildVerb.main of <colcon_core.verb.build.BuildVerb object at 0xffff9b31a410>>)
[1.539s] Level 1:colcon.colcon_core.package_discovery:discover_packages(colcon_meta) check parameters
[1.540s] Level 1:colcon.colcon_core.package_discovery:discover_packages(recursive) check parameters
[1.540s] Level 1:colcon.colcon_core.package_discovery:discover_packages(ignore) check parameters
[1.541s] Level 1:colcon.colcon_core.package_discovery:discover_packages(path) check parameters
[1.541s] Level 1:colcon.colcon_core.package_discovery:discover_packages(colcon_meta) discover
[1.541s] Level 1:colcon.colcon_core.package_discovery:discover_packages(recursive) discover
[1.541s] INFO:colcon.colcon_core.package_discovery:Crawling recursively for packages in '/home/robot/robot_ws'
[1.542s] Level 1:colcon.colcon_core.package_identification:_identify(.) by extensions ['ignore', 'ignore_ament_install']
[1.543s] Level 1:colcon.colcon_core.package_identification:_identify(.) by extension 'ignore'
[1.543s] Level 1:colcon.colcon_core.package_identification:_identify(.) by extension 'ignore_ament_install'
[1.543s] Level 1:colcon.colcon_core.package_identification:_identify(.) by extensions ['colcon_pkg']
[1.544s] Level 1:colcon.colcon_core.package_identification:_identify(.) by extension 'colcon_pkg'
[1.544s] Level 1:colcon.colcon_core.package_identification:_identify(.) by extensions ['colcon_meta']
[1.544s] Level 1:colcon.colcon_core.package_identification:_identify(.) by extension 'colcon_meta'
[1.544s] Level 1:colcon.colcon_core.package_identification:_identify(.) by extensions ['ros']
[1.545s] Level 1:colcon.colcon_core.package_identification:_identify(.) by extension 'ros'
[1.600s] Level 1:colcon.colcon_core.package_identification:_identify(.) by extensions ['cmake', 'python']
[1.601s] Level 1:colcon.colcon_core.package_identification:_identify(.) by extension 'cmake'
[1.601s] Level 1:colcon.colcon_core.package_identification:_identify(.) by extension 'python'
[1.602s] Level 1:colcon.colcon_core.package_identification:_identify(.) by extensions ['python_setup_py']
[1.602s] Level 1:colcon.colcon_core.package_identification:_identify(.) by extension 'python_setup_py'
[1.603s] Level 1:colcon.colcon_core.package_identification:_identify(Robot_Tu_Hanh) by extensions ['ignore', 'ignore_ament_install']
[1.604s] Level 1:colcon.colcon_core.package_identification:_identify(Robot_Tu_Hanh) by extension 'ignore'
[1.604s] Level 1:colcon.colcon_core.package_identification:_identify(Robot_Tu_Hanh) by extension 'ignore_ament_install'
[1.605s] Level 1:colcon.colcon_core.package_identification:_identify(Robot_Tu_Hanh) by extensions ['colcon_pkg']
[1.605s] Level 1:colcon.colcon_core.package_identification:_identify(Robot_Tu_Hanh) by extension 'colcon_pkg'
[1.606s] Level 1:colcon.colcon_core.package_identification:_identify(Robot_Tu_Hanh) by extensions ['colcon_meta']
[1.606s] Level 1:colcon.colcon_core.package_identification:_identify(Robot_Tu_Hanh) by extension 'colcon_meta'
[1.607s] Level 1:colcon.colcon_core.package_identification:_identify(Robot_Tu_Hanh) by extensions ['ros']
[1.607s] Level 1:colcon.colcon_core.package_identification:_identify(Robot_Tu_Hanh) by extension 'ros'
[1.608s] Level 1:colcon.colcon_core.package_identification:_identify(Robot_Tu_Hanh) by extensions ['cmake', 'python']
[1.608s] Level 1:colcon.colcon_core.package_identification:_identify(Robot_Tu_Hanh) by extension 'cmake'
[1.608s] Level 1:colcon.colcon_core.package_identification:_identify(Robot_Tu_Hanh) by extension 'python'
[1.609s] Level 1:colcon.colcon_core.package_identification:_identify(Robot_Tu_Hanh) by extensions ['python_setup_py']
[1.609s] Level 1:colcon.colcon_core.package_identification:_identify(Robot_Tu_Hanh) by extension 'python_setup_py'
[1.610s] Level 1:colcon.colcon_core.package_identification:_identify(Robot_Tu_Hanh/ROBOT_AI) by extensions ['ignore', 'ignore_ament_install']
[1.611s] Level 1:colcon.colcon_core.package_identification:_identify(Robot_Tu_Hanh/ROBOT_AI) by extension 'ignore'
[1.611s] Level 1:colcon.colcon_core.package_identification:_identify(Robot_Tu_Hanh/ROBOT_AI) by extension 'ignore_ament_install'
[1.611s] Level 1:colcon.colcon_core.package_identification:_identify(Robot_Tu_Hanh/ROBOT_AI) by extensions ['colcon_pkg']
[1.611s] Level 1:colcon.colcon_core.package_identification:_identify(Robot_Tu_Hanh/ROBOT_AI) by extension 'colcon_pkg'
[1.612s] Level 1:colcon.colcon_core.package_identification:_identify(Robot_Tu_Hanh/ROBOT_AI) by extensions ['colcon_meta']
[1.612s] Level 1:colcon.colcon_core.package_identification:_identify(Robot_Tu_Hanh/ROBOT_AI) by extension 'colcon_meta'
[1.612s] Level 1:colcon.colcon_core.package_identification:_identify(Robot_Tu_Hanh/ROBOT_AI) by extensions ['ros']
[1.612s] Level 1:colcon.colcon_core.package_identification:_identify(Robot_Tu_Hanh/ROBOT_AI) by extension 'ros'
[1.613s] Level 1:colcon.colcon_core.package_identification:_identify(Robot_Tu_Hanh/ROBOT_AI) by extensions ['cmake', 'python']
[1.613s] Level 1:colcon.colcon_core.package_identification:_identify(Robot_Tu_Hanh/ROBOT_AI) by extension 'cmake'
[1.613s] Level 1:colcon.colcon_core.package_identification:_identify(Robot_Tu_Hanh/ROBOT_AI) by extension 'python'
[1.614s] Level 1:colcon.colcon_core.package_identification:_identify(Robot_Tu_Hanh/ROBOT_AI) by extensions ['python_setup_py']
[1.614s] Level 1:colcon.colcon_core.package_identification:_identify(Robot_Tu_Hanh/ROBOT_AI) by extension 'python_setup_py'
[1.615s] Level 1:colcon.colcon_core.package_identification:_identify(Robot_Tu_Hanh/ROBOT_AI/dashboard) by extensions ['ignore', 'ignore_ament_install']
[1.615s] Level 1:colcon.colcon_core.package_identification:_identify(Robot_Tu_Hanh/ROBOT_AI/dashboard) by extension 'ignore'
[1.615s] Level 1:colcon.colcon_core.package_identification:_identify(Robot_Tu_Hanh/ROBOT_AI/dashboard) by extension 'ignore_ament_install'
[1.616s] Level 1:colcon.colcon_core.package_identification:_identify(Robot_Tu_Hanh/ROBOT_AI/dashboard) by extensions ['colcon_pkg']
[1.617s] Level 1:colcon.colcon_core.package_identification:_identify(Robot_Tu_Hanh/ROBOT_AI/dashboard) by extension 'colcon_pkg'
[1.617s] Level 1:colcon.colcon_core.package_identification:_identify(Robot_Tu_Hanh/ROBOT_AI/dashboard) by extensions ['colcon_meta']
[1.617s] Level 1:colcon.colcon_core.package_identification:_identify(Robot_Tu_Hanh/ROBOT_AI/dashboard) by extension 'colcon_meta'
[1.618s] Level 1:colcon.colcon_core.package_identification:_identify(Robot_Tu_Hanh/ROBOT_AI/dashboard) by extensions ['ros']
[1.618s] Level 1:colcon.colcon_core.package_identification:_identify(Robot_Tu_Hanh/ROBOT_AI/dashboard) by extension 'ros'
[1.619s] Level 1:colcon.colcon_core.package_identification:_identify(Robot_Tu_Hanh/ROBOT_AI/dashboard) by extensions ['cmake', 'python']
[1.619s] Level 1:colcon.colcon_core.package_identification:_identify(Robot_Tu_Hanh/ROBOT_AI/dashboard) by extension 'cmake'
[1.620s] Level 1:colcon.colcon_core.package_identification:_identify(Robot_Tu_Hanh/ROBOT_AI/dashboard) by extension 'python'
[1.620s] Level 1:colcon.colcon_core.package_identification:_identify(Robot_Tu_Hanh/ROBOT_AI/dashboard) by extensions ['python_setup_py']
[1.620s] Level 1:colcon.colcon_core.package_identification:_identify(Robot_Tu_Hanh/ROBOT_AI/dashboard) by extension 'python_setup_py'
[1.621s] Level 1:colcon.colcon_core.package_identification:_identify(Robot_Tu_Hanh/ROBOT_AI/dashboard/public) by extensions ['ignore', 'ignore_ament_install']
[1.622s] Level 1:colcon.colcon_core.package_identification:_identify(Robot_Tu_Hanh/ROBOT_AI/dashboard/public) by extension 'ignore'
[1.622s] Level 1:colcon.colcon_core.package_identification:_identify(Robot_Tu_Hanh/ROBOT_AI/dashboard/public) by extension 'ignore_ament_install'
[1.622s] Level 1:colcon.colcon_core.package_identification:_identify(Robot_Tu_Hanh/ROBOT_AI/dashboard/public) by extensions ['colcon_pkg']
[1.622s] Level 1:colcon.colcon_core.package_identification:_identify(Robot_Tu_Hanh/ROBOT_AI/dashboard/public) by extension 'colcon_pkg'
[1.623s] Level 1:colcon.colcon_core.package_identification:_identify(Robot_Tu_Hanh/ROBOT_AI/dashboard/public) by extensions ['colcon_meta']
[1.623s] Level 1:colcon.colcon_core.package_identification:_identify(Robot_Tu_Hanh/ROBOT_AI/dashboard/public) by extension 'colcon_meta'
[1.623s] Level 1:colcon.colcon_core.package_identification:_identify(Robot_Tu_Hanh/ROBOT_AI/dashboard/public) by extensions ['ros']
[1.624s] Level 1:colcon.colcon_core.package_identification:_identify(Robot_Tu_Hanh/ROBOT_AI/dashboard/public) by extension 'ros'
[1.624s] Level 1:colcon.colcon_core.package_identification:_identify(Robot_Tu_Hanh/ROBOT_AI/dashboard/public) by extensions ['cmake', 'python']
[1.624s] Level 1:colcon.colcon_core.package_identification:_identify(Robot_Tu_Hanh/ROBOT_AI/dashboard/public) by extension 'cmake'
[1.625s] Level 1:colcon.colcon_core.package_identification:_identify(Robot_Tu_Hanh/ROBOT_AI/dashboard/public) by extension 'python'
[1.625s] Level 1:colcon.colcon_core.package_identification:_identify(Robot_Tu_Hanh/ROBOT_AI/dashboard/public) by extensions ['python_setup_py']
[1.625s] Level 1:colcon.colcon_core.package_identification:_identify(Robot_Tu_Hanh/ROBOT_AI/dashboard/public) by extension 'python_setup_py'
[1.626s] Level 1:colcon.colcon_core.package_identification:_identify(Robot_Tu_Hanh/ROBOT_AI/dashboard/src) by extensions ['ignore', 'ignore_ament_install']
[1.626s] Level 1:colcon.colcon_core.package_identification:_identify(Robot_Tu_Hanh/ROBOT_AI/dashboard/src) by extension 'ignore'
[1.627s] Level 1:colcon.colcon_core.package_identification:_identify(Robot_Tu_Hanh/ROBOT_AI/dashboard/src) by extension 'ignore_ament_install'
[1.627s] Level 1:colcon.colcon_core.package_identification:_identify(Robot_Tu_Hanh/ROBOT_AI/dashboard/src) by extensions ['colcon_pkg']
[1.627s] Level 1:colcon.colcon_core.package_identification:_identify(Robot_Tu_Hanh/ROBOT_AI/dashboard/src) by extension 'colcon_pkg'
[1.627s] Level 1:colcon.colcon_core.package_identification:_identify(Robot_Tu_Hanh/ROBOT_AI/dashboard/src) by extensions ['colcon_meta']
[1.628s] Level 1:colcon.colcon_core.package_identification:_identify(Robot_Tu_Hanh/ROBOT_AI/dashboard/src) by extension 'colcon_meta'
[1.628s] Level 1:colcon.colcon_core.package_identification:_identify(Robot_Tu_Hanh/ROBOT_AI/dashboard/src) by extensions ['ros']
[1.628s] Level 1:colcon.colcon_core.package_identification:_identify(Robot_Tu_Hanh/ROBOT_AI/dashboard/src) by extension 'ros'
[1.629s] Level 1:colcon.colcon_core.package_identification:_identify(Robot_Tu_Hanh/ROBOT_AI/dashboard/src) by extensions ['cmake', 'python']
[1.629s] Level 1:colcon.colcon_core.package_identification:_identify(Robot_Tu_Hanh/ROBOT_AI/dashboard/src) by extension 'cmake'
[1.629s] Level 1:colcon.colcon_core.package_identification:_identify(Robot_Tu_Hanh/ROBOT_AI/dashboard/src) by extension 'python'
[1.630s] Level 1:colcon.colcon_core.package_identification:_identify(Robot_Tu_Hanh/ROBOT_AI/dashboard/src) by extensions ['python_setup_py']
[1.630s] Level 1:colcon.colcon_core.package_identification:_identify(Robot_Tu_Hanh/ROBOT_AI/dashboard/src) by extension 'python_setup_py'
[1.631s] Level 1:colcon.colcon_core.package_identification:_identify(Robot_Tu_Hanh/ROBOT_AI/dashboard/src/assets) by extensions ['ignore', 'ignore_ament_install']
[1.631s] Level 1:colcon.colcon_core.package_identification:_identify(Robot_Tu_Hanh/ROBOT_AI/dashboard/src/assets) by extension 'ignore'
[1.631s] Level 1:colcon.colcon_core.package_identification:_identify(Robot_Tu_Hanh/ROBOT_AI/dashboard/src/assets) by extension 'ignore_ament_install'
[1.632s] Level 1:colcon.colcon_core.package_identification:_identify(Robot_Tu_Hanh/ROBOT_AI/dashboard/src/assets) by extensions ['colcon_pkg']
[1.632s] Level 1:colcon.colcon_core.package_identification:_identify(Robot_Tu_Hanh/ROBOT_AI/dashboard/src/assets) by extension 'colcon_pkg'
[1.632s] Level 1:colcon.colcon_core.package_identification:_identify(Robot_Tu_Hanh/ROBOT_AI/dashboard/src/assets) by extensions ['colcon_meta']
[1.633s] Level 1:colcon.colcon_core.package_identification:_identify(Robot_Tu_Hanh/ROBOT_AI/dashboard/src/assets) by extension 'colcon_meta'
[1.633s] Level 1:colcon.colcon_core.package_identification:_identify(Robot_Tu_Hanh/ROBOT_AI/dashboard/src/assets) by extensions ['ros']
[1.633s] Level 1:colcon.colcon_core.package_identification:_identify(Robot_Tu_Hanh/ROBOT_AI/dashboard/src/assets) by extension 'ros'
[1.634s] Level 1:colcon.colcon_core.package_identification:_identify(Robot_Tu_Hanh/ROBOT_AI/dashboard/src/assets) by extensions ['cmake', 'python']
[1.634s] Level 1:colcon.colcon_core.package_identification:_identify(Robot_Tu_Hanh/ROBOT_AI/dashboard/src/assets) by extension 'cmake'
[1.634s] Level 1:colcon.colcon_core.package_identification:_identify(Robot_Tu_Hanh/ROBOT_AI/dashboard/src/assets) by extension 'python'
[1.634s] Level 1:colcon.colcon_core.package_identification:_identify(Robot_Tu_Hanh/ROBOT_AI/dashboard/src/assets) by extensions ['python_setup_py']
[1.635s] Level 1:colcon.colcon_core.package_identification:_identify(Robot_Tu_Hanh/ROBOT_AI/dashboard/src/assets) by extension 'python_setup_py'
[1.635s] Level 1:colcon.colcon_core.package_identification:_identify(Robot_Tu_Hanh/ROBOT_AI/include) by extensions ['ignore', 'ignore_ament_install']
[1.636s] Level 1:colcon.colcon_core.package_identification:_identify(Robot_Tu_Hanh/ROBOT_AI/include) by extension 'ignore'
[1.636s] Level 1:colcon.colcon_core.package_identification:_identify(Robot_Tu_Hanh/ROBOT_AI/include) by extension 'ignore_ament_install'
[1.636s] Level 1:colcon.colcon_core.package_identification:_identify(Robot_Tu_Hanh/ROBOT_AI/include) by extensions ['colcon_pkg']
[1.637s] Level 1:colcon.colcon_core.package_identification:_identify(Robot_Tu_Hanh/ROBOT_AI/include) by extension 'colcon_pkg'
[1.637s] Level 1:colcon.colcon_core.package_identification:_identify(Robot_Tu_Hanh/ROBOT_AI/include) by extensions ['colcon_meta']
[1.637s] Level 1:colcon.colcon_core.package_identification:_identify(Robot_Tu_Hanh/ROBOT_AI/include) by extension 'colcon_meta'
[1.637s] Level 1:colcon.colcon_core.package_identification:_identify(Robot_Tu_Hanh/ROBOT_AI/include) by extensions ['ros']
[1.638s] Level 1:colcon.colcon_core.package_identification:_identify(Robot_Tu_Hanh/ROBOT_AI/include) by extension 'ros'
[1.638s] Level 1:colcon.colcon_core.package_identification:_identify(Robot_Tu_Hanh/ROBOT_AI/include) by extensions ['cmake', 'python']
[1.638s] Level 1:colcon.colcon_core.package_identification:_identify(Robot_Tu_Hanh/ROBOT_AI/include) by extension 'cmake'
[1.638s] Level 1:colcon.colcon_core.package_identification:_identify(Robot_Tu_Hanh/ROBOT_AI/include) by extension 'python'
[1.639s] Level 1:colcon.colcon_core.package_identification:_identify(Robot_Tu_Hanh/ROBOT_AI/include) by extensions ['python_setup_py']
[1.639s] Level 1:colcon.colcon_core.package_identification:_identify(Robot_Tu_Hanh/ROBOT_AI/include) by extension 'python_setup_py'
[1.640s] Level 1:colcon.colcon_core.package_identification:_identify(Robot_Tu_Hanh/ROBOT_AI/lib) by extensions ['ignore', 'ignore_ament_install']
[1.640s] Level 1:colcon.colcon_core.package_identification:_identify(Robot_Tu_Hanh/ROBOT_AI/lib) by extension 'ignore'
[1.641s] Level 1:colcon.colcon_core.package_identification:_identify(Robot_Tu_Hanh/ROBOT_AI/lib) by extension 'ignore_ament_install'
[1.641s] Level 1:colcon.colcon_core.package_identification:_identify(Robot_Tu_Hanh/ROBOT_AI/lib) by extensions ['colcon_pkg']
[1.641s] Level 1:colcon.colcon_core.package_identification:_identify(Robot_Tu_Hanh/ROBOT_AI/lib) by extension 'colcon_pkg'
[1.641s] Level 1:colcon.colcon_core.package_identification:_identify(Robot_Tu_Hanh/ROBOT_AI/lib) by extensions ['colcon_meta']
[1.642s] Level 1:colcon.colcon_core.package_identification:_identify(Robot_Tu_Hanh/ROBOT_AI/lib) by extension 'colcon_meta'
[1.642s] Level 1:colcon.colcon_core.package_identification:_identify(Robot_Tu_Hanh/ROBOT_AI/lib) by extensions ['ros']
[1.642s] Level 1:colcon.colcon_core.package_identification:_identify(Robot_Tu_Hanh/ROBOT_AI/lib) by extension 'ros'
[1.643s] Level 1:colcon.colcon_core.package_identification:_identify(Robot_Tu_Hanh/ROBOT_AI/lib) by extensions ['cmake', 'python']
[1.643s] Level 1:colcon.colcon_core.package_identification:_identify(Robot_Tu_Hanh/ROBOT_AI/lib) by extension 'cmake'
[1.643s] Level 1:colcon.colcon_core.package_identification:_identify(Robot_Tu_Hanh/ROBOT_AI/lib) by extension 'python'
[1.643s] Level 1:colcon.colcon_core.package_identification:_identify(Robot_Tu_Hanh/ROBOT_AI/lib) by extensions ['python_setup_py']
[1.644s] Level 1:colcon.colcon_core.package_identification:_identify(Robot_Tu_Hanh/ROBOT_AI/lib) by extension 'python_setup_py'
[1.644s] Level 1:colcon.colcon_core.package_identification:_identify(Robot_Tu_Hanh/ROBOT_AI/lib/Adafruit) by extensions ['ignore', 'ignore_ament_install']
[1.645s] Level 1:colcon.colcon_core.package_identification:_identify(Robot_Tu_Hanh/ROBOT_AI/lib/Adafruit) by extension 'ignore'
[1.646s] Level 1:colcon.colcon_core.package_identification:_identify(Robot_Tu_Hanh/ROBOT_AI/lib/Adafruit) by extension 'ignore_ament_install'
[1.646s] Level 1:colcon.colcon_core.package_identification:_identify(Robot_Tu_Hanh/ROBOT_AI/lib/Adafruit) by extensions ['colcon_pkg']
[1.646s] Level 1:colcon.colcon_core.package_identification:_identify(Robot_Tu_Hanh/ROBOT_AI/lib/Adafruit) by extension 'colcon_pkg'
[1.647s] Level 1:colcon.colcon_core.package_identification:_identify(Robot_Tu_Hanh/ROBOT_AI/lib/Adafruit) by extensions ['colcon_meta']
[1.647s] Level 1:colcon.colcon_core.package_identification:_identify(Robot_Tu_Hanh/ROBOT_AI/lib/Adafruit) by extension 'colcon_meta'
[1.647s] Level 1:colcon.colcon_core.package_identification:_identify(Robot_Tu_Hanh/ROBOT_AI/lib/Adafruit) by extensions ['ros']
[1.647s] Level 1:colcon.colcon_core.package_identification:_identify(Robot_Tu_Hanh/ROBOT_AI/lib/Adafruit) by extension 'ros'
[1.648s] Level 1:colcon.colcon_core.package_identification:_identify(Robot_Tu_Hanh/ROBOT_AI/lib/Adafruit) by extensions ['cmake', 'python']
[1.648s] Level 1:colcon.colcon_core.package_identification:_identify(Robot_Tu_Hanh/ROBOT_AI/lib/Adafruit) by extension 'cmake'
[1.648s] Level 1:colcon.colcon_core.package_identification:_identify(Robot_Tu_Hanh/ROBOT_AI/lib/Adafruit) by extension 'python'
[1.649s] Level 1:colcon.colcon_core.package_identification:_identify(Robot_Tu_Hanh/ROBOT_AI/lib/Adafruit) by extensions ['python_setup_py']
[1.649s] Level 1:colcon.colcon_core.package_identification:_identify(Robot_Tu_Hanh/ROBOT_AI/lib/Adafruit) by extension 'python_setup_py'
[1.650s] Level 1:colcon.colcon_core.package_identification:_identify(Robot_Tu_Hanh/ROBOT_AI/lib/AutoNavigator) by extensions ['ignore', 'ignore_ament_install']
[1.650s] Level 1:colcon.colcon_core.package_identification:_identify(Robot_Tu_Hanh/ROBOT_AI/lib/AutoNavigator) by extension 'ignore'
[1.650s] Level 1:colcon.colcon_core.package_identification:_identify(Robot_Tu_Hanh/ROBOT_AI/lib/AutoNavigator) by extension 'ignore_ament_install'
[1.651s] Level 1:colcon.colcon_core.package_identification:_identify(Robot_Tu_Hanh/ROBOT_AI/lib/AutoNavigator) by extensions ['colcon_pkg']
[1.651s] Level 1:colcon.colcon_core.package_identification:_identify(Robot_Tu_Hanh/ROBOT_AI/lib/AutoNavigator) by extension 'colcon_pkg'
[1.651s] Level 1:colcon.colcon_core.package_identification:_identify(Robot_Tu_Hanh/ROBOT_AI/lib/AutoNavigator) by extensions ['colcon_meta']
[1.651s] Level 1:colcon.colcon_core.package_identification:_identify(Robot_Tu_Hanh/ROBOT_AI/lib/AutoNavigator) by extension 'colcon_meta'
[1.652s] Level 1:colcon.colcon_core.package_identification:_identify(Robot_Tu_Hanh/ROBOT_AI/lib/AutoNavigator) by extensions ['ros']
[1.652s] Level 1:colcon.colcon_core.package_identification:_identify(Robot_Tu_Hanh/ROBOT_AI/lib/AutoNavigator) by extension 'ros'
[1.653s] Level 1:colcon.colcon_core.package_identification:_identify(Robot_Tu_Hanh/ROBOT_AI/lib/AutoNavigator) by extensions ['cmake', 'python']
[1.653s] Level 1:colcon.colcon_core.package_identification:_identify(Robot_Tu_Hanh/ROBOT_AI/lib/AutoNavigator) by extension 'cmake'
[1.653s] Level 1:colcon.colcon_core.package_identification:_identify(Robot_Tu_Hanh/ROBOT_AI/lib/AutoNavigator) by extension 'python'
[1.653s] Level 1:colcon.colcon_core.package_identification:_identify(Robot_Tu_Hanh/ROBOT_AI/lib/AutoNavigator) by extensions ['python_setup_py']
[1.654s] Level 1:colcon.colcon_core.package_identification:_identify(Robot_Tu_Hanh/ROBOT_AI/lib/AutoNavigator) by extension 'python_setup_py'
[1.654s] Level 1:colcon.colcon_core.package_identification:_identify(Robot_Tu_Hanh/ROBOT_AI/lib/BLEManager) by extensions ['ignore', 'ignore_ament_install']
[1.655s] Level 1:colcon.colcon_core.package_identification:_identify(Robot_Tu_Hanh/ROBOT_AI/lib/BLEManager) by extension 'ignore'
[1.655s] Level 1:colcon.colcon_core.package_identification:_identify(Robot_Tu_Hanh/ROBOT_AI/lib/BLEManager) by extension 'ignore_ament_install'
[1.655s] Level 1:colcon.colcon_core.package_identification:_identify(Robot_Tu_Hanh/ROBOT_AI/lib/BLEManager) by extensions ['colcon_pkg']
[1.656s] Level 1:colcon.colcon_core.package_identification:_identify(Robot_Tu_Hanh/ROBOT_AI/lib/BLEManager) by extension 'colcon_pkg'
[1.656s] Level 1:colcon.colcon_core.package_identification:_identify(Robot_Tu_Hanh/ROBOT_AI/lib/BLEManager) by extensions ['colcon_meta']
[1.656s] Level 1:colcon.colcon_core.package_identification:_identify(Robot_Tu_Hanh/ROBOT_AI/lib/BLEManager) by extension 'colcon_meta'
[1.656s] Level 1:colcon.colcon_core.package_identification:_identify(Robot_Tu_Hanh/ROBOT_AI/lib/BLEManager) by extensions ['ros']
[1.657s] Level 1:colcon.colcon_core.package_identification:_identify(Robot_Tu_Hanh/ROBOT_AI/lib/BLEManager) by extension 'ros'
[1.657s] Level 1:colcon.colcon_core.package_identification:_identify(Robot_Tu_Hanh/ROBOT_AI/lib/BLEManager) by extensions ['cmake', 'python']
[1.657s] Level 1:colcon.colcon_core.package_identification:_identify(Robot_Tu_Hanh/ROBOT_AI/lib/BLEManager) by extension 'cmake'
[1.658s] Level 1:colcon.colcon_core.package_identification:_identify(Robot_Tu_Hanh/ROBOT_AI/lib/BLEManager) by extension 'python'
[1.658s] Level 1:colcon.colcon_core.package_identification:_identify(Robot_Tu_Hanh/ROBOT_AI/lib/BLEManager) by extensions ['python_setup_py']
[1.658s] Level 1:colcon.colcon_core.package_identification:_identify(Robot_Tu_Hanh/ROBOT_AI/lib/BLEManager) by extension 'python_setup_py'
[1.659s] Level 1:colcon.colcon_core.package_identification:_identify(Robot_Tu_Hanh/ROBOT_AI/lib/BTS7960) by extensions ['ignore', 'ignore_ament_install']
[1.659s] Level 1:colcon.colcon_core.package_identification:_identify(Robot_Tu_Hanh/ROBOT_AI/lib/BTS7960) by extension 'ignore'
[1.660s] Level 1:colcon.colcon_core.package_identification:_identify(Robot_Tu_Hanh/ROBOT_AI/lib/BTS7960) by extension 'ignore_ament_install'
[1.660s] Level 1:colcon.colcon_core.package_identification:_identify(Robot_Tu_Hanh/ROBOT_AI/lib/BTS7960) by extensions ['colcon_pkg']
[1.660s] Level 1:colcon.colcon_core.package_identification:_identify(Robot_Tu_Hanh/ROBOT_AI/lib/BTS7960) by extension 'colcon_pkg'
[1.661s] Level 1:colcon.colcon_core.package_identification:_identify(Robot_Tu_Hanh/ROBOT_AI/lib/BTS7960) by extensions ['colcon_meta']
[1.661s] Level 1:colcon.colcon_core.package_identification:_identify(Robot_Tu_Hanh/ROBOT_AI/lib/BTS7960) by extension 'colcon_meta'
[1.661s] Level 1:colcon.colcon_core.package_identification:_identify(Robot_Tu_Hanh/ROBOT_AI/lib/BTS7960) by extensions ['ros']
[1.661s] Level 1:colcon.colcon_core.package_identification:_identify(Robot_Tu_Hanh/ROBOT_AI/lib/BTS7960) by extension 'ros'
[1.662s] Level 1:colcon.colcon_core.package_identification:_identify(Robot_Tu_Hanh/ROBOT_AI/lib/BTS7960) by extensions ['cmake', 'python']
[1.662s] Level 1:colcon.colcon_core.package_identification:_identify(Robot_Tu_Hanh/ROBOT_AI/lib/BTS7960) by extension 'cmake'
[1.662s] Level 1:colcon.colcon_core.package_identification:_identify(Robot_Tu_Hanh/ROBOT_AI/lib/BTS7960) by extension 'python'
[1.662s] Level 1:colcon.colcon_core.package_identification:_identify(Robot_Tu_Hanh/ROBOT_AI/lib/BTS7960) by extensions ['python_setup_py']
[1.663s] Level 1:colcon.colcon_core.package_identification:_identify(Robot_Tu_Hanh/ROBOT_AI/lib/BTS7960) by extension 'python_setup_py'
[1.663s] Level 1:colcon.colcon_core.package_identification:_identify(Robot_Tu_Hanh/ROBOT_AI/lib/Control) by extensions ['ignore', 'ignore_ament_install']
[1.664s] Level 1:colcon.colcon_core.package_identification:_identify(Robot_Tu_Hanh/ROBOT_AI/lib/Control) by extension 'ignore'
[1.664s] Level 1:colcon.colcon_core.package_identification:_identify(Robot_Tu_Hanh/ROBOT_AI/lib/Control) by extension 'ignore_ament_install'
[1.665s] Level 1:colcon.colcon_core.package_identification:_identify(Robot_Tu_Hanh/ROBOT_AI/lib/Control) by extensions ['colcon_pkg']
[1.665s] Level 1:colcon.colcon_core.package_identification:_identify(Robot_Tu_Hanh/ROBOT_AI/lib/Control) by extension 'colcon_pkg'
[1.665s] Level 1:colcon.colcon_core.package_identification:_identify(Robot_Tu_Hanh/ROBOT_AI/lib/Control) by extensions ['colcon_meta']
[1.665s] Level 1:colcon.colcon_core.package_identification:_identify(Robot_Tu_Hanh/ROBOT_AI/lib/Control) by extension 'colcon_meta'
[1.666s] Level 1:colcon.colcon_core.package_identification:_identify(Robot_Tu_Hanh/ROBOT_AI/lib/Control) by extensions ['ros']
[1.666s] Level 1:colcon.colcon_core.package_identification:_identify(Robot_Tu_Hanh/ROBOT_AI/lib/Control) by extension 'ros'
[1.666s] Level 1:colcon.colcon_core.package_identification:_identify(Robot_Tu_Hanh/ROBOT_AI/lib/Control) by extensions ['cmake', 'python']
[1.666s] Level 1:colcon.colcon_core.package_identification:_identify(Robot_Tu_Hanh/ROBOT_AI/lib/Control) by extension 'cmake'
[1.667s] Level 1:colcon.colcon_core.package_identification:_identify(Robot_Tu_Hanh/ROBOT_AI/lib/Control) by extension 'python'
[1.667s] Level 1:colcon.colcon_core.package_identification:_identify(Robot_Tu_Hanh/ROBOT_AI/lib/Control) by extensions ['python_setup_py']
[1.667s] Level 1:colcon.colcon_core.package_identification:_identify(Robot_Tu_Hanh/ROBOT_AI/lib/Control) by extension 'python_setup_py'
[1.668s] Level 1:colcon.colcon_core.package_identification:_identify(Robot_Tu_Hanh/ROBOT_AI/lib/Control/MotionHandlers) by extensions ['ignore', 'ignore_ament_install']
[1.668s] Level 1:colcon.colcon_core.package_identification:_identify(Robot_Tu_Hanh/ROBOT_AI/lib/Control/MotionHandlers) by extension 'ignore'
[1.669s] Level 1:colcon.colcon_core.package_identification:_identify(Robot_Tu_Hanh/ROBOT_AI/lib/Control/MotionHandlers) by extension 'ignore_ament_install'
[1.669s] Level 1:colcon.colcon_core.package_identification:_identify(Robot_Tu_Hanh/ROBOT_AI/lib/Control/MotionHandlers) by extensions ['colcon_pkg']
[1.669s] Level 1:colcon.colcon_core.package_identification:_identify(Robot_Tu_Hanh/ROBOT_AI/lib/Control/MotionHandlers) by extension 'colcon_pkg'
[1.670s] Level 1:colcon.colcon_core.package_identification:_identify(Robot_Tu_Hanh/ROBOT_AI/lib/Control/MotionHandlers) by extensions ['colcon_meta']
[1.670s] Level 1:colcon.colcon_core.package_identification:_identify(Robot_Tu_Hanh/ROBOT_AI/lib/Control/MotionHandlers) by extension 'colcon_meta'
[1.670s] Level 1:colcon.colcon_core.package_identification:_identify(Robot_Tu_Hanh/ROBOT_AI/lib/Control/MotionHandlers) by extensions ['ros']
[1.670s] Level 1:colcon.colcon_core.package_identification:_identify(Robot_Tu_Hanh/ROBOT_AI/lib/Control/MotionHandlers) by extension 'ros'
[1.671s] Level 1:colcon.colcon_core.package_identification:_identify(Robot_Tu_Hanh/ROBOT_AI/lib/Control/MotionHandlers) by extensions ['cmake', 'python']
[1.671s] Level 1:colcon.colcon_core.package_identification:_identify(Robot_Tu_Hanh/ROBOT_AI/lib/Control/MotionHandlers) by extension 'cmake'
[1.671s] Level 1:colcon.colcon_core.package_identification:_identify(Robot_Tu_Hanh/ROBOT_AI/lib/Control/MotionHandlers) by extension 'python'
[1.672s] Level 1:colcon.colcon_core.package_identification:_identify(Robot_Tu_Hanh/ROBOT_AI/lib/Control/MotionHandlers) by extensions ['python_setup_py']
[1.672s] Level 1:colcon.colcon_core.package_identification:_identify(Robot_Tu_Hanh/ROBOT_AI/lib/Control/MotionHandlers) by extension 'python_setup_py'
[1.673s] Level 1:colcon.colcon_core.package_identification:_identify(Robot_Tu_Hanh/ROBOT_AI/lib/Control/PID) by extensions ['ignore', 'ignore_ament_install']
[1.673s] Level 1:colcon.colcon_core.package_identification:_identify(Robot_Tu_Hanh/ROBOT_AI/lib/Control/PID) by extension 'ignore'
[1.674s] Level 1:colcon.colcon_core.package_identification:_identify(Robot_Tu_Hanh/ROBOT_AI/lib/Control/PID) by extension 'ignore_ament_install'
[1.674s] Level 1:colcon.colcon_core.package_identification:_identify(Robot_Tu_Hanh/ROBOT_AI/lib/Control/PID) by extensions ['colcon_pkg']
[1.674s] Level 1:colcon.colcon_core.package_identification:_identify(Robot_Tu_Hanh/ROBOT_AI/lib/Control/PID) by extension 'colcon_pkg'
[1.674s] Level 1:colcon.colcon_core.package_identification:_identify(Robot_Tu_Hanh/ROBOT_AI/lib/Control/PID) by extensions ['colcon_meta']
[1.674s] Level 1:colcon.colcon_core.package_identification:_identify(Robot_Tu_Hanh/ROBOT_AI/lib/Control/PID) by extension 'colcon_meta'
[1.675s] Level 1:colcon.colcon_core.package_identification:_identify(Robot_Tu_Hanh/ROBOT_AI/lib/Control/PID) by extensions ['ros']
[1.675s] Level 1:colcon.colcon_core.package_identification:_identify(Robot_Tu_Hanh/ROBOT_AI/lib/Control/PID) by extension 'ros'
[1.676s] Level 1:colcon.colcon_core.package_identification:_identify(Robot_Tu_Hanh/ROBOT_AI/lib/Control/PID) by extensions ['cmake', 'python']
[1.676s] Level 1:colcon.colcon_core.package_identification:_identify(Robot_Tu_Hanh/ROBOT_AI/lib/Control/PID) by extension 'cmake'
[1.676s] Level 1:colcon.colcon_core.package_identification:_identify(Robot_Tu_Hanh/ROBOT_AI/lib/Control/PID) by extension 'python'
[1.676s] Level 1:colcon.colcon_core.package_identification:_identify(Robot_Tu_Hanh/ROBOT_AI/lib/Control/PID) by extensions ['python_setup_py']
[1.677s] Level 1:colcon.colcon_core.package_identification:_identify(Robot_Tu_Hanh/ROBOT_AI/lib/Control/PID) by extension 'python_setup_py'
[1.677s] Level 1:colcon.colcon_core.package_identification:_identify(Robot_Tu_Hanh/ROBOT_AI/lib/Core) by extensions ['ignore', 'ignore_ament_install']
[1.678s] Level 1:colcon.colcon_core.package_identification:_identify(Robot_Tu_Hanh/ROBOT_AI/lib/Core) by extension 'ignore'
[1.678s] Level 1:colcon.colcon_core.package_identification:_identify(Robot_Tu_Hanh/ROBOT_AI/lib/Core) by extension 'ignore_ament_install'
[1.678s] Level 1:colcon.colcon_core.package_identification:_identify(Robot_Tu_Hanh/ROBOT_AI/lib/Core) by extensions ['colcon_pkg']
[1.679s] Level 1:colcon.colcon_core.package_identification:_identify(Robot_Tu_Hanh/ROBOT_AI/lib/Core) by extension 'colcon_pkg'
[1.679s] Level 1:colcon.colcon_core.package_identification:_identify(Robot_Tu_Hanh/ROBOT_AI/lib/Core) by extensions ['colcon_meta']
[1.679s] Level 1:colcon.colcon_core.package_identification:_identify(Robot_Tu_Hanh/ROBOT_AI/lib/Core) by extension 'colcon_meta'
[1.679s] Level 1:colcon.colcon_core.package_identification:_identify(Robot_Tu_Hanh/ROBOT_AI/lib/Core) by extensions ['ros']
[1.680s] Level 1:colcon.colcon_core.package_identification:_identify(Robot_Tu_Hanh/ROBOT_AI/lib/Core) by extension 'ros'
[1.680s] Level 1:colcon.colcon_core.package_identification:_identify(Robot_Tu_Hanh/ROBOT_AI/lib/Core) by extensions ['cmake', 'python']
[1.681s] Level 1:colcon.colcon_core.package_identification:_identify(Robot_Tu_Hanh/ROBOT_AI/lib/Core) by extension 'cmake'
[1.681s] Level 1:colcon.colcon_core.package_identification:_identify(Robot_Tu_Hanh/ROBOT_AI/lib/Core) by extension 'python'
[1.681s] Level 1:colcon.colcon_core.package_identification:_identify(Robot_Tu_Hanh/ROBOT_AI/lib/Core) by extensions ['python_setup_py']
[1.681s] Level 1:colcon.colcon_core.package_identification:_identify(Robot_Tu_Hanh/ROBOT_AI/lib/Core) by extension 'python_setup_py'
[1.682s] Level 1:colcon.colcon_core.package_identification:_identify(Robot_Tu_Hanh/ROBOT_AI/lib/Core/EventBus) by extensions ['ignore', 'ignore_ament_install']
[1.682s] Level 1:colcon.colcon_core.package_identification:_identify(Robot_Tu_Hanh/ROBOT_AI/lib/Core/EventBus) by extension 'ignore'
[1.683s] Level 1:colcon.colcon_core.package_identification:_identify(Robot_Tu_Hanh/ROBOT_AI/lib/Core/EventBus) by extension 'ignore_ament_install'
[1.683s] Level 1:colcon.colcon_core.package_identification:_identify(Robot_Tu_Hanh/ROBOT_AI/lib/Core/EventBus) by extensions ['colcon_pkg']
[1.683s] Level 1:colcon.colcon_core.package_identification:_identify(Robot_Tu_Hanh/ROBOT_AI/lib/Core/EventBus) by extension 'colcon_pkg'
[1.684s] Level 1:colcon.colcon_core.package_identification:_identify(Robot_Tu_Hanh/ROBOT_AI/lib/Core/EventBus) by extensions ['colcon_meta']
[1.684s] Level 1:colcon.colcon_core.package_identification:_identify(Robot_Tu_Hanh/ROBOT_AI/lib/Core/EventBus) by extension 'colcon_meta'
[1.684s] Level 1:colcon.colcon_core.package_identification:_identify(Robot_Tu_Hanh/ROBOT_AI/lib/Core/EventBus) by extensions ['ros']
[1.684s] Level 1:colcon.colcon_core.package_identification:_identify(Robot_Tu_Hanh/ROBOT_AI/lib/Core/EventBus) by extension 'ros'
[1.685s] Level 1:colcon.colcon_core.package_identification:_identify(Robot_Tu_Hanh/ROBOT_AI/lib/Core/EventBus) by extensions ['cmake', 'python']
[1.685s] Level 1:colcon.colcon_core.package_identification:_identify(Robot_Tu_Hanh/ROBOT_AI/lib/Core/EventBus) by extension 'cmake'
[1.685s] Level 1:colcon.colcon_core.package_identification:_identify(Robot_Tu_Hanh/ROBOT_AI/lib/Core/EventBus) by extension 'python'
[1.686s] Level 1:colcon.colcon_core.package_identification:_identify(Robot_Tu_Hanh/ROBOT_AI/lib/Core/EventBus) by extensions ['python_setup_py']
[1.686s] Level 1:colcon.colcon_core.package_identification:_identify(Robot_Tu_Hanh/ROBOT_AI/lib/Core/EventBus) by extension 'python_setup_py'
[1.687s] Level 1:colcon.colcon_core.package_identification:_identify(Robot_Tu_Hanh/ROBOT_AI/lib/Core/Scheduler) by extensions ['ignore', 'ignore_ament_install']
[1.687s] Level 1:colcon.colcon_core.package_identification:_identify(Robot_Tu_Hanh/ROBOT_AI/lib/Core/Scheduler) by extension 'ignore'
[1.687s] Level 1:colcon.colcon_core.package_identification:_identify(Robot_Tu_Hanh/ROBOT_AI/lib/Core/Scheduler) by extension 'ignore_ament_install'
[1.688s] Level 1:colcon.colcon_core.package_identification:_identify(Robot_Tu_Hanh/ROBOT_AI/lib/Core/Scheduler) by extensions ['colcon_pkg']
[1.688s] Level 1:colcon.colcon_core.package_identification:_identify(Robot_Tu_Hanh/ROBOT_AI/lib/Core/Scheduler) by extension 'colcon_pkg'
[1.688s] Level 1:colcon.colcon_core.package_identification:_identify(Robot_Tu_Hanh/ROBOT_AI/lib/Core/Scheduler) by extensions ['colcon_meta']
[1.688s] Level 1:colcon.colcon_core.package_identification:_identify(Robot_Tu_Hanh/ROBOT_AI/lib/Core/Scheduler) by extension 'colcon_meta'
[1.689s] Level 1:colcon.colcon_core.package_identification:_identify(Robot_Tu_Hanh/ROBOT_AI/lib/Core/Scheduler) by extensions ['ros']
[1.689s] Level 1:colcon.colcon_core.package_identification:_identify(Robot_Tu_Hanh/ROBOT_AI/lib/Core/Scheduler) by extension 'ros'
[1.690s] Level 1:colcon.colcon_core.package_identification:_identify(Robot_Tu_Hanh/ROBOT_AI/lib/Core/Scheduler) by extensions ['cmake', 'python']
[1.690s] Level 1:colcon.colcon_core.package_identification:_identify(Robot_Tu_Hanh/ROBOT_AI/lib/Core/Scheduler) by extension 'cmake'
[1.690s] Level 1:colcon.colcon_core.package_identification:_identify(Robot_Tu_Hanh/ROBOT_AI/lib/Core/Scheduler) by extension 'python'
[1.690s] Level 1:colcon.colcon_core.package_identification:_identify(Robot_Tu_Hanh/ROBOT_AI/lib/Core/Scheduler) by extensions ['python_setup_py']
[1.691s] Level 1:colcon.colcon_core.package_identification:_identify(Robot_Tu_Hanh/ROBOT_AI/lib/Core/Scheduler) by extension 'python_setup_py'
[1.691s] Level 1:colcon.colcon_core.package_identification:_identify(Robot_Tu_Hanh/ROBOT_AI/lib/Core/SensorManager) by extensions ['ignore', 'ignore_ament_install']
[1.692s] Level 1:colcon.colcon_core.package_identification:_identify(Robot_Tu_Hanh/ROBOT_AI/lib/Core/SensorManager) by extension 'ignore'
[1.692s] Level 1:colcon.colcon_core.package_identification:_identify(Robot_Tu_Hanh/ROBOT_AI/lib/Core/SensorManager) by extension 'ignore_ament_install'
[1.693s] Level 1:colcon.colcon_core.package_identification:_identify(Robot_Tu_Hanh/ROBOT_AI/lib/Core/SensorManager) by extensions ['colcon_pkg']
[1.693s] Level 1:colcon.colcon_core.package_identification:_identify(Robot_Tu_Hanh/ROBOT_AI/lib/Core/SensorManager) by extension 'colcon_pkg'
[1.693s] Level 1:colcon.colcon_core.package_identification:_identify(Robot_Tu_Hanh/ROBOT_AI/lib/Core/SensorManager) by extensions ['colcon_meta']
[1.693s] Level 1:colcon.colcon_core.package_identification:_identify(Robot_Tu_Hanh/ROBOT_AI/lib/Core/SensorManager) by extension 'colcon_meta'
[1.694s] Level 1:colcon.colcon_core.package_identification:_identify(Robot_Tu_Hanh/ROBOT_AI/lib/Core/SensorManager) by extensions ['ros']
[1.694s] Level 1:colcon.colcon_core.package_identification:_identify(Robot_Tu_Hanh/ROBOT_AI/lib/Core/SensorManager) by extension 'ros'
[1.695s] Level 1:colcon.colcon_core.package_identification:_identify(Robot_Tu_Hanh/ROBOT_AI/lib/Core/SensorManager) by extensions ['cmake', 'python']
[1.695s] Level 1:colcon.colcon_core.package_identification:_identify(Robot_Tu_Hanh/ROBOT_AI/lib/Core/SensorManager) by extension 'cmake'
[1.695s] Level 1:colcon.colcon_core.package_identification:_identify(Robot_Tu_Hanh/ROBOT_AI/lib/Core/SensorManager) by extension 'python'
[1.695s] Level 1:colcon.colcon_core.package_identification:_identify(Robot_Tu_Hanh/ROBOT_AI/lib/Core/SensorManager) by extensions ['python_setup_py']
[1.696s] Level 1:colcon.colcon_core.package_identification:_identify(Robot_Tu_Hanh/ROBOT_AI/lib/Core/SensorManager) by extension 'python_setup_py'
[1.696s] Level 1:colcon.colcon_core.package_identification:_identify(Robot_Tu_Hanh/ROBOT_AI/lib/Encoder) by extensions ['ignore', 'ignore_ament_install']
[1.697s] Level 1:colcon.colcon_core.package_identification:_identify(Robot_Tu_Hanh/ROBOT_AI/lib/Encoder) by extension 'ignore'
[1.697s] Level 1:colcon.colcon_core.package_identification:_identify(Robot_Tu_Hanh/ROBOT_AI/lib/Encoder) by extension 'ignore_ament_install'
[1.697s] Level 1:colcon.colcon_core.package_identification:_identify(Robot_Tu_Hanh/ROBOT_AI/lib/Encoder) by extensions ['colcon_pkg']
[1.698s] Level 1:colcon.colcon_core.package_identification:_identify(Robot_Tu_Hanh/ROBOT_AI/lib/Encoder) by extension 'colcon_pkg'
[1.698s] Level 1:colcon.colcon_core.package_identification:_identify(Robot_Tu_Hanh/ROBOT_AI/lib/Encoder) by extensions ['colcon_meta']
[1.698s] Level 1:colcon.colcon_core.package_identification:_identify(Robot_Tu_Hanh/ROBOT_AI/lib/Encoder) by extension 'colcon_meta'
[1.698s] Level 1:colcon.colcon_core.package_identification:_identify(Robot_Tu_Hanh/ROBOT_AI/lib/Encoder) by extensions ['ros']
[1.699s] Level 1:colcon.colcon_core.package_identification:_identify(Robot_Tu_Hanh/ROBOT_AI/lib/Encoder) by extension 'ros'
[1.699s] Level 1:colcon.colcon_core.package_identification:_identify(Robot_Tu_Hanh/ROBOT_AI/lib/Encoder) by extensions ['cmake', 'python']
[1.699s] Level 1:colcon.colcon_core.package_identification:_identify(Robot_Tu_Hanh/ROBOT_AI/lib/Encoder) by extension 'cmake'
[1.700s] Level 1:colcon.colcon_core.package_identification:_identify(Robot_Tu_Hanh/ROBOT_AI/lib/Encoder) by extension 'python'
[1.700s] Level 1:colcon.colcon_core.package_identification:_identify(Robot_Tu_Hanh/ROBOT_AI/lib/Encoder) by extensions ['python_setup_py']
[1.701s] Level 1:colcon.colcon_core.package_identification:_identify(Robot_Tu_Hanh/ROBOT_AI/lib/Encoder) by extension 'python_setup_py'
[1.702s] Level 1:colcon.colcon_core.package_identification:_identify(Robot_Tu_Hanh/ROBOT_AI/lib/Interfaces) by extensions ['ignore', 'ignore_ament_install']
[1.702s] Level 1:colcon.colcon_core.package_identification:_identify(Robot_Tu_Hanh/ROBOT_AI/lib/Interfaces) by extension 'ignore'
[1.702s] Level 1:colcon.colcon_core.package_identification:_identify(Robot_Tu_Hanh/ROBOT_AI/lib/Interfaces) by extension 'ignore_ament_install'
[1.703s] Level 1:colcon.colcon_core.package_identification:_identify(Robot_Tu_Hanh/ROBOT_AI/lib/Interfaces) by extensions ['colcon_pkg']
[1.703s] Level 1:colcon.colcon_core.package_identification:_identify(Robot_Tu_Hanh/ROBOT_AI/lib/Interfaces) by extension 'colcon_pkg'
[1.703s] Level 1:colcon.colcon_core.package_identification:_identify(Robot_Tu_Hanh/ROBOT_AI/lib/Interfaces) by extensions ['colcon_meta']
[1.703s] Level 1:colcon.colcon_core.package_identification:_identify(Robot_Tu_Hanh/ROBOT_AI/lib/Interfaces) by extension 'colcon_meta'
[1.704s] Level 1:colcon.colcon_core.package_identification:_identify(Robot_Tu_Hanh/ROBOT_AI/lib/Interfaces) by extensions ['ros']
[1.704s] Level 1:colcon.colcon_core.package_identification:_identify(Robot_Tu_Hanh/ROBOT_AI/lib/Interfaces) by extension 'ros'
[1.705s] Level 1:colcon.colcon_core.package_identification:_identify(Robot_Tu_Hanh/ROBOT_AI/lib/Interfaces) by extensions ['cmake', 'python']
[1.705s] Level 1:colcon.colcon_core.package_identification:_identify(Robot_Tu_Hanh/ROBOT_AI/lib/Interfaces) by extension 'cmake'
[1.705s] Level 1:colcon.colcon_core.package_identification:_identify(Robot_Tu_Hanh/ROBOT_AI/lib/Interfaces) by extension 'python'
[1.705s] Level 1:colcon.colcon_core.package_identification:_identify(Robot_Tu_Hanh/ROBOT_AI/lib/Interfaces) by extensions ['python_setup_py']
[1.706s] Level 1:colcon.colcon_core.package_identification:_identify(Robot_Tu_Hanh/ROBOT_AI/lib/Interfaces) by extension 'python_setup_py'
[1.706s] Level 1:colcon.colcon_core.package_identification:_identify(Robot_Tu_Hanh/ROBOT_AI/lib/Kinematics) by extensions ['ignore', 'ignore_ament_install']
[1.707s] Level 1:colcon.colcon_core.package_identification:_identify(Robot_Tu_Hanh/ROBOT_AI/lib/Kinematics) by extension 'ignore'
[1.707s] Level 1:colcon.colcon_core.package_identification:_identify(Robot_Tu_Hanh/ROBOT_AI/lib/Kinematics) by extension 'ignore_ament_install'
[1.708s] Level 1:colcon.colcon_core.package_identification:_identify(Robot_Tu_Hanh/ROBOT_AI/lib/Kinematics) by extensions ['colcon_pkg']
[1.708s] Level 1:colcon.colcon_core.package_identification:_identify(Robot_Tu_Hanh/ROBOT_AI/lib/Kinematics) by extension 'colcon_pkg'
[1.709s] Level 1:colcon.colcon_core.package_identification:_identify(Robot_Tu_Hanh/ROBOT_AI/lib/Kinematics) by extensions ['colcon_meta']
[1.709s] Level 1:colcon.colcon_core.package_identification:_identify(Robot_Tu_Hanh/ROBOT_AI/lib/Kinematics) by extension 'colcon_meta'
[1.710s] Level 1:colcon.colcon_core.package_identification:_identify(Robot_Tu_Hanh/ROBOT_AI/lib/Kinematics) by extensions ['ros']
[1.710s] Level 1:colcon.colcon_core.package_identification:_identify(Robot_Tu_Hanh/ROBOT_AI/lib/Kinematics) by extension 'ros'
[1.711s] Level 1:colcon.colcon_core.package_identification:_identify(Robot_Tu_Hanh/ROBOT_AI/lib/Kinematics) by extensions ['cmake', 'python']
[1.711s] Level 1:colcon.colcon_core.package_identification:_identify(Robot_Tu_Hanh/ROBOT_AI/lib/Kinematics) by extension 'cmake'
[1.712s] Level 1:colcon.colcon_core.package_identification:_identify(Robot_Tu_Hanh/ROBOT_AI/lib/Kinematics) by extension 'python'
[1.712s] Level 1:colcon.colcon_core.package_identification:_identify(Robot_Tu_Hanh/ROBOT_AI/lib/Kinematics) by extensions ['python_setup_py']
[1.712s] Level 1:colcon.colcon_core.package_identification:_identify(Robot_Tu_Hanh/ROBOT_AI/lib/Kinematics) by extension 'python_setup_py'
[1.713s] Level 1:colcon.colcon_core.package_identification:_identify(Robot_Tu_Hanh/ROBOT_AI/lib/MH_FMD) by extensions ['ignore', 'ignore_ament_install']
[1.713s] Level 1:colcon.colcon_core.package_identification:_identify(Robot_Tu_Hanh/ROBOT_AI/lib/MH_FMD) by extension 'ignore'
[1.714s] Level 1:colcon.colcon_core.package_identification:_identify(Robot_Tu_Hanh/ROBOT_AI/lib/MH_FMD) by extension 'ignore_ament_install'
[1.714s] Level 1:colcon.colcon_core.package_identification:_identify(Robot_Tu_Hanh/ROBOT_AI/lib/MH_FMD) by extensions ['colcon_pkg']
[1.714s] Level 1:colcon.colcon_core.package_identification:_identify(Robot_Tu_Hanh/ROBOT_AI/lib/MH_FMD) by extension 'colcon_pkg'
[1.714s] Level 1:colcon.colcon_core.package_identification:_identify(Robot_Tu_Hanh/ROBOT_AI/lib/MH_FMD) by extensions ['colcon_meta']
[1.715s] Level 1:colcon.colcon_core.package_identification:_identify(Robot_Tu_Hanh/ROBOT_AI/lib/MH_FMD) by extension 'colcon_meta'
[1.715s] Level 1:colcon.colcon_core.package_identification:_identify(Robot_Tu_Hanh/ROBOT_AI/lib/MH_FMD) by extensions ['ros']
[1.715s] Level 1:colcon.colcon_core.package_identification:_identify(Robot_Tu_Hanh/ROBOT_AI/lib/MH_FMD) by extension 'ros'
[1.716s] Level 1:colcon.colcon_core.package_identification:_identify(Robot_Tu_Hanh/ROBOT_AI/lib/MH_FMD) by extensions ['cmake', 'python']
[1.716s] Level 1:colcon.colcon_core.package_identification:_identify(Robot_Tu_Hanh/ROBOT_AI/lib/MH_FMD) by extension 'cmake'
[1.716s] Level 1:colcon.colcon_core.package_identification:_identify(Robot_Tu_Hanh/ROBOT_AI/lib/MH_FMD) by extension 'python'
[1.716s] Level 1:colcon.colcon_core.package_identification:_identify(Robot_Tu_Hanh/ROBOT_AI/lib/MH_FMD) by extensions ['python_setup_py']
[1.717s] Level 1:colcon.colcon_core.package_identification:_identify(Robot_Tu_Hanh/ROBOT_AI/lib/MH_FMD) by extension 'python_setup_py'
[1.717s] Level 1:colcon.colcon_core.package_identification:_identify(Robot_Tu_Hanh/ROBOT_AI/lib/Motor) by extensions ['ignore', 'ignore_ament_install']
[1.718s] Level 1:colcon.colcon_core.package_identification:_identify(Robot_Tu_Hanh/ROBOT_AI/lib/Motor) by extension 'ignore'
[1.718s] Level 1:colcon.colcon_core.package_identification:_identify(Robot_Tu_Hanh/ROBOT_AI/lib/Motor) by extension 'ignore_ament_install'
[1.718s] Level 1:colcon.colcon_core.package_identification:_identify(Robot_Tu_Hanh/ROBOT_AI/lib/Motor) by extensions ['colcon_pkg']
[1.719s] Level 1:colcon.colcon_core.package_identification:_identify(Robot_Tu_Hanh/ROBOT_AI/lib/Motor) by extension 'colcon_pkg'
[1.719s] Level 1:colcon.colcon_core.package_identification:_identify(Robot_Tu_Hanh/ROBOT_AI/lib/Motor) by extensions ['colcon_meta']
[1.719s] Level 1:colcon.colcon_core.package_identification:_identify(Robot_Tu_Hanh/ROBOT_AI/lib/Motor) by extension 'colcon_meta'
[1.719s] Level 1:colcon.colcon_core.package_identification:_identify(Robot_Tu_Hanh/ROBOT_AI/lib/Motor) by extensions ['ros']
[1.720s] Level 1:colcon.colcon_core.package_identification:_identify(Robot_Tu_Hanh/ROBOT_AI/lib/Motor) by extension 'ros'
[1.720s] Level 1:colcon.colcon_core.package_identification:_identify(Robot_Tu_Hanh/ROBOT_AI/lib/Motor) by extensions ['cmake', 'python']
[1.720s] Level 1:colcon.colcon_core.package_identification:_identify(Robot_Tu_Hanh/ROBOT_AI/lib/Motor) by extension 'cmake'
[1.721s] Level 1:colcon.colcon_core.package_identification:_identify(Robot_Tu_Hanh/ROBOT_AI/lib/Motor) by extension 'python'
[1.721s] Level 1:colcon.colcon_core.package_identification:_identify(Robot_Tu_Hanh/ROBOT_AI/lib/Motor) by extensions ['python_setup_py']
[1.721s] Level 1:colcon.colcon_core.package_identification:_identify(Robot_Tu_Hanh/ROBOT_AI/lib/Motor) by extension 'python_setup_py'
[1.722s] Level 1:colcon.colcon_core.package_identification:_identify(Robot_Tu_Hanh/ROBOT_AI/lib/Mpu6050) by extensions ['ignore', 'ignore_ament_install']
[1.722s] Level 1:colcon.colcon_core.package_identification:_identify(Robot_Tu_Hanh/ROBOT_AI/lib/Mpu6050) by extension 'ignore'
[1.723s] Level 1:colcon.colcon_core.package_identification:_identify(Robot_Tu_Hanh/ROBOT_AI/lib/Mpu6050) by extension 'ignore_ament_install'
[1.723s] Level 1:colcon.colcon_core.package_identification:_identify(Robot_Tu_Hanh/ROBOT_AI/lib/Mpu6050) by extensions ['colcon_pkg']
[1.723s] Level 1:colcon.colcon_core.package_identification:_identify(Robot_Tu_Hanh/ROBOT_AI/lib/Mpu6050) by extension 'colcon_pkg'
[1.723s] Level 1:colcon.colcon_core.package_identification:_identify(Robot_Tu_Hanh/ROBOT_AI/lib/Mpu6050) by extensions ['colcon_meta']
[1.724s] Level 1:colcon.colcon_core.package_identification:_identify(Robot_Tu_Hanh/ROBOT_AI/lib/Mpu6050) by extension 'colcon_meta'
[1.724s] Level 1:colcon.colcon_core.package_identification:_identify(Robot_Tu_Hanh/ROBOT_AI/lib/Mpu6050) by extensions ['ros']
[1.724s] Level 1:colcon.colcon_core.package_identification:_identify(Robot_Tu_Hanh/ROBOT_AI/lib/Mpu6050) by extension 'ros'
[1.725s] Level 1:colcon.colcon_core.package_identification:_identify(Robot_Tu_Hanh/ROBOT_AI/lib/Mpu6050) by extensions ['cmake', 'python']
[1.725s] Level 1:colcon.colcon_core.package_identification:_identify(Robot_Tu_Hanh/ROBOT_AI/lib/Mpu6050) by extension 'cmake'
[1.725s] Level 1:colcon.colcon_core.package_identification:_identify(Robot_Tu_Hanh/ROBOT_AI/lib/Mpu6050) by extension 'python'
[1.725s] Level 1:colcon.colcon_core.package_identification:_identify(Robot_Tu_Hanh/ROBOT_AI/lib/Mpu6050) by extensions ['python_setup_py']
[1.726s] Level 1:colcon.colcon_core.package_identification:_identify(Robot_Tu_Hanh/ROBOT_AI/lib/Mpu6050) by extension 'python_setup_py'
[1.726s] Level 1:colcon.colcon_core.package_identification:_identify(Robot_Tu_Hanh/ROBOT_AI/lib/ObstacleAvoidance) by extensions ['ignore', 'ignore_ament_install']
[1.727s] Level 1:colcon.colcon_core.package_identification:_identify(Robot_Tu_Hanh/ROBOT_AI/lib/ObstacleAvoidance) by extension 'ignore'
[1.727s] Level 1:colcon.colcon_core.package_identification:_identify(Robot_Tu_Hanh/ROBOT_AI/lib/ObstacleAvoidance) by extension 'ignore_ament_install'
[1.727s] Level 1:colcon.colcon_core.package_identification:_identify(Robot_Tu_Hanh/ROBOT_AI/lib/ObstacleAvoidance) by extensions ['colcon_pkg']
[1.728s] Level 1:colcon.colcon_core.package_identification:_identify(Robot_Tu_Hanh/ROBOT_AI/lib/ObstacleAvoidance) by extension 'colcon_pkg'
[1.728s] Level 1:colcon.colcon_core.package_identification:_identify(Robot_Tu_Hanh/ROBOT_AI/lib/ObstacleAvoidance) by extensions ['colcon_meta']
[1.728s] Level 1:colcon.colcon_core.package_identification:_identify(Robot_Tu_Hanh/ROBOT_AI/lib/ObstacleAvoidance) by extension 'colcon_meta'
[1.729s] Level 1:colcon.colcon_core.package_identification:_identify(Robot_Tu_Hanh/ROBOT_AI/lib/ObstacleAvoidance) by extensions ['ros']
[1.729s] Level 1:colcon.colcon_core.package_identification:_identify(Robot_Tu_Hanh/ROBOT_AI/lib/ObstacleAvoidance) by extension 'ros'
[1.729s] Level 1:colcon.colcon_core.package_identification:_identify(Robot_Tu_Hanh/ROBOT_AI/lib/ObstacleAvoidance) by extensions ['cmake', 'python']
[1.729s] Level 1:colcon.colcon_core.package_identification:_identify(Robot_Tu_Hanh/ROBOT_AI/lib/ObstacleAvoidance) by extension 'cmake'
[1.730s] Level 1:colcon.colcon_core.package_identification:_identify(Robot_Tu_Hanh/ROBOT_AI/lib/ObstacleAvoidance) by extension 'python'
[1.730s] Level 1:colcon.colcon_core.package_identification:_identify(Robot_Tu_Hanh/ROBOT_AI/lib/ObstacleAvoidance) by extensions ['python_setup_py']
[1.730s] Level 1:colcon.colcon_core.package_identification:_identify(Robot_Tu_Hanh/ROBOT_AI/lib/ObstacleAvoidance) by extension 'python_setup_py'
[1.731s] Level 1:colcon.colcon_core.package_identification:_identify(Robot_Tu_Hanh/ROBOT_AI/lib/ROS2Protocol) by extensions ['ignore', 'ignore_ament_install']
[1.731s] Level 1:colcon.colcon_core.package_identification:_identify(Robot_Tu_Hanh/ROBOT_AI/lib/ROS2Protocol) by extension 'ignore'
[1.732s] Level 1:colcon.colcon_core.package_identification:_identify(Robot_Tu_Hanh/ROBOT_AI/lib/ROS2Protocol) by extension 'ignore_ament_install'
[1.732s] Level 1:colcon.colcon_core.package_identification:_identify(Robot_Tu_Hanh/ROBOT_AI/lib/ROS2Protocol) by extensions ['colcon_pkg']
[1.732s] Level 1:colcon.colcon_core.package_identification:_identify(Robot_Tu_Hanh/ROBOT_AI/lib/ROS2Protocol) by extension 'colcon_pkg'
[1.733s] Level 1:colcon.colcon_core.package_identification:_identify(Robot_Tu_Hanh/ROBOT_AI/lib/ROS2Protocol) by extensions ['colcon_meta']
[1.733s] Level 1:colcon.colcon_core.package_identification:_identify(Robot_Tu_Hanh/ROBOT_AI/lib/ROS2Protocol) by extension 'colcon_meta'
[1.733s] Level 1:colcon.colcon_core.package_identification:_identify(Robot_Tu_Hanh/ROBOT_AI/lib/ROS2Protocol) by extensions ['ros']
[1.733s] Level 1:colcon.colcon_core.package_identification:_identify(Robot_Tu_Hanh/ROBOT_AI/lib/ROS2Protocol) by extension 'ros'
[1.734s] Level 1:colcon.colcon_core.package_identification:_identify(Robot_Tu_Hanh/ROBOT_AI/lib/ROS2Protocol) by extensions ['cmake', 'python']
[1.734s] Level 1:colcon.colcon_core.package_identification:_identify(Robot_Tu_Hanh/ROBOT_AI/lib/ROS2Protocol) by extension 'cmake'
[1.734s] Level 1:colcon.colcon_core.package_identification:_identify(Robot_Tu_Hanh/ROBOT_AI/lib/ROS2Protocol) by extension 'python'
[1.735s] Level 1:colcon.colcon_core.package_identification:_identify(Robot_Tu_Hanh/ROBOT_AI/lib/ROS2Protocol) by extensions ['python_setup_py']
[1.735s] Level 1:colcon.colcon_core.package_identification:_identify(Robot_Tu_Hanh/ROBOT_AI/lib/ROS2Protocol) by extension 'python_setup_py'
[1.736s] Level 1:colcon.colcon_core.package_identification:_identify(Robot_Tu_Hanh/ROBOT_AI/lib/Sensor_HC_SR04) by extensions ['ignore', 'ignore_ament_install']
[1.736s] Level 1:colcon.colcon_core.package_identification:_identify(Robot_Tu_Hanh/ROBOT_AI/lib/Sensor_HC_SR04) by extension 'ignore'
[1.736s] Level 1:colcon.colcon_core.package_identification:_identify(Robot_Tu_Hanh/ROBOT_AI/lib/Sensor_HC_SR04) by extension 'ignore_ament_install'
[1.737s] Level 1:colcon.colcon_core.package_identification:_identify(Robot_Tu_Hanh/ROBOT_AI/lib/Sensor_HC_SR04) by extensions ['colcon_pkg']
[1.737s] Level 1:colcon.colcon_core.package_identification:_identify(Robot_Tu_Hanh/ROBOT_AI/lib/Sensor_HC_SR04) by extension 'colcon_pkg'
[1.737s] Level 1:colcon.colcon_core.package_identification:_identify(Robot_Tu_Hanh/ROBOT_AI/lib/Sensor_HC_SR04) by extensions ['colcon_meta']
[1.737s] Level 1:colcon.colcon_core.package_identification:_identify(Robot_Tu_Hanh/ROBOT_AI/lib/Sensor_HC_SR04) by extension 'colcon_meta'
[1.738s] Level 1:colcon.colcon_core.package_identification:_identify(Robot_Tu_Hanh/ROBOT_AI/lib/Sensor_HC_SR04) by extensions ['ros']
[1.738s] Level 1:colcon.colcon_core.package_identification:_identify(Robot_Tu_Hanh/ROBOT_AI/lib/Sensor_HC_SR04) by extension 'ros'
[1.739s] Level 1:colcon.colcon_core.package_identification:_identify(Robot_Tu_Hanh/ROBOT_AI/lib/Sensor_HC_SR04) by extensions ['cmake', 'python']
[1.739s] Level 1:colcon.colcon_core.package_identification:_identify(Robot_Tu_Hanh/ROBOT_AI/lib/Sensor_HC_SR04) by extension 'cmake'
[1.739s] Level 1:colcon.colcon_core.package_identification:_identify(Robot_Tu_Hanh/ROBOT_AI/lib/Sensor_HC_SR04) by extension 'python'
[1.739s] Level 1:colcon.colcon_core.package_identification:_identify(Robot_Tu_Hanh/ROBOT_AI/lib/Sensor_HC_SR04) by extensions ['python_setup_py']
[1.739s] Level 1:colcon.colcon_core.package_identification:_identify(Robot_Tu_Hanh/ROBOT_AI/lib/Sensor_HC_SR04) by extension 'python_setup_py'
[1.741s] Level 1:colcon.colcon_core.package_identification:_identify(Robot_Tu_Hanh/ROBOT_AI/src) by extensions ['ignore', 'ignore_ament_install']
[1.741s] Level 1:colcon.colcon_core.package_identification:_identify(Robot_Tu_Hanh/ROBOT_AI/src) by extension 'ignore'
[1.742s] Level 1:colcon.colcon_core.package_identification:_identify(Robot_Tu_Hanh/ROBOT_AI/src) by extension 'ignore_ament_install'
[1.742s] Level 1:colcon.colcon_core.package_identification:_identify(Robot_Tu_Hanh/ROBOT_AI/src) by extensions ['colcon_pkg']
[1.742s] Level 1:colcon.colcon_core.package_identification:_identify(Robot_Tu_Hanh/ROBOT_AI/src) by extension 'colcon_pkg'
[1.742s] Level 1:colcon.colcon_core.package_identification:_identify(Robot_Tu_Hanh/ROBOT_AI/src) by extensions ['colcon_meta']
[1.743s] Level 1:colcon.colcon_core.package_identification:_identify(Robot_Tu_Hanh/ROBOT_AI/src) by extension 'colcon_meta'
[1.743s] Level 1:colcon.colcon_core.package_identification:_identify(Robot_Tu_Hanh/ROBOT_AI/src) by extensions ['ros']
[1.743s] Level 1:colcon.colcon_core.package_identification:_identify(Robot_Tu_Hanh/ROBOT_AI/src) by extension 'ros'
[1.744s] Level 1:colcon.colcon_core.package_identification:_identify(Robot_Tu_Hanh/ROBOT_AI/src) by extensions ['cmake', 'python']
[1.744s] Level 1:colcon.colcon_core.package_identification:_identify(Robot_Tu_Hanh/ROBOT_AI/src) by extension 'cmake'
[1.744s] Level 1:colcon.colcon_core.package_identification:_identify(Robot_Tu_Hanh/ROBOT_AI/src) by extension 'python'
[1.744s] Level 1:colcon.colcon_core.package_identification:_identify(Robot_Tu_Hanh/ROBOT_AI/src) by extensions ['python_setup_py']
[1.744s] Level 1:colcon.colcon_core.package_identification:_identify(Robot_Tu_Hanh/ROBOT_AI/src) by extension 'python_setup_py'
[1.745s] Level 1:colcon.colcon_core.package_identification:_identify(Robot_Tu_Hanh/ROBOT_AI/src/Managers) by extensions ['ignore', 'ignore_ament_install']
[1.746s] Level 1:colcon.colcon_core.package_identification:_identify(Robot_Tu_Hanh/ROBOT_AI/src/Managers) by extension 'ignore'
[1.746s] Level 1:colcon.colcon_core.package_identification:_identify(Robot_Tu_Hanh/ROBOT_AI/src/Managers) by extension 'ignore_ament_install'
[1.746s] Level 1:colcon.colcon_core.package_identification:_identify(Robot_Tu_Hanh/ROBOT_AI/src/Managers) by extensions ['colcon_pkg']
[1.747s] Level 1:colcon.colcon_core.package_identification:_identify(Robot_Tu_Hanh/ROBOT_AI/src/Managers) by extension 'colcon_pkg'
[1.747s] Level 1:colcon.colcon_core.package_identification:_identify(Robot_Tu_Hanh/ROBOT_AI/src/Managers) by extensions ['colcon_meta']
[1.747s] Level 1:colcon.colcon_core.package_identification:_identify(Robot_Tu_Hanh/ROBOT_AI/src/Managers) by extension 'colcon_meta'
[1.747s] Level 1:colcon.colcon_core.package_identification:_identify(Robot_Tu_Hanh/ROBOT_AI/src/Managers) by extensions ['ros']
[1.748s] Level 1:colcon.colcon_core.package_identification:_identify(Robot_Tu_Hanh/ROBOT_AI/src/Managers) by extension 'ros'
[1.748s] Level 1:colcon.colcon_core.package_identification:_identify(Robot_Tu_Hanh/ROBOT_AI/src/Managers) by extensions ['cmake', 'python']
[1.748s] Level 1:colcon.colcon_core.package_identification:_identify(Robot_Tu_Hanh/ROBOT_AI/src/Managers) by extension 'cmake'
[1.749s] Level 1:colcon.colcon_core.package_identification:_identify(Robot_Tu_Hanh/ROBOT_AI/src/Managers) by extension 'python'
[1.749s] Level 1:colcon.colcon_core.package_identification:_identify(Robot_Tu_Hanh/ROBOT_AI/src/Managers) by extensions ['python_setup_py']
[1.749s] Level 1:colcon.colcon_core.package_identification:_identify(Robot_Tu_Hanh/ROBOT_AI/src/Managers) by extension 'python_setup_py'
[1.750s] Level 1:colcon.colcon_core.package_identification:_identify(Robot_Tu_Hanh/ROBOT_AI/src/Protocol) by extensions ['ignore', 'ignore_ament_install']
[1.750s] Level 1:colcon.colcon_core.package_identification:_identify(Robot_Tu_Hanh/ROBOT_AI/src/Protocol) by extension 'ignore'
[1.751s] Level 1:colcon.colcon_core.package_identification:_identify(Robot_Tu_Hanh/ROBOT_AI/src/Protocol) by extension 'ignore_ament_install'
[1.751s] Level 1:colcon.colcon_core.package_identification:_identify(Robot_Tu_Hanh/ROBOT_AI/src/Protocol) by extensions ['colcon_pkg']
[1.751s] Level 1:colcon.colcon_core.package_identification:_identify(Robot_Tu_Hanh/ROBOT_AI/src/Protocol) by extension 'colcon_pkg'
[1.751s] Level 1:colcon.colcon_core.package_identification:_identify(Robot_Tu_Hanh/ROBOT_AI/src/Protocol) by extensions ['colcon_meta']
[1.752s] Level 1:colcon.colcon_core.package_identification:_identify(Robot_Tu_Hanh/ROBOT_AI/src/Protocol) by extension 'colcon_meta'
[1.752s] Level 1:colcon.colcon_core.package_identification:_identify(Robot_Tu_Hanh/ROBOT_AI/src/Protocol) by extensions ['ros']
[1.752s] Level 1:colcon.colcon_core.package_identification:_identify(Robot_Tu_Hanh/ROBOT_AI/src/Protocol) by extension 'ros'
[1.753s] Level 1:colcon.colcon_core.package_identification:_identify(Robot_Tu_Hanh/ROBOT_AI/src/Protocol) by extensions ['cmake', 'python']
[1.753s] Level 1:colcon.colcon_core.package_identification:_identify(Robot_Tu_Hanh/ROBOT_AI/src/Protocol) by extension 'cmake'
[1.753s] Level 1:colcon.colcon_core.package_identification:_identify(Robot_Tu_Hanh/ROBOT_AI/src/Protocol) by extension 'python'
[1.754s] Level 1:colcon.colcon_core.package_identification:_identify(Robot_Tu_Hanh/ROBOT_AI/src/Protocol) by extensions ['python_setup_py']
[1.754s] Level 1:colcon.colcon_core.package_identification:_identify(Robot_Tu_Hanh/ROBOT_AI/src/Protocol) by extension 'python_setup_py'
[1.754s] Level 1:colcon.colcon_core.package_identification:_identify(Robot_Tu_Hanh/ROBOT_AI/test) by extensions ['ignore', 'ignore_ament_install']
[1.755s] Level 1:colcon.colcon_core.package_identification:_identify(Robot_Tu_Hanh/ROBOT_AI/test) by extension 'ignore'
[1.755s] Level 1:colcon.colcon_core.package_identification:_identify(Robot_Tu_Hanh/ROBOT_AI/test) by extension 'ignore_ament_install'
[1.756s] Level 1:colcon.colcon_core.package_identification:_identify(Robot_Tu_Hanh/ROBOT_AI/test) by extensions ['colcon_pkg']
[1.756s] Level 1:colcon.colcon_core.package_identification:_identify(Robot_Tu_Hanh/ROBOT_AI/test) by extension 'colcon_pkg'
[1.756s] Level 1:colcon.colcon_core.package_identification:_identify(Robot_Tu_Hanh/ROBOT_AI/test) by extensions ['colcon_meta']
[1.756s] Level 1:colcon.colcon_core.package_identification:_identify(Robot_Tu_Hanh/ROBOT_AI/test) by extension 'colcon_meta'
[1.757s] Level 1:colcon.colcon_core.package_identification:_identify(Robot_Tu_Hanh/ROBOT_AI/test) by extensions ['ros']
[1.757s] Level 1:colcon.colcon_core.package_identification:_identify(Robot_Tu_Hanh/ROBOT_AI/test) by extension 'ros'
[1.757s] Level 1:colcon.colcon_core.package_identification:_identify(Robot_Tu_Hanh/ROBOT_AI/test) by extensions ['cmake', 'python']
[1.757s] Level 1:colcon.colcon_core.package_identification:_identify(Robot_Tu_Hanh/ROBOT_AI/test) by extension 'cmake'
[1.758s] Level 1:colcon.colcon_core.package_identification:_identify(Robot_Tu_Hanh/ROBOT_AI/test) by extension 'python'
[1.758s] Level 1:colcon.colcon_core.package_identification:_identify(Robot_Tu_Hanh/ROBOT_AI/test) by extensions ['python_setup_py']
[1.758s] Level 1:colcon.colcon_core.package_identification:_identify(Robot_Tu_Hanh/ROBOT_AI/test) by extension 'python_setup_py'
[1.759s] Level 1:colcon.colcon_core.package_identification:_identify(build) by extensions ['ignore', 'ignore_ament_install']
[1.759s] Level 1:colcon.colcon_core.package_identification:_identify(build) by extension 'ignore'
[1.760s] Level 1:colcon.colcon_core.package_identification:_identify(build) ignored
[1.761s] Level 1:colcon.colcon_core.package_identification:_identify(install) by extensions ['ignore', 'ignore_ament_install']
[1.761s] Level 1:colcon.colcon_core.package_identification:_identify(install) by extension 'ignore'
[1.762s] Level 1:colcon.colcon_core.package_identification:_identify(install) ignored
[1.763s] Level 1:colcon.colcon_core.package_identification:_identify(log) by extensions ['ignore', 'ignore_ament_install']
[1.763s] Level 1:colcon.colcon_core.package_identification:_identify(log) by extension 'ignore'
[1.764s] Level 1:colcon.colcon_core.package_identification:_identify(log) ignored
[1.764s] Level 1:colcon.colcon_core.package_identification:_identify(src) by extensions ['ignore', 'ignore_ament_install']
[1.765s] Level 1:colcon.colcon_core.package_identification:_identify(src) by extension 'ignore'
[1.765s] Level 1:colcon.colcon_core.package_identification:_identify(src) by extension 'ignore_ament_install'
[1.765s] Level 1:colcon.colcon_core.package_identification:_identify(src) by extensions ['colcon_pkg']
[1.766s] Level 1:colcon.colcon_core.package_identification:_identify(src) by extension 'colcon_pkg'
[1.766s] Level 1:colcon.colcon_core.package_identification:_identify(src) by extensions ['colcon_meta']
[1.766s] Level 1:colcon.colcon_core.package_identification:_identify(src) by extension 'colcon_meta'
[1.766s] Level 1:colcon.colcon_core.package_identification:_identify(src) by extensions ['ros']
[1.767s] Level 1:colcon.colcon_core.package_identification:_identify(src) by extension 'ros'
[1.767s] Level 1:colcon.colcon_core.package_identification:_identify(src) by extensions ['cmake', 'python']
[1.767s] Level 1:colcon.colcon_core.package_identification:_identify(src) by extension 'cmake'
[1.768s] Level 1:colcon.colcon_core.package_identification:_identify(src) by extension 'python'
[1.768s] Level 1:colcon.colcon_core.package_identification:_identify(src) by extensions ['python_setup_py']
[1.768s] Level 1:colcon.colcon_core.package_identification:_identify(src) by extension 'python_setup_py'
[1.769s] Level 1:colcon.colcon_core.package_identification:_identify(src/camera_node) by extensions ['ignore', 'ignore_ament_install']
[1.769s] Level 1:colcon.colcon_core.package_identification:_identify(src/camera_node) by extension 'ignore'
[1.770s] Level 1:colcon.colcon_core.package_identification:_identify(src/camera_node) by extension 'ignore_ament_install'
[1.770s] Level 1:colcon.colcon_core.package_identification:_identify(src/camera_node) by extensions ['colcon_pkg']
[1.770s] Level 1:colcon.colcon_core.package_identification:_identify(src/camera_node) by extension 'colcon_pkg'
[1.770s] Level 1:colcon.colcon_core.package_identification:_identify(src/camera_node) by extensions ['colcon_meta']
[1.771s] Level 1:colcon.colcon_core.package_identification:_identify(src/camera_node) by extension 'colcon_meta'
[1.771s] Level 1:colcon.colcon_core.package_identification:_identify(src/camera_node) by extensions ['ros']
[1.771s] Level 1:colcon.colcon_core.package_identification:_identify(src/camera_node) by extension 'ros'
[1.780s] DEBUG:colcon.colcon_core.package_identification:Package 'src/camera_node' with type 'ros.ament_python' and name 'camera_node'
[1.781s] Level 1:colcon.colcon_core.package_identification:_identify(src/esp32_ros2_bridge) by extensions ['ignore', 'ignore_ament_install']
[1.782s] Level 1:colcon.colcon_core.package_identification:_identify(src/esp32_ros2_bridge) by extension 'ignore'
[1.782s] Level 1:colcon.colcon_core.package_identification:_identify(src/esp32_ros2_bridge) by extension 'ignore_ament_install'
[1.782s] Level 1:colcon.colcon_core.package_identification:_identify(src/esp32_ros2_bridge) by extensions ['colcon_pkg']
[1.783s] Level 1:colcon.colcon_core.package_identification:_identify(src/esp32_ros2_bridge) by extension 'colcon_pkg'
[1.783s] Level 1:colcon.colcon_core.package_identification:_identify(src/esp32_ros2_bridge) by extensions ['colcon_meta']
[1.783s] Level 1:colcon.colcon_core.package_identification:_identify(src/esp32_ros2_bridge) by extension 'colcon_meta'
[1.783s] Level 1:colcon.colcon_core.package_identification:_identify(src/esp32_ros2_bridge) by extensions ['ros']
[1.784s] Level 1:colcon.colcon_core.package_identification:_identify(src/esp32_ros2_bridge) by extension 'ros'
[1.787s] DEBUG:colcon.colcon_core.package_identification:Package 'src/esp32_ros2_bridge' with type 'ros.ament_python' and name 'esp32_ros2_bridge'
[1.788s] Level 1:colcon.colcon_core.package_identification:_identify(src/robot_ai) by extensions ['ignore', 'ignore_ament_install']
[1.789s] Level 1:colcon.colcon_core.package_identification:_identify(src/robot_ai) by extension 'ignore'
[1.789s] Level 1:colcon.colcon_core.package_identification:_identify(src/robot_ai) by extension 'ignore_ament_install'
[1.790s] Level 1:colcon.colcon_core.package_identification:_identify(src/robot_ai) by extensions ['colcon_pkg']
[1.790s] Level 1:colcon.colcon_core.package_identification:_identify(src/robot_ai) by extension 'colcon_pkg'
[1.790s] Level 1:colcon.colcon_core.package_identification:_identify(src/robot_ai) by extensions ['colcon_meta']
[1.790s] Level 1:colcon.colcon_core.package_identification:_identify(src/robot_ai) by extension 'colcon_meta'
[1.791s] Level 1:colcon.colcon_core.package_identification:_identify(src/robot_ai) by extensions ['ros']
[1.791s] Level 1:colcon.colcon_core.package_identification:_identify(src/robot_ai) by extension 'ros'
[1.793s] DEBUG:colcon.colcon_core.package_identification:Package 'src/robot_ai' with type 'ros.ament_python' and name 'robot_ai'
[1.794s] Level 1:colcon.colcon_core.package_identification:_identify(src/robot_bringup) by extensions ['ignore', 'ignore_ament_install']
[1.795s] Level 1:colcon.colcon_core.package_identification:_identify(src/robot_bringup) by extension 'ignore'
[1.795s] Level 1:colcon.colcon_core.package_identification:_identify(src/robot_bringup) by extension 'ignore_ament_install'
[1.795s] Level 1:colcon.colcon_core.package_identification:_identify(src/robot_bringup) by extensions ['colcon_pkg']
[1.796s] Level 1:colcon.colcon_core.package_identification:_identify(src/robot_bringup) by extension 'colcon_pkg'
[1.796s] Level 1:colcon.colcon_core.package_identification:_identify(src/robot_bringup) by extensions ['colcon_meta']
[1.797s] Level 1:colcon.colcon_core.package_identification:_identify(src/robot_bringup) by extension 'colcon_meta'
[1.797s] Level 1:colcon.colcon_core.package_identification:_identify(src/robot_bringup) by extensions ['ros']
[1.798s] Level 1:colcon.colcon_core.package_identification:_identify(src/robot_bringup) by extension 'ros'
[1.802s] DEBUG:colcon.colcon_core.package_identification:Package 'src/robot_bringup' with type 'ros.ament_cmake' and name 'robot_bringup'
[1.802s] Level 1:colcon.colcon_core.package_identification:_identify(src/robot_description) by extensions ['ignore', 'ignore_ament_install']
[1.803s] Level 1:colcon.colcon_core.package_identification:_identify(src/robot_description) by extension 'ignore'
[1.804s] Level 1:colcon.colcon_core.package_identification:_identify(src/robot_description) by extension 'ignore_ament_install'
[1.804s] Level 1:colcon.colcon_core.package_identification:_identify(src/robot_description) by extensions ['colcon_pkg']
[1.805s] Level 1:colcon.colcon_core.package_identification:_identify(src/robot_description) by extension 'colcon_pkg'
[1.805s] Level 1:colcon.colcon_core.package_identification:_identify(src/robot_description) by extensions ['colcon_meta']
[1.806s] Level 1:colcon.colcon_core.package_identification:_identify(src/robot_description) by extension 'colcon_meta'
[1.807s] Level 1:colcon.colcon_core.package_identification:_identify(src/robot_description) by extensions ['ros']
[1.807s] Level 1:colcon.colcon_core.package_identification:_identify(src/robot_description) by extension 'ros'
[1.811s] DEBUG:colcon.colcon_core.package_identification:Package 'src/robot_description' with type 'ros.ament_cmake' and name 'robot_description'
[1.813s] Level 1:colcon.colcon_core.package_identification:_identify(src/robot_serial) by extensions ['ignore', 'ignore_ament_install']
[1.813s] Level 1:colcon.colcon_core.package_identification:_identify(src/robot_serial) by extension 'ignore'
[1.814s] Level 1:colcon.colcon_core.package_identification:_identify(src/robot_serial) by extension 'ignore_ament_install'
[1.814s] Level 1:colcon.colcon_core.package_identification:_identify(src/robot_serial) by extensions ['colcon_pkg']
[1.814s] Level 1:colcon.colcon_core.package_identification:_identify(src/robot_serial) by extension 'colcon_pkg'
[1.814s] Level 1:colcon.colcon_core.package_identification:_identify(src/robot_serial) by extensions ['colcon_meta']
[1.815s] Level 1:colcon.colcon_core.package_identification:_identify(src/robot_serial) by extension 'colcon_meta'
[1.815s] Level 1:colcon.colcon_core.package_identification:_identify(src/robot_serial) by extensions ['ros']
[1.815s] Level 1:colcon.colcon_core.package_identification:_identify(src/robot_serial) by extension 'ros'
[1.818s] DEBUG:colcon.colcon_core.package_identification:Package 'src/robot_serial' with type 'ros.ament_python' and name 'robot_serial'
[1.819s] Level 1:colcon.colcon_core.package_identification:_identify(src/sllidar_ros2) by extensions ['ignore', 'ignore_ament_install']
[1.819s] Level 1:colcon.colcon_core.package_identification:_identify(src/sllidar_ros2) by extension 'ignore'
[1.820s] Level 1:colcon.colcon_core.package_identification:_identify(src/sllidar_ros2) by extension 'ignore_ament_install'
[1.820s] Level 1:colcon.colcon_core.package_identification:_identify(src/sllidar_ros2) by extensions ['colcon_pkg']
[1.821s] Level 1:colcon.colcon_core.package_identification:_identify(src/sllidar_ros2) by extension 'colcon_pkg'
[1.821s] Level 1:colcon.colcon_core.package_identification:_identify(src/sllidar_ros2) by extensions ['colcon_meta']
[1.821s] Level 1:colcon.colcon_core.package_identification:_identify(src/sllidar_ros2) by extension 'colcon_meta'
[1.821s] Level 1:colcon.colcon_core.package_identification:_identify(src/sllidar_ros2) by extensions ['ros']
[1.822s] Level 1:colcon.colcon_core.package_identification:_identify(src/sllidar_ros2) by extension 'ros'
[1.825s] DEBUG:colcon.colcon_core.package_identification:Package 'src/sllidar_ros2' with type 'ros.ament_cmake' and name 'sllidar_ros2'
[1.826s] Level 1:colcon.colcon_core.package_identification:_identify(src/vision_ai_node) by extensions ['ignore', 'ignore_ament_install']
[1.826s] Level 1:colcon.colcon_core.package_identification:_identify(src/vision_ai_node) by extension 'ignore'
[1.827s] Level 1:colcon.colcon_core.package_identification:_identify(src/vision_ai_node) by extension 'ignore_ament_install'
[1.828s] Level 1:colcon.colcon_core.package_identification:_identify(src/vision_ai_node) by extensions ['colcon_pkg']
[1.828s] Level 1:colcon.colcon_core.package_identification:_identify(src/vision_ai_node) by extension 'colcon_pkg'
[1.829s] Level 1:colcon.colcon_core.package_identification:_identify(src/vision_ai_node) by extensions ['colcon_meta']
[1.829s] Level 1:colcon.colcon_core.package_identification:_identify(src/vision_ai_node) by extension 'colcon_meta'
[1.830s] Level 1:colcon.colcon_core.package_identification:_identify(src/vision_ai_node) by extensions ['ros']
[1.830s] Level 1:colcon.colcon_core.package_identification:_identify(src/vision_ai_node) by extension 'ros'
[1.835s] DEBUG:colcon.colcon_core.package_identification:Package 'src/vision_ai_node' with type 'ros.ament_python' and name 'vision_ai_node'
[1.836s] Level 1:colcon.colcon_core.package_identification:_identify(src/vision_msgs) by extensions ['ignore', 'ignore_ament_install']
[1.837s] Level 1:colcon.colcon_core.package_identification:_identify(src/vision_msgs) by extension 'ignore'
[1.838s] Level 1:colcon.colcon_core.package_identification:_identify(src/vision_msgs) by extension 'ignore_ament_install'
[1.838s] Level 1:colcon.colcon_core.package_identification:_identify(src/vision_msgs) by extensions ['colcon_pkg']
[1.838s] Level 1:colcon.colcon_core.package_identification:_identify(src/vision_msgs) by extension 'colcon_pkg'
[1.839s] Level 1:colcon.colcon_core.package_identification:_identify(src/vision_msgs) by extensions ['colcon_meta']
[1.840s] Level 1:colcon.colcon_core.package_identification:_identify(src/vision_msgs) by extension 'colcon_meta'
[1.840s] Level 1:colcon.colcon_core.package_identification:_identify(src/vision_msgs) by extensions ['ros']
[1.840s] Level 1:colcon.colcon_core.package_identification:_identify(src/vision_msgs) by extension 'ros'
[1.844s] DEBUG:colcon.colcon_core.package_identification:Package 'src/vision_msgs' with type 'ros.ament_cmake' and name 'vision_msgs'
[1.844s] Level 1:colcon.colcon_core.package_discovery:discover_packages(recursive) using defaults
[1.845s] Level 1:colcon.colcon_core.package_discovery:discover_packages(ignore) discover
[1.845s] Level 1:colcon.colcon_core.package_discovery:discover_packages(ignore) using defaults
[1.845s] Level 1:colcon.colcon_core.package_discovery:discover_packages(path) discover
[1.846s] Level 1:colcon.colcon_core.package_discovery:discover_packages(path) using defaults
[1.974s] INFO:colcon.colcon_core.package_selection:Skipping not selected package 'camera_node' in 'src/camera_node'
[1.974s] INFO:colcon.colcon_core.package_selection:Skipping not selected package 'esp32_ros2_bridge' in 'src/esp32_ros2_bridge'
[1.975s] INFO:colcon.colcon_core.package_selection:Skipping not selected package 'robot_description' in 'src/robot_description'
[1.975s] INFO:colcon.colcon_core.package_selection:Skipping not selected package 'sllidar_ros2' in 'src/sllidar_ros2'
[1.975s] INFO:colcon.colcon_core.package_selection:Skipping not selected package 'vision_msgs' in 'src/vision_msgs'
[1.975s] INFO:colcon.colcon_core.package_selection:Skipping not selected package 'robot_ai' in 'src/robot_ai'
[1.976s] INFO:colcon.colcon_core.package_selection:Skipping not selected package 'robot_bringup' in 'src/robot_bringup'
[1.976s] INFO:colcon.colcon_core.package_selection:Skipping not selected package 'vision_ai_node' in 'src/vision_ai_node'
[1.979s] Level 1:colcon.colcon_core.package_discovery:discover_packages(prefix_path) check parameters
[1.979s] Level 1:colcon.colcon_core.package_discovery:discover_packages(prefix_path) discover
[1.997s] DEBUG:colcon.colcon_installed_package_information.package_discovery:Found 10 installed packages in /home/robot/robot_ws/install
[2.008s] DEBUG:colcon.colcon_installed_package_information.package_discovery:Found 259 installed packages in /opt/ros/humble
[2.056s] Level 1:colcon.colcon_core.package_discovery:discover_packages(prefix_path) using defaults
[2.288s] Level 5:colcon.colcon_core.verb:set package 'robot_serial' build argument 'cmake_args' from command line to 'None'
[2.288s] Level 5:colcon.colcon_core.verb:set package 'robot_serial' build argument 'cmake_target' from command line to 'None'
[2.289s] Level 5:colcon.colcon_core.verb:set package 'robot_serial' build argument 'cmake_target_skip_unavailable' from command line to 'False'
[2.289s] Level 5:colcon.colcon_core.verb:set package 'robot_serial' build argument 'cmake_clean_cache' from command line to 'False'
[2.290s] Level 5:colcon.colcon_core.verb:set package 'robot_serial' build argument 'cmake_clean_first' from command line to 'False'
[2.290s] Level 5:colcon.colcon_core.verb:set package 'robot_serial' build argument 'cmake_force_configure' from command line to 'False'
[2.290s] Level 5:colcon.colcon_core.verb:set package 'robot_serial' build argument 'ament_cmake_args' from command line to 'None'
[2.291s] Level 5:colcon.colcon_core.verb:set package 'robot_serial' build argument 'catkin_cmake_args' from command line to 'None'
[2.291s] Level 5:colcon.colcon_core.verb:set package 'robot_serial' build argument 'catkin_skip_building_tests' from command line to 'False'
[2.292s] DEBUG:colcon.colcon_core.verb:Building package 'robot_serial' with the following arguments: {'ament_cmake_args': None, 'build_base': '/home/robot/robot_ws/build/robot_serial', 'catkin_cmake_args': None, 'catkin_skip_building_tests': False, 'cmake_args': None, 'cmake_clean_cache': False, 'cmake_clean_first': False, 'cmake_force_configure': False, 'cmake_target': None, 'cmake_target_skip_unavailable': False, 'install_base': '/home/robot/robot_ws/install/robot_serial', 'merge_install': False, 'path': '/home/robot/robot_ws/src/robot_serial', 'symlink_install': False, 'test_result_base': None}
[2.293s] INFO:colcon.colcon_core.executor:Executing jobs using 'parallel' executor
[2.298s] DEBUG:colcon.colcon_parallel_executor.executor.parallel:run_until_complete
[2.300s] INFO:colcon.colcon_ros.task.ament_python.build:Building ROS package in '/home/robot/robot_ws/src/robot_serial' with build type 'ament_python'
[2.301s] Level 1:colcon.colcon_core.shell:create_environment_hook('robot_serial', 'ament_prefix_path')
[2.318s] INFO:colcon.colcon_core.plugin_system:Skipping extension 'colcon_core.shell.bat': Not used on non-Windows systems
[2.320s] INFO:colcon.colcon_core.shell:Creating environment hook '/home/robot/robot_ws/install/robot_serial/share/robot_serial/hook/ament_prefix_path.ps1'
[2.324s] INFO:colcon.colcon_core.shell:Creating environment descriptor '/home/robot/robot_ws/install/robot_serial/share/robot_serial/hook/ament_prefix_path.dsv'
[2.328s] INFO:colcon.colcon_core.shell:Creating environment hook '/home/robot/robot_ws/install/robot_serial/share/robot_serial/hook/ament_prefix_path.sh'
[2.333s] INFO:colcon.colcon_core.shell:Skip shell extension 'powershell' for command environment: Not usable outside of PowerShell
[2.334s] DEBUG:colcon.colcon_core.shell:Skip shell extension 'dsv' for command environment
[3.999s] INFO:colcon.colcon_core.task.python.build:Building Python package in '/home/robot/robot_ws/src/robot_serial'
[4.000s] INFO:colcon.colcon_core.shell:Skip shell extension 'powershell' for command environment: Not usable outside of PowerShell
[4.001s] DEBUG:colcon.colcon_core.shell:Skip shell extension 'dsv' for command environment
[6.170s] DEBUG:colcon.colcon_core.task.python.build:Available setuptools commands: clean, easy_install, upload_docs, build_py, install_lib, bdist, update_catalog, bdist_rpm, build_scripts, dist_info, install_data, test, egg_info, install_scripts, saveopts, upload, bdist_egg, symlink_data, sdist, register, bdist_dumb, init_catalog, build_clib, build_ext, setopt, build, extract_messages, develop, install_egg_info, alias, install, rotate, compile_catalog, check, bdist_wheel, install_headers
[6.179s] DEBUG:colcon.colcon_core.event_handler.log_command:Invoking command in '/home/robot/robot_ws/src/robot_serial': PYTHONPATH=/home/robot/robot_ws/build/robot_serial/prefix_override:/usr/lib/python3/dist-packages/colcon_core/task/python/colcon_distutils_commands:/home/robot/robot_ws/install/robot_serial/lib/python3.10/site-packages:${PYTHONPATH} /usr/bin/python3 -W ignore:setup.py install is deprecated -W ignore:easy_install command is deprecated setup.py egg_info --egg-base ../../build/robot_serial build --build-base /home/robot/robot_ws/build/robot_serial/build install --record /home/robot/robot_ws/build/robot_serial/install.log --install-scripts $base/lib/robot_serial --single-version-externally-managed install_data
[7.947s] DEBUG:colcon.colcon_core.event_handler.log_command:Invoked command in '/home/robot/robot_ws/src/robot_serial' returned '0': PYTHONPATH=/home/robot/robot_ws/build/robot_serial/prefix_override:/usr/lib/python3/dist-packages/colcon_core/task/python/colcon_distutils_commands:/home/robot/robot_ws/install/robot_serial/lib/python3.10/site-packages:${PYTHONPATH} /usr/bin/python3 -W ignore:setup.py install is deprecated -W ignore:easy_install command is deprecated setup.py egg_info --egg-base ../../build/robot_serial build --build-base /home/robot/robot_ws/build/robot_serial/build install --record /home/robot/robot_ws/build/robot_serial/install.log --install-scripts $base/lib/robot_serial --single-version-externally-managed install_data
[7.962s] Level 1:colcon.colcon_core.environment:checking '/home/robot/robot_ws/install/robot_serial' for CMake module files
[7.965s] Level 1:colcon.colcon_core.environment:checking '/home/robot/robot_ws/install/robot_serial' for CMake config files
[7.971s] Level 1:colcon.colcon_core.environment:checking '/home/robot/robot_ws/install/robot_serial/lib'
[7.972s] Level 1:colcon.colcon_core.environment:checking '/home/robot/robot_ws/install/robot_serial/bin'
[7.973s] Level 1:colcon.colcon_core.environment:checking '/home/robot/robot_ws/install/robot_serial/lib/pkgconfig/robot_serial.pc'
[7.974s] Level 1:colcon.colcon_core.environment:checking '/home/robot/robot_ws/install/robot_serial/lib/python3.10/site-packages'
[7.975s] Level 1:colcon.colcon_core.shell:create_environment_hook('robot_serial', 'pythonpath')
[7.976s] INFO:colcon.colcon_core.shell:Creating environment hook '/home/robot/robot_ws/install/robot_serial/share/robot_serial/hook/pythonpath.ps1'
[7.979s] INFO:colcon.colcon_core.shell:Creating environment descriptor '/home/robot/robot_ws/install/robot_serial/share/robot_serial/hook/pythonpath.dsv'
[7.982s] INFO:colcon.colcon_core.shell:Creating environment hook '/home/robot/robot_ws/install/robot_serial/share/robot_serial/hook/pythonpath.sh'
[7.986s] Level 1:colcon.colcon_core.environment:checking '/home/robot/robot_ws/install/robot_serial/bin'
[7.986s] Level 1:colcon.colcon_core.environment:create_environment_scripts_only(robot_serial)
[7.988s] INFO:colcon.colcon_core.shell:Creating package script '/home/robot/robot_ws/install/robot_serial/share/robot_serial/package.ps1'
[7.993s] INFO:colcon.colcon_core.shell:Creating package descriptor '/home/robot/robot_ws/install/robot_serial/share/robot_serial/package.dsv'
[7.996s] INFO:colcon.colcon_core.shell:Creating package script '/home/robot/robot_ws/install/robot_serial/share/robot_serial/package.sh'
[8.001s] INFO:colcon.colcon_core.shell:Creating package script '/home/robot/robot_ws/install/robot_serial/share/robot_serial/package.bash'
[8.006s] INFO:colcon.colcon_core.shell:Creating package script '/home/robot/robot_ws/install/robot_serial/share/robot_serial/package.zsh'
[8.009s] Level 1:colcon.colcon_core.environment:create_file_with_runtime_dependencies(/home/robot/robot_ws/install/robot_serial/share/colcon-core/packages/robot_serial)
[8.011s] DEBUG:colcon.colcon_parallel_executor.executor.parallel:closing loop
[8.013s] DEBUG:colcon.colcon_parallel_executor.executor.parallel:loop closed
[8.013s] DEBUG:colcon.colcon_parallel_executor.executor.parallel:run_until_complete finished with '0'
[8.014s] DEBUG:colcon.colcon_core.event_reactor:joining thread
[8.016s] DEBUG:colcon.colcon_core.event_reactor:joined thread
[8.018s] INFO:colcon.colcon_core.shell:Creating prefix script '/home/robot/robot_ws/install/local_setup.ps1'
[8.023s] INFO:colcon.colcon_core.shell:Creating prefix util module '/home/robot/robot_ws/install/_local_setup_util_ps1.py'
[8.031s] INFO:colcon.colcon_core.shell:Creating prefix chain script '/home/robot/robot_ws/install/setup.ps1'
[8.039s] INFO:colcon.colcon_core.shell:Creating prefix script '/home/robot/robot_ws/install/local_setup.sh'
[8.043s] INFO:colcon.colcon_core.shell:Creating prefix util module '/home/robot/robot_ws/install/_local_setup_util_sh.py'
[8.046s] INFO:colcon.colcon_core.shell:Creating prefix chain script '/home/robot/robot_ws/install/setup.sh'
[8.055s] INFO:colcon.colcon_core.shell:Creating prefix script '/home/robot/robot_ws/install/local_setup.bash'
[8.058s] INFO:colcon.colcon_core.shell:Creating prefix chain script '/home/robot/robot_ws/install/setup.bash'
[8.067s] INFO:colcon.colcon_core.shell:Creating prefix script '/home/robot/robot_ws/install/local_setup.zsh'
[8.070s] INFO:colcon.colcon_core.shell:Creating prefix chain script '/home/robot/robot_ws/install/setup.zsh'
