[24.788s] Invoking command in '/home/robot/robot_ws/build/robot_ai': PYTHONPATH=/home/robot/robot_ws/build/robot_ai/prefix_override:/usr/lib/python3/dist-packages/colcon_core/task/python/colcon_distutils_commands:/home/robot/robot_ws/install/robot_ai/lib/python3.10/site-packages:${PYTHONPATH} /usr/bin/python3 -W ignore:setup.py install is deprecated -W ignore:easy_install command is deprecated setup.py develop --editable --build-directory /home/robot/robot_ws/build/robot_ai/build --no-deps symlink_data
[33.061s] running develop
[33.069s] running egg_info
[33.070s] writing robot_ai.egg-info/PKG-INFO
[33.070s] writing dependency_links to robot_ai.egg-info/dependency_links.txt
[33.073s] writing entry points to robot_ai.egg-info/entry_points.txt
[33.077s] writing requirements to robot_ai.egg-info/requires.txt
[33.078s] writing top-level names to robot_ai.egg-info/top_level.txt
[33.086s] reading manifest file 'robot_ai.egg-info/SOURCES.txt'
[33.095s] writing manifest file 'robot_ai.egg-info/SOURCES.txt'
[33.108s] running build_ext
[33.110s] Creating /home/robot/robot_ws/install/robot_ai/lib/python3.10/site-packages/robot-ai.egg-link (link to .)
[33.118s] Installing command_node script to /home/robot/robot_ws/install/robot_ai/lib/robot_ai
[33.121s] Installing dialogue_tts_node script to /home/robot/robot_ws/install/robot_ai/lib/robot_ai
[33.125s] Installing http_bridge_node script to /home/robot/robot_ws/install/robot_ai/lib/robot_ai
[33.128s] Installing stt_node script to /home/robot/robot_ws/install/robot_ai/lib/robot_ai
[33.132s] 
[33.133s] Installed /home/robot/robot_ws/build/robot_ai
[33.135s] running symlink_data
[33.360s] Invoked command in '/home/robot/robot_ws/build/robot_ai' returned '0': PYTHONPATH=/home/robot/robot_ws/build/robot_ai/prefix_override:/usr/lib/python3/dist-packages/colcon_core/task/python/colcon_distutils_commands:/home/robot/robot_ws/install/robot_ai/lib/python3.10/site-packages:${PYTHONPATH} /usr/bin/python3 -W ignore:setup.py install is deprecated -W ignore:easy_install command is deprecated setup.py develop --editable --build-directory /home/robot/robot_ws/build/robot_ai/build --no-deps symlink_data
