[1.270s] DEBUG:colcon:Command line arguments: ['/usr/bin/colcon', 'build', '--symlink-install']
[1.271s] DEBUG:colcon:Parsed command line arguments: Namespace(log_base=None, log_level=None, verb_name='build', build_base='build', install_base='install', merge_install=False, symlink_install=True, test_result_base=None, continue_on_error=False, executor='parallel', parallel_workers=4, event_handlers=None, ignore_user_meta=False, metas=['./colcon.meta'], base_paths=['.'], packages_ignore=None, packages_ignore_regex=None, paths=None, packages_up_to=None, packages_up_to_regex=None, packages_above=None, packages_above_and_dependencies=None, packages_above_depth=None, packages_select_by_dep=None, packages_skip_by_dep=None, packages_skip_up_to=None, packages_select_build_failed=False, packages_skip_build_finished=False, packages_select_test_failures=False, packages_skip_test_passed=False, packages_select=None, packages_skip=None, packages_select_regex=None, packages_skip_regex=None, packages_start=None, packages_end=None, allow_overriding=[], cmake_args=None, cmake_target=None, cmake_target_skip_unavailable=False, cmake_clean_cache=False, cmake_clean_first=False, cmake_force_configure=False, ament_cmake_args=None, catkin_cmake_args=None, catkin_skip_building_tests=False, verb_parser=<colcon_defaults.argument_parser.defaults.DefaultArgumentsDecorator object at 0xffffb3804d90>, verb_extension=<colcon_core.verb.build.BuildVerb object at 0xffffb3804940>, main=<bound method BuildVerb.main of <colcon_core.verb.build.BuildVerb object at 0xffffb3804940>>)
[2.935s] Level 1:colcon.colcon_core.package_discovery:discover_packages(colcon_meta) check parameters
[2.936s] Level 1:colcon.colcon_core.package_discovery:discover_packages(recursive) check parameters
[2.937s] Level 1:colcon.colcon_core.package_discovery:discover_packages(ignore) check parameters
[2.937s] Level 1:colcon.colcon_core.package_discovery:discover_packages(path) check parameters
[2.937s] Level 1:colcon.colcon_core.package_discovery:discover_packages(colcon_meta) discover
[2.937s] Level 1:colcon.colcon_core.package_discovery:discover_packages(recursive) discover
[2.938s] INFO:colcon.colcon_core.package_discovery:Crawling recursively for packages in '/home/robot/robot_ws'
[2.939s] Level 1:colcon.colcon_core.package_identification:_identify(.) by extensions ['ignore', 'ignore_ament_install']
[2.939s] Level 1:colcon.colcon_core.package_identification:_identify(.) by extension 'ignore'
[2.940s] Level 1:colcon.colcon_core.package_identification:_identify(.) by extension 'ignore_ament_install'
[2.940s] Level 1:colcon.colcon_core.package_identification:_identify(.) by extensions ['colcon_pkg']
[2.940s] Level 1:colcon.colcon_core.package_identification:_identify(.) by extension 'colcon_pkg'
[2.941s] Level 1:colcon.colcon_core.package_identification:_identify(.) by extensions ['colcon_meta']
[2.941s] Level 1:colcon.colcon_core.package_identification:_identify(.) by extension 'colcon_meta'
[2.941s] Level 1:colcon.colcon_core.package_identification:_identify(.) by extensions ['ros']
[2.941s] Level 1:colcon.colcon_core.package_identification:_identify(.) by extension 'ros'
[3.027s] Level 1:colcon.colcon_core.package_identification:_identify(.) by extensions ['cmake', 'python']
[3.027s] Level 1:colcon.colcon_core.package_identification:_identify(.) by extension 'cmake'
[3.028s] Level 1:colcon.colcon_core.package_identification:_identify(.) by extension 'python'
[3.028s] Level 1:colcon.colcon_core.package_identification:_identify(.) by extensions ['python_setup_py']
[3.029s] Level 1:colcon.colcon_core.package_identification:_identify(.) by extension 'python_setup_py'
[3.029s] Level 1:colcon.colcon_core.package_identification:_identify(build) by extensions ['ignore', 'ignore_ament_install']
[3.030s] Level 1:colcon.colcon_core.package_identification:_identify(build) by extension 'ignore'
[3.030s] Level 1:colcon.colcon_core.package_identification:_identify(build) ignored
[3.031s] Level 1:colcon.colcon_core.package_identification:_identify(install) by extensions ['ignore', 'ignore_ament_install']
[3.032s] Level 1:colcon.colcon_core.package_identification:_identify(install) by extension 'ignore'
[3.032s] Level 1:colcon.colcon_core.package_identification:_identify(install) ignored
[3.033s] Level 1:colcon.colcon_core.package_identification:_identify(log) by extensions ['ignore', 'ignore_ament_install']
[3.034s] Level 1:colcon.colcon_core.package_identification:_identify(log) by extension 'ignore'
[3.034s] Level 1:colcon.colcon_core.package_identification:_identify(log) ignored
[3.035s] Level 1:colcon.colcon_core.package_identification:_identify(src) by extensions ['ignore', 'ignore_ament_install']
[3.035s] Level 1:colcon.colcon_core.package_identification:_identify(src) by extension 'ignore'
[3.036s] Level 1:colcon.colcon_core.package_identification:_identify(src) by extension 'ignore_ament_install'
[3.036s] Level 1:colcon.colcon_core.package_identification:_identify(src) by extensions ['colcon_pkg']
[3.036s] Level 1:colcon.colcon_core.package_identification:_identify(src) by extension 'colcon_pkg'
[3.037s] Level 1:colcon.colcon_core.package_identification:_identify(src) by extensions ['colcon_meta']
[3.037s] Level 1:colcon.colcon_core.package_identification:_identify(src) by extension 'colcon_meta'
[3.037s] Level 1:colcon.colcon_core.package_identification:_identify(src) by extensions ['ros']
[3.037s] Level 1:colcon.colcon_core.package_identification:_identify(src) by extension 'ros'
[3.038s] Level 1:colcon.colcon_core.package_identification:_identify(src) by extensions ['cmake', 'python']
[3.038s] Level 1:colcon.colcon_core.package_identification:_identify(src) by extension 'cmake'
[3.038s] Level 1:colcon.colcon_core.package_identification:_identify(src) by extension 'python'
[3.038s] Level 1:colcon.colcon_core.package_identification:_identify(src) by extensions ['python_setup_py']
[3.039s] Level 1:colcon.colcon_core.package_identification:_identify(src) by extension 'python_setup_py'
[3.039s] Level 1:colcon.colcon_core.package_identification:_identify(src/camera_node) by extensions ['ignore', 'ignore_ament_install']
[3.040s] Level 1:colcon.colcon_core.package_identification:_identify(src/camera_node) by extension 'ignore'
[3.040s] Level 1:colcon.colcon_core.package_identification:_identify(src/camera_node) by extension 'ignore_ament_install'
[3.040s] Level 1:colcon.colcon_core.package_identification:_identify(src/camera_node) by extensions ['colcon_pkg']
[3.041s] Level 1:colcon.colcon_core.package_identification:_identify(src/camera_node) by extension 'colcon_pkg'
[3.041s] Level 1:colcon.colcon_core.package_identification:_identify(src/camera_node) by extensions ['colcon_meta']
[3.041s] Level 1:colcon.colcon_core.package_identification:_identify(src/camera_node) by extension 'colcon_meta'
[3.041s] Level 1:colcon.colcon_core.package_identification:_identify(src/camera_node) by extensions ['ros']
[3.041s] Level 1:colcon.colcon_core.package_identification:_identify(src/camera_node) by extension 'ros'
[3.059s] DEBUG:colcon.colcon_core.package_identification:Package 'src/camera_node' with type 'ros.ament_python' and name 'camera_node'
[3.060s] Level 1:colcon.colcon_core.package_identification:_identify(src/robot_ai) by extensions ['ignore', 'ignore_ament_install']
[3.061s] Level 1:colcon.colcon_core.package_identification:_identify(src/robot_ai) by extension 'ignore'
[3.061s] Level 1:colcon.colcon_core.package_identification:_identify(src/robot_ai) by extension 'ignore_ament_install'
[3.061s] Level 1:colcon.colcon_core.package_identification:_identify(src/robot_ai) by extensions ['colcon_pkg']
[3.062s] Level 1:colcon.colcon_core.package_identification:_identify(src/robot_ai) by extension 'colcon_pkg'
[3.062s] Level 1:colcon.colcon_core.package_identification:_identify(src/robot_ai) by extensions ['colcon_meta']
[3.062s] Level 1:colcon.colcon_core.package_identification:_identify(src/robot_ai) by extension 'colcon_meta'
[3.062s] Level 1:colcon.colcon_core.package_identification:_identify(src/robot_ai) by extensions ['ros']
[3.063s] Level 1:colcon.colcon_core.package_identification:_identify(src/robot_ai) by extension 'ros'
[3.066s] DEBUG:colcon.colcon_core.package_identification:Package 'src/robot_ai' with type 'ros.ament_python' and name 'robot_ai'
[3.067s] Level 1:colcon.colcon_core.package_identification:_identify(src/robot_bringup) by extensions ['ignore', 'ignore_ament_install']
[3.068s] Level 1:colcon.colcon_core.package_identification:_identify(src/robot_bringup) by extension 'ignore'
[3.068s] Level 1:colcon.colcon_core.package_identification:_identify(src/robot_bringup) by extension 'ignore_ament_install'
[3.068s] Level 1:colcon.colcon_core.package_identification:_identify(src/robot_bringup) by extensions ['colcon_pkg']
[3.069s] Level 1:colcon.colcon_core.package_identification:_identify(src/robot_bringup) by extension 'colcon_pkg'
[3.069s] Level 1:colcon.colcon_core.package_identification:_identify(src/robot_bringup) by extensions ['colcon_meta']
[3.069s] Level 1:colcon.colcon_core.package_identification:_identify(src/robot_bringup) by extension 'colcon_meta'
[3.069s] Level 1:colcon.colcon_core.package_identification:_identify(src/robot_bringup) by extensions ['ros']
[3.070s] Level 1:colcon.colcon_core.package_identification:_identify(src/robot_bringup) by extension 'ros'
[3.074s] DEBUG:colcon.colcon_core.package_identification:Package 'src/robot_bringup' with type 'ros.ament_cmake' and name 'robot_bringup'
[3.075s] Level 1:colcon.colcon_core.package_identification:_identify(src/robot_description) by extensions ['ignore', 'ignore_ament_install']
[3.075s] Level 1:colcon.colcon_core.package_identification:_identify(src/robot_description) by extension 'ignore'
[3.075s] Level 1:colcon.colcon_core.package_identification:_identify(src/robot_description) by extension 'ignore_ament_install'
[3.076s] Level 1:colcon.colcon_core.package_identification:_identify(src/robot_description) by extensions ['colcon_pkg']
[3.076s] Level 1:colcon.colcon_core.package_identification:_identify(src/robot_description) by extension 'colcon_pkg'
[3.076s] Level 1:colcon.colcon_core.package_identification:_identify(src/robot_description) by extensions ['colcon_meta']
[3.076s] Level 1:colcon.colcon_core.package_identification:_identify(src/robot_description) by extension 'colcon_meta'
[3.077s] Level 1:colcon.colcon_core.package_identification:_identify(src/robot_description) by extensions ['ros']
[3.077s] Level 1:colcon.colcon_core.package_identification:_identify(src/robot_description) by extension 'ros'
[3.081s] DEBUG:colcon.colcon_core.package_identification:Package 'src/robot_description' with type 'ros.ament_cmake' and name 'robot_description'
[3.082s] Level 1:colcon.colcon_core.package_identification:_identify(src/robot_serial) by extensions ['ignore', 'ignore_ament_install']
[3.083s] Level 1:colcon.colcon_core.package_identification:_identify(src/robot_serial) by extension 'ignore'
[3.083s] Level 1:colcon.colcon_core.package_identification:_identify(src/robot_serial) by extension 'ignore_ament_install'
[3.083s] Level 1:colcon.colcon_core.package_identification:_identify(src/robot_serial) by extensions ['colcon_pkg']
[3.083s] Level 1:colcon.colcon_core.package_identification:_identify(src/robot_serial) by extension 'colcon_pkg'
[3.084s] Level 1:colcon.colcon_core.package_identification:_identify(src/robot_serial) by extensions ['colcon_meta']
[3.084s] Level 1:colcon.colcon_core.package_identification:_identify(src/robot_serial) by extension 'colcon_meta'
[3.084s] Level 1:colcon.colcon_core.package_identification:_identify(src/robot_serial) by extensions ['ros']
[3.084s] Level 1:colcon.colcon_core.package_identification:_identify(src/robot_serial) by extension 'ros'
[3.088s] DEBUG:colcon.colcon_core.package_identification:Package 'src/robot_serial' with type 'ros.ament_python' and name 'robot_serial'
[3.089s] Level 1:colcon.colcon_core.package_identification:_identify(src/sllidar_ros2) by extensions ['ignore', 'ignore_ament_install']
[3.090s] Level 1:colcon.colcon_core.package_identification:_identify(src/sllidar_ros2) by extension 'ignore'
[3.090s] Level 1:colcon.colcon_core.package_identification:_identify(src/sllidar_ros2) by extension 'ignore_ament_install'
[3.090s] Level 1:colcon.colcon_core.package_identification:_identify(src/sllidar_ros2) by extensions ['colcon_pkg']
[3.091s] Level 1:colcon.colcon_core.package_identification:_identify(src/sllidar_ros2) by extension 'colcon_pkg'
[3.091s] Level 1:colcon.colcon_core.package_identification:_identify(src/sllidar_ros2) by extensions ['colcon_meta']
[3.091s] Level 1:colcon.colcon_core.package_identification:_identify(src/sllidar_ros2) by extension 'colcon_meta'
[3.092s] Level 1:colcon.colcon_core.package_identification:_identify(src/sllidar_ros2) by extensions ['ros']
[3.092s] Level 1:colcon.colcon_core.package_identification:_identify(src/sllidar_ros2) by extension 'ros'
[3.096s] DEBUG:colcon.colcon_core.package_identification:Package 'src/sllidar_ros2' with type 'ros.ament_cmake' and name 'sllidar_ros2'
[3.097s] Level 1:colcon.colcon_core.package_identification:_identify(src/web_bridge) by extensions ['ignore', 'ignore_ament_install']
[3.098s] Level 1:colcon.colcon_core.package_identification:_identify(src/web_bridge) by extension 'ignore'
[3.098s] Level 1:colcon.colcon_core.package_identification:_identify(src/web_bridge) by extension 'ignore_ament_install'
[3.098s] Level 1:colcon.colcon_core.package_identification:_identify(src/web_bridge) by extensions ['colcon_pkg']
[3.098s] Level 1:colcon.colcon_core.package_identification:_identify(src/web_bridge) by extension 'colcon_pkg'
[3.099s] Level 1:colcon.colcon_core.package_identification:_identify(src/web_bridge) by extensions ['colcon_meta']
[3.099s] Level 1:colcon.colcon_core.package_identification:_identify(src/web_bridge) by extension 'colcon_meta'
[3.099s] Level 1:colcon.colcon_core.package_identification:_identify(src/web_bridge) by extensions ['ros']
[3.099s] Level 1:colcon.colcon_core.package_identification:_identify(src/web_bridge) by extension 'ros'
[3.103s] DEBUG:colcon.colcon_core.package_identification:Package 'src/web_bridge' with type 'ros.ament_python' and name 'web_bridge'
[3.103s] Level 1:colcon.colcon_core.package_discovery:discover_packages(recursive) using defaults
[3.104s] Level 1:colcon.colcon_core.package_discovery:discover_packages(ignore) discover
[3.104s] Level 1:colcon.colcon_core.package_discovery:discover_packages(ignore) using defaults
[3.104s] Level 1:colcon.colcon_core.package_discovery:discover_packages(path) discover
[3.104s] Level 1:colcon.colcon_core.package_discovery:discover_packages(path) using defaults
[3.238s] Level 1:colcon.colcon_core.package_discovery:discover_packages(prefix_path) check parameters
[3.238s] Level 1:colcon.colcon_core.package_discovery:discover_packages(prefix_path) discover
[3.258s] DEBUG:colcon.colcon_installed_package_information.package_discovery:Found 7 installed packages in /home/robot/robot_ws/install
[3.270s] DEBUG:colcon.colcon_installed_package_information.package_discovery:Found 262 installed packages in /opt/ros/humble
[3.323s] Level 1:colcon.colcon_core.package_discovery:discover_packages(prefix_path) using defaults
[3.518s] Level 5:colcon.colcon_core.verb:set package 'camera_node' build argument 'cmake_args' from command line to 'None'
[3.519s] Level 5:colcon.colcon_core.verb:set package 'camera_node' build argument 'cmake_target' from command line to 'None'
[3.519s] Level 5:colcon.colcon_core.verb:set package 'camera_node' build argument 'cmake_target_skip_unavailable' from command line to 'False'
[3.519s] Level 5:colcon.colcon_core.verb:set package 'camera_node' build argument 'cmake_clean_cache' from command line to 'False'
[3.519s] Level 5:colcon.colcon_core.verb:set package 'camera_node' build argument 'cmake_clean_first' from command line to 'False'
[3.520s] Level 5:colcon.colcon_core.verb:set package 'camera_node' build argument 'cmake_force_configure' from command line to 'False'
[3.520s] Level 5:colcon.colcon_core.verb:set package 'camera_node' build argument 'ament_cmake_args' from command line to 'None'
[3.520s] Level 5:colcon.colcon_core.verb:set package 'camera_node' build argument 'catkin_cmake_args' from command line to 'None'
[3.520s] Level 5:colcon.colcon_core.verb:set package 'camera_node' build argument 'catkin_skip_building_tests' from command line to 'False'
[3.520s] DEBUG:colcon.colcon_core.verb:Building package 'camera_node' with the following arguments: {'ament_cmake_args': None, 'build_base': '/home/robot/robot_ws/build/camera_node', 'catkin_cmake_args': None, 'catkin_skip_building_tests': False, 'cmake_args': None, 'cmake_clean_cache': False, 'cmake_clean_first': False, 'cmake_force_configure': False, 'cmake_target': None, 'cmake_target_skip_unavailable': False, 'install_base': '/home/robot/robot_ws/install/camera_node', 'merge_install': False, 'path': '/home/robot/robot_ws/src/camera_node', 'symlink_install': True, 'test_result_base': None}
[3.522s] Level 5:colcon.colcon_core.verb:set package 'robot_ai' build argument 'cmake_args' from command line to 'None'
[3.522s] Level 5:colcon.colcon_core.verb:set package 'robot_ai' build argument 'cmake_target' from command line to 'None'
[3.522s] Level 5:colcon.colcon_core.verb:set package 'robot_ai' build argument 'cmake_target_skip_unavailable' from command line to 'False'
[3.523s] Level 5:colcon.colcon_core.verb:set package 'robot_ai' build argument 'cmake_clean_cache' from command line to 'False'
[3.523s] Level 5:colcon.colcon_core.verb:set package 'robot_ai' build argument 'cmake_clean_first' from command line to 'False'
[3.523s] Level 5:colcon.colcon_core.verb:set package 'robot_ai' build argument 'cmake_force_configure' from command line to 'False'
[3.523s] Level 5:colcon.colcon_core.verb:set package 'robot_ai' build argument 'ament_cmake_args' from command line to 'None'
[3.523s] Level 5:colcon.colcon_core.verb:set package 'robot_ai' build argument 'catkin_cmake_args' from command line to 'None'
[3.523s] Level 5:colcon.colcon_core.verb:set package 'robot_ai' build argument 'catkin_skip_building_tests' from command line to 'False'
[3.523s] DEBUG:colcon.colcon_core.verb:Building package 'robot_ai' with the following arguments: {'ament_cmake_args': None, 'build_base': '/home/robot/robot_ws/build/robot_ai', 'catkin_cmake_args': None, 'catkin_skip_building_tests': False, 'cmake_args': None, 'cmake_clean_cache': False, 'cmake_clean_first': False, 'cmake_force_configure': False, 'cmake_target': None, 'cmake_target_skip_unavailable': False, 'install_base': '/home/robot/robot_ws/install/robot_ai', 'merge_install': False, 'path': '/home/robot/robot_ws/src/robot_ai', 'symlink_install': True, 'test_result_base': None}
[3.525s] Level 5:colcon.colcon_core.verb:set package 'robot_description' build argument 'cmake_args' from command line to 'None'
[3.525s] Level 5:colcon.colcon_core.verb:set package 'robot_description' build argument 'cmake_target' from command line to 'None'
[3.525s] Level 5:colcon.colcon_core.verb:set package 'robot_description' build argument 'cmake_target_skip_unavailable' from command line to 'False'
[3.526s] Level 5:colcon.colcon_core.verb:set package 'robot_description' build argument 'cmake_clean_cache' from command line to 'False'
[3.526s] Level 5:colcon.colcon_core.verb:set package 'robot_description' build argument 'cmake_clean_first' from command line to 'False'
[3.526s] Level 5:colcon.colcon_core.verb:set package 'robot_description' build argument 'cmake_force_configure' from command line to 'False'
[3.526s] Level 5:colcon.colcon_core.verb:set package 'robot_description' build argument 'ament_cmake_args' from command line to 'None'
[3.526s] Level 5:colcon.colcon_core.verb:set package 'robot_description' build argument 'catkin_cmake_args' from command line to 'None'
[3.526s] Level 5:colcon.colcon_core.verb:set package 'robot_description' build argument 'catkin_skip_building_tests' from command line to 'False'
[3.526s] DEBUG:colcon.colcon_core.verb:Building package 'robot_description' with the following arguments: {'ament_cmake_args': None, 'build_base': '/home/robot/robot_ws/build/robot_description', 'catkin_cmake_args': None, 'catkin_skip_building_tests': False, 'cmake_args': None, 'cmake_clean_cache': False, 'cmake_clean_first': False, 'cmake_force_configure': False, 'cmake_target': None, 'cmake_target_skip_unavailable': False, 'install_base': '/home/robot/robot_ws/install/robot_description', 'merge_install': False, 'path': '/home/robot/robot_ws/src/robot_description', 'symlink_install': True, 'test_result_base': None}
[3.528s] Level 5:colcon.colcon_core.verb:set package 'robot_serial' build argument 'cmake_args' from command line to 'None'
[3.529s] Level 5:colcon.colcon_core.verb:set package 'robot_serial' build argument 'cmake_target' from command line to 'None'
[3.529s] Level 5:colcon.colcon_core.verb:set package 'robot_serial' build argument 'cmake_target_skip_unavailable' from command line to 'False'
[3.529s] Level 5:colcon.colcon_core.verb:set package 'robot_serial' build argument 'cmake_clean_cache' from command line to 'False'
[3.529s] Level 5:colcon.colcon_core.verb:set package 'robot_serial' build argument 'cmake_clean_first' from command line to 'False'
[3.529s] Level 5:colcon.colcon_core.verb:set package 'robot_serial' build argument 'cmake_force_configure' from command line to 'False'
[3.529s] Level 5:colcon.colcon_core.verb:set package 'robot_serial' build argument 'ament_cmake_args' from command line to 'None'
[3.529s] Level 5:colcon.colcon_core.verb:set package 'robot_serial' build argument 'catkin_cmake_args' from command line to 'None'
[3.530s] Level 5:colcon.colcon_core.verb:set package 'robot_serial' build argument 'catkin_skip_building_tests' from command line to 'False'
[3.530s] DEBUG:colcon.colcon_core.verb:Building package 'robot_serial' with the following arguments: {'ament_cmake_args': None, 'build_base': '/home/robot/robot_ws/build/robot_serial', 'catkin_cmake_args': None, 'catkin_skip_building_tests': False, 'cmake_args': None, 'cmake_clean_cache': False, 'cmake_clean_first': False, 'cmake_force_configure': False, 'cmake_target': None, 'cmake_target_skip_unavailable': False, 'install_base': '/home/robot/robot_ws/install/robot_serial', 'merge_install': False, 'path': '/home/robot/robot_ws/src/robot_serial', 'symlink_install': True, 'test_result_base': None}
[3.531s] Level 5:colcon.colcon_core.verb:set package 'sllidar_ros2' build argument 'cmake_args' from command line to 'None'
[3.532s] Level 5:colcon.colcon_core.verb:set package 'sllidar_ros2' build argument 'cmake_target' from command line to 'None'
[3.532s] Level 5:colcon.colcon_core.verb:set package 'sllidar_ros2' build argument 'cmake_target_skip_unavailable' from command line to 'False'
[3.532s] Level 5:colcon.colcon_core.verb:set package 'sllidar_ros2' build argument 'cmake_clean_cache' from command line to 'False'
[3.532s] Level 5:colcon.colcon_core.verb:set package 'sllidar_ros2' build argument 'cmake_clean_first' from command line to 'False'
[3.532s] Level 5:colcon.colcon_core.verb:set package 'sllidar_ros2' build argument 'cmake_force_configure' from command line to 'False'
[3.532s] Level 5:colcon.colcon_core.verb:set package 'sllidar_ros2' build argument 'ament_cmake_args' from command line to 'None'
[3.533s] Level 5:colcon.colcon_core.verb:set package 'sllidar_ros2' build argument 'catkin_cmake_args' from command line to 'None'
[3.533s] Level 5:colcon.colcon_core.verb:set package 'sllidar_ros2' build argument 'catkin_skip_building_tests' from command line to 'False'
[3.533s] DEBUG:colcon.colcon_core.verb:Building package 'sllidar_ros2' with the following arguments: {'ament_cmake_args': None, 'build_base': '/home/robot/robot_ws/build/sllidar_ros2', 'catkin_cmake_args': None, 'catkin_skip_building_tests': False, 'cmake_args': None, 'cmake_clean_cache': False, 'cmake_clean_first': False, 'cmake_force_configure': False, 'cmake_target': None, 'cmake_target_skip_unavailable': False, 'install_base': '/home/robot/robot_ws/install/sllidar_ros2', 'merge_install': False, 'path': '/home/robot/robot_ws/src/sllidar_ros2', 'symlink_install': True, 'test_result_base': None}
[3.535s] Level 5:colcon.colcon_core.verb:set package 'web_bridge' build argument 'cmake_args' from command line to 'None'
[3.535s] Level 5:colcon.colcon_core.verb:set package 'web_bridge' build argument 'cmake_target' from command line to 'None'
[3.535s] Level 5:colcon.colcon_core.verb:set package 'web_bridge' build argument 'cmake_target_skip_unavailable' from command line to 'False'
[3.535s] Level 5:colcon.colcon_core.verb:set package 'web_bridge' build argument 'cmake_clean_cache' from command line to 'False'
[3.535s] Level 5:colcon.colcon_core.verb:set package 'web_bridge' build argument 'cmake_clean_first' from command line to 'False'
[3.536s] Level 5:colcon.colcon_core.verb:set package 'web_bridge' build argument 'cmake_force_configure' from command line to 'False'
[3.536s] Level 5:colcon.colcon_core.verb:set package 'web_bridge' build argument 'ament_cmake_args' from command line to 'None'
[3.536s] Level 5:colcon.colcon_core.verb:set package 'web_bridge' build argument 'catkin_cmake_args' from command line to 'None'
[3.536s] Level 5:colcon.colcon_core.verb:set package 'web_bridge' build argument 'catkin_skip_building_tests' from command line to 'False'
[3.536s] DEBUG:colcon.colcon_core.verb:Building package 'web_bridge' with the following arguments: {'ament_cmake_args': None, 'build_base': '/home/robot/robot_ws/build/web_bridge', 'catkin_cmake_args': None, 'catkin_skip_building_tests': False, 'cmake_args': None, 'cmake_clean_cache': False, 'cmake_clean_first': False, 'cmake_force_configure': False, 'cmake_target': None, 'cmake_target_skip_unavailable': False, 'install_base': '/home/robot/robot_ws/install/web_bridge', 'merge_install': False, 'path': '/home/robot/robot_ws/src/web_bridge', 'symlink_install': True, 'test_result_base': None}
[3.538s] Level 5:colcon.colcon_core.verb:set package 'robot_bringup' build argument 'cmake_args' from command line to 'None'
[3.538s] Level 5:colcon.colcon_core.verb:set package 'robot_bringup' build argument 'cmake_target' from command line to 'None'
[3.539s] Level 5:colcon.colcon_core.verb:set package 'robot_bringup' build argument 'cmake_target_skip_unavailable' from command line to 'False'
[3.539s] Level 5:colcon.colcon_core.verb:set package 'robot_bringup' build argument 'cmake_clean_cache' from command line to 'False'
[3.539s] Level 5:colcon.colcon_core.verb:set package 'robot_bringup' build argument 'cmake_clean_first' from command line to 'False'
[3.539s] Level 5:colcon.colcon_core.verb:set package 'robot_bringup' build argument 'cmake_force_configure' from command line to 'False'
[3.539s] Level 5:colcon.colcon_core.verb:set package 'robot_bringup' build argument 'ament_cmake_args' from command line to 'None'
[3.539s] Level 5:colcon.colcon_core.verb:set package 'robot_bringup' build argument 'catkin_cmake_args' from command line to 'None'
[3.539s] Level 5:colcon.colcon_core.verb:set package 'robot_bringup' build argument 'catkin_skip_building_tests' from command line to 'False'
[3.540s] DEBUG:colcon.colcon_core.verb:Building package 'robot_bringup' with the following arguments: {'ament_cmake_args': None, 'build_base': '/home/robot/robot_ws/build/robot_bringup', 'catkin_cmake_args': None, 'catkin_skip_building_tests': False, 'cmake_args': None, 'cmake_clean_cache': False, 'cmake_clean_first': False, 'cmake_force_configure': False, 'cmake_target': None, 'cmake_target_skip_unavailable': False, 'install_base': '/home/robot/robot_ws/install/robot_bringup', 'merge_install': False, 'path': '/home/robot/robot_ws/src/robot_bringup', 'symlink_install': True, 'test_result_base': None}
[3.540s] INFO:colcon.colcon_core.executor:Executing jobs using 'parallel' executor
[3.544s] DEBUG:colcon.colcon_parallel_executor.executor.parallel:run_until_complete
[3.546s] INFO:colcon.colcon_ros.task.ament_cmake.build:Building ROS package in '/home/robot/robot_ws/src/robot_description' with build type 'ament_cmake'
[3.546s] INFO:colcon.colcon_cmake.task.cmake.build:Building CMake package in '/home/robot/robot_ws/src/robot_description'
[3.576s] INFO:colcon.colcon_core.plugin_system:Skipping extension 'colcon_core.shell.bat': Not used on non-Windows systems
[3.577s] INFO:colcon.colcon_core.shell:Skip shell extension 'powershell' for command environment: Not usable outside of PowerShell
[3.577s] DEBUG:colcon.colcon_core.shell:Skip shell extension 'dsv' for command environment
[3.605s] INFO:colcon.colcon_ros.task.ament_cmake.build:Building ROS package in '/home/robot/robot_ws/src/sllidar_ros2' with build type 'ament_cmake'
[3.606s] INFO:colcon.colcon_cmake.task.cmake.build:Building CMake package in '/home/robot/robot_ws/src/sllidar_ros2'
[3.607s] INFO:colcon.colcon_core.shell:Skip shell extension 'powershell' for command environment: Not usable outside of PowerShell
[3.608s] DEBUG:colcon.colcon_core.shell:Skip shell extension 'dsv' for command environment
[3.635s] INFO:colcon.colcon_ros.task.ament_python.build:Building ROS package in '/home/robot/robot_ws/src/camera_node' with build type 'ament_python'
[3.635s] Level 1:colcon.colcon_core.shell:create_environment_hook('camera_node', 'ament_prefix_path')
[3.637s] INFO:colcon.colcon_core.shell:Creating environment hook '/home/robot/robot_ws/install/camera_node/share/camera_node/hook/ament_prefix_path.ps1'
[3.645s] INFO:colcon.colcon_core.shell:Creating environment descriptor '/home/robot/robot_ws/install/camera_node/share/camera_node/hook/ament_prefix_path.dsv'
[3.650s] INFO:colcon.colcon_core.shell:Creating environment hook '/home/robot/robot_ws/install/camera_node/share/camera_node/hook/ament_prefix_path.sh'
[3.805s] INFO:colcon.colcon_core.shell:Skip shell extension 'powershell' for command environment: Not usable outside of PowerShell
[3.806s] DEBUG:colcon.colcon_core.shell:Skip shell extension 'dsv' for command environment
[3.833s] INFO:colcon.colcon_ros.task.ament_python.build:Building ROS package in '/home/robot/robot_ws/src/robot_ai' with build type 'ament_python'
[3.988s] Level 1:colcon.colcon_core.shell:create_environment_hook('robot_ai', 'ament_prefix_path')
[3.991s] INFO:colcon.colcon_core.shell:Creating environment hook '/home/robot/robot_ws/install/robot_ai/share/robot_ai/hook/ament_prefix_path.ps1'
[3.998s] INFO:colcon.colcon_core.shell:Creating environment descriptor '/home/robot/robot_ws/install/robot_ai/share/robot_ai/hook/ament_prefix_path.dsv'
[4.002s] INFO:colcon.colcon_core.shell:Creating environment hook '/home/robot/robot_ws/install/robot_ai/share/robot_ai/hook/ament_prefix_path.sh'
[4.005s] INFO:colcon.colcon_core.shell:Skip shell extension 'powershell' for command environment: Not usable outside of PowerShell
[4.005s] DEBUG:colcon.colcon_core.shell:Skip shell extension 'dsv' for command environment
[4.349s] DEBUG:colcon.colcon_core.event_handler.log_command:Invoking command in '/home/robot/robot_ws/build/robot_description': CMAKE_PREFIX_PATH=${CMAKE_PREFIX_PATH}:/home/robot/robot_ws/install/web_bridge:/home/robot/robot_ws/install/robot_serial:/home/robot/robot_ws/install/robot_ai:/home/robot/robot_ws/install/camera_node:/opt/ros/humble /usr/bin/cmake --build /home/robot/robot_ws/build/robot_description -- -j4 -l4
[4.783s] DEBUG:colcon.colcon_core.event_handler.log_command:Invoking command in '/home/robot/robot_ws/build/sllidar_ros2': CMAKE_PREFIX_PATH=${CMAKE_PREFIX_PATH}:/home/robot/robot_ws/install/web_bridge:/home/robot/robot_ws/install/robot_serial:/home/robot/robot_ws/install/robot_ai:/home/robot/robot_ws/install/camera_node:/opt/ros/humble /usr/bin/cmake --build /home/robot/robot_ws/build/sllidar_ros2 -- -j4 -l4
[6.605s] INFO:colcon.colcon_core.task.python.build:Building Python package in '/home/robot/robot_ws/src/camera_node'
[6.607s] INFO:colcon.colcon_core.shell:Skip shell extension 'powershell' for command environment: Not usable outside of PowerShell
[6.607s] DEBUG:colcon.colcon_core.shell:Skip shell extension 'dsv' for command environment
[8.117s] INFO:colcon.colcon_core.task.python.build:Building Python package in '/home/robot/robot_ws/src/robot_ai'
[8.118s] INFO:colcon.colcon_core.shell:Skip shell extension 'powershell' for command environment: Not usable outside of PowerShell
[8.119s] DEBUG:colcon.colcon_core.shell:Skip shell extension 'dsv' for command environment
[9.445s] DEBUG:colcon.colcon_core.event_handler.log_command:Invoked command in '/home/robot/robot_ws/build/robot_description' returned '0': CMAKE_PREFIX_PATH=${CMAKE_PREFIX_PATH}:/home/robot/robot_ws/install/web_bridge:/home/robot/robot_ws/install/robot_serial:/home/robot/robot_ws/install/robot_ai:/home/robot/robot_ws/install/camera_node:/opt/ros/humble /usr/bin/cmake --build /home/robot/robot_ws/build/robot_description -- -j4 -l4
[9.846s] DEBUG:colcon.colcon_core.event_handler.log_command:Invoking command in '/home/robot/robot_ws/build/robot_description': CMAKE_PREFIX_PATH=${CMAKE_PREFIX_PATH}:/home/robot/robot_ws/install/web_bridge:/home/robot/robot_ws/install/robot_serial:/home/robot/robot_ws/install/robot_ai:/home/robot/robot_ws/install/camera_node:/opt/ros/humble /usr/bin/cmake --install /home/robot/robot_ws/build/robot_description
[10.107s] Level 1:colcon.colcon_core.environment:create_environment_scripts_only(robot_description)
[10.111s] DEBUG:colcon.colcon_core.event_handler.log_command:Invoked command in '/home/robot/robot_ws/build/robot_description' returned '0': CMAKE_PREFIX_PATH=${CMAKE_PREFIX_PATH}:/home/robot/robot_ws/install/web_bridge:/home/robot/robot_ws/install/robot_serial:/home/robot/robot_ws/install/robot_ai:/home/robot/robot_ws/install/camera_node:/opt/ros/humble /usr/bin/cmake --install /home/robot/robot_ws/build/robot_description
[11.569s] Level 1:colcon.colcon_core.environment:checking '/home/robot/robot_ws/install/robot_description' for CMake module files
[11.575s] Level 1:colcon.colcon_core.environment:checking '/home/robot/robot_ws/install/robot_description' for CMake config files
[11.578s] Level 1:colcon.colcon_core.shell:create_environment_hook('robot_description', 'cmake_prefix_path')
[11.579s] INFO:colcon.colcon_core.shell:Creating environment hook '/home/robot/robot_ws/install/robot_description/share/robot_description/hook/cmake_prefix_path.ps1'
[11.582s] INFO:colcon.colcon_core.shell:Creating environment descriptor '/home/robot/robot_ws/install/robot_description/share/robot_description/hook/cmake_prefix_path.dsv'
[11.584s] INFO:colcon.colcon_core.shell:Creating environment hook '/home/robot/robot_ws/install/robot_description/share/robot_description/hook/cmake_prefix_path.sh'
[11.588s] Level 1:colcon.colcon_core.environment:checking '/home/robot/robot_ws/install/robot_description/bin'
[11.588s] Level 1:colcon.colcon_core.environment:checking '/home/robot/robot_ws/install/robot_description/lib/pkgconfig/robot_description.pc'
[11.589s] Level 1:colcon.colcon_core.environment:checking '/home/robot/robot_ws/install/robot_description/lib/python3.10/site-packages'
[11.591s] Level 1:colcon.colcon_core.environment:checking '/home/robot/robot_ws/install/robot_description/bin'
[11.592s] INFO:colcon.colcon_core.shell:Creating package script '/home/robot/robot_ws/install/robot_description/share/robot_description/package.ps1'
[11.654s] INFO:colcon.colcon_core.shell:Creating package descriptor '/home/robot/robot_ws/install/robot_description/share/robot_description/package.dsv'
[11.897s] INFO:colcon.colcon_core.shell:Creating package script '/home/robot/robot_ws/install/robot_description/share/robot_description/package.sh'
[12.151s] INFO:colcon.colcon_core.shell:Creating package script '/home/robot/robot_ws/install/robot_description/share/robot_description/package.bash'
[12.342s] INFO:colcon.colcon_core.shell:Creating package script '/home/robot/robot_ws/install/robot_description/share/robot_description/package.zsh'
[13.010s] Level 1:colcon.colcon_core.environment:create_file_with_runtime_dependencies(/home/robot/robot_ws/install/robot_description/share/colcon-core/packages/robot_description)
[13.014s] Level 1:colcon.colcon_core.environment:create_environment_scripts_only(robot_description)
[13.016s] Level 1:colcon.colcon_core.environment:checking '/home/robot/robot_ws/install/robot_description' for CMake module files
[13.292s] Level 1:colcon.colcon_core.environment:checking '/home/robot/robot_ws/install/robot_description' for CMake config files
[13.297s] Level 1:colcon.colcon_core.shell:create_environment_hook('robot_description', 'cmake_prefix_path')
[13.299s] INFO:colcon.colcon_core.shell:Creating environment hook '/home/robot/robot_ws/install/robot_description/share/robot_description/hook/cmake_prefix_path.ps1'
[13.302s] INFO:colcon.colcon_core.shell:Creating environment descriptor '/home/robot/robot_ws/install/robot_description/share/robot_description/hook/cmake_prefix_path.dsv'
[13.304s] INFO:colcon.colcon_core.shell:Creating environment hook '/home/robot/robot_ws/install/robot_description/share/robot_description/hook/cmake_prefix_path.sh'
[13.307s] Level 1:colcon.colcon_core.environment:checking '/home/robot/robot_ws/install/robot_description/bin'
[13.307s] Level 1:colcon.colcon_core.environment:checking '/home/robot/robot_ws/install/robot_description/lib/pkgconfig/robot_description.pc'
[13.309s] Level 1:colcon.colcon_core.environment:checking '/home/robot/robot_ws/install/robot_description/lib/python3.10/site-packages'
[13.310s] Level 1:colcon.colcon_core.environment:checking '/home/robot/robot_ws/install/robot_description/bin'
[13.312s] INFO:colcon.colcon_core.shell:Creating package script '/home/robot/robot_ws/install/robot_description/share/robot_description/package.ps1'
[13.315s] INFO:colcon.colcon_core.shell:Creating package descriptor '/home/robot/robot_ws/install/robot_description/share/robot_description/package.dsv'
[13.318s] INFO:colcon.colcon_core.shell:Creating package script '/home/robot/robot_ws/install/robot_description/share/robot_description/package.sh'
[13.320s] INFO:colcon.colcon_core.shell:Creating package script '/home/robot/robot_ws/install/robot_description/share/robot_description/package.bash'
[13.323s] INFO:colcon.colcon_core.shell:Creating package script '/home/robot/robot_ws/install/robot_description/share/robot_description/package.zsh'
[13.846s] Level 1:colcon.colcon_core.environment:create_file_with_runtime_dependencies(/home/robot/robot_ws/install/robot_description/share/colcon-core/packages/robot_description)
[13.856s] INFO:colcon.colcon_ros.task.ament_python.build:Building ROS package in '/home/robot/robot_ws/src/robot_serial' with build type 'ament_python'
[13.858s] Level 1:colcon.colcon_core.shell:create_environment_hook('robot_serial', 'ament_prefix_path')
[13.859s] INFO:colcon.colcon_core.shell:Creating environment hook '/home/robot/robot_ws/install/robot_serial/share/robot_serial/hook/ament_prefix_path.ps1'
[14.008s] INFO:colcon.colcon_core.shell:Creating environment descriptor '/home/robot/robot_ws/install/robot_serial/share/robot_serial/hook/ament_prefix_path.dsv'
[14.023s] INFO:colcon.colcon_core.shell:Creating environment hook '/home/robot/robot_ws/install/robot_serial/share/robot_serial/hook/ament_prefix_path.sh'
[14.031s] INFO:colcon.colcon_core.shell:Skip shell extension 'powershell' for command environment: Not usable outside of PowerShell
[14.416s] DEBUG:colcon.colcon_core.shell:Skip shell extension 'dsv' for command environment
[15.981s] INFO:colcon.colcon_core.task.python.build:Building Python package in '/home/robot/robot_ws/src/robot_serial'
[16.064s] INFO:colcon.colcon_core.shell:Skip shell extension 'powershell' for command environment: Not usable outside of PowerShell
[16.065s] DEBUG:colcon.colcon_core.shell:Skip shell extension 'dsv' for command environment
[20.889s] DEBUG:colcon.colcon_core.event_handler.log_command:Invoked command in '/home/robot/robot_ws/build/sllidar_ros2' returned '0': CMAKE_PREFIX_PATH=${CMAKE_PREFIX_PATH}:/home/robot/robot_ws/install/web_bridge:/home/robot/robot_ws/install/robot_serial:/home/robot/robot_ws/install/robot_ai:/home/robot/robot_ws/install/camera_node:/opt/ros/humble /usr/bin/cmake --build /home/robot/robot_ws/build/sllidar_ros2 -- -j4 -l4
[21.069s] DEBUG:colcon.colcon_core.event_handler.log_command:Invoking command in '/home/robot/robot_ws/build/sllidar_ros2': CMAKE_PREFIX_PATH=${CMAKE_PREFIX_PATH}:/home/robot/robot_ws/install/web_bridge:/home/robot/robot_ws/install/robot_serial:/home/robot/robot_ws/install/robot_ai:/home/robot/robot_ws/install/camera_node:/opt/ros/humble /usr/bin/cmake --install /home/robot/robot_ws/build/sllidar_ros2
[21.603s] Level 1:colcon.colcon_core.environment:create_environment_scripts_only(sllidar_ros2)
[21.605s] Level 1:colcon.colcon_core.environment:checking '/home/robot/robot_ws/install/sllidar_ros2' for CMake module files
[21.607s] DEBUG:colcon.colcon_core.event_handler.log_command:Invoked command in '/home/robot/robot_ws/build/sllidar_ros2' returned '0': CMAKE_PREFIX_PATH=${CMAKE_PREFIX_PATH}:/home/robot/robot_ws/install/web_bridge:/home/robot/robot_ws/install/robot_serial:/home/robot/robot_ws/install/robot_ai:/home/robot/robot_ws/install/camera_node:/opt/ros/humble /usr/bin/cmake --install /home/robot/robot_ws/build/sllidar_ros2
[21.611s] Level 1:colcon.colcon_core.environment:checking '/home/robot/robot_ws/install/sllidar_ros2' for CMake config files
[21.614s] Level 1:colcon.colcon_core.shell:create_environment_hook('sllidar_ros2', 'cmake_prefix_path')
[21.615s] INFO:colcon.colcon_core.shell:Creating environment hook '/home/robot/robot_ws/install/sllidar_ros2/share/sllidar_ros2/hook/cmake_prefix_path.ps1'
[21.725s] INFO:colcon.colcon_core.shell:Creating environment descriptor '/home/robot/robot_ws/install/sllidar_ros2/share/sllidar_ros2/hook/cmake_prefix_path.dsv'
[21.922s] INFO:colcon.colcon_core.shell:Creating environment hook '/home/robot/robot_ws/install/sllidar_ros2/share/sllidar_ros2/hook/cmake_prefix_path.sh'
[21.930s] Level 1:colcon.colcon_core.environment:checking '/home/robot/robot_ws/install/sllidar_ros2/lib'
[22.300s] Level 1:colcon.colcon_core.environment:checking '/home/robot/robot_ws/install/sllidar_ros2/bin'
[22.300s] Level 1:colcon.colcon_core.environment:checking '/home/robot/robot_ws/install/sllidar_ros2/lib/pkgconfig/sllidar_ros2.pc'
[22.303s] Level 1:colcon.colcon_core.environment:checking '/home/robot/robot_ws/install/sllidar_ros2/lib/python3.10/site-packages'
[22.307s] Level 1:colcon.colcon_core.environment:checking '/home/robot/robot_ws/install/sllidar_ros2/bin'
[22.310s] INFO:colcon.colcon_core.shell:Creating package script '/home/robot/robot_ws/install/sllidar_ros2/share/sllidar_ros2/package.ps1'
[22.315s] INFO:colcon.colcon_core.shell:Creating package descriptor '/home/robot/robot_ws/install/sllidar_ros2/share/sllidar_ros2/package.dsv'
[22.318s] INFO:colcon.colcon_core.shell:Creating package script '/home/robot/robot_ws/install/sllidar_ros2/share/sllidar_ros2/package.sh'
[22.321s] INFO:colcon.colcon_core.shell:Creating package script '/home/robot/robot_ws/install/sllidar_ros2/share/sllidar_ros2/package.bash'
[22.325s] INFO:colcon.colcon_core.shell:Creating package script '/home/robot/robot_ws/install/sllidar_ros2/share/sllidar_ros2/package.zsh'
[22.514s] Level 1:colcon.colcon_core.environment:create_file_with_runtime_dependencies(/home/robot/robot_ws/install/sllidar_ros2/share/colcon-core/packages/sllidar_ros2)
[22.523s] Level 1:colcon.colcon_core.environment:create_environment_scripts_only(sllidar_ros2)
[22.525s] Level 1:colcon.colcon_core.environment:checking '/home/robot/robot_ws/install/sllidar_ros2' for CMake module files
[22.531s] Level 1:colcon.colcon_core.environment:checking '/home/robot/robot_ws/install/sllidar_ros2' for CMake config files
[22.534s] Level 1:colcon.colcon_core.shell:create_environment_hook('sllidar_ros2', 'cmake_prefix_path')
[22.535s] INFO:colcon.colcon_core.shell:Creating environment hook '/home/robot/robot_ws/install/sllidar_ros2/share/sllidar_ros2/hook/cmake_prefix_path.ps1'
[22.977s] INFO:colcon.colcon_core.shell:Creating environment descriptor '/home/robot/robot_ws/install/sllidar_ros2/share/sllidar_ros2/hook/cmake_prefix_path.dsv'
[23.167s] INFO:colcon.colcon_core.shell:Creating environment hook '/home/robot/robot_ws/install/sllidar_ros2/share/sllidar_ros2/hook/cmake_prefix_path.sh'
[23.358s] Level 1:colcon.colcon_core.environment:checking '/home/robot/robot_ws/install/sllidar_ros2/lib'
[23.538s] Level 1:colcon.colcon_core.environment:checking '/home/robot/robot_ws/install/sllidar_ros2/bin'
[23.539s] Level 1:colcon.colcon_core.environment:checking '/home/robot/robot_ws/install/sllidar_ros2/lib/pkgconfig/sllidar_ros2.pc'
[23.543s] Level 1:colcon.colcon_core.environment:checking '/home/robot/robot_ws/install/sllidar_ros2/lib/python3.10/site-packages'
[23.547s] Level 1:colcon.colcon_core.environment:checking '/home/robot/robot_ws/install/sllidar_ros2/bin'
[23.549s] INFO:colcon.colcon_core.shell:Creating package script '/home/robot/robot_ws/install/sllidar_ros2/share/sllidar_ros2/package.ps1'
[23.556s] INFO:colcon.colcon_core.shell:Creating package descriptor '/home/robot/robot_ws/install/sllidar_ros2/share/sllidar_ros2/package.dsv'
[23.559s] INFO:colcon.colcon_core.shell:Creating package script '/home/robot/robot_ws/install/sllidar_ros2/share/sllidar_ros2/package.sh'
[23.561s] INFO:colcon.colcon_core.shell:Creating package script '/home/robot/robot_ws/install/sllidar_ros2/share/sllidar_ros2/package.bash'
[23.564s] INFO:colcon.colcon_core.shell:Creating package script '/home/robot/robot_ws/install/sllidar_ros2/share/sllidar_ros2/package.zsh'
[23.567s] Level 1:colcon.colcon_core.environment:create_file_with_runtime_dependencies(/home/robot/robot_ws/install/sllidar_ros2/share/colcon-core/packages/sllidar_ros2)
[23.569s] INFO:colcon.colcon_ros.task.ament_python.build:Building ROS package in '/home/robot/robot_ws/src/web_bridge' with build type 'ament_python'
[23.570s] Level 1:colcon.colcon_core.shell:create_environment_hook('web_bridge', 'ament_prefix_path')
[23.571s] INFO:colcon.colcon_core.shell:Creating environment hook '/home/robot/robot_ws/install/web_bridge/share/web_bridge/hook/ament_prefix_path.ps1'
[23.574s] INFO:colcon.colcon_core.shell:Creating environment descriptor '/home/robot/robot_ws/install/web_bridge/share/web_bridge/hook/ament_prefix_path.dsv'
[23.577s] INFO:colcon.colcon_core.shell:Creating environment hook '/home/robot/robot_ws/install/web_bridge/share/web_bridge/hook/ament_prefix_path.sh'
[23.889s] INFO:colcon.colcon_core.shell:Skip shell extension 'powershell' for command environment: Not usable outside of PowerShell
[23.890s] DEBUG:colcon.colcon_core.shell:Skip shell extension 'dsv' for command environment
[25.356s] INFO:colcon.colcon_core.task.python.build:Building Python package in '/home/robot/robot_ws/src/web_bridge'
[25.357s] INFO:colcon.colcon_core.shell:Skip shell extension 'powershell' for command environment: Not usable outside of PowerShell
[25.358s] DEBUG:colcon.colcon_core.shell:Skip shell extension 'dsv' for command environment
[34.260s] DEBUG:colcon.colcon_core.task.python.build:Available setuptools commands: extract_messages, saveopts, build_scripts, dist_info, build_ext, setopt, install_egg_info, init_catalog, rotate, install_scripts, clean, bdist_wheel, compile_catalog, install_headers, bdist_dumb, build, bdist, check, alias, bdist_egg, upload, build_py, install, install_data, egg_info, bdist_rpm, update_catalog, sdist, install_lib, symlink_data, register, build_clib, upload_docs, easy_install, develop, test
[34.277s] DEBUG:colcon.colcon_core.task.python.build:Available setuptools commands: extract_messages, saveopts, build_scripts, dist_info, build_ext, setopt, install_egg_info, init_catalog, rotate, install_scripts, clean, bdist_wheel, compile_catalog, install_headers, bdist_dumb, build, bdist, check, alias, bdist_egg, upload, build_py, install, install_data, egg_info, bdist_rpm, update_catalog, sdist, install_lib, symlink_data, register, build_clib, upload_docs, easy_install, develop, test
[34.304s] DEBUG:colcon.colcon_core.task.python.build:Available setuptools commands: extract_messages, saveopts, build_scripts, dist_info, build_ext, setopt, install_egg_info, init_catalog, rotate, install_scripts, clean, bdist_wheel, compile_catalog, install_headers, bdist_dumb, build, bdist, check, alias, bdist_egg, upload, build_py, install, install_data, egg_info, bdist_rpm, update_catalog, sdist, install_lib, symlink_data, register, build_clib, upload_docs, easy_install, develop, test
[34.384s] DEBUG:colcon.colcon_core.task.python.build:Available setuptools commands: extract_messages, saveopts, build_scripts, dist_info, build_ext, setopt, install_egg_info, init_catalog, rotate, install_scripts, clean, bdist_wheel, compile_catalog, install_headers, bdist_dumb, build, bdist, check, alias, bdist_egg, upload, build_py, install, install_data, egg_info, bdist_rpm, update_catalog, sdist, install_lib, symlink_data, register, build_clib, upload_docs, easy_install, develop, test
[36.625s] DEBUG:colcon.colcon_core.task.python.build:Available setuptools 'develop' options: --site-dirs, --user, --force-installation-into-system-dir, --verbose, --uninstall, --zip-ok, --quiet, --find-links, --always-unzip, --editable, --prefix, --index-url, --no-user-cfg, --version, --build-directory, --no-find-links, --dry-run, --install-dir, --install-layout, --exclude-scripts, --upgrade, --local-snapshots-ok, --record, --always-copy, --optimize, --egg-path, --allow-hosts, --script-dir, --help, --no-deps, --multi-version
[36.645s] DEBUG:colcon.colcon_core.event_handler.log_command:Invoking command in '/home/robot/robot_ws/build/robot_ai': PYTHONPATH=/home/robot/robot_ws/build/robot_ai/prefix_override:/usr/lib/python3/dist-packages/colcon_core/task/python/colcon_distutils_commands:/home/robot/robot_ws/install/robot_ai/lib/python3.10/site-packages:${PYTHONPATH} /usr/bin/python3 -W ignore:setup.py install is deprecated -W ignore:easy_install command is deprecated setup.py develop --editable --build-directory /home/robot/robot_ws/build/robot_ai/build --no-deps symlink_data
[36.711s] DEBUG:colcon.colcon_core.task.python.build:Available setuptools 'develop' options: --site-dirs, --user, --force-installation-into-system-dir, --verbose, --uninstall, --zip-ok, --quiet, --find-links, --always-unzip, --editable, --prefix, --index-url, --no-user-cfg, --version, --build-directory, --no-find-links, --dry-run, --install-dir, --install-layout, --exclude-scripts, --upgrade, --local-snapshots-ok, --record, --always-copy, --optimize, --egg-path, --allow-hosts, --script-dir, --help, --no-deps, --multi-version
[36.722s] DEBUG:colcon.colcon_core.event_handler.log_command:Invoking command in '/home/robot/robot_ws/build/web_bridge': PYTHONPATH=/home/robot/robot_ws/build/web_bridge/prefix_override:/usr/lib/python3/dist-packages/colcon_core/task/python/colcon_distutils_commands:/home/robot/robot_ws/install/web_bridge/lib/python3.10/site-packages:${PYTHONPATH} /usr/bin/python3 -W ignore:setup.py install is deprecated -W ignore:easy_install command is deprecated setup.py develop --editable --build-directory /home/robot/robot_ws/build/web_bridge/build --no-deps symlink_data
[36.750s] DEBUG:colcon.colcon_core.task.python.build:Available setuptools 'develop' options: --site-dirs, --user, --force-installation-into-system-dir, --verbose, --uninstall, --zip-ok, --quiet, --find-links, --always-unzip, --editable, --prefix, --index-url, --no-user-cfg, --version, --build-directory, --no-find-links, --dry-run, --install-dir, --install-layout, --exclude-scripts, --upgrade, --local-snapshots-ok, --record, --always-copy, --optimize, --egg-path, --allow-hosts, --script-dir, --help, --no-deps, --multi-version
[36.763s] DEBUG:colcon.colcon_core.event_handler.log_command:Invoking command in '/home/robot/robot_ws/build/camera_node': PYTHONPATH=/home/robot/robot_ws/build/camera_node/prefix_override:/usr/lib/python3/dist-packages/colcon_core/task/python/colcon_distutils_commands:/home/robot/robot_ws/install/camera_node/lib/python3.10/site-packages:${PYTHONPATH} /usr/bin/python3 -W ignore:setup.py install is deprecated -W ignore:easy_install command is deprecated setup.py develop --editable --build-directory /home/robot/robot_ws/build/camera_node/build --no-deps symlink_data
[36.949s] DEBUG:colcon.colcon_core.task.python.build:Available setuptools 'develop' options: --site-dirs, --user, --force-installation-into-system-dir, --verbose, --uninstall, --zip-ok, --quiet, --find-links, --always-unzip, --editable, --prefix, --index-url, --no-user-cfg, --version, --build-directory, --no-find-links, --dry-run, --install-dir, --install-layout, --exclude-scripts, --upgrade, --local-snapshots-ok, --record, --always-copy, --optimize, --egg-path, --allow-hosts, --script-dir, --help, --no-deps, --multi-version
[36.955s] DEBUG:colcon.colcon_core.event_handler.log_command:Invoking command in '/home/robot/robot_ws/build/robot_serial': PYTHONPATH=/home/robot/robot_ws/build/robot_serial/prefix_override:/usr/lib/python3/dist-packages/colcon_core/task/python/colcon_distutils_commands:/home/robot/robot_ws/install/robot_serial/lib/python3.10/site-packages:${PYTHONPATH} /usr/bin/python3 -W ignore:setup.py install is deprecated -W ignore:easy_install command is deprecated setup.py develop --editable --build-directory /home/robot/robot_ws/build/robot_serial/build --no-deps symlink_data
[40.482s] Level 1:colcon.colcon_core.shell:create_environment_hook('web_bridge', 'pythonpath_develop')
[40.489s] INFO:colcon.colcon_core.shell:Creating environment hook '/home/robot/robot_ws/build/web_bridge/share/web_bridge/hook/pythonpath_develop.ps1'
[40.503s] INFO:colcon.colcon_core.shell:Creating environment descriptor '/home/robot/robot_ws/build/web_bridge/share/web_bridge/hook/pythonpath_develop.dsv'
[40.526s] INFO:colcon.colcon_core.shell:Creating environment hook '/home/robot/robot_ws/build/web_bridge/share/web_bridge/hook/pythonpath_develop.sh'
[40.542s] DEBUG:colcon.colcon_core.event_handler.log_command:Invoked command in '/home/robot/robot_ws/build/web_bridge' returned '0': PYTHONPATH=/home/robot/robot_ws/build/web_bridge/prefix_override:/usr/lib/python3/dist-packages/colcon_core/task/python/colcon_distutils_commands:/home/robot/robot_ws/install/web_bridge/lib/python3.10/site-packages:${PYTHONPATH} /usr/bin/python3 -W ignore:setup.py install is deprecated -W ignore:easy_install command is deprecated setup.py develop --editable --build-directory /home/robot/robot_ws/build/web_bridge/build --no-deps symlink_data
[40.546s] Level 1:colcon.colcon_core.environment:checking '/home/robot/robot_ws/install/web_bridge' for CMake module files
[40.574s] Level 1:colcon.colcon_core.environment:checking '/home/robot/robot_ws/install/web_bridge' for CMake config files
[40.607s] Level 1:colcon.colcon_core.environment:checking '/home/robot/robot_ws/install/web_bridge/lib'
[40.618s] Level 1:colcon.colcon_core.environment:checking '/home/robot/robot_ws/install/web_bridge/bin'
[40.619s] Level 1:colcon.colcon_core.environment:checking '/home/robot/robot_ws/install/web_bridge/lib/pkgconfig/web_bridge.pc'
[40.621s] Level 1:colcon.colcon_core.environment:checking '/home/robot/robot_ws/install/web_bridge/lib/python3.10/site-packages'
[40.626s] Level 1:colcon.colcon_core.shell:create_environment_hook('web_bridge', 'pythonpath')
[40.636s] INFO:colcon.colcon_core.shell:Creating environment hook '/home/robot/robot_ws/install/web_bridge/share/web_bridge/hook/pythonpath.ps1'
[40.647s] INFO:colcon.colcon_core.shell:Creating environment descriptor '/home/robot/robot_ws/install/web_bridge/share/web_bridge/hook/pythonpath.dsv'
[40.654s] INFO:colcon.colcon_core.shell:Creating environment hook '/home/robot/robot_ws/install/web_bridge/share/web_bridge/hook/pythonpath.sh'
[40.675s] Level 1:colcon.colcon_core.environment:checking '/home/robot/robot_ws/install/web_bridge/bin'
[40.676s] Level 1:colcon.colcon_core.environment:create_environment_scripts_only(web_bridge)
[40.686s] INFO:colcon.colcon_core.shell:Creating package script '/home/robot/robot_ws/install/web_bridge/share/web_bridge/package.ps1'
[40.704s] INFO:colcon.colcon_core.shell:Creating package descriptor '/home/robot/robot_ws/install/web_bridge/share/web_bridge/package.dsv'
[40.717s] INFO:colcon.colcon_core.shell:Creating package script '/home/robot/robot_ws/install/web_bridge/share/web_bridge/package.sh'
[40.726s] INFO:colcon.colcon_core.shell:Creating package script '/home/robot/robot_ws/install/web_bridge/share/web_bridge/package.bash'
[40.733s] INFO:colcon.colcon_core.shell:Creating package script '/home/robot/robot_ws/install/web_bridge/share/web_bridge/package.zsh'
[40.747s] Level 1:colcon.colcon_core.environment:create_file_with_runtime_dependencies(/home/robot/robot_ws/install/web_bridge/share/colcon-core/packages/web_bridge)
[40.762s] INFO:colcon.colcon_ros.task.ament_cmake.build:Building ROS package in '/home/robot/robot_ws/src/robot_bringup' with build type 'ament_cmake'
[40.767s] INFO:colcon.colcon_cmake.task.cmake.build:Building CMake package in '/home/robot/robot_ws/src/robot_bringup'
[40.780s] INFO:colcon.colcon_core.shell:Skip shell extension 'powershell' for command environment: Not usable outside of PowerShell
[40.789s] DEBUG:colcon.colcon_core.shell:Skip shell extension 'dsv' for command environment
[40.869s] Level 1:colcon.colcon_core.shell:create_environment_hook('robot_ai', 'pythonpath_develop')
[40.873s] INFO:colcon.colcon_core.shell:Creating environment hook '/home/robot/robot_ws/build/robot_ai/share/robot_ai/hook/pythonpath_develop.ps1'
[40.878s] DEBUG:colcon.colcon_core.event_handler.log_command:Invoked command in '/home/robot/robot_ws/build/robot_ai' returned '0': PYTHONPATH=/home/robot/robot_ws/build/robot_ai/prefix_override:/usr/lib/python3/dist-packages/colcon_core/task/python/colcon_distutils_commands:/home/robot/robot_ws/install/robot_ai/lib/python3.10/site-packages:${PYTHONPATH} /usr/bin/python3 -W ignore:setup.py install is deprecated -W ignore:easy_install command is deprecated setup.py develop --editable --build-directory /home/robot/robot_ws/build/robot_ai/build --no-deps symlink_data
[40.881s] INFO:colcon.colcon_core.shell:Creating environment descriptor '/home/robot/robot_ws/build/robot_ai/share/robot_ai/hook/pythonpath_develop.dsv'
[40.885s] INFO:colcon.colcon_core.shell:Creating environment hook '/home/robot/robot_ws/build/robot_ai/share/robot_ai/hook/pythonpath_develop.sh'
[40.891s] Level 1:colcon.colcon_core.environment:checking '/home/robot/robot_ws/install/robot_ai' for CMake module files
[40.897s] Level 1:colcon.colcon_core.environment:checking '/home/robot/robot_ws/install/robot_ai' for CMake config files
[40.904s] Level 1:colcon.colcon_core.environment:checking '/home/robot/robot_ws/install/robot_ai/lib'
[40.905s] Level 1:colcon.colcon_core.environment:checking '/home/robot/robot_ws/install/robot_ai/bin'
[40.905s] Level 1:colcon.colcon_core.environment:checking '/home/robot/robot_ws/install/robot_ai/lib/pkgconfig/robot_ai.pc'
[40.907s] Level 1:colcon.colcon_core.environment:checking '/home/robot/robot_ws/install/robot_ai/lib/python3.10/site-packages'
[40.908s] Level 1:colcon.colcon_core.shell:create_environment_hook('robot_ai', 'pythonpath')
[40.909s] INFO:colcon.colcon_core.shell:Creating environment hook '/home/robot/robot_ws/install/robot_ai/share/robot_ai/hook/pythonpath.ps1'
[40.914s] INFO:colcon.colcon_core.shell:Creating environment descriptor '/home/robot/robot_ws/install/robot_ai/share/robot_ai/hook/pythonpath.dsv'
[40.918s] INFO:colcon.colcon_core.shell:Creating environment hook '/home/robot/robot_ws/install/robot_ai/share/robot_ai/hook/pythonpath.sh'
[40.925s] Level 1:colcon.colcon_core.environment:checking '/home/robot/robot_ws/install/robot_ai/bin'
[40.926s] Level 1:colcon.colcon_core.environment:create_environment_scripts_only(robot_ai)
[40.929s] INFO:colcon.colcon_core.shell:Creating package script '/home/robot/robot_ws/install/robot_ai/share/robot_ai/package.ps1'
[40.944s] INFO:colcon.colcon_core.shell:Creating package descriptor '/home/robot/robot_ws/install/robot_ai/share/robot_ai/package.dsv'
[40.950s] INFO:colcon.colcon_core.shell:Creating package script '/home/robot/robot_ws/install/robot_ai/share/robot_ai/package.sh'
[40.956s] INFO:colcon.colcon_core.shell:Creating package script '/home/robot/robot_ws/install/robot_ai/share/robot_ai/package.bash'
[40.960s] INFO:colcon.colcon_core.shell:Creating package script '/home/robot/robot_ws/install/robot_ai/share/robot_ai/package.zsh'
[40.964s] Level 1:colcon.colcon_core.environment:create_file_with_runtime_dependencies(/home/robot/robot_ws/install/robot_ai/share/colcon-core/packages/robot_ai)
[40.973s] Level 1:colcon.colcon_core.shell:create_environment_hook('camera_node', 'pythonpath_develop')
[40.976s] INFO:colcon.colcon_core.shell:Creating environment hook '/home/robot/robot_ws/build/camera_node/share/camera_node/hook/pythonpath_develop.ps1'
[40.980s] DEBUG:colcon.colcon_core.event_handler.log_command:Invoked command in '/home/robot/robot_ws/build/camera_node' returned '0': PYTHONPATH=/home/robot/robot_ws/build/camera_node/prefix_override:/usr/lib/python3/dist-packages/colcon_core/task/python/colcon_distutils_commands:/home/robot/robot_ws/install/camera_node/lib/python3.10/site-packages:${PYTHONPATH} /usr/bin/python3 -W ignore:setup.py install is deprecated -W ignore:easy_install command is deprecated setup.py develop --editable --build-directory /home/robot/robot_ws/build/camera_node/build --no-deps symlink_data
[40.984s] INFO:colcon.colcon_core.shell:Creating environment descriptor '/home/robot/robot_ws/build/camera_node/share/camera_node/hook/pythonpath_develop.dsv'
[40.988s] INFO:colcon.colcon_core.shell:Creating environment hook '/home/robot/robot_ws/build/camera_node/share/camera_node/hook/pythonpath_develop.sh'
[40.993s] Level 1:colcon.colcon_core.environment:checking '/home/robot/robot_ws/install/camera_node' for CMake module files
[40.997s] Level 1:colcon.colcon_core.environment:checking '/home/robot/robot_ws/install/camera_node' for CMake config files
[41.003s] Level 1:colcon.colcon_core.environment:checking '/home/robot/robot_ws/install/camera_node/lib'
[41.004s] Level 1:colcon.colcon_core.environment:checking '/home/robot/robot_ws/install/camera_node/bin'
[41.004s] Level 1:colcon.colcon_core.environment:checking '/home/robot/robot_ws/install/camera_node/lib/pkgconfig/camera_node.pc'
[41.006s] Level 1:colcon.colcon_core.environment:checking '/home/robot/robot_ws/install/camera_node/lib/python3.10/site-packages'
[41.006s] Level 1:colcon.colcon_core.shell:create_environment_hook('camera_node', 'pythonpath')
[41.007s] INFO:colcon.colcon_core.shell:Creating environment hook '/home/robot/robot_ws/install/camera_node/share/camera_node/hook/pythonpath.ps1'
[41.009s] INFO:colcon.colcon_core.shell:Creating environment descriptor '/home/robot/robot_ws/install/camera_node/share/camera_node/hook/pythonpath.dsv'
[41.012s] INFO:colcon.colcon_core.shell:Creating environment hook '/home/robot/robot_ws/install/camera_node/share/camera_node/hook/pythonpath.sh'
[41.017s] Level 1:colcon.colcon_core.environment:checking '/home/robot/robot_ws/install/camera_node/bin'
[41.018s] Level 1:colcon.colcon_core.environment:create_environment_scripts_only(camera_node)
[41.020s] INFO:colcon.colcon_core.shell:Creating package script '/home/robot/robot_ws/install/camera_node/share/camera_node/package.ps1'
[41.024s] INFO:colcon.colcon_core.shell:Creating package descriptor '/home/robot/robot_ws/install/camera_node/share/camera_node/package.dsv'
[41.040s] INFO:colcon.colcon_core.shell:Creating package script '/home/robot/robot_ws/install/camera_node/share/camera_node/package.sh'
[41.052s] INFO:colcon.colcon_core.shell:Creating package script '/home/robot/robot_ws/install/camera_node/share/camera_node/package.bash'
[41.055s] INFO:colcon.colcon_core.shell:Creating package script '/home/robot/robot_ws/install/camera_node/share/camera_node/package.zsh'
[41.057s] Level 1:colcon.colcon_core.environment:create_file_with_runtime_dependencies(/home/robot/robot_ws/install/camera_node/share/colcon-core/packages/camera_node)
[41.100s] Level 1:colcon.colcon_core.shell:create_environment_hook('robot_serial', 'pythonpath_develop')
[41.106s] INFO:colcon.colcon_core.shell:Creating environment hook '/home/robot/robot_ws/build/robot_serial/share/robot_serial/hook/pythonpath_develop.ps1'
[41.110s] DEBUG:colcon.colcon_core.event_handler.log_command:Invoking command in '/home/robot/robot_ws/build/robot_bringup': CMAKE_PREFIX_PATH=/home/robot/robot_ws/install/sllidar_ros2:/home/robot/robot_ws/install/robot_description:/home/robot/robot_ws/install/robot_bringup:/home/robot/robot_ws/install/web_bridge:/home/robot/robot_ws/install/robot_serial:/home/robot/robot_ws/install/robot_ai:/home/robot/robot_ws/install/camera_node:/opt/ros/humble /usr/bin/cmake --build /home/robot/robot_ws/build/robot_bringup -- -j4 -l4
[41.111s] INFO:colcon.colcon_core.shell:Creating environment descriptor '/home/robot/robot_ws/build/robot_serial/share/robot_serial/hook/pythonpath_develop.dsv'
[41.114s] DEBUG:colcon.colcon_core.event_handler.log_command:Invoked command in '/home/robot/robot_ws/build/robot_serial' returned '0': PYTHONPATH=/home/robot/robot_ws/build/robot_serial/prefix_override:/usr/lib/python3/dist-packages/colcon_core/task/python/colcon_distutils_commands:/home/robot/robot_ws/install/robot_serial/lib/python3.10/site-packages:${PYTHONPATH} /usr/bin/python3 -W ignore:setup.py install is deprecated -W ignore:easy_install command is deprecated setup.py develop --editable --build-directory /home/robot/robot_ws/build/robot_serial/build --no-deps symlink_data
[41.116s] INFO:colcon.colcon_core.shell:Creating environment hook '/home/robot/robot_ws/build/robot_serial/share/robot_serial/hook/pythonpath_develop.sh'
[41.120s] Level 1:colcon.colcon_core.environment:checking '/home/robot/robot_ws/install/robot_serial' for CMake module files
[41.124s] Level 1:colcon.colcon_core.environment:checking '/home/robot/robot_ws/install/robot_serial' for CMake config files
[41.130s] Level 1:colcon.colcon_core.environment:checking '/home/robot/robot_ws/install/robot_serial/lib'
[41.131s] Level 1:colcon.colcon_core.environment:checking '/home/robot/robot_ws/install/robot_serial/bin'
[41.132s] Level 1:colcon.colcon_core.environment:checking '/home/robot/robot_ws/install/robot_serial/lib/pkgconfig/robot_serial.pc'
[41.133s] Level 1:colcon.colcon_core.environment:checking '/home/robot/robot_ws/install/robot_serial/lib/python3.10/site-packages'
[41.134s] Level 1:colcon.colcon_core.shell:create_environment_hook('robot_serial', 'pythonpath')
[41.135s] INFO:colcon.colcon_core.shell:Creating environment hook '/home/robot/robot_ws/install/robot_serial/share/robot_serial/hook/pythonpath.ps1'
[41.138s] INFO:colcon.colcon_core.shell:Creating environment descriptor '/home/robot/robot_ws/install/robot_serial/share/robot_serial/hook/pythonpath.dsv'
[41.140s] INFO:colcon.colcon_core.shell:Creating environment hook '/home/robot/robot_ws/install/robot_serial/share/robot_serial/hook/pythonpath.sh'
[41.144s] Level 1:colcon.colcon_core.environment:checking '/home/robot/robot_ws/install/robot_serial/bin'
[41.145s] Level 1:colcon.colcon_core.environment:create_environment_scripts_only(robot_serial)
[41.146s] INFO:colcon.colcon_core.shell:Creating package script '/home/robot/robot_ws/install/robot_serial/share/robot_serial/package.ps1'
[41.150s] INFO:colcon.colcon_core.shell:Creating package descriptor '/home/robot/robot_ws/install/robot_serial/share/robot_serial/package.dsv'
[41.153s] INFO:colcon.colcon_core.shell:Creating package script '/home/robot/robot_ws/install/robot_serial/share/robot_serial/package.sh'
[41.155s] INFO:colcon.colcon_core.shell:Creating package script '/home/robot/robot_ws/install/robot_serial/share/robot_serial/package.bash'
[41.157s] INFO:colcon.colcon_core.shell:Creating package script '/home/robot/robot_ws/install/robot_serial/share/robot_serial/package.zsh'
[41.159s] Level 1:colcon.colcon_core.environment:create_file_with_runtime_dependencies(/home/robot/robot_ws/install/robot_serial/share/colcon-core/packages/robot_serial)
[41.434s] DEBUG:colcon.colcon_core.event_handler.log_command:Invoked command in '/home/robot/robot_ws/build/robot_bringup' returned '0': CMAKE_PREFIX_PATH=/home/robot/robot_ws/install/sllidar_ros2:/home/robot/robot_ws/install/robot_description:/home/robot/robot_ws/install/robot_bringup:/home/robot/robot_ws/install/web_bridge:/home/robot/robot_ws/install/robot_serial:/home/robot/robot_ws/install/robot_ai:/home/robot/robot_ws/install/camera_node:/opt/ros/humble /usr/bin/cmake --build /home/robot/robot_ws/build/robot_bringup -- -j4 -l4
[41.591s] DEBUG:colcon.colcon_core.event_handler.log_command:Invoking command in '/home/robot/robot_ws/build/robot_bringup': CMAKE_PREFIX_PATH=/home/robot/robot_ws/install/sllidar_ros2:/home/robot/robot_ws/install/robot_description:/home/robot/robot_ws/install/robot_bringup:/home/robot/robot_ws/install/web_bridge:/home/robot/robot_ws/install/robot_serial:/home/robot/robot_ws/install/robot_ai:/home/robot/robot_ws/install/camera_node:/opt/ros/humble /usr/bin/cmake --install /home/robot/robot_ws/build/robot_bringup
[41.753s] Level 1:colcon.colcon_core.environment:create_environment_scripts_only(robot_bringup)
[41.755s] Level 1:colcon.colcon_core.environment:checking '/home/robot/robot_ws/install/robot_bringup' for CMake module files
[41.757s] DEBUG:colcon.colcon_core.event_handler.log_command:Invoked command in '/home/robot/robot_ws/build/robot_bringup' returned '0': CMAKE_PREFIX_PATH=/home/robot/robot_ws/install/sllidar_ros2:/home/robot/robot_ws/install/robot_description:/home/robot/robot_ws/install/robot_bringup:/home/robot/robot_ws/install/web_bridge:/home/robot/robot_ws/install/robot_serial:/home/robot/robot_ws/install/robot_ai:/home/robot/robot_ws/install/camera_node:/opt/ros/humble /usr/bin/cmake --install /home/robot/robot_ws/build/robot_bringup
[41.761s] Level 1:colcon.colcon_core.environment:checking '/home/robot/robot_ws/install/robot_bringup' for CMake config files
[41.763s] Level 1:colcon.colcon_core.shell:create_environment_hook('robot_bringup', 'cmake_prefix_path')
[41.764s] INFO:colcon.colcon_core.shell:Creating environment hook '/home/robot/robot_ws/install/robot_bringup/share/robot_bringup/hook/cmake_prefix_path.ps1'
[41.767s] INFO:colcon.colcon_core.shell:Creating environment descriptor '/home/robot/robot_ws/install/robot_bringup/share/robot_bringup/hook/cmake_prefix_path.dsv'
[41.769s] INFO:colcon.colcon_core.shell:Creating environment hook '/home/robot/robot_ws/install/robot_bringup/share/robot_bringup/hook/cmake_prefix_path.sh'
[41.772s] Level 1:colcon.colcon_core.environment:checking '/home/robot/robot_ws/install/robot_bringup/lib'
[41.773s] Level 1:colcon.colcon_core.environment:checking '/home/robot/robot_ws/install/robot_bringup/bin'
[41.773s] Level 1:colcon.colcon_core.environment:checking '/home/robot/robot_ws/install/robot_bringup/lib/pkgconfig/robot_bringup.pc'
[41.774s] Level 1:colcon.colcon_core.environment:checking '/home/robot/robot_ws/install/robot_bringup/lib/python3.10/site-packages'
[41.776s] Level 1:colcon.colcon_core.environment:checking '/home/robot/robot_ws/install/robot_bringup/bin'
[41.778s] INFO:colcon.colcon_core.shell:Creating package script '/home/robot/robot_ws/install/robot_bringup/share/robot_bringup/package.ps1'
[41.781s] INFO:colcon.colcon_core.shell:Creating package descriptor '/home/robot/robot_ws/install/robot_bringup/share/robot_bringup/package.dsv'
[41.783s] INFO:colcon.colcon_core.shell:Creating package script '/home/robot/robot_ws/install/robot_bringup/share/robot_bringup/package.sh'
[41.786s] INFO:colcon.colcon_core.shell:Creating package script '/home/robot/robot_ws/install/robot_bringup/share/robot_bringup/package.bash'
[41.788s] INFO:colcon.colcon_core.shell:Creating package script '/home/robot/robot_ws/install/robot_bringup/share/robot_bringup/package.zsh'
[41.790s] Level 1:colcon.colcon_core.environment:create_file_with_runtime_dependencies(/home/robot/robot_ws/install/robot_bringup/share/colcon-core/packages/robot_bringup)
[41.793s] Level 1:colcon.colcon_core.environment:create_environment_scripts_only(robot_bringup)
[41.794s] Level 1:colcon.colcon_core.environment:checking '/home/robot/robot_ws/install/robot_bringup' for CMake module files
[41.798s] Level 1:colcon.colcon_core.environment:checking '/home/robot/robot_ws/install/robot_bringup' for CMake config files
[41.800s] Level 1:colcon.colcon_core.shell:create_environment_hook('robot_bringup', 'cmake_prefix_path')
[41.801s] INFO:colcon.colcon_core.shell:Creating environment hook '/home/robot/robot_ws/install/robot_bringup/share/robot_bringup/hook/cmake_prefix_path.ps1'
[41.889s] INFO:colcon.colcon_core.shell:Creating environment descriptor '/home/robot/robot_ws/install/robot_bringup/share/robot_bringup/hook/cmake_prefix_path.dsv'
[41.894s] INFO:colcon.colcon_core.shell:Creating environment hook '/home/robot/robot_ws/install/robot_bringup/share/robot_bringup/hook/cmake_prefix_path.sh'
[41.908s] Level 1:colcon.colcon_core.environment:checking '/home/robot/robot_ws/install/robot_bringup/lib'
[41.909s] Level 1:colcon.colcon_core.environment:checking '/home/robot/robot_ws/install/robot_bringup/bin'
[41.910s] Level 1:colcon.colcon_core.environment:checking '/home/robot/robot_ws/install/robot_bringup/lib/pkgconfig/robot_bringup.pc'
[41.912s] Level 1:colcon.colcon_core.environment:checking '/home/robot/robot_ws/install/robot_bringup/lib/python3.10/site-packages'
[41.914s] Level 1:colcon.colcon_core.environment:checking '/home/robot/robot_ws/install/robot_bringup/bin'
[41.916s] INFO:colcon.colcon_core.shell:Creating package script '/home/robot/robot_ws/install/robot_bringup/share/robot_bringup/package.ps1'
[41.925s] INFO:colcon.colcon_core.shell:Creating package descriptor '/home/robot/robot_ws/install/robot_bringup/share/robot_bringup/package.dsv'
[41.929s] INFO:colcon.colcon_core.shell:Creating package script '/home/robot/robot_ws/install/robot_bringup/share/robot_bringup/package.sh'
[41.936s] INFO:colcon.colcon_core.shell:Creating package script '/home/robot/robot_ws/install/robot_bringup/share/robot_bringup/package.bash'
[41.939s] INFO:colcon.colcon_core.shell:Creating package script '/home/robot/robot_ws/install/robot_bringup/share/robot_bringup/package.zsh'
[41.945s] Level 1:colcon.colcon_core.environment:create_file_with_runtime_dependencies(/home/robot/robot_ws/install/robot_bringup/share/colcon-core/packages/robot_bringup)
[41.948s] DEBUG:colcon.colcon_parallel_executor.executor.parallel:closing loop
[41.950s] DEBUG:colcon.colcon_parallel_executor.executor.parallel:loop closed
[41.951s] DEBUG:colcon.colcon_parallel_executor.executor.parallel:run_until_complete finished with '0'
[41.961s] DEBUG:colcon.colcon_core.event_reactor:joining thread
[41.966s] DEBUG:colcon.colcon_core.event_reactor:joined thread
[41.969s] INFO:colcon.colcon_core.shell:Creating prefix script '/home/robot/robot_ws/install/local_setup.ps1'
[41.985s] INFO:colcon.colcon_core.shell:Creating prefix util module '/home/robot/robot_ws/install/_local_setup_util_ps1.py'
[41.997s] INFO:colcon.colcon_core.shell:Creating prefix chain script '/home/robot/robot_ws/install/setup.ps1'
[42.010s] INFO:colcon.colcon_core.shell:Creating prefix script '/home/robot/robot_ws/install/local_setup.sh'
[42.019s] INFO:colcon.colcon_core.shell:Creating prefix util module '/home/robot/robot_ws/install/_local_setup_util_sh.py'
[42.025s] INFO:colcon.colcon_core.shell:Creating prefix chain script '/home/robot/robot_ws/install/setup.sh'
[42.224s] INFO:colcon.colcon_core.shell:Creating prefix script '/home/robot/robot_ws/install/local_setup.bash'
[42.238s] INFO:colcon.colcon_core.shell:Creating prefix chain script '/home/robot/robot_ws/install/setup.bash'
[42.251s] INFO:colcon.colcon_core.shell:Creating prefix script '/home/robot/robot_ws/install/local_setup.zsh'
[42.258s] INFO:colcon.colcon_core.shell:Creating prefix chain script '/home/robot/robot_ws/install/setup.zsh'
