running egg_info
writing ../../build/web_bridge/web_bridge.egg-info/PKG-INFO
writing dependency_links to ../../build/web_bridge/web_bridge.egg-info/dependency_links.txt
writing entry points to ../../build/web_bridge/web_bridge.egg-info/entry_points.txt
writing requirements to ../../build/web_bridge/web_bridge.egg-info/requires.txt
writing top-level names to ../../build/web_bridge/web_bridge.egg-info/top_level.txt
reading manifest file '../../build/web_bridge/web_bridge.egg-info/SOURCES.txt'
writing manifest file '../../build/web_bridge/web_bridge.egg-info/SOURCES.txt'
running build
running build_py
copying web_bridge/web_bridge_node.py -> /home/robot/robot_ws/build/web_bridge/build/lib/web_bridge
running install
running install_lib
copying /home/robot/robot_ws/build/web_bridge/build/lib/web_bridge/web_bridge_node.py -> /home/robot/robot_ws/install/web_bridge/lib/python3.10/site-packages/web_bridge
byte-compiling /home/robot/robot_ws/install/web_bridge/lib/python3.10/site-packages/web_bridge/web_bridge_node.py to web_bridge_node.cpython-310.pyc
running install_data
running install_egg_info
removing '/home/robot/robot_ws/install/web_bridge/lib/python3.10/site-packages/web_bridge-0.0.1-py3.10.egg-info' (and everything under it)
Copying ../../build/web_bridge/web_bridge.egg-info to /home/robot/robot_ws/install/web_bridge/lib/python3.10/site-packages/web_bridge-0.0.1-py3.10.egg-info
running install_scripts
Installing web_bridge script to /home/robot/robot_ws/install/web_bridge/lib/web_bridge
writing list of installed files to '/home/robot/robot_ws/build/web_bridge/install.log'
