[23.335s] Invoking command in '/home/robot/robot_ws/src/web_bridge': PYTHONPATH=/home/robot/robot_ws/build/web_bridge/prefix_override:/usr/lib/python3/dist-packages/colcon_core/task/python/colcon_distutils_commands:/home/robot/robot_ws/install/web_bridge/lib/python3.10/site-packages:${PYTHONPATH} /usr/bin/python3 -W ignore:setup.py install is deprecated -W ignore:easy_install command is deprecated setup.py egg_info --egg-base ../../build/web_bridge build --build-base /home/robot/robot_ws/build/web_bridge/build install --record /home/robot/robot_ws/build/web_bridge/install.log --install-scripts $base/lib/web_bridge --single-version-externally-managed install_data
[24.689s] running egg_info
[24.692s] writing ../../build/web_bridge/web_bridge.egg-info/PKG-INFO
[24.693s] writing dependency_links to ../../build/web_bridge/web_bridge.egg-info/dependency_links.txt
[24.694s] writing entry points to ../../build/web_bridge/web_bridge.egg-info/entry_points.txt
[24.694s] writing requirements to ../../build/web_bridge/web_bridge.egg-info/requires.txt
[24.695s] writing top-level names to ../../build/web_bridge/web_bridge.egg-info/top_level.txt
[24.705s] reading manifest file '../../build/web_bridge/web_bridge.egg-info/SOURCES.txt'
[24.709s] writing manifest file '../../build/web_bridge/web_bridge.egg-info/SOURCES.txt'
[24.709s] running build
[24.710s] running build_py
[24.710s] copying web_bridge/web_bridge_node.py -> /home/robot/robot_ws/build/web_bridge/build/lib/web_bridge
[24.712s] running install
[24.714s] running install_lib
[24.718s] copying /home/robot/robot_ws/build/web_bridge/build/lib/web_bridge/web_bridge_node.py -> /home/robot/robot_ws/install/web_bridge/lib/python3.10/site-packages/web_bridge
[24.722s] byte-compiling /home/robot/robot_ws/install/web_bridge/lib/python3.10/site-packages/web_bridge/web_bridge_node.py to web_bridge_node.cpython-310.pyc
[24.730s] running install_data
[24.731s] running install_egg_info
[24.739s] removing '/home/robot/robot_ws/install/web_bridge/lib/python3.10/site-packages/web_bridge-0.0.1-py3.10.egg-info' (and everything under it)
[24.742s] Copying ../../build/web_bridge/web_bridge.egg-info to /home/robot/robot_ws/install/web_bridge/lib/python3.10/site-packages/web_bridge-0.0.1-py3.10.egg-info
[24.748s] running install_scripts
[24.848s] Installing web_bridge script to /home/robot/robot_ws/install/web_bridge/lib/web_bridge
[24.849s] writing list of installed files to '/home/robot/robot_ws/build/web_bridge/install.log'
[24.972s] Invoked command in '/home/robot/robot_ws/src/web_bridge' returned '0': PYTHONPATH=/home/robot/robot_ws/build/web_bridge/prefix_override:/usr/lib/python3/dist-packages/colcon_core/task/python/colcon_distutils_commands:/home/robot/robot_ws/install/web_bridge/lib/python3.10/site-packages:${PYTHONPATH} /usr/bin/python3 -W ignore:setup.py install is deprecated -W ignore:easy_install command is deprecated setup.py egg_info --egg-base ../../build/web_bridge build --build-base /home/robot/robot_ws/build/web_bridge/build install --record /home/robot/robot_ws/build/web_bridge/install.log --install-scripts $base/lib/web_bridge --single-version-externally-managed install_data
