[43.551s] Invoking command in '/home/robot/robot_ws/src/robot_serial': PYTHONPATH=/home/robot/robot_ws/build/robot_serial/prefix_override:/usr/lib/python3/dist-packages/colcon_core/task/python/colcon_distutils_commands:/home/robot/robot_ws/install/robot_serial/lib/python3.10/site-packages:${PYTHONPATH} /usr/bin/python3 -W ignore:setup.py install is deprecated -W ignore:easy_install command is deprecated setup.py egg_info --egg-base ../../build/robot_serial build --build-base /home/robot/robot_ws/build/robot_serial/build install --record /home/robot/robot_ws/build/robot_serial/install.log --install-scripts $base/lib/robot_serial --single-version-externally-managed install_data
[46.022s] running egg_info
[46.027s] writing ../../build/robot_serial/robot_serial.egg-info/PKG-INFO
[46.029s] writing dependency_links to ../../build/robot_serial/robot_serial.egg-info/dependency_links.txt
[46.042s] writing entry points to ../../build/robot_serial/robot_serial.egg-info/entry_points.txt
[46.043s] writing requirements to ../../build/robot_serial/robot_serial.egg-info/requires.txt
[46.050s] writing top-level names to ../../build/robot_serial/robot_serial.egg-info/top_level.txt
[46.077s] reading manifest file '../../build/robot_serial/robot_serial.egg-info/SOURCES.txt'
[46.085s] writing manifest file '../../build/robot_serial/robot_serial.egg-info/SOURCES.txt'
[46.099s] running build
[46.099s] running build_py
[46.104s] running install
[46.119s] running install_lib
[46.147s] running install_data
[46.150s] running install_egg_info
[46.180s] removing '/home/robot/robot_ws/install/robot_serial/lib/python3.10/site-packages/robot_serial-1.0.0-py3.10.egg-info' (and everything under it)
[46.186s] Copying ../../build/robot_serial/robot_serial.egg-info to /home/robot/robot_ws/install/robot_serial/lib/python3.10/site-packages/robot_serial-1.0.0-py3.10.egg-info
[46.230s] running install_scripts
[46.514s] Installing serial_node script to /home/robot/robot_ws/install/robot_serial/lib/robot_serial
[46.516s] Installing teleop_text script to /home/robot/robot_ws/install/robot_serial/lib/robot_serial
[46.517s] Installing wheel_odom_node script to /home/robot/robot_ws/install/robot_serial/lib/robot_serial
[46.524s] writing list of installed files to '/home/robot/robot_ws/build/robot_serial/install.log'
[47.448s] Invoked command in '/home/robot/robot_ws/src/robot_serial' returned '0': PYTHONPATH=/home/robot/robot_ws/build/robot_serial/prefix_override:/usr/lib/python3/dist-packages/colcon_core/task/python/colcon_distutils_commands:/home/robot/robot_ws/install/robot_serial/lib/python3.10/site-packages:${PYTHONPATH} /usr/bin/python3 -W ignore:setup.py install is deprecated -W ignore:easy_install command is deprecated setup.py egg_info --egg-base ../../build/robot_serial build --build-base /home/robot/robot_ws/build/robot_serial/build install --record /home/robot/robot_ws/build/robot_serial/install.log --install-scripts $base/lib/robot_serial --single-version-externally-managed install_data
