[6.848s] Invoking command in '/home/robot/robot_ws/src/vision_ai_node': PYTHONPATH=/home/robot/robot_ws/build/vision_ai_node/prefix_override:/usr/lib/python3/dist-packages/colcon_core/task/python/colcon_distutils_commands:/home/robot/robot_ws/install/vision_ai_node/lib/python3.10/site-packages:${PYTHONPATH} /usr/bin/python3 -W ignore:setup.py install is deprecated -W ignore:easy_install command is deprecated setup.py egg_info --egg-base ../../build/vision_ai_node build --build-base /home/robot/robot_ws/build/vision_ai_node/build install --record /home/robot/robot_ws/build/vision_ai_node/install.log --install-scripts $base/lib/vision_ai_node --single-version-externally-managed install_data
[8.493s] running egg_info
[8.497s] writing ../../build/vision_ai_node/vision_ai_node.egg-info/PKG-INFO
[23.627s] writing dependency_links to ../../build/vision_ai_node/vision_ai_node.egg-info/dependency_links.txt
[27.777s] writing entry points to ../../build/vision_ai_node/vision_ai_node.egg-info/entry_points.txt
[31.123s] writing requirements to ../../build/vision_ai_node/vision_ai_node.egg-info/requires.txt
[31.124s] writing top-level names to ../../build/vision_ai_node/vision_ai_node.egg-info/top_level.txt
[31.137s] reading manifest file '../../build/vision_ai_node/vision_ai_node.egg-info/SOURCES.txt'
[47.055s] writing manifest file '../../build/vision_ai_node/vision_ai_node.egg-info/SOURCES.txt'
[48.193s] running build
[48.194s] running build_py
[48.197s] running install
[48.200s] running install_lib
[48.208s] running install_data
[48.210s] running install_egg_info
[48.219s] removing '/home/robot/robot_ws/install/vision_ai_node/lib/python3.10/site-packages/vision_ai_node-1.0.0-py3.10.egg-info' (and everything under it)
[68.200s] Copying ../../build/vision_ai_node/vision_ai_node.egg-info to /home/robot/robot_ws/install/vision_ai_node/lib/python3.10/site-packages/vision_ai_node-1.0.0-py3.10.egg-info
[69.409s] running install_scripts
[69.510s] Installing vision_ai_node script to /home/robot/robot_ws/install/vision_ai_node/lib/vision_ai_node
[69.512s] writing list of installed files to '/home/robot/robot_ws/build/vision_ai_node/install.log'
[69.635s] Invoked command in '/home/robot/robot_ws/src/vision_ai_node' returned '0': PYTHONPATH=/home/robot/robot_ws/build/vision_ai_node/prefix_override:/usr/lib/python3/dist-packages/colcon_core/task/python/colcon_distutils_commands:/home/robot/robot_ws/install/vision_ai_node/lib/python3.10/site-packages:${PYTHONPATH} /usr/bin/python3 -W ignore:setup.py install is deprecated -W ignore:easy_install command is deprecated setup.py egg_info --egg-base ../../build/vision_ai_node build --build-base /home/robot/robot_ws/build/vision_ai_node/build install --record /home/robot/robot_ws/build/vision_ai_node/install.log --install-scripts $base/lib/vision_ai_node --single-version-externally-managed install_data
