[9.964s] Invoking command in '/home/robot/robot_ws/src/robot_serial': PYTHONPATH=/home/robot/robot_ws/build/robot_serial/prefix_override:/usr/lib/python3/dist-packages/colcon_core/task/python/colcon_distutils_commands:/home/robot/robot_ws/install/robot_serial/lib/python3.10/site-packages:${PYTHONPATH} /usr/bin/python3 -W ignore:setup.py install is deprecated -W ignore:easy_install command is deprecated setup.py egg_info --egg-base ../../build/robot_serial build --build-base /home/robot/robot_ws/build/robot_serial/build install --record /home/robot/robot_ws/build/robot_serial/install.log --install-scripts $base/lib/robot_serial --single-version-externally-managed install_data
[11.897s] running egg_info
[11.900s] writing ../../build/robot_serial/robot_serial.egg-info/PKG-INFO
[11.902s] writing dependency_links to ../../build/robot_serial/robot_serial.egg-info/dependency_links.txt
[11.903s] writing entry points to ../../build/robot_serial/robot_serial.egg-info/entry_points.txt
[11.904s] writing requirements to ../../build/robot_serial/robot_serial.egg-info/requires.txt
[11.905s] writing top-level names to ../../build/robot_serial/robot_serial.egg-info/top_level.txt
[11.915s] reading manifest file '../../build/robot_serial/robot_serial.egg-info/SOURCES.txt'
[11.920s] writing manifest file '../../build/robot_serial/robot_serial.egg-info/SOURCES.txt'
[11.922s] running build
[11.922s] running build_py
[11.923s] copying robot_serial/serial_manager.py -> /home/robot/robot_ws/build/robot_serial/build/lib/robot_serial
[11.926s] running install
[11.927s] running install_lib
[11.932s] copying /home/robot/robot_ws/build/robot_serial/build/lib/robot_serial/serial_manager.py -> /home/robot/robot_ws/install/robot_serial/lib/python3.10/site-packages/robot_serial
[11.936s] byte-compiling /home/robot/robot_ws/install/robot_serial/lib/python3.10/site-packages/robot_serial/serial_manager.py to serial_manager.cpython-310.pyc
[11.946s] running install_data
[11.948s] running install_egg_info
[11.955s] removing '/home/robot/robot_ws/install/robot_serial/lib/python3.10/site-packages/robot_serial-1.0.0-py3.10.egg-info' (and everything under it)
[11.957s] Copying ../../build/robot_serial/robot_serial.egg-info to /home/robot/robot_ws/install/robot_serial/lib/python3.10/site-packages/robot_serial-1.0.0-py3.10.egg-info
[11.965s] running install_scripts
[12.076s] Installing serial_node script to /home/robot/robot_ws/install/robot_serial/lib/robot_serial
[12.078s] writing list of installed files to '/home/robot/robot_ws/build/robot_serial/install.log'
[12.207s] Invoked command in '/home/robot/robot_ws/src/robot_serial' returned '0': PYTHONPATH=/home/robot/robot_ws/build/robot_serial/prefix_override:/usr/lib/python3/dist-packages/colcon_core/task/python/colcon_distutils_commands:/home/robot/robot_ws/install/robot_serial/lib/python3.10/site-packages:${PYTHONPATH} /usr/bin/python3 -W ignore:setup.py install is deprecated -W ignore:easy_install command is deprecated setup.py egg_info --egg-base ../../build/robot_serial build --build-base /home/robot/robot_ws/build/robot_serial/build install --record /home/robot/robot_ws/build/robot_serial/install.log --install-scripts $base/lib/robot_serial --single-version-externally-managed install_data
