[7.928s] Invoking command in '/home/robot/robot_ws/src/robot_serial': PYTHONPATH=/home/robot/robot_ws/build/robot_serial/prefix_override:/usr/lib/python3/dist-packages/colcon_core/task/python/colcon_distutils_commands:/home/robot/robot_ws/install/robot_serial/lib/python3.10/site-packages:${PYTHONPATH} /usr/bin/python3 -W ignore:setup.py install is deprecated -W ignore:easy_install command is deprecated setup.py egg_info --egg-base ../../build/robot_serial build --build-base /home/robot/robot_ws/build/robot_serial/build install --record /home/robot/robot_ws/build/robot_serial/install.log --install-scripts $base/lib/robot_serial --single-version-externally-managed install_data
[9.256s] running egg_info
[9.260s] writing ../../build/robot_serial/robot_serial.egg-info/PKG-INFO
[9.261s] writing dependency_links to ../../build/robot_serial/robot_serial.egg-info/dependency_links.txt
[9.263s] writing entry points to ../../build/robot_serial/robot_serial.egg-info/entry_points.txt
[9.265s] writing requirements to ../../build/robot_serial/robot_serial.egg-info/requires.txt
[9.265s] writing top-level names to ../../build/robot_serial/robot_serial.egg-info/top_level.txt
[9.274s] reading manifest file '../../build/robot_serial/robot_serial.egg-info/SOURCES.txt'
[9.279s] writing manifest file '../../build/robot_serial/robot_serial.egg-info/SOURCES.txt'
[9.281s] running build
[9.281s] running build_py
[9.283s] copying robot_serial/wheel_odom_node.py -> /home/robot/robot_ws/build/robot_serial/build/lib/robot_serial
[9.285s] running install
[9.286s] running install_lib
[9.292s] copying /home/robot/robot_ws/build/robot_serial/build/lib/robot_serial/wheel_odom_node.py -> /home/robot/robot_ws/install/robot_serial/lib/python3.10/site-packages/robot_serial
[9.296s] byte-compiling /home/robot/robot_ws/install/robot_serial/lib/python3.10/site-packages/robot_serial/wheel_odom_node.py to wheel_odom_node.cpython-310.pyc
[9.299s]   File "/home/robot/robot_ws/install/robot_serial/lib/python3.10/site-packages/robot_serial/wheel_odom_node.py", line 81
[9.299s]     '
[9.300s]     ^
[9.300s] SyntaxError: unterminated string literal (detected at line 81)
[9.301s] 
[9.301s] running install_data
[9.301s] copying package.xml -> /home/robot/robot_ws/install/robot_serial/share/robot_serial
[9.452s] copying launch/wheel_odom.launch.py -> /home/robot/robot_ws/install/robot_serial/share/robot_serial/launch
[9.453s] running install_egg_info
[9.462s] removing '/home/robot/robot_ws/install/robot_serial/lib/python3.10/site-packages/robot_serial-1.0.0-py3.10.egg-info' (and everything under it)
[9.465s] Copying ../../build/robot_serial/robot_serial.egg-info to /home/robot/robot_ws/install/robot_serial/lib/python3.10/site-packages/robot_serial-1.0.0-py3.10.egg-info
[9.474s] running install_scripts
[9.574s] Installing serial_node script to /home/robot/robot_ws/install/robot_serial/lib/robot_serial
[9.576s] Installing wheel_odom_node script to /home/robot/robot_ws/install/robot_serial/lib/robot_serial
[9.579s] writing list of installed files to '/home/robot/robot_ws/build/robot_serial/install.log'
[9.889s] Invoked command in '/home/robot/robot_ws/src/robot_serial' returned '0': PYTHONPATH=/home/robot/robot_ws/build/robot_serial/prefix_override:/usr/lib/python3/dist-packages/colcon_core/task/python/colcon_distutils_commands:/home/robot/robot_ws/install/robot_serial/lib/python3.10/site-packages:${PYTHONPATH} /usr/bin/python3 -W ignore:setup.py install is deprecated -W ignore:easy_install command is deprecated setup.py egg_info --egg-base ../../build/robot_serial build --build-base /home/robot/robot_ws/build/robot_serial/build install --record /home/robot/robot_ws/build/robot_serial/install.log --install-scripts $base/lib/robot_serial --single-version-externally-managed install_data
