[0.066s] Invoking command in '/home/robot/robot_ws/build/robot_bringup': CMAKE_PREFIX_PATH=/home/robot/robot_ws/install/sllidar_ros2:/home/robot/robot_ws/install/robot_description:/home/robot/robot_ws/install/vision_msgs:/home/robot/robot_ws/install/robot_bringup:/home/robot/robot_ws/install/web_bridge:/home/robot/robot_ws/install/vision_ai_node:/home/robot/robot_ws/install/robot_ai:/home/robot/robot_ws/install/robot_serial:/home/robot/robot_ws/install/camera_node:/opt/ros/humble /usr/bin/cmake --build /home/robot/robot_ws/build/robot_bringup -- -j4 -l4
[0.250s] Invoked command in '/home/robot/robot_ws/build/robot_bringup' returned '0': CMAKE_PREFIX_PATH=/home/robot/robot_ws/install/sllidar_ros2:/home/robot/robot_ws/install/robot_description:/home/robot/robot_ws/install/vision_msgs:/home/robot/robot_ws/install/robot_bringup:/home/robot/robot_ws/install/web_bridge:/home/robot/robot_ws/install/vision_ai_node:/home/robot/robot_ws/install/robot_ai:/home/robot/robot_ws/install/robot_serial:/home/robot/robot_ws/install/camera_node:/opt/ros/humble /usr/bin/cmake --build /home/robot/robot_ws/build/robot_bringup -- -j4 -l4
[0.296s] Invoking command in '/home/robot/robot_ws/build/robot_bringup': CMAKE_PREFIX_PATH=/home/robot/robot_ws/install/sllidar_ros2:/home/robot/robot_ws/install/robot_description:/home/robot/robot_ws/install/vision_msgs:/home/robot/robot_ws/install/robot_bringup:/home/robot/robot_ws/install/web_bridge:/home/robot/robot_ws/install/vision_ai_node:/home/robot/robot_ws/install/robot_ai:/home/robot/robot_ws/install/robot_serial:/home/robot/robot_ws/install/camera_node:/opt/ros/humble /usr/bin/cmake --install /home/robot/robot_ws/build/robot_bringup
[0.329s] -- Install configuration: ""
[0.330s] -- Up-to-date: /home/robot/robot_ws/install/robot_bringup/share/robot_bringup//launch
[0.330s] -- Up-to-date: /home/robot/robot_ws/install/robot_bringup/share/robot_bringup//launch/ai.launch.py
[0.331s] -- Up-to-date: /home/robot/robot_ws/install/robot_bringup/share/robot_bringup//launch/full_robot.launch.py
[0.331s] -- Up-to-date: /home/robot/robot_ws/install/robot_bringup/share/robot_bringup//launch/slam.launch.py
[0.332s] -- Up-to-date: /home/robot/robot_ws/install/robot_bringup/share/robot_bringup//launch/__pycache__
[0.332s] -- Up-to-date: /home/robot/robot_ws/install/robot_bringup/share/robot_bringup//launch/__pycache__/ai.launch.cpython-310.pyc
[0.333s] -- Up-to-date: /home/robot/robot_ws/install/robot_bringup/share/robot_bringup//launch/__pycache__/full_robot.launch.cpython-310.pyc
[0.333s] -- Installing: /home/robot/robot_ws/install/robot_bringup/share/robot_bringup//launch/__pycache__/minimal.launch.cpython-310.pyc
[0.334s] -- Installing: /home/robot/robot_ws/install/robot_bringup/share/robot_bringup//launch/__pycache__/slam.launch.cpython-310.pyc
[0.336s] -- Up-to-date: /home/robot/robot_ws/install/robot_bringup/share/robot_bringup//launch/__pycache__/view_robot.launch.cpython-310.pyc
[0.336s] -- Up-to-date: /home/robot/robot_ws/install/robot_bringup/share/robot_bringup//launch/__pycache__/nav2.launch.cpython-310.pyc
[0.337s] -- Installing: /home/robot/robot_ws/install/robot_bringup/share/robot_bringup//launch/minimal.launch.py
[0.338s] -- Up-to-date: /home/robot/robot_ws/install/robot_bringup/share/robot_bringup//launch/localization.launch.py
[0.338s] -- Up-to-date: /home/robot/robot_ws/install/robot_bringup/share/robot_bringup//launch/robot.launch.py
[0.340s] -- Up-to-date: /home/robot/robot_ws/install/robot_bringup/share/robot_bringup//launch/lidar.launch.py
[0.345s] -- Up-to-date: /home/robot/robot_ws/install/robot_bringup/share/robot_bringup//launch/view_robot.launch.py
[0.346s] -- Up-to-date: /home/robot/robot_ws/install/robot_bringup/share/robot_bringup//launch/nav2.launch.py
[0.346s] -- Up-to-date: /home/robot/robot_ws/install/robot_bringup/share/robot_bringup//config
[0.347s] -- Up-to-date: /home/robot/robot_ws/install/robot_bringup/share/robot_bringup//config/ekf.yaml
[0.348s] -- Up-to-date: /home/robot/robot_ws/install/robot_bringup/share/robot_bringup//config/slam_toolbox_params.yaml
[0.348s] -- Up-to-date: /home/robot/robot_ws/install/robot_bringup/share/robot_bringup//config/map_server_params.yaml
[0.349s] -- Up-to-date: /home/robot/robot_ws/install/robot_bringup/share/robot_bringup//config/nav2_params.yaml
[0.350s] -- Up-to-date: /home/robot/robot_ws/install/robot_bringup/share/robot_bringup//config/amcl_params.yaml
[0.350s] -- Up-to-date: /home/robot/robot_ws/install/robot_bringup/share/robot_bringup//rviz
[0.351s] -- Up-to-date: /home/robot/robot_ws/install/robot_bringup/share/robot_bringup//rviz/robot_view.rviz
[0.351s] -- Up-to-date: /home/robot/robot_ws/install/robot_bringup/lib/robot_bringup/mount_hdd.sh
[0.352s] -- Up-to-date: /home/robot/robot_ws/install/robot_bringup/lib/robot_bringup/unmount_hdd.sh
[0.352s] -- Up-to-date: /home/robot/robot_ws/install/robot_bringup/lib/robot_bringup/save_map.sh
[0.353s] -- Up-to-date: /home/robot/robot_ws/install/robot_bringup/lib/robot_bringup/setup_hdd_automount.sh
[0.353s] -- Up-to-date: /home/robot/robot_ws/install/robot_bringup/lib/robot_bringup/save_map.py
[0.354s] -- Up-to-date: /home/robot/robot_ws/install/robot_bringup/lib/robot_bringup/copy_map.sh
[0.355s] -- Up-to-date: /home/robot/robot_ws/install/robot_bringup/share/robot_bringup//maps
[0.355s] -- Up-to-date: /home/robot/robot_ws/install/robot_bringup/share/robot_bringup//maps/.gitkeep
[0.356s] -- Up-to-date: /home/robot/robot_ws/install/robot_bringup/share/robot_bringup//maps/my_room
[0.356s] -- Up-to-date: /home/robot/robot_ws/install/robot_bringup/share/robot_bringup//maps/my_room/map.yaml
[0.357s] -- Up-to-date: /home/robot/robot_ws/install/robot_bringup/share/robot_bringup//maps/my_room/map.pgm
[0.358s] -- Up-to-date: /home/robot/robot_ws/install/robot_bringup/share/ament_index/resource_index/package_run_dependencies/robot_bringup
[0.360s] -- Up-to-date: /home/robot/robot_ws/install/robot_bringup/share/ament_index/resource_index/parent_prefix_path/robot_bringup
[0.362s] -- Up-to-date: /home/robot/robot_ws/install/robot_bringup/share/robot_bringup/environment/ament_prefix_path.sh
[0.362s] -- Up-to-date: /home/robot/robot_ws/install/robot_bringup/share/robot_bringup/environment/ament_prefix_path.dsv
[0.363s] -- Up-to-date: /home/robot/robot_ws/install/robot_bringup/share/robot_bringup/environment/path.sh
[0.364s] -- Up-to-date: /home/robot/robot_ws/install/robot_bringup/share/robot_bringup/environment/path.dsv
[0.365s] -- Up-to-date: /home/robot/robot_ws/install/robot_bringup/share/robot_bringup/local_setup.bash
[0.366s] -- Up-to-date: /home/robot/robot_ws/install/robot_bringup/share/robot_bringup/local_setup.sh
[0.367s] -- Up-to-date: /home/robot/robot_ws/install/robot_bringup/share/robot_bringup/local_setup.zsh
[0.367s] -- Up-to-date: /home/robot/robot_ws/install/robot_bringup/share/robot_bringup/local_setup.dsv
[0.368s] -- Installing: /home/robot/robot_ws/install/robot_bringup/share/robot_bringup/package.dsv
[0.368s] -- Up-to-date: /home/robot/robot_ws/install/robot_bringup/share/ament_index/resource_index/packages/robot_bringup
[0.369s] -- Up-to-date: /home/robot/robot_ws/install/robot_bringup/share/robot_bringup/cmake/robot_bringupConfig.cmake
[0.370s] -- Up-to-date: /home/robot/robot_ws/install/robot_bringup/share/robot_bringup/cmake/robot_bringupConfig-version.cmake
[0.371s] -- Up-to-date: /home/robot/robot_ws/install/robot_bringup/share/robot_bringup/package.xml
[0.372s] Invoked command in '/home/robot/robot_ws/build/robot_bringup' returned '0': CMAKE_PREFIX_PATH=/home/robot/robot_ws/install/sllidar_ros2:/home/robot/robot_ws/install/robot_description:/home/robot/robot_ws/install/vision_msgs:/home/robot/robot_ws/install/robot_bringup:/home/robot/robot_ws/install/web_bridge:/home/robot/robot_ws/install/vision_ai_node:/home/robot/robot_ws/install/robot_ai:/home/robot/robot_ws/install/robot_serial:/home/robot/robot_ws/install/camera_node:/opt/ros/humble /usr/bin/cmake --install /home/robot/robot_ws/build/robot_bringup
