[0.645s] DEBUG:colcon:Command line arguments: ['/usr/bin/colcon', 'build']
[0.646s] DEBUG:colcon:Parsed command line arguments: Namespace(log_base=None, log_level=None, verb_name='build', build_base='build', install_base='install', merge_install=False, symlink_install=False, test_result_base=None, continue_on_error=False, executor='parallel', parallel_workers=4, event_handlers=None, ignore_user_meta=False, metas=['./colcon.meta'], base_paths=['.'], packages_ignore=None, packages_ignore_regex=None, paths=None, packages_up_to=None, packages_up_to_regex=None, packages_above=None, packages_above_and_dependencies=None, packages_above_depth=None, packages_select_by_dep=None, packages_skip_by_dep=None, packages_skip_up_to=None, packages_select_build_failed=False, packages_skip_build_finished=False, packages_select_test_failures=False, packages_skip_test_passed=False, packages_select=None, packages_skip=None, packages_select_regex=None, packages_skip_regex=None, packages_start=None, packages_end=None, allow_overriding=[], cmake_args=None, cmake_target=None, cmake_target_skip_unavailable=False, cmake_clean_cache=False, cmake_clean_first=False, cmake_force_configure=False, ament_cmake_args=None, catkin_cmake_args=None, catkin_skip_building_tests=False, verb_parser=<colcon_defaults.argument_parser.defaults.DefaultArgumentsDecorator object at 0xffff81ff90c0>, verb_extension=<colcon_core.verb.build.BuildVerb object at 0xffff8216a830>, main=<bound method BuildVerb.main of <colcon_core.verb.build.BuildVerb object at 0xffff8216a830>>)
[2.003s] Level 1:colcon.colcon_core.package_discovery:discover_packages(colcon_meta) check parameters
[2.004s] Level 1:colcon.colcon_core.package_discovery:discover_packages(recursive) check parameters
[2.005s] Level 1:colcon.colcon_core.package_discovery:discover_packages(ignore) check parameters
[2.005s] Level 1:colcon.colcon_core.package_discovery:discover_packages(path) check parameters
[2.005s] Level 1:colcon.colcon_core.package_discovery:discover_packages(colcon_meta) discover
[2.005s] Level 1:colcon.colcon_core.package_discovery:discover_packages(recursive) discover
[2.006s] INFO:colcon.colcon_core.package_discovery:Crawling recursively for packages in '/home/robot/robot_ws/src/robot_serial'
[2.006s] Level 1:colcon.colcon_core.package_identification:_identify(.) by extensions ['ignore', 'ignore_ament_install']
[2.007s] Level 1:colcon.colcon_core.package_identification:_identify(.) by extension 'ignore'
[2.007s] Level 1:colcon.colcon_core.package_identification:_identify(.) by extension 'ignore_ament_install'
[2.007s] Level 1:colcon.colcon_core.package_identification:_identify(.) by extensions ['colcon_pkg']
[2.008s] Level 1:colcon.colcon_core.package_identification:_identify(.) by extension 'colcon_pkg'
[2.008s] Level 1:colcon.colcon_core.package_identification:_identify(.) by extensions ['colcon_meta']
[2.008s] Level 1:colcon.colcon_core.package_identification:_identify(.) by extension 'colcon_meta'
[2.008s] Level 1:colcon.colcon_core.package_identification:_identify(.) by extensions ['ros']
[2.009s] Level 1:colcon.colcon_core.package_identification:_identify(.) by extension 'ros'
[2.280s] DEBUG:colcon.colcon_core.package_identification:Package '.' with type 'ros.ament_python' and name 'robot_serial'
[2.280s] Level 1:colcon.colcon_core.package_discovery:discover_packages(recursive) using defaults
[2.281s] Level 1:colcon.colcon_core.package_discovery:discover_packages(ignore) discover
[2.281s] Level 1:colcon.colcon_core.package_discovery:discover_packages(ignore) using defaults
[2.281s] Level 1:colcon.colcon_core.package_discovery:discover_packages(path) discover
[2.281s] Level 1:colcon.colcon_core.package_discovery:discover_packages(path) using defaults
[2.613s] Level 1:colcon.colcon_core.package_discovery:discover_packages(prefix_path) check parameters
[2.614s] Level 1:colcon.colcon_core.package_discovery:discover_packages(prefix_path) discover
[2.627s] DEBUG:colcon.colcon_installed_package_information.package_discovery:Found 10 installed packages in /home/robot/robot_ws/install
[2.638s] DEBUG:colcon.colcon_installed_package_information.package_discovery:Found 259 installed packages in /opt/ros/humble
[2.645s] Level 1:colcon.colcon_core.package_discovery:discover_packages(prefix_path) using defaults
[3.113s] Level 5:colcon.colcon_core.verb:set package 'robot_serial' build argument 'cmake_args' from command line to 'None'
[3.114s] Level 5:colcon.colcon_core.verb:set package 'robot_serial' build argument 'cmake_target' from command line to 'None'
[3.114s] Level 5:colcon.colcon_core.verb:set package 'robot_serial' build argument 'cmake_target_skip_unavailable' from command line to 'False'
[3.114s] Level 5:colcon.colcon_core.verb:set package 'robot_serial' build argument 'cmake_clean_cache' from command line to 'False'
[3.115s] Level 5:colcon.colcon_core.verb:set package 'robot_serial' build argument 'cmake_clean_first' from command line to 'False'
[3.115s] Level 5:colcon.colcon_core.verb:set package 'robot_serial' build argument 'cmake_force_configure' from command line to 'False'
[3.115s] Level 5:colcon.colcon_core.verb:set package 'robot_serial' build argument 'ament_cmake_args' from command line to 'None'
[3.115s] Level 5:colcon.colcon_core.verb:set package 'robot_serial' build argument 'catkin_cmake_args' from command line to 'None'
[3.116s] Level 5:colcon.colcon_core.verb:set package 'robot_serial' build argument 'catkin_skip_building_tests' from command line to 'False'
[3.116s] DEBUG:colcon.colcon_core.verb:Building package 'robot_serial' with the following arguments: {'ament_cmake_args': None, 'build_base': '/home/robot/robot_ws/src/robot_serial/build/robot_serial', 'catkin_cmake_args': None, 'catkin_skip_building_tests': False, 'cmake_args': None, 'cmake_clean_cache': False, 'cmake_clean_first': False, 'cmake_force_configure': False, 'cmake_target': None, 'cmake_target_skip_unavailable': False, 'install_base': '/home/robot/robot_ws/src/robot_serial/install/robot_serial', 'merge_install': False, 'path': '/home/robot/robot_ws/src/robot_serial', 'symlink_install': False, 'test_result_base': None}
[3.117s] INFO:colcon.colcon_core.executor:Executing jobs using 'parallel' executor
[3.121s] DEBUG:colcon.colcon_parallel_executor.executor.parallel:run_until_complete
[3.123s] INFO:colcon.colcon_ros.task.ament_python.build:Building ROS package in '/home/robot/robot_ws/src/robot_serial' with build type 'ament_python'
[3.124s] Level 1:colcon.colcon_core.shell:create_environment_hook('robot_serial', 'ament_prefix_path')
[3.140s] INFO:colcon.colcon_core.plugin_system:Skipping extension 'colcon_core.shell.bat': Not used on non-Windows systems
[3.141s] INFO:colcon.colcon_core.shell:Creating environment hook '/home/robot/robot_ws/src/robot_serial/install/robot_serial/share/robot_serial/hook/ament_prefix_path.ps1'
[3.145s] INFO:colcon.colcon_core.shell:Creating environment descriptor '/home/robot/robot_ws/src/robot_serial/install/robot_serial/share/robot_serial/hook/ament_prefix_path.dsv'
[3.147s] INFO:colcon.colcon_core.shell:Creating environment hook '/home/robot/robot_ws/src/robot_serial/install/robot_serial/share/robot_serial/hook/ament_prefix_path.sh'
[3.151s] INFO:colcon.colcon_core.shell:Skip shell extension 'powershell' for command environment: Not usable outside of PowerShell
[3.151s] DEBUG:colcon.colcon_core.shell:Skip shell extension 'dsv' for command environment
[4.523s] INFO:colcon.colcon_core.task.python.build:Building Python package in '/home/robot/robot_ws/src/robot_serial'
[4.525s] INFO:colcon.colcon_core.shell:Skip shell extension 'powershell' for command environment: Not usable outside of PowerShell
[4.525s] DEBUG:colcon.colcon_core.shell:Skip shell extension 'dsv' for command environment
[16.568s] DEBUG:colcon.colcon_core.task.python.build:Available setuptools commands: build_py, build, develop, extract_messages, test, sdist, alias, install_headers, upload, check, egg_info, install_data, upload_docs, update_catalog, install, bdist_rpm, bdist, saveopts, compile_catalog, build_scripts, bdist_wheel, build_ext, init_catalog, setopt, bdist_egg, install_scripts, install_egg_info, register, rotate, symlink_data, easy_install, build_clib, bdist_dumb, install_lib, dist_info, clean
[17.821s] DEBUG:colcon.colcon_core.event_handler.log_command:Invoking command in '/home/robot/robot_ws/src/robot_serial': PYTHONPATH=/home/robot/robot_ws/src/robot_serial/build/robot_serial/prefix_override:/usr/lib/python3/dist-packages/colcon_core/task/python/colcon_distutils_commands:/home/robot/robot_ws/src/robot_serial/install/robot_serial/lib/python3.10/site-packages:${PYTHONPATH} /usr/bin/python3 -W ignore:setup.py install is deprecated -W ignore:easy_install command is deprecated setup.py egg_info --egg-base build/robot_serial build --build-base /home/robot/robot_ws/src/robot_serial/build/robot_serial/build install --record /home/robot/robot_ws/src/robot_serial/build/robot_serial/install.log --install-scripts $base/lib/robot_serial --single-version-externally-managed install_data
[19.507s] DEBUG:colcon.colcon_core.event_handler.log_command:Invoked command in '/home/robot/robot_ws/src/robot_serial' returned '0': PYTHONPATH=/home/robot/robot_ws/src/robot_serial/build/robot_serial/prefix_override:/usr/lib/python3/dist-packages/colcon_core/task/python/colcon_distutils_commands:/home/robot/robot_ws/src/robot_serial/install/robot_serial/lib/python3.10/site-packages:${PYTHONPATH} /usr/bin/python3 -W ignore:setup.py install is deprecated -W ignore:easy_install command is deprecated setup.py egg_info --egg-base build/robot_serial build --build-base /home/robot/robot_ws/src/robot_serial/build/robot_serial/build install --record /home/robot/robot_ws/src/robot_serial/build/robot_serial/install.log --install-scripts $base/lib/robot_serial --single-version-externally-managed install_data
[19.522s] Level 1:colcon.colcon_core.environment:checking '/home/robot/robot_ws/src/robot_serial/install/robot_serial' for CMake module files
[19.525s] Level 1:colcon.colcon_core.environment:checking '/home/robot/robot_ws/src/robot_serial/install/robot_serial' for CMake config files
[19.530s] Level 1:colcon.colcon_core.environment:checking '/home/robot/robot_ws/src/robot_serial/install/robot_serial/lib'
[19.531s] Level 1:colcon.colcon_core.environment:checking '/home/robot/robot_ws/src/robot_serial/install/robot_serial/bin'
[19.531s] Level 1:colcon.colcon_core.environment:checking '/home/robot/robot_ws/src/robot_serial/install/robot_serial/lib/pkgconfig/robot_serial.pc'
[19.533s] Level 1:colcon.colcon_core.environment:checking '/home/robot/robot_ws/src/robot_serial/install/robot_serial/lib/python3.10/site-packages'
[19.533s] Level 1:colcon.colcon_core.shell:create_environment_hook('robot_serial', 'pythonpath')
[19.534s] INFO:colcon.colcon_core.shell:Creating environment hook '/home/robot/robot_ws/src/robot_serial/install/robot_serial/share/robot_serial/hook/pythonpath.ps1'
[19.536s] INFO:colcon.colcon_core.shell:Creating environment descriptor '/home/robot/robot_ws/src/robot_serial/install/robot_serial/share/robot_serial/hook/pythonpath.dsv'
[19.538s] INFO:colcon.colcon_core.shell:Creating environment hook '/home/robot/robot_ws/src/robot_serial/install/robot_serial/share/robot_serial/hook/pythonpath.sh'
[19.541s] Level 1:colcon.colcon_core.environment:checking '/home/robot/robot_ws/src/robot_serial/install/robot_serial/bin'
[19.542s] Level 1:colcon.colcon_core.environment:create_environment_scripts_only(robot_serial)
[19.543s] INFO:colcon.colcon_core.shell:Creating package script '/home/robot/robot_ws/src/robot_serial/install/robot_serial/share/robot_serial/package.ps1'
[19.549s] INFO:colcon.colcon_core.shell:Creating package descriptor '/home/robot/robot_ws/src/robot_serial/install/robot_serial/share/robot_serial/package.dsv'
[19.551s] INFO:colcon.colcon_core.shell:Creating package script '/home/robot/robot_ws/src/robot_serial/install/robot_serial/share/robot_serial/package.sh'
[19.555s] INFO:colcon.colcon_core.shell:Creating package script '/home/robot/robot_ws/src/robot_serial/install/robot_serial/share/robot_serial/package.bash'
[19.559s] INFO:colcon.colcon_core.shell:Creating package script '/home/robot/robot_ws/src/robot_serial/install/robot_serial/share/robot_serial/package.zsh'
[19.562s] Level 1:colcon.colcon_core.environment:create_file_with_runtime_dependencies(/home/robot/robot_ws/src/robot_serial/install/robot_serial/share/colcon-core/packages/robot_serial)
[19.563s] DEBUG:colcon.colcon_parallel_executor.executor.parallel:closing loop
[19.565s] DEBUG:colcon.colcon_parallel_executor.executor.parallel:loop closed
[19.565s] DEBUG:colcon.colcon_parallel_executor.executor.parallel:run_until_complete finished with '0'
[19.565s] DEBUG:colcon.colcon_core.event_reactor:joining thread
[19.567s] DEBUG:colcon.colcon_core.event_reactor:joined thread
[19.568s] INFO:colcon.colcon_core.shell:Creating prefix script '/home/robot/robot_ws/src/robot_serial/install/local_setup.ps1'
[19.572s] INFO:colcon.colcon_core.shell:Creating prefix util module '/home/robot/robot_ws/src/robot_serial/install/_local_setup_util_ps1.py'
[19.579s] INFO:colcon.colcon_core.shell:Creating prefix chain script '/home/robot/robot_ws/src/robot_serial/install/setup.ps1'
[19.587s] INFO:colcon.colcon_core.shell:Creating prefix script '/home/robot/robot_ws/src/robot_serial/install/local_setup.sh'
[19.590s] INFO:colcon.colcon_core.shell:Creating prefix util module '/home/robot/robot_ws/src/robot_serial/install/_local_setup_util_sh.py'
[19.593s] INFO:colcon.colcon_core.shell:Creating prefix chain script '/home/robot/robot_ws/src/robot_serial/install/setup.sh'
[19.601s] INFO:colcon.colcon_core.shell:Creating prefix script '/home/robot/robot_ws/src/robot_serial/install/local_setup.bash'
[19.603s] INFO:colcon.colcon_core.shell:Creating prefix chain script '/home/robot/robot_ws/src/robot_serial/install/setup.bash'
[19.611s] INFO:colcon.colcon_core.shell:Creating prefix script '/home/robot/robot_ws/src/robot_serial/install/local_setup.zsh'
[19.613s] INFO:colcon.colcon_core.shell:Creating prefix chain script '/home/robot/robot_ws/src/robot_serial/install/setup.zsh'
