[52.394s] Invoking command in '/home/robot/robot_ws/build/robot_ai': PYTHONPATH=/home/robot/robot_ws/build/robot_ai/prefix_override:/usr/lib/python3/dist-packages/colcon_core/task/python/colcon_distutils_commands:/home/robot/robot_ws/install/robot_ai/lib/python3.10/site-packages:${PYTHONPATH} /usr/bin/python3 -W ignore:setup.py install is deprecated -W ignore:easy_install command is deprecated setup.py develop --editable --build-directory /home/robot/robot_ws/build/robot_ai/build --no-deps symlink_data
[64.892s] running develop
[70.770s] running egg_info
[70.772s] writing robot_ai.egg-info/PKG-INFO
[70.778s] writing dependency_links to robot_ai.egg-info/dependency_links.txt
[70.782s] writing entry points to robot_ai.egg-info/entry_points.txt
[70.793s] writing requirements to robot_ai.egg-info/requires.txt
[70.808s] writing top-level names to robot_ai.egg-info/top_level.txt
[70.819s] reading manifest file 'robot_ai.egg-info/SOURCES.txt'
[70.914s] writing manifest file 'robot_ai.egg-info/SOURCES.txt'
[70.982s] running build_ext
[75.359s] Creating /home/robot/robot_ws/install/robot_ai/lib/python3.10/site-packages/robot-ai.egg-link (link to .)
[75.398s] Installing audio_stream_server script to /home/robot/robot_ws/install/robot_ai/lib/robot_ai
[75.424s] Installing command_node script to /home/robot/robot_ws/install/robot_ai/lib/robot_ai
[75.427s] Installing dialogue_tts_node script to /home/robot/robot_ws/install/robot_ai/lib/robot_ai
[75.514s] Installing http_bridge_node script to /home/robot/robot_ws/install/robot_ai/lib/robot_ai
[75.516s] Installing stt_node script to /home/robot/robot_ws/install/robot_ai/lib/robot_ai
[75.518s] Installing video_stream_server script to /home/robot/robot_ws/install/robot_ai/lib/robot_ai
[75.528s] 
[75.547s] Installed /home/robot/robot_ws/build/robot_ai
[75.553s] running symlink_data
[78.863s] Invoked command in '/home/robot/robot_ws/build/robot_ai' returned '0': PYTHONPATH=/home/robot/robot_ws/build/robot_ai/prefix_override:/usr/lib/python3/dist-packages/colcon_core/task/python/colcon_distutils_commands:/home/robot/robot_ws/install/robot_ai/lib/python3.10/site-packages:${PYTHONPATH} /usr/bin/python3 -W ignore:setup.py install is deprecated -W ignore:easy_install command is deprecated setup.py develop --editable --build-directory /home/robot/robot_ws/build/robot_ai/build --no-deps symlink_data
