[21.878s] Invoking command in '/home/robot/robot_ws/build/web_bridge': PYTHONPATH=/home/robot/robot_ws/build/web_bridge/prefix_override:/usr/lib/python3/dist-packages/colcon_core/task/python/colcon_distutils_commands:/home/robot/robot_ws/install/web_bridge/lib/python3.10/site-packages:${PYTHONPATH} /usr/bin/python3 -W ignore:setup.py install is deprecated -W ignore:easy_install command is deprecated setup.py develop --editable --build-directory /home/robot/robot_ws/build/web_bridge/build --no-deps symlink_data --force
[24.476s] running develop
[25.626s] running egg_info
[25.628s] writing web_bridge.egg-info/PKG-INFO
[25.629s] writing dependency_links to web_bridge.egg-info/dependency_links.txt
[25.630s] writing entry points to web_bridge.egg-info/entry_points.txt
[25.631s] writing requirements to web_bridge.egg-info/requires.txt
[25.632s] writing top-level names to web_bridge.egg-info/top_level.txt
[25.642s] reading manifest file 'web_bridge.egg-info/SOURCES.txt'
[25.647s] writing manifest file 'web_bridge.egg-info/SOURCES.txt'
[25.656s] running build_ext
[25.660s] Creating /home/robot/robot_ws/install/web_bridge/lib/python3.10/site-packages/web-bridge.egg-link (link to .)
[25.664s] Installing web_bridge script to /home/robot/robot_ws/install/web_bridge/lib/web_bridge
[25.667s] 
[25.668s] Installed /home/robot/robot_ws/build/web_bridge
[25.671s] running symlink_data
[25.672s] symbolically linking /home/robot/robot_ws/build/web_bridge/resource/web_bridge -> /home/robot/robot_ws/install/web_bridge/share/ament_index/resource_index/packages
[25.674s] symbolically linking /home/robot/robot_ws/build/web_bridge/package.xml -> /home/robot/robot_ws/install/web_bridge/share/web_bridge
[25.676s] symbolically linking /home/robot/robot_ws/build/web_bridge/web_bridge/launch/web_bridge.launch.py -> /home/robot/robot_ws/install/web_bridge/share/web_bridge/launch
[26.140s] Invoked command in '/home/robot/robot_ws/build/web_bridge' returned '0': PYTHONPATH=/home/robot/robot_ws/build/web_bridge/prefix_override:/usr/lib/python3/dist-packages/colcon_core/task/python/colcon_distutils_commands:/home/robot/robot_ws/install/web_bridge/lib/python3.10/site-packages:${PYTHONPATH} /usr/bin/python3 -W ignore:setup.py install is deprecated -W ignore:easy_install command is deprecated setup.py develop --editable --build-directory /home/robot/robot_ws/build/web_bridge/build --no-deps symlink_data --force
