[0.550s] Invoking command in '/home/robot/robot_ws/build/robot_description': CMAKE_PREFIX_PATH=${CMAKE_PREFIX_PATH}:/home/robot/robot_ws/install/web_bridge:/home/robot/robot_ws/install/vision_ai_node:/home/robot/robot_ws/install/robot_ai:/home/robot/robot_ws/install/robot_serial:/home/robot/robot_ws/install/camera_node:/opt/ros/humble /usr/bin/cmake --build /home/robot/robot_ws/build/robot_description -- -j4 -l4
[2.814s] Invoked command in '/home/robot/robot_ws/build/robot_description' returned '0': CMAKE_PREFIX_PATH=${CMAKE_PREFIX_PATH}:/home/robot/robot_ws/install/web_bridge:/home/robot/robot_ws/install/vision_ai_node:/home/robot/robot_ws/install/robot_ai:/home/robot/robot_ws/install/robot_serial:/home/robot/robot_ws/install/camera_node:/opt/ros/humble /usr/bin/cmake --build /home/robot/robot_ws/build/robot_description -- -j4 -l4
[3.108s] Invoking command in '/home/robot/robot_ws/build/robot_description': CMAKE_PREFIX_PATH=${CMAKE_PREFIX_PATH}:/home/robot/robot_ws/install/web_bridge:/home/robot/robot_ws/install/vision_ai_node:/home/robot/robot_ws/install/robot_ai:/home/robot/robot_ws/install/robot_serial:/home/robot/robot_ws/install/camera_node:/opt/ros/humble /usr/bin/cmake --install /home/robot/robot_ws/build/robot_description
[3.191s] -- Install configuration: ""
[3.198s] -- Up-to-date: /home/robot/robot_ws/install/robot_description/share/robot_description//launch
[3.199s] -- Up-to-date: /home/robot/robot_ws/install/robot_description/share/robot_description//launch/display.launch.py
[3.199s] -- Up-to-date: /home/robot/robot_ws/install/robot_description/share/robot_description//launch/robot_state_publisher.launch.py
[3.200s] -- Up-to-date: /home/robot/robot_ws/install/robot_description/share/robot_description//urdf
[3.201s] -- Up-to-date: /home/robot/robot_ws/install/robot_description/share/robot_description//urdf/gazebo.xacro
[3.202s] -- Up-to-date: /home/robot/robot_ws/install/robot_description/share/robot_description//urdf/materials.xacro
[3.202s] -- Up-to-date: /home/robot/robot_ws/install/robot_description/share/robot_description//urdf/robot.urdf.xacro
[3.203s] -- Up-to-date: /home/robot/robot_ws/install/robot_description/share/robot_description//urdf/macros.xacro
[3.204s] -- Up-to-date: /home/robot/robot_ws/install/robot_description/share/robot_description//config
[3.204s] -- Up-to-date: /home/robot/robot_ws/install/robot_description/share/robot_description//config/joint_limits.yaml
[3.205s] -- Up-to-date: /home/robot/robot_ws/install/robot_description/share/robot_description//rviz
[3.232s] -- Up-to-date: /home/robot/robot_ws/install/robot_description/share/robot_description//rviz/rviz.rviz
[3.233s] -- Up-to-date: /home/robot/robot_ws/install/robot_description/share/ament_index/resource_index/package_run_dependencies/robot_description
[3.234s] -- Up-to-date: /home/robot/robot_ws/install/robot_description/share/ament_index/resource_index/parent_prefix_path/robot_description
[3.234s] -- Up-to-date: /home/robot/robot_ws/install/robot_description/share/robot_description/environment/ament_prefix_path.sh
[3.235s] -- Up-to-date: /home/robot/robot_ws/install/robot_description/share/robot_description/environment/ament_prefix_path.dsv
[3.236s] -- Up-to-date: /home/robot/robot_ws/install/robot_description/share/robot_description/environment/path.sh
[3.243s] -- Up-to-date: /home/robot/robot_ws/install/robot_description/share/robot_description/environment/path.dsv
[3.244s] -- Up-to-date: /home/robot/robot_ws/install/robot_description/share/robot_description/local_setup.bash
[3.244s] -- Up-to-date: /home/robot/robot_ws/install/robot_description/share/robot_description/local_setup.sh
[3.246s] -- Up-to-date: /home/robot/robot_ws/install/robot_description/share/robot_description/local_setup.zsh
[3.246s] -- Up-to-date: /home/robot/robot_ws/install/robot_description/share/robot_description/local_setup.dsv
[3.257s] -- Installing: /home/robot/robot_ws/install/robot_description/share/robot_description/package.dsv
[3.284s] -- Up-to-date: /home/robot/robot_ws/install/robot_description/share/ament_index/resource_index/packages/robot_description
[3.285s] -- Up-to-date: /home/robot/robot_ws/install/robot_description/share/robot_description/cmake/robot_descriptionConfig.cmake
[3.288s] -- Up-to-date: /home/robot/robot_ws/install/robot_description/share/robot_description/cmake/robot_descriptionConfig-version.cmake
[3.301s] -- Up-to-date: /home/robot/robot_ws/install/robot_description/share/robot_description/package.xml
[3.435s] Invoked command in '/home/robot/robot_ws/build/robot_description' returned '0': CMAKE_PREFIX_PATH=${CMAKE_PREFIX_PATH}:/home/robot/robot_ws/install/web_bridge:/home/robot/robot_ws/install/vision_ai_node:/home/robot/robot_ws/install/robot_ai:/home/robot/robot_ws/install/robot_serial:/home/robot/robot_ws/install/camera_node:/opt/ros/humble /usr/bin/cmake --install /home/robot/robot_ws/build/robot_description
