[0.189s] Invoking command in '/home/robot/robot_ws/build/sllidar_ros2': CMAKE_PREFIX_PATH=${CMAKE_PREFIX_PATH}:/home/robot/robot_ws/install/web_bridge:/home/robot/robot_ws/install/robot_serial:/home/robot/robot_ws/install/robot_ai:/home/robot/robot_ws/install/camera_node:/opt/ros/humble /usr/bin/cmake --build /home/robot/robot_ws/build/sllidar_ros2 -- -j4 -l4
[1.791s] [ 10%] Built target sllidar_client
[1.794s] [100%] Built target sllidar_node
[1.854s] Invoked command in '/home/robot/robot_ws/build/sllidar_ros2' returned '0': CMAKE_PREFIX_PATH=${CMAKE_PREFIX_PATH}:/home/robot/robot_ws/install/web_bridge:/home/robot/robot_ws/install/robot_serial:/home/robot/robot_ws/install/robot_ai:/home/robot/robot_ws/install/camera_node:/opt/ros/humble /usr/bin/cmake --build /home/robot/robot_ws/build/sllidar_ros2 -- -j4 -l4
[1.868s] Invoking command in '/home/robot/robot_ws/build/sllidar_ros2': CMAKE_PREFIX_PATH=${CMAKE_PREFIX_PATH}:/home/robot/robot_ws/install/web_bridge:/home/robot/robot_ws/install/robot_serial:/home/robot/robot_ws/install/robot_ai:/home/robot/robot_ws/install/camera_node:/opt/ros/humble /usr/bin/cmake --install /home/robot/robot_ws/build/sllidar_ros2
[3.467s] -- Install configuration: ""
[3.469s] -- Execute custom install script
[3.469s] -- Up-to-date symlink: /home/robot/robot_ws/install/sllidar_ros2/share/sllidar_ros2/launch/sllidar_a1_launch.py
[3.470s] -- Up-to-date symlink: /home/robot/robot_ws/install/sllidar_ros2/share/sllidar_ros2/launch/sllidar_a2m12_launch .py
[3.472s] -- Up-to-date symlink: /home/robot/robot_ws/install/sllidar_ros2/share/sllidar_ros2/launch/sllidar_a2m7_launch.py
[3.473s] -- Up-to-date symlink: /home/robot/robot_ws/install/sllidar_ros2/share/sllidar_ros2/launch/sllidar_a2m8_launch.py
[3.479s] -- Up-to-date symlink: /home/robot/robot_ws/install/sllidar_ros2/share/sllidar_ros2/launch/sllidar_a3_launch.py
[3.482s] -- Up-to-date symlink: /home/robot/robot_ws/install/sllidar_ros2/share/sllidar_ros2/launch/sllidar_c1_launch.py
[3.484s] -- Up-to-date symlink: /home/robot/robot_ws/install/sllidar_ros2/share/sllidar_ros2/launch/sllidar_s1_launch.py
[3.485s] -- Up-to-date symlink: /home/robot/robot_ws/install/sllidar_ros2/share/sllidar_ros2/launch/sllidar_s1_tcp_launch.py
[3.486s] -- Up-to-date symlink: /home/robot/robot_ws/install/sllidar_ros2/share/sllidar_ros2/launch/sllidar_s2_launch.py
[3.488s] -- Up-to-date symlink: /home/robot/robot_ws/install/sllidar_ros2/share/sllidar_ros2/launch/sllidar_s2e_launch.py
[3.491s] -- Up-to-date symlink: /home/robot/robot_ws/install/sllidar_ros2/share/sllidar_ros2/launch/sllidar_s3_launch.py
[3.493s] -- Up-to-date symlink: /home/robot/robot_ws/install/sllidar_ros2/share/sllidar_ros2/launch/sllidar_t1_launch.py
[3.494s] -- Up-to-date symlink: /home/robot/robot_ws/install/sllidar_ros2/share/sllidar_ros2/launch/view_sllidar_a1_launch.py
[3.495s] -- Up-to-date symlink: /home/robot/robot_ws/install/sllidar_ros2/share/sllidar_ros2/launch/view_sllidar_a2m12_launch.py
[3.496s] -- Up-to-date symlink: /home/robot/robot_ws/install/sllidar_ros2/share/sllidar_ros2/launch/view_sllidar_a2m7_launch.py
[3.498s] -- Up-to-date symlink: /home/robot/robot_ws/install/sllidar_ros2/share/sllidar_ros2/launch/view_sllidar_a2m8_launch.py
[3.499s] -- Up-to-date symlink: /home/robot/robot_ws/install/sllidar_ros2/share/sllidar_ros2/launch/view_sllidar_a3_launch.py
[3.499s] -- Up-to-date symlink: /home/robot/robot_ws/install/sllidar_ros2/share/sllidar_ros2/launch/view_sllidar_c1_launch.py
[3.500s] -- Up-to-date symlink: /home/robot/robot_ws/install/sllidar_ros2/share/sllidar_ros2/launch/view_sllidar_s1_launch.py
[3.501s] -- Up-to-date symlink: /home/robot/robot_ws/install/sllidar_ros2/share/sllidar_ros2/launch/view_sllidar_s1_tcp_launch.py
[3.502s] -- Up-to-date symlink: /home/robot/robot_ws/install/sllidar_ros2/share/sllidar_ros2/launch/view_sllidar_s2_launch.py
[3.502s] -- Up-to-date symlink: /home/robot/robot_ws/install/sllidar_ros2/share/sllidar_ros2/launch/view_sllidar_s2e_launch.py
[3.503s] -- Up-to-date symlink: /home/robot/robot_ws/install/sllidar_ros2/share/sllidar_ros2/launch/view_sllidar_s3_launch.py
[3.504s] -- Up-to-date symlink: /home/robot/robot_ws/install/sllidar_ros2/share/sllidar_ros2/launch/view_sllidar_t1_launch.py
[3.510s] -- Up-to-date symlink: /home/robot/robot_ws/install/sllidar_ros2/share/sllidar_ros2/rviz/sllidar_ros2.rviz
[3.510s] -- Up-to-date symlink: /home/robot/robot_ws/install/sllidar_ros2/lib/sllidar_ros2/sllidar_node
[3.511s] -- Up-to-date symlink: /home/robot/robot_ws/install/sllidar_ros2/lib/sllidar_ros2/sllidar_client
[3.513s] -- Up-to-date symlink: /home/robot/robot_ws/install/sllidar_ros2/share/ament_index/resource_index/package_run_dependencies/sllidar_ros2
[3.725s] -- Up-to-date symlink: /home/robot/robot_ws/install/sllidar_ros2/share/ament_index/resource_index/parent_prefix_path/sllidar_ros2
[3.726s] -- Up-to-date symlink: /home/robot/robot_ws/install/sllidar_ros2/share/sllidar_ros2/environment/ament_prefix_path.sh
[3.727s] -- Up-to-date symlink: /home/robot/robot_ws/install/sllidar_ros2/share/sllidar_ros2/environment/ament_prefix_path.dsv
[3.729s] -- Up-to-date symlink: /home/robot/robot_ws/install/sllidar_ros2/share/sllidar_ros2/environment/path.sh
[3.730s] -- Up-to-date symlink: /home/robot/robot_ws/install/sllidar_ros2/share/sllidar_ros2/environment/path.dsv
[3.731s] -- Up-to-date symlink: /home/robot/robot_ws/install/sllidar_ros2/share/sllidar_ros2/local_setup.bash
[3.734s] -- Up-to-date symlink: /home/robot/robot_ws/install/sllidar_ros2/share/sllidar_ros2/local_setup.sh
[3.737s] -- Up-to-date symlink: /home/robot/robot_ws/install/sllidar_ros2/share/sllidar_ros2/local_setup.zsh
[3.742s] -- Up-to-date symlink: /home/robot/robot_ws/install/sllidar_ros2/share/sllidar_ros2/local_setup.dsv
[3.748s] -- Symlinking: /home/robot/robot_ws/install/sllidar_ros2/share/sllidar_ros2/package.dsv
[3.751s] -- Up-to-date symlink: /home/robot/robot_ws/install/sllidar_ros2/share/ament_index/resource_index/packages/sllidar_ros2
[3.754s] -- Up-to-date symlink: /home/robot/robot_ws/install/sllidar_ros2/share/sllidar_ros2/cmake/ament_cmake_export_dependencies-extras.cmake
[3.758s] -- Up-to-date symlink: /home/robot/robot_ws/install/sllidar_ros2/share/sllidar_ros2/cmake/ament_cmake_export_include_directories-extras.cmake
[3.761s] -- Up-to-date symlink: /home/robot/robot_ws/install/sllidar_ros2/share/sllidar_ros2/cmake/sllidar_ros2Config.cmake
[3.764s] -- Up-to-date symlink: /home/robot/robot_ws/install/sllidar_ros2/share/sllidar_ros2/cmake/sllidar_ros2Config-version.cmake
[3.765s] -- Up-to-date symlink: /home/robot/robot_ws/install/sllidar_ros2/share/sllidar_ros2/package.xml
[3.938s] Invoked command in '/home/robot/robot_ws/build/sllidar_ros2' returned '0': CMAKE_PREFIX_PATH=${CMAKE_PREFIX_PATH}:/home/robot/robot_ws/install/web_bridge:/home/robot/robot_ws/install/robot_serial:/home/robot/robot_ws/install/robot_ai:/home/robot/robot_ws/install/camera_node:/opt/ros/humble /usr/bin/cmake --install /home/robot/robot_ws/build/sllidar_ros2
