[5.395s] Invoking command in '/home/robot/robot_ws/src/robot_serial': PYTHONPATH=/home/robot/robot_ws/build/robot_serial/prefix_override:/usr/lib/python3/dist-packages/colcon_core/task/python/colcon_distutils_commands:/home/robot/robot_ws/install/robot_serial/lib/python3.10/site-packages:${PYTHONPATH} /usr/bin/python3 -W ignore:setup.py install is deprecated -W ignore:easy_install command is deprecated setup.py egg_info --egg-base ../../build/robot_serial build --build-base /home/robot/robot_ws/build/robot_serial/build install --record /home/robot/robot_ws/build/robot_serial/install.log --install-scripts $base/lib/robot_serial --single-version-externally-managed install_data
[8.645s] running egg_info
[8.651s] writing ../../build/robot_serial/robot_serial.egg-info/PKG-INFO
[8.651s] writing dependency_links to ../../build/robot_serial/robot_serial.egg-info/dependency_links.txt
[8.652s] writing entry points to ../../build/robot_serial/robot_serial.egg-info/entry_points.txt
[8.653s] writing requirements to ../../build/robot_serial/robot_serial.egg-info/requires.txt
[8.653s] writing top-level names to ../../build/robot_serial/robot_serial.egg-info/top_level.txt
[8.659s] reading manifest file '../../build/robot_serial/robot_serial.egg-info/SOURCES.txt'
[8.664s] writing manifest file '../../build/robot_serial/robot_serial.egg-info/SOURCES.txt'
[8.665s] running build
[8.665s] running build_py
[8.669s] running install
[8.671s] running install_lib
[8.683s] running install_data
[8.686s] running install_egg_info
[8.702s] removing '/home/robot/robot_ws/install/robot_serial/lib/python3.10/site-packages/robot_serial-1.0.0-py3.10.egg-info' (and everything under it)
[8.710s] Copying ../../build/robot_serial/robot_serial.egg-info to /home/robot/robot_ws/install/robot_serial/lib/python3.10/site-packages/robot_serial-1.0.0-py3.10.egg-info
[8.724s] running install_scripts
[8.852s] Installing serial_node script to /home/robot/robot_ws/install/robot_serial/lib/robot_serial
[8.856s] Installing teleop_text script to /home/robot/robot_ws/install/robot_serial/lib/robot_serial
[8.859s] Installing wheel_odom_node script to /home/robot/robot_ws/install/robot_serial/lib/robot_serial
[8.865s] writing list of installed files to '/home/robot/robot_ws/build/robot_serial/install.log'
[9.061s] Invoked command in '/home/robot/robot_ws/src/robot_serial' returned '0': PYTHONPATH=/home/robot/robot_ws/build/robot_serial/prefix_override:/usr/lib/python3/dist-packages/colcon_core/task/python/colcon_distutils_commands:/home/robot/robot_ws/install/robot_serial/lib/python3.10/site-packages:${PYTHONPATH} /usr/bin/python3 -W ignore:setup.py install is deprecated -W ignore:easy_install command is deprecated setup.py egg_info --egg-base ../../build/robot_serial build --build-base /home/robot/robot_ws/build/robot_serial/build install --record /home/robot/robot_ws/build/robot_serial/install.log --install-scripts $base/lib/robot_serial --single-version-externally-managed install_data
