[0.075s] Invoking command in '/home/robot/robot_ws/build/robot_description': CMAKE_PREFIX_PATH=${CMAKE_PREFIX_PATH}:/home/robot/robot_ws/install/web_bridge:/home/robot/robot_ws/install/vision_ai_node:/home/robot/robot_ws/install/robot_serial:/home/robot/robot_ws/install/robot_ai:/home/robot/robot_ws/install/camera_node:/opt/ros/humble /usr/bin/cmake /home/robot/robot_ws/src/robot_description -DAMENT_CMAKE_SYMLINK_INSTALL=1 -DCMAKE_INSTALL_PREFIX=/home/robot/robot_ws/install/robot_description
[26.955s] -- The C compiler identification is GNU 11.4.0
[32.339s] -- The CXX compiler identification is GNU 11.4.0
[36.387s] -- Detecting C compiler ABI info
[39.928s] -- Detecting C compiler ABI info - done
[39.959s] -- Check for working C compiler: /usr/bin/cc - skipped
[40.401s] -- Detecting C compile features
[40.881s] -- Detecting C compile features - done
[43.537s] -- Detecting CXX compiler ABI info
[44.999s] -- Detecting CXX compiler ABI info - done
[46.045s] -- Check for working CXX compiler: /usr/bin/c++ - skipped
[46.048s] -- Detecting CXX compile features
[46.049s] -- Detecting CXX compile features - done
[47.596s] -- Found ament_cmake: 1.3.14 (/opt/ros/humble/share/ament_cmake/cmake)
[50.333s] -- Found Python3: /usr/bin/python3 (found version "3.10.12") found components: Interpreter 
[54.494s] -- Override CMake install command with custom implementation using symlinks instead of copying resources
[57.020s] -- Found ament_lint_auto: 0.12.15 (/opt/ros/humble/share/ament_lint_auto/cmake)
[64.037s] -- Added test 'copyright' to check source files copyright and LICENSE
[64.557s] -- Added test 'flake8' to check Python code syntax and style conventions
[64.718s] -- Added test 'lint_cmake' to check CMake code style
[64.893s] -- Added test 'pep257' to check Python code against some of the docstring style conventions in PEP 257
[65.197s] -- Added test 'xmllint' to check XML markup files
[65.929s] -- Configuring done
[65.958s] -- Generating done
[66.370s] -- Build files have been written to: /home/robot/robot_ws/build/robot_description
[66.392s] Invoked command in '/home/robot/robot_ws/build/robot_description' returned '0': CMAKE_PREFIX_PATH=${CMAKE_PREFIX_PATH}:/home/robot/robot_ws/install/web_bridge:/home/robot/robot_ws/install/vision_ai_node:/home/robot/robot_ws/install/robot_serial:/home/robot/robot_ws/install/robot_ai:/home/robot/robot_ws/install/camera_node:/opt/ros/humble /usr/bin/cmake /home/robot/robot_ws/src/robot_description -DAMENT_CMAKE_SYMLINK_INSTALL=1 -DCMAKE_INSTALL_PREFIX=/home/robot/robot_ws/install/robot_description
[66.403s] Invoking command in '/home/robot/robot_ws/build/robot_description': CMAKE_PREFIX_PATH=${CMAKE_PREFIX_PATH}:/home/robot/robot_ws/install/web_bridge:/home/robot/robot_ws/install/vision_ai_node:/home/robot/robot_ws/install/robot_serial:/home/robot/robot_ws/install/robot_ai:/home/robot/robot_ws/install/camera_node:/opt/ros/humble /usr/bin/cmake --build /home/robot/robot_ws/build/robot_description -- -j4 -l4
[66.582s] Invoked command in '/home/robot/robot_ws/build/robot_description' returned '0': CMAKE_PREFIX_PATH=${CMAKE_PREFIX_PATH}:/home/robot/robot_ws/install/web_bridge:/home/robot/robot_ws/install/vision_ai_node:/home/robot/robot_ws/install/robot_serial:/home/robot/robot_ws/install/robot_ai:/home/robot/robot_ws/install/camera_node:/opt/ros/humble /usr/bin/cmake --build /home/robot/robot_ws/build/robot_description -- -j4 -l4
[66.633s] Invoking command in '/home/robot/robot_ws/build/robot_description': CMAKE_PREFIX_PATH=${CMAKE_PREFIX_PATH}:/home/robot/robot_ws/install/web_bridge:/home/robot/robot_ws/install/vision_ai_node:/home/robot/robot_ws/install/robot_serial:/home/robot/robot_ws/install/robot_ai:/home/robot/robot_ws/install/camera_node:/opt/ros/humble /usr/bin/cmake --install /home/robot/robot_ws/build/robot_description
[66.665s] -- Install configuration: ""
[66.667s] -- Execute custom install script
[66.670s] -- Symlinking: /home/robot/robot_ws/install/robot_description/share/robot_description//launch/display.launch.py
[66.840s] -- Symlinking: /home/robot/robot_ws/install/robot_description/share/robot_description//launch/robot_state_publisher.launch.py
[66.881s] -- Symlinking: /home/robot/robot_ws/install/robot_description/share/robot_description//urdf/gazebo.xacro
[66.920s] -- Symlinking: /home/robot/robot_ws/install/robot_description/share/robot_description//urdf/macros.xacro
[66.957s] -- Symlinking: /home/robot/robot_ws/install/robot_description/share/robot_description//urdf/materials.xacro
[66.996s] -- Symlinking: /home/robot/robot_ws/install/robot_description/share/robot_description//urdf/robot.urdf.xacro
[67.302s] -- Symlinking: /home/robot/robot_ws/install/robot_description/share/robot_description//config/joint_limits.yaml
[67.348s] -- Symlinking: /home/robot/robot_ws/install/robot_description/share/robot_description//rviz/rviz.rviz
[67.391s] -- Symlinking: /home/robot/robot_ws/install/robot_description/share/ament_index/resource_index/package_run_dependencies/robot_description
[67.432s] -- Symlinking: /home/robot/robot_ws/install/robot_description/share/ament_index/resource_index/parent_prefix_path/robot_description
[67.470s] -- Symlinking: /home/robot/robot_ws/install/robot_description/share/robot_description/environment/ament_prefix_path.sh
[67.513s] -- Symlinking: /home/robot/robot_ws/install/robot_description/share/robot_description/environment/ament_prefix_path.dsv
[67.558s] -- Symlinking: /home/robot/robot_ws/install/robot_description/share/robot_description/environment/path.sh
[67.608s] -- Symlinking: /home/robot/robot_ws/install/robot_description/share/robot_description/environment/path.dsv
[67.656s] -- Symlinking: /home/robot/robot_ws/install/robot_description/share/robot_description/local_setup.bash
[67.699s] -- Symlinking: /home/robot/robot_ws/install/robot_description/share/robot_description/local_setup.sh
[67.742s] -- Symlinking: /home/robot/robot_ws/install/robot_description/share/robot_description/local_setup.zsh
[67.787s] -- Symlinking: /home/robot/robot_ws/install/robot_description/share/robot_description/local_setup.dsv
[67.829s] -- Symlinking: /home/robot/robot_ws/install/robot_description/share/robot_description/package.dsv
[67.878s] -- Symlinking: /home/robot/robot_ws/install/robot_description/share/ament_index/resource_index/packages/robot_description
[67.934s] -- Symlinking: /home/robot/robot_ws/install/robot_description/share/robot_description/cmake/robot_descriptionConfig.cmake
[67.992s] -- Symlinking: /home/robot/robot_ws/install/robot_description/share/robot_description/cmake/robot_descriptionConfig-version.cmake
[68.062s] -- Symlinking: /home/robot/robot_ws/install/robot_description/share/robot_description/package.xml
[69.382s] Invoked command in '/home/robot/robot_ws/build/robot_description' returned '0': CMAKE_PREFIX_PATH=${CMAKE_PREFIX_PATH}:/home/robot/robot_ws/install/web_bridge:/home/robot/robot_ws/install/vision_ai_node:/home/robot/robot_ws/install/robot_serial:/home/robot/robot_ws/install/robot_ai:/home/robot/robot_ws/install/camera_node:/opt/ros/humble /usr/bin/cmake --install /home/robot/robot_ws/build/robot_description
