[23.480s] Invoking command in '/home/robot/robot_ws/build/robot_ai': PYTHONPATH=/home/robot/robot_ws/build/robot_ai/prefix_override:/usr/lib/python3/dist-packages/colcon_core/task/python/colcon_distutils_commands:/home/robot/robot_ws/install/robot_ai/lib/python3.10/site-packages:${PYTHONPATH} /usr/bin/python3 -W ignore:setup.py install is deprecated -W ignore:easy_install command is deprecated setup.py develop --editable --build-directory /home/robot/robot_ws/build/robot_ai/build --no-deps symlink_data
[28.017s] running develop
[31.539s] running egg_info
[31.547s] writing robot_ai.egg-info/PKG-INFO
[31.549s] writing dependency_links to robot_ai.egg-info/dependency_links.txt
[31.558s] writing entry points to robot_ai.egg-info/entry_points.txt
[31.562s] writing requirements to robot_ai.egg-info/requires.txt
[31.566s] writing top-level names to robot_ai.egg-info/top_level.txt
[31.593s] reading manifest file 'robot_ai.egg-info/SOURCES.txt'
[31.606s] writing manifest file 'robot_ai.egg-info/SOURCES.txt'
[31.628s] running build_ext
[31.632s] Creating /home/robot/robot_ws/install/robot_ai/lib/python3.10/site-packages/robot-ai.egg-link (link to .)
[31.648s] Installing audio_stream_server script to /home/robot/robot_ws/install/robot_ai/lib/robot_ai
[31.654s] Installing command_node script to /home/robot/robot_ws/install/robot_ai/lib/robot_ai
[31.660s] Installing dialogue_tts_node script to /home/robot/robot_ws/install/robot_ai/lib/robot_ai
[31.668s] Installing http_bridge_node script to /home/robot/robot_ws/install/robot_ai/lib/robot_ai
[31.673s] Installing stt_node script to /home/robot/robot_ws/install/robot_ai/lib/robot_ai
[31.679s] Installing video_stream_server script to /home/robot/robot_ws/install/robot_ai/lib/robot_ai
[31.688s] 
[31.689s] Installed /home/robot/robot_ws/build/robot_ai
[31.691s] running symlink_data
[32.097s] Invoked command in '/home/robot/robot_ws/build/robot_ai' returned '0': PYTHONPATH=/home/robot/robot_ws/build/robot_ai/prefix_override:/usr/lib/python3/dist-packages/colcon_core/task/python/colcon_distutils_commands:/home/robot/robot_ws/install/robot_ai/lib/python3.10/site-packages:${PYTHONPATH} /usr/bin/python3 -W ignore:setup.py install is deprecated -W ignore:easy_install command is deprecated setup.py develop --editable --build-directory /home/robot/robot_ws/build/robot_ai/build --no-deps symlink_data
