[0.151s] Invoking command in '/home/robot/robot_ws/build/sllidar_ros2': CMAKE_PREFIX_PATH=${CMAKE_PREFIX_PATH}:/home/robot/robot_ws/install/web_bridge:/home/robot/robot_ws/install/robot_serial:/home/robot/robot_ws/install/robot_ai:/home/robot/robot_ws/install/camera_node:/opt/ros/humble /usr/bin/cmake --build /home/robot/robot_ws/build/sllidar_ros2 -- -j4 -l4
[2.587s] [ 10%] Built target sllidar_client
[2.588s] [100%] Built target sllidar_node
[4.073s] Invoked command in '/home/robot/robot_ws/build/sllidar_ros2' returned '0': CMAKE_PREFIX_PATH=${CMAKE_PREFIX_PATH}:/home/robot/robot_ws/install/web_bridge:/home/robot/robot_ws/install/robot_serial:/home/robot/robot_ws/install/robot_ai:/home/robot/robot_ws/install/camera_node:/opt/ros/humble /usr/bin/cmake --build /home/robot/robot_ws/build/sllidar_ros2 -- -j4 -l4
[4.085s] Invoking command in '/home/robot/robot_ws/build/sllidar_ros2': CMAKE_PREFIX_PATH=${CMAKE_PREFIX_PATH}:/home/robot/robot_ws/install/web_bridge:/home/robot/robot_ws/install/robot_serial:/home/robot/robot_ws/install/robot_ai:/home/robot/robot_ws/install/camera_node:/opt/ros/humble /usr/bin/cmake --install /home/robot/robot_ws/build/sllidar_ros2
[4.148s] -- Install configuration: ""
[4.149s] -- Execute custom install script
[4.150s] -- Up-to-date symlink: /home/robot/robot_ws/install/sllidar_ros2/share/sllidar_ros2/launch/sllidar_a1_launch.py
[4.151s] -- Up-to-date symlink: /home/robot/robot_ws/install/sllidar_ros2/share/sllidar_ros2/launch/sllidar_a2m12_launch .py
[4.152s] -- Up-to-date symlink: /home/robot/robot_ws/install/sllidar_ros2/share/sllidar_ros2/launch/sllidar_a2m7_launch.py
[4.153s] -- Up-to-date symlink: /home/robot/robot_ws/install/sllidar_ros2/share/sllidar_ros2/launch/sllidar_a2m8_launch.py
[4.154s] -- Up-to-date symlink: /home/robot/robot_ws/install/sllidar_ros2/share/sllidar_ros2/launch/sllidar_a3_launch.py
[4.157s] -- Up-to-date symlink: /home/robot/robot_ws/install/sllidar_ros2/share/sllidar_ros2/launch/sllidar_c1_launch.py
[4.162s] -- Up-to-date symlink: /home/robot/robot_ws/install/sllidar_ros2/share/sllidar_ros2/launch/sllidar_s1_launch.py
[4.165s] -- Up-to-date symlink: /home/robot/robot_ws/install/sllidar_ros2/share/sllidar_ros2/launch/sllidar_s1_tcp_launch.py
[4.168s] -- Up-to-date symlink: /home/robot/robot_ws/install/sllidar_ros2/share/sllidar_ros2/launch/sllidar_s2_launch.py
[4.169s] -- Up-to-date symlink: /home/robot/robot_ws/install/sllidar_ros2/share/sllidar_ros2/launch/sllidar_s2e_launch.py
[4.170s] -- Up-to-date symlink: /home/robot/robot_ws/install/sllidar_ros2/share/sllidar_ros2/launch/sllidar_s3_launch.py
[4.172s] -- Up-to-date symlink: /home/robot/robot_ws/install/sllidar_ros2/share/sllidar_ros2/launch/sllidar_t1_launch.py
[4.174s] -- Up-to-date symlink: /home/robot/robot_ws/install/sllidar_ros2/share/sllidar_ros2/launch/view_sllidar_a1_launch.py
[4.178s] -- Up-to-date symlink: /home/robot/robot_ws/install/sllidar_ros2/share/sllidar_ros2/launch/view_sllidar_a2m12_launch.py
[4.179s] -- Up-to-date symlink: /home/robot/robot_ws/install/sllidar_ros2/share/sllidar_ros2/launch/view_sllidar_a2m7_launch.py
[4.181s] -- Up-to-date symlink: /home/robot/robot_ws/install/sllidar_ros2/share/sllidar_ros2/launch/view_sllidar_a2m8_launch.py
[4.183s] -- Up-to-date symlink: /home/robot/robot_ws/install/sllidar_ros2/share/sllidar_ros2/launch/view_sllidar_a3_launch.py
[4.186s] -- Up-to-date symlink: /home/robot/robot_ws/install/sllidar_ros2/share/sllidar_ros2/launch/view_sllidar_c1_launch.py
[4.190s] -- Up-to-date symlink: /home/robot/robot_ws/install/sllidar_ros2/share/sllidar_ros2/launch/view_sllidar_s1_launch.py
[4.190s] -- Up-to-date symlink: /home/robot/robot_ws/install/sllidar_ros2/share/sllidar_ros2/launch/view_sllidar_s1_tcp_launch.py
[4.192s] -- Up-to-date symlink: /home/robot/robot_ws/install/sllidar_ros2/share/sllidar_ros2/launch/view_sllidar_s2_launch.py
[4.196s] -- Up-to-date symlink: /home/robot/robot_ws/install/sllidar_ros2/share/sllidar_ros2/launch/view_sllidar_s2e_launch.py
[4.201s] -- Up-to-date symlink: /home/robot/robot_ws/install/sllidar_ros2/share/sllidar_ros2/launch/view_sllidar_s3_launch.py
[4.206s] -- Up-to-date symlink: /home/robot/robot_ws/install/sllidar_ros2/share/sllidar_ros2/launch/view_sllidar_t1_launch.py
[4.214s] -- Up-to-date symlink: /home/robot/robot_ws/install/sllidar_ros2/share/sllidar_ros2/rviz/sllidar_ros2.rviz
[4.217s] -- Up-to-date symlink: /home/robot/robot_ws/install/sllidar_ros2/lib/sllidar_ros2/sllidar_node
[4.220s] -- Up-to-date symlink: /home/robot/robot_ws/install/sllidar_ros2/lib/sllidar_ros2/sllidar_client
[4.225s] -- Up-to-date symlink: /home/robot/robot_ws/install/sllidar_ros2/share/ament_index/resource_index/package_run_dependencies/sllidar_ros2
[4.230s] -- Up-to-date symlink: /home/robot/robot_ws/install/sllidar_ros2/share/ament_index/resource_index/parent_prefix_path/sllidar_ros2
[4.236s] -- Up-to-date symlink: /home/robot/robot_ws/install/sllidar_ros2/share/sllidar_ros2/environment/ament_prefix_path.sh
[4.239s] -- Up-to-date symlink: /home/robot/robot_ws/install/sllidar_ros2/share/sllidar_ros2/environment/ament_prefix_path.dsv
[4.241s] -- Up-to-date symlink: /home/robot/robot_ws/install/sllidar_ros2/share/sllidar_ros2/environment/path.sh
[4.248s] -- Up-to-date symlink: /home/robot/robot_ws/install/sllidar_ros2/share/sllidar_ros2/environment/path.dsv
[4.250s] -- Up-to-date symlink: /home/robot/robot_ws/install/sllidar_ros2/share/sllidar_ros2/local_setup.bash
[4.255s] -- Up-to-date symlink: /home/robot/robot_ws/install/sllidar_ros2/share/sllidar_ros2/local_setup.sh
[4.256s] -- Up-to-date symlink: /home/robot/robot_ws/install/sllidar_ros2/share/sllidar_ros2/local_setup.zsh
[4.258s] -- Up-to-date symlink: /home/robot/robot_ws/install/sllidar_ros2/share/sllidar_ros2/local_setup.dsv
[4.260s] -- Symlinking: /home/robot/robot_ws/install/sllidar_ros2/share/sllidar_ros2/package.dsv
[4.260s] -- Up-to-date symlink: /home/robot/robot_ws/install/sllidar_ros2/share/ament_index/resource_index/packages/sllidar_ros2
[4.261s] -- Up-to-date symlink: /home/robot/robot_ws/install/sllidar_ros2/share/sllidar_ros2/cmake/ament_cmake_export_dependencies-extras.cmake
[4.262s] -- Up-to-date symlink: /home/robot/robot_ws/install/sllidar_ros2/share/sllidar_ros2/cmake/ament_cmake_export_include_directories-extras.cmake
[4.264s] -- Up-to-date symlink: /home/robot/robot_ws/install/sllidar_ros2/share/sllidar_ros2/cmake/sllidar_ros2Config.cmake
[4.266s] -- Up-to-date symlink: /home/robot/robot_ws/install/sllidar_ros2/share/sllidar_ros2/cmake/sllidar_ros2Config-version.cmake
[4.267s] -- Up-to-date symlink: /home/robot/robot_ws/install/sllidar_ros2/share/sllidar_ros2/package.xml
[6.801s] Invoked command in '/home/robot/robot_ws/build/sllidar_ros2' returned '0': CMAKE_PREFIX_PATH=${CMAKE_PREFIX_PATH}:/home/robot/robot_ws/install/web_bridge:/home/robot/robot_ws/install/robot_serial:/home/robot/robot_ws/install/robot_ai:/home/robot/robot_ws/install/camera_node:/opt/ros/humble /usr/bin/cmake --install /home/robot/robot_ws/build/sllidar_ros2
