[3.324s] Invoking command in '/home/robot/robot_ws/src/esp32_ros2_bridge': PYTHONPATH=/home/robot/robot_ws/build/esp32_ros2_bridge/prefix_override:/usr/lib/python3/dist-packages/colcon_core/task/python/colcon_distutils_commands:/home/robot/robot_ws/install/esp32_ros2_bridge/lib/python3.10/site-packages:${PYTHONPATH} /usr/bin/python3 -W ignore:setup.py install is deprecated -W ignore:easy_install command is deprecated setup.py egg_info --egg-base ../../build/esp32_ros2_bridge build --build-base /home/robot/robot_ws/build/esp32_ros2_bridge/build install --record /home/robot/robot_ws/build/esp32_ros2_bridge/install.log --single-version-externally-managed install_data
[4.602s] running egg_info
[4.606s] writing ../../build/esp32_ros2_bridge/esp32_ros2_bridge.egg-info/PKG-INFO
[4.607s] writing dependency_links to ../../build/esp32_ros2_bridge/esp32_ros2_bridge.egg-info/dependency_links.txt
[4.608s] writing entry points to ../../build/esp32_ros2_bridge/esp32_ros2_bridge.egg-info/entry_points.txt
[4.609s] writing requirements to ../../build/esp32_ros2_bridge/esp32_ros2_bridge.egg-info/requires.txt
[4.610s] writing top-level names to ../../build/esp32_ros2_bridge/esp32_ros2_bridge.egg-info/top_level.txt
[4.618s] reading manifest file '../../build/esp32_ros2_bridge/esp32_ros2_bridge.egg-info/SOURCES.txt'
[4.623s] writing manifest file '../../build/esp32_ros2_bridge/esp32_ros2_bridge.egg-info/SOURCES.txt'
[4.623s] running build
[4.624s] running build_py
[4.624s] copying esp32_ros2_bridge/esp32_bridge_node.py -> /home/robot/robot_ws/build/esp32_ros2_bridge/build/lib/esp32_ros2_bridge
[4.626s] running install
[4.628s] running install_lib
[4.631s] copying /home/robot/robot_ws/build/esp32_ros2_bridge/build/lib/esp32_ros2_bridge/esp32_bridge_node.py -> /home/robot/robot_ws/install/esp32_ros2_bridge/lib/python3.10/site-packages/esp32_ros2_bridge
[4.635s] byte-compiling /home/robot/robot_ws/install/esp32_ros2_bridge/lib/python3.10/site-packages/esp32_ros2_bridge/esp32_bridge_node.py to esp32_bridge_node.cpython-310.pyc
[4.650s] running install_data
[4.651s] running install_egg_info
[4.659s] removing '/home/robot/robot_ws/install/esp32_ros2_bridge/lib/python3.10/site-packages/esp32_ros2_bridge-1.0.0-py3.10.egg-info' (and everything under it)
[4.661s] Copying ../../build/esp32_ros2_bridge/esp32_ros2_bridge.egg-info to /home/robot/robot_ws/install/esp32_ros2_bridge/lib/python3.10/site-packages/esp32_ros2_bridge-1.0.0-py3.10.egg-info
[4.668s] running install_scripts
[4.764s] Installing esp32_bridge_node script to /home/robot/robot_ws/install/esp32_ros2_bridge/bin
[4.766s] writing list of installed files to '/home/robot/robot_ws/build/esp32_ros2_bridge/install.log'
[4.888s] Invoked command in '/home/robot/robot_ws/src/esp32_ros2_bridge' returned '0': PYTHONPATH=/home/robot/robot_ws/build/esp32_ros2_bridge/prefix_override:/usr/lib/python3/dist-packages/colcon_core/task/python/colcon_distutils_commands:/home/robot/robot_ws/install/esp32_ros2_bridge/lib/python3.10/site-packages:${PYTHONPATH} /usr/bin/python3 -W ignore:setup.py install is deprecated -W ignore:easy_install command is deprecated setup.py egg_info --egg-base ../../build/esp32_ros2_bridge build --build-base /home/robot/robot_ws/build/esp32_ros2_bridge/build install --record /home/robot/robot_ws/build/esp32_ros2_bridge/install.log --single-version-externally-managed install_data
