[12.615s] Invoking command in '/home/robot/robot_ws/build/camera_node': PYTHONPATH=/home/robot/robot_ws/build/camera_node/prefix_override:/usr/lib/python3/dist-packages/colcon_core/task/python/colcon_distutils_commands:/home/robot/robot_ws/install/camera_node/lib/python3.10/site-packages:${PYTHONPATH} /usr/bin/python3 -W ignore:setup.py install is deprecated -W ignore:easy_install command is deprecated setup.py develop --editable --build-directory /home/robot/robot_ws/build/camera_node/build --no-deps symlink_data --force
[15.969s] running develop
[17.552s] running egg_info
[17.554s] writing camera_node.egg-info/PKG-INFO
[17.555s] writing dependency_links to camera_node.egg-info/dependency_links.txt
[17.556s] writing entry points to camera_node.egg-info/entry_points.txt
[17.557s] writing requirements to camera_node.egg-info/requires.txt
[17.558s] writing top-level names to camera_node.egg-info/top_level.txt
[17.567s] reading manifest file 'camera_node.egg-info/SOURCES.txt'
[17.573s] writing manifest file 'camera_node.egg-info/SOURCES.txt'
[17.580s] running build_ext
[17.582s] Creating /home/robot/robot_ws/install/camera_node/lib/python3.10/site-packages/camera-node.egg-link (link to .)
[17.588s] Installing camera_node script to /home/robot/robot_ws/install/camera_node/lib/camera_node
[17.591s] 
[17.593s] Installed /home/robot/robot_ws/build/camera_node
[17.596s] running symlink_data
[17.598s] symbolically linking /home/robot/robot_ws/build/camera_node/resource/camera_node -> /home/robot/robot_ws/install/camera_node/share/ament_index/resource_index/packages
[17.600s] symbolically linking /home/robot/robot_ws/build/camera_node/package.xml -> /home/robot/robot_ws/install/camera_node/share/camera_node
[17.601s] symbolically linking /home/robot/robot_ws/build/camera_node/launch/camera.launch.py -> /home/robot/robot_ws/install/camera_node/share/camera_node/launch
[17.610s] symbolically linking /home/robot/robot_ws/build/camera_node/config/camera.yaml -> /home/robot/robot_ws/install/camera_node/share/camera_node/config
[17.785s] Invoked command in '/home/robot/robot_ws/build/camera_node' returned '0': PYTHONPATH=/home/robot/robot_ws/build/camera_node/prefix_override:/usr/lib/python3/dist-packages/colcon_core/task/python/colcon_distutils_commands:/home/robot/robot_ws/install/camera_node/lib/python3.10/site-packages:${PYTHONPATH} /usr/bin/python3 -W ignore:setup.py install is deprecated -W ignore:easy_install command is deprecated setup.py develop --editable --build-directory /home/robot/robot_ws/build/camera_node/build --no-deps symlink_data --force
