[6.548s] Invoking command in '/home/robot/robot_ws/src/robot_serial': PYTHONPATH=/home/robot/robot_ws/build/robot_serial/prefix_override:/usr/lib/python3/dist-packages/colcon_core/task/python/colcon_distutils_commands:/home/robot/robot_ws/install/robot_serial/lib/python3.10/site-packages:${PYTHONPATH} /usr/bin/python3 -W ignore:setup.py install is deprecated -W ignore:easy_install command is deprecated setup.py egg_info --egg-base ../../build/robot_serial build --build-base /home/robot/robot_ws/build/robot_serial/build install --record /home/robot/robot_ws/build/robot_serial/install.log --install-scripts $base/lib/robot_serial --single-version-externally-managed install_data
[8.691s] running egg_info
[8.694s] writing ../../build/robot_serial/robot_serial.egg-info/PKG-INFO
[8.696s] writing dependency_links to ../../build/robot_serial/robot_serial.egg-info/dependency_links.txt
[8.697s] writing entry points to ../../build/robot_serial/robot_serial.egg-info/entry_points.txt
[8.698s] writing requirements to ../../build/robot_serial/robot_serial.egg-info/requires.txt
[8.699s] writing top-level names to ../../build/robot_serial/robot_serial.egg-info/top_level.txt
[8.708s] reading manifest file '../../build/robot_serial/robot_serial.egg-info/SOURCES.txt'
[8.714s] writing manifest file '../../build/robot_serial/robot_serial.egg-info/SOURCES.txt'
[8.714s] running build
[8.716s] running build_py
[8.719s] running install
[8.720s] running install_lib
[8.730s] running install_data
[8.731s] running install_egg_info
[8.740s] removing '/home/robot/robot_ws/install/robot_serial/lib/python3.10/site-packages/robot_serial-1.0.0-py3.10.egg-info' (and everything under it)
[8.751s] Copying ../../build/robot_serial/robot_serial.egg-info to /home/robot/robot_ws/install/robot_serial/lib/python3.10/site-packages/robot_serial-1.0.0-py3.10.egg-info
[8.752s] running install_scripts
[9.616s] Installing serial_node script to /home/robot/robot_ws/install/robot_serial/lib/robot_serial
[9.617s] Installing teleop_text script to /home/robot/robot_ws/install/robot_serial/lib/robot_serial
[9.620s] Installing wheel_odom_node script to /home/robot/robot_ws/install/robot_serial/lib/robot_serial
[9.622s] writing list of installed files to '/home/robot/robot_ws/build/robot_serial/install.log'
[9.743s] Invoked command in '/home/robot/robot_ws/src/robot_serial' returned '0': PYTHONPATH=/home/robot/robot_ws/build/robot_serial/prefix_override:/usr/lib/python3/dist-packages/colcon_core/task/python/colcon_distutils_commands:/home/robot/robot_ws/install/robot_serial/lib/python3.10/site-packages:${PYTHONPATH} /usr/bin/python3 -W ignore:setup.py install is deprecated -W ignore:easy_install command is deprecated setup.py egg_info --egg-base ../../build/robot_serial build --build-base /home/robot/robot_ws/build/robot_serial/build install --record /home/robot/robot_ws/build/robot_serial/install.log --install-scripts $base/lib/robot_serial --single-version-externally-managed install_data
