[0.000000] (-) TimerEvent: {}
[0.000648] (-) JobUnselected: {'identifier': 'camera_node'}
[0.001588] (-) JobUnselected: {'identifier': 'robot_ai'}
[0.002281] (-) JobUnselected: {'identifier': 'robot_bringup'}
[0.002800] (-) JobUnselected: {'identifier': 'robot_description'}
[0.003009] (-) JobUnselected: {'identifier': 'sllidar_ros2'}
[0.003316] (-) JobUnselected: {'identifier': 'vision_ai_node'}
[0.003495] (-) JobUnselected: {'identifier': 'vision_msgs'}
[0.003610] (robot_serial) JobQueued: {'identifier': 'robot_serial', 'dependencies': OrderedDict()}
[0.003766] (robot_serial) JobStarted: {'identifier': 'robot_serial'}
[0.099024] (-) TimerEvent: {}
[0.199705] (-) TimerEvent: {}
[0.300186] (-) TimerEvent: {}
[0.400618] (-) TimerEvent: {}
[0.501076] (-) TimerEvent: {}
[0.601565] (-) TimerEvent: {}
[2.676939] (-) TimerEvent: {}
[2.777458] (-) TimerEvent: {}
[2.877984] (-) TimerEvent: {}
[2.978478] (-) TimerEvent: {}
[3.078929] (-) TimerEvent: {}
[3.179542] (-) TimerEvent: {}
[3.279981] (-) TimerEvent: {}
[3.380432] (-) TimerEvent: {}
[3.480863] (-) TimerEvent: {}
[3.581291] (-) TimerEvent: {}
[3.681714] (-) TimerEvent: {}
[3.782130] (-) TimerEvent: {}
[3.882526] (-) TimerEvent: {}
[3.982927] (-) TimerEvent: {}
[4.083350] (-) TimerEvent: {}
[4.183806] (-) TimerEvent: {}
[4.284285] (-) TimerEvent: {}
[4.384770] (-) TimerEvent: {}
[4.485286] (-) TimerEvent: {}
[4.585814] (-) TimerEvent: {}
[4.686417] (-) TimerEvent: {}
[4.786983] (-) TimerEvent: {}
[4.887492] (-) TimerEvent: {}
[4.987937] (-) TimerEvent: {}
[5.088450] (-) TimerEvent: {}
[5.189099] (-) TimerEvent: {}
[5.289711] (-) TimerEvent: {}
[5.390190] (-) TimerEvent: {}
[5.490662] (-) TimerEvent: {}
[5.591110] (-) TimerEvent: {}
[8.414524] (-) TimerEvent: {}
[8.515142] (-) TimerEvent: {}
[8.615644] (-) TimerEvent: {}
[8.716165] (-) TimerEvent: {}
[8.816596] (-) TimerEvent: {}
[8.917049] (-) TimerEvent: {}
[9.017638] (-) TimerEvent: {}
[9.118182] (-) TimerEvent: {}
[9.218868] (-) TimerEvent: {}
[9.319466] (-) TimerEvent: {}
[9.420039] (-) TimerEvent: {}
[9.520524] (-) TimerEvent: {}
[9.621027] (-) TimerEvent: {}
[9.721555] (-) TimerEvent: {}
[9.822139] (-) TimerEvent: {}
[9.922849] (-) TimerEvent: {}
[10.023421] (-) TimerEvent: {}
[10.124023] (-) TimerEvent: {}
[10.224596] (-) TimerEvent: {}
[10.325175] (-) TimerEvent: {}
[10.425675] (-) TimerEvent: {}
[10.526174] (-) TimerEvent: {}
[10.626605] (-) TimerEvent: {}
[10.727047] (-) TimerEvent: {}
[10.827592] (-) TimerEvent: {}
[10.928231] (-) TimerEvent: {}
[11.028793] (-) TimerEvent: {}
[11.129390] (-) TimerEvent: {}
[11.230043] (-) TimerEvent: {}
[11.330657] (-) TimerEvent: {}
[11.431266] (-) TimerEvent: {}
[11.531866] (-) TimerEvent: {}
[11.632338] (-) TimerEvent: {}
[11.732907] (-) TimerEvent: {}
[11.833578] (-) TimerEvent: {}
[11.934207] (-) TimerEvent: {}
[12.034793] (-) TimerEvent: {}
[12.135416] (-) TimerEvent: {}
[12.236004] (-) TimerEvent: {}
[12.336490] (-) TimerEvent: {}
[12.436989] (-) TimerEvent: {}
[12.537616] (-) TimerEvent: {}
[12.638237] (-) TimerEvent: {}
[12.738920] (-) TimerEvent: {}
[12.839519] (-) TimerEvent: {}
[12.940080] (-) TimerEvent: {}
[13.040534] (-) TimerEvent: {}
[13.141025] (-) TimerEvent: {}
[13.241507] (-) TimerEvent: {}
[13.342068] (-) TimerEvent: {}
[13.442544] (-) TimerEvent: {}
[13.543032] (-) TimerEvent: {}
[13.643477] (-) TimerEvent: {}
[13.743990] (-) TimerEvent: {}
[13.844525] (-) TimerEvent: {}
[13.945085] (-) TimerEvent: {}
[14.045529] (-) TimerEvent: {}
[14.146090] (-) TimerEvent: {}
[14.246599] (-) TimerEvent: {}
[14.347152] (-) TimerEvent: {}
[14.447763] (-) TimerEvent: {}
[14.548450] (-) TimerEvent: {}
[14.648906] (-) TimerEvent: {}
[14.749343] (-) TimerEvent: {}
[14.849832] (-) TimerEvent: {}
[14.950343] (-) TimerEvent: {}
[15.050849] (-) TimerEvent: {}
[15.151416] (-) TimerEvent: {}
[15.252039] (-) TimerEvent: {}
[15.352652] (-) TimerEvent: {}
[15.453160] (-) TimerEvent: {}
[15.553672] (-) TimerEvent: {}
[15.654198] (-) TimerEvent: {}
[15.754653] (-) TimerEvent: {}
[15.855125] (-) TimerEvent: {}
[15.955586] (-) TimerEvent: {}
[16.056036] (-) TimerEvent: {}
[16.156546] (-) TimerEvent: {}
[16.257163] (-) TimerEvent: {}
[16.357753] (-) TimerEvent: {}
[16.458384] (-) TimerEvent: {}
[16.559005] (-) TimerEvent: {}
[16.659623] (-) TimerEvent: {}
[16.760349] (-) TimerEvent: {}
[18.489562] (-) TimerEvent: {}
[18.590177] (-) TimerEvent: {}
[18.690779] (-) TimerEvent: {}
[18.791329] (-) TimerEvent: {}
[18.891941] (-) TimerEvent: {}
[18.992598] (-) TimerEvent: {}
[19.093051] (-) TimerEvent: {}
[19.193484] (-) TimerEvent: {}
[19.293959] (-) TimerEvent: {}
[19.394586] (-) TimerEvent: {}
[19.495193] (-) TimerEvent: {}
[19.595808] (-) TimerEvent: {}
[19.696466] (-) TimerEvent: {}
[19.796918] (-) TimerEvent: {}
[19.897516] (-) TimerEvent: {}
[19.998173] (-) TimerEvent: {}
[20.098743] (-) TimerEvent: {}
[20.199299] (-) TimerEvent: {}
[20.299776] (-) TimerEvent: {}
[20.400247] (-) TimerEvent: {}
[20.500758] (-) TimerEvent: {}
[20.601388] (-) TimerEvent: {}
[20.702004] (-) TimerEvent: {}
[20.802626] (-) TimerEvent: {}
[20.903151] (-) TimerEvent: {}
[21.003711] (-) TimerEvent: {}
[21.104223] (-) TimerEvent: {}
[21.204709] (-) TimerEvent: {}
[21.305186] (-) TimerEvent: {}
[21.405730] (-) TimerEvent: {}
[21.506352] (-) TimerEvent: {}
[21.606979] (-) TimerEvent: {}
[21.707640] (-) TimerEvent: {}
[21.808308] (-) TimerEvent: {}
[21.908894] (-) TimerEvent: {}
[22.009388] (-) TimerEvent: {}
[22.109868] (-) TimerEvent: {}
[22.210380] (-) TimerEvent: {}
[22.310826] (-) TimerEvent: {}
[22.411345] (-) TimerEvent: {}
[22.511982] (-) TimerEvent: {}
[22.612530] (-) TimerEvent: {}
[22.713060] (-) TimerEvent: {}
[22.813529] (-) TimerEvent: {}
[22.914005] (-) TimerEvent: {}
[23.014533] (-) TimerEvent: {}
[23.115058] (-) TimerEvent: {}
[23.215574] (-) TimerEvent: {}
[23.316169] (-) TimerEvent: {}
[23.416798] (-) TimerEvent: {}
[23.517462] (-) TimerEvent: {}
[23.618040] (-) TimerEvent: {}
[23.718656] (-) TimerEvent: {}
[23.819152] (-) TimerEvent: {}
[23.919676] (-) TimerEvent: {}
[24.020263] (-) TimerEvent: {}
[24.120768] (-) TimerEvent: {}
[24.221251] (-) TimerEvent: {}
[24.321960] (-) TimerEvent: {}
[24.422594] (-) TimerEvent: {}
[24.523241] (-) TimerEvent: {}
[24.623856] (-) TimerEvent: {}
[24.724418] (-) TimerEvent: {}
[24.825001] (-) TimerEvent: {}
[24.925502] (-) TimerEvent: {}
[25.025992] (-) TimerEvent: {}
[25.126540] (-) TimerEvent: {}
[25.227148] (-) TimerEvent: {}
[25.327756] (-) TimerEvent: {}
[25.428476] (-) TimerEvent: {}
[25.529122] (-) TimerEvent: {}
[25.629742] (-) TimerEvent: {}
[25.730284] (-) TimerEvent: {}
[25.830827] (-) TimerEvent: {}
[25.931363] (-) TimerEvent: {}
[26.031869] (-) TimerEvent: {}
[26.132308] (-) TimerEvent: {}
[26.232802] (-) TimerEvent: {}
[26.333334] (-) TimerEvent: {}
[26.433857] (-) TimerEvent: {}
[26.534423] (-) TimerEvent: {}
[26.634982] (-) TimerEvent: {}
[26.735494] (-) TimerEvent: {}
[26.835964] (-) TimerEvent: {}
[26.936517] (-) TimerEvent: {}
[27.037062] (-) TimerEvent: {}
[27.327685] (-) TimerEvent: {}
[27.428174] (-) TimerEvent: {}
[27.528568] (-) TimerEvent: {}
[27.629014] (-) TimerEvent: {}
[27.729554] (-) TimerEvent: {}
[27.830499] (-) TimerEvent: {}
[27.842367] (robot_serial) Command: {'cmd': ['/usr/bin/python3', '-W', 'ignore:setup.py install is deprecated', '-W', 'ignore:easy_install command is deprecated', 'setup.py', 'egg_info', '--egg-base', '../../build/robot_serial', 'build', '--build-base', '/home/robot/robot_ws/build/robot_serial/build', 'install', '--record', '/home/robot/robot_ws/build/robot_serial/install.log', '--install-scripts', '$base/lib/robot_serial', '--single-version-externally-managed', 'install_data'], 'cwd': '/home/robot/robot_ws/src/robot_serial', 'env': {'LESSOPEN': '| /usr/bin/lesspipe %s', 'VSCODE_CWD': '/home/robot', 'VSCODE_ESM_ENTRYPOINT': 'vs/workbench/api/node/extensionHostProcess', 'PLATFORMIO_CALLER': 'vscode', 'KILO_DISABLE_CHANNEL_DB': 'true', 'USER': 'robot', 'KILO_ENABLE_QUESTION_TOOL': 'true', 'SSH_CLIENT': '192.168.1.88 62124 22', 'VSCODE_NLS_CONFIG': '{"userLocale":"en","osLocale":"en","resolvedLanguage":"en","defaultMessagesFile":"/home/robot/.vscode-server/cli/servers/Stable-1b6a188127eeaf9194f945eb6eb89a657e93c54c/server/out/nls.messages.json","locale":"en","availableLanguages":{}}', 'AGENT': '1', 'VSCODE_HANDLES_UNCAUGHT_ERRORS': 'true', 'XDG_SESSION_TYPE': 'tty', 'KILO_VSCODE_VERSION': '1.130.0', 'SHLVL': '0', 'LD_LIBRARY_PATH': '/home/robot/robot_ws/install/vision_msgs/lib:/opt/ros/humble/opt/rviz_ogre_vendor/lib:/opt/ros/humble/lib/aarch64-linux-gnu:/opt/ros/humble/lib', 'BROWSER': '/home/robot/.vscode-server/cli/servers/Stable-1b6a188127eeaf9194f945eb6eb89a657e93c54c/server/bin/helpers/browser.sh', 'MOTD_SHOWN': 'pam', 'HOME': '/home/robot', 'OLDPWD': '/home/robot/robot_ws', 'KILO_PROCESS_ROLE': 'main', 'NO_PROXY': '127.0.0.1', 'VSCODE_RECONNECTION_GRACE_TIME': '10800000', 'VSCODE_IPC_HOOK_CLI': '/run/user/1000/vscode-ipc-67c0bb6e-b3b3-4ad9-b16c-061cc20513fc.sock', 'ROS_PYTHON_VERSION': '3', 'COPILOT_OTEL_FILE_EXPORTER_PATH': '/dev/null', 'PLATFORMIO_IDE': '3.3.4', 'DBUS_SESSION_BUS_ADDRESS': 'unix:path=/run/user/1000/bus', 'KILO_APP_VERSION': '7.4.16', 'KILO_RUN_ID': 'e7c0cbee-cf77-4292-9f8d-e0c045c8cf40', 'KILOCODE_VERSION': '7.4.16', 'COLCON_PREFIX_PATH': '/home/robot/robot_ws/install', 'APPLICATION_INSIGHTS_NO_STATSBEAT': 'true', 'ROS_DISTRO': 'humble', 'LOGNAME': 'robot', 'VSCODE_HANDLES_SIGPIPE': 'true', '_': '/usr/bin/colcon', 'ROS_VERSION': '2', 'KILO_CLIENT': 'vscode', 'XDG_SESSION_CLASS': 'user', 'XDG_SESSION_ID': '3', 'VSCODE_CLI_REQUIRE_TOKEN': 'd6dd0559-e6b2-4b8a-9214-10d60ed463fb', 'KILO_EDITOR_NAME': 'Visual Studio Code', 'ROS_LOCALHOST_ONLY': '0', 'OPENCODE': '1', 'PATH': '/home/robot/.vscode-server/cli/servers/Stable-1b6a188127eeaf9194f945eb6eb89a657e93c54c/server/bin/remote-cli:/home/robot/.local/bin:/home/robot/robot_ws/install/esp32_ros2_bridge/bin:/opt/ros/humble/bin:/usr/local/sbin:/usr/local/bin:/usr/sbin:/usr/bin:/sbin:/bin:/usr/games:/usr/local/games:/snap/bin', 'VSCODE_AGENT_FOLDER': '/home/robot/.vscode-server', 'KILO': '1', 'KILO_SERVER_PASSWORD': '0747d0652fda2ffd6b5461c657fc6102586281f1108ce5d0abaaceed1e2e12e9', 'XDG_RUNTIME_DIR': '/run/user/1000', 'PLATFORMIO_PATH': '/home/robot/.platformio/python3/bin:/home/robot/.vscode-server/cli/servers/Stable-1b6a188127eeaf9194f945eb6eb89a657e93c54c/server/bin/remote-cli:/home/robot/.local/bin:/home/robot/robot_ws/install/esp32_ros2_bridge/bin:/opt/ros/humble/bin:/usr/local/sbin:/usr/local/bin:/usr/sbin:/usr/bin:/sbin:/bin:/usr/games:/usr/local/games:/snap/bin', 'KILO_APP_NAME': 'kilo-code', 'LANG': 'en_US.UTF-8', 'LS_COLORS': '', 'KILO_PID': '3408', 'AMENT_PREFIX_PATH': '/home/robot/robot_ws/install/vision_ai_node:/home/robot/robot_ws/install/robot_ai:/home/robot/robot_ws/install/vision_msgs:/home/robot/robot_ws/install/robot_bringup:/home/robot/robot_ws/install/sllidar_ros2:/home/robot/robot_ws/install/robot_serial:/home/robot/robot_ws/install/robot_description:/home/robot/robot_ws/install/robot_camera:/home/robot/robot_ws/install/esp32_ros2_bridge:/home/robot/robot_ws/install/camera_node:/opt/ros/humble', 'KILOCODE_FEATURE': 'vscode-extension', 'SHELL': '/bin/bash', 'KILO_PLATFORM': 'vscode', 'MXC_BIN_DIR': '/home/robot/.vscode-server/cli/servers/Stable-1b6a188127eeaf9194f945eb6eb89a657e93c54c/server/node_modules/@microsoft/mxc-sdk/bin', 'ELECTRON_RUN_AS_NODE': '1', 'KILOCODE_EDITOR_NAME': 'Visual Studio Code 1.130.0', 'LESSCLOSE': '/usr/bin/lesspipe %s %s', 'NODE_USE_SYSTEM_CA': '1', 'KILO_PARENT_PID': '2974', 'PWD': '/home/robot/robot_ws/build/robot_serial', 'LC_ALL': 'en_US.UTF-8', 'KILO_MACHINE_ID': 'fc372026c3290bbaf5aed5c53259f1ec329890d125ceb750a0c2f4cd15a24f70', 'SSH_CONNECTION': '192.168.1.88 62124 192.168.1.253 22', 'XDG_DATA_DIRS': '/usr/local/share:/usr/share:/var/lib/snapd/desktop', 'PYTHONPATH': '/home/robot/robot_ws/build/robot_serial/prefix_override:/usr/lib/python3/dist-packages/colcon_core/task/python/colcon_distutils_commands:/home/robot/robot_ws/install/robot_serial/lib/python3.10/site-packages:/home/robot/robot_ws/install/vision_ai_node/lib/python3.10/site-packages:/home/robot/robot_ws/install/robot_ai/lib/python3.10/site-packages:/home/robot/robot_ws/install/vision_msgs/local/lib/python3.10/dist-packages:/home/robot/robot_ws/install/robot_serial/lib/python3.10/site-packages:/home/robot/robot_ws/build/robot_camera:/home/robot/robot_ws/install/robot_camera/lib/python3.10/site-packages:/home/robot/robot_ws/build/esp32_ros2_bridge:/home/robot/robot_ws/install/esp32_ros2_bridge/lib/python3.10/site-packages:/home/robot/robot_ws/install/camera_node/lib/python3.10/site-packages:/opt/ros/humble/lib/python3.10/site-packages:/opt/ros/humble/local/lib/python3.10/dist-packages', 'MIMALLOC_PURGE_DELAY': '0', 'COLCON': '1', 'COPILOT_CLI_ENABLED_FEATURE_FLAGS': 'SHELL_SPAWN_BACKEND', 'KILO_DISABLE_CLAUDE_CODE': 'true', 'CMAKE_PREFIX_PATH': '/home/robot/robot_ws/install/vision_msgs:/home/robot/robot_ws/install/robot_bringup:/home/robot/robot_ws/install/sllidar_ros2:/home/robot/robot_ws/install/robot_description', 'KILO_TELEMETRY_LEVEL': 'all', 'KILO_TREE_SITTER_WASM_DIR': '/home/robot/.vscode-server/extensions/kilocode.kilo-code-7.4.16-linux-arm64/bin/tree-sitter'}, 'shell': False}
[27.930832] (-) TimerEvent: {}
[28.031715] (-) TimerEvent: {}
[28.132559] (-) TimerEvent: {}
[28.233096] (-) TimerEvent: {}
[28.333594] (-) TimerEvent: {}
[28.434078] (-) TimerEvent: {}
[28.534548] (-) TimerEvent: {}
[28.634968] (-) TimerEvent: {}
[28.735387] (-) TimerEvent: {}
[28.835803] (-) TimerEvent: {}
[28.936247] (-) TimerEvent: {}
[29.036660] (-) TimerEvent: {}
[29.137039] (-) TimerEvent: {}
[29.237448] (-) TimerEvent: {}
[29.240975] (robot_serial) StdoutLine: {'line': b'running egg_info\n'}
[29.244202] (robot_serial) StdoutLine: {'line': b'writing ../../build/robot_serial/robot_serial.egg-info/PKG-INFO\n'}
[29.245342] (robot_serial) StdoutLine: {'line': b'writing dependency_links to ../../build/robot_serial/robot_serial.egg-info/dependency_links.txt\n'}
[29.246397] (robot_serial) StdoutLine: {'line': b'writing entry points to ../../build/robot_serial/robot_serial.egg-info/entry_points.txt\n'}
[29.247391] (robot_serial) StdoutLine: {'line': b'writing requirements to ../../build/robot_serial/robot_serial.egg-info/requires.txt\n'}
[29.248468] (robot_serial) StdoutLine: {'line': b'writing top-level names to ../../build/robot_serial/robot_serial.egg-info/top_level.txt\n'}
[29.257336] (robot_serial) StdoutLine: {'line': b"reading manifest file '../../build/robot_serial/robot_serial.egg-info/SOURCES.txt'\n"}
[29.262269] (robot_serial) StdoutLine: {'line': b"writing manifest file '../../build/robot_serial/robot_serial.egg-info/SOURCES.txt'\n"}
[29.263412] (robot_serial) StdoutLine: {'line': b'running build\n'}
[29.264228] (robot_serial) StdoutLine: {'line': b'running build_py\n'}
[29.265642] (robot_serial) StdoutLine: {'line': b'copying robot_serial/serial_manager.py -> /home/robot/robot_ws/build/robot_serial/build/lib/robot_serial\n'}
[29.268921] (robot_serial) StdoutLine: {'line': b'running install\n'}
[29.270318] (robot_serial) StdoutLine: {'line': b'running install_lib\n'}
[29.275546] (robot_serial) StdoutLine: {'line': b'copying /home/robot/robot_ws/build/robot_serial/build/lib/robot_serial/serial_manager.py -> /home/robot/robot_ws/install/robot_serial/lib/python3.10/site-packages/robot_serial\n'}
[29.281328] (robot_serial) StdoutLine: {'line': b'byte-compiling /home/robot/robot_ws/install/robot_serial/lib/python3.10/site-packages/robot_serial/serial_manager.py to serial_manager.cpython-310.pyc\n'}
[29.289572] (robot_serial) StdoutLine: {'line': b'running install_data\n'}
[29.290993] (robot_serial) StdoutLine: {'line': b'running install_egg_info\n'}
[29.298997] (robot_serial) StdoutLine: {'line': b"removing '/home/robot/robot_ws/install/robot_serial/lib/python3.10/site-packages/robot_serial-1.0.0-py3.10.egg-info' (and everything under it)\n"}
[29.301093] (robot_serial) StdoutLine: {'line': b'Copying ../../build/robot_serial/robot_serial.egg-info to /home/robot/robot_ws/install/robot_serial/lib/python3.10/site-packages/robot_serial-1.0.0-py3.10.egg-info\n'}
[29.307613] (robot_serial) StdoutLine: {'line': b'running install_scripts\n'}
[29.337642] (-) TimerEvent: {}
[29.402467] (robot_serial) StdoutLine: {'line': b'Installing serial_node script to /home/robot/robot_ws/install/robot_serial/lib/robot_serial\n'}
[29.403863] (robot_serial) StdoutLine: {'line': b'Installing teleop_text script to /home/robot/robot_ws/install/robot_serial/lib/robot_serial\n'}
[29.404948] (robot_serial) StdoutLine: {'line': b'Installing wheel_odom_node script to /home/robot/robot_ws/install/robot_serial/lib/robot_serial\n'}
[29.406970] (robot_serial) StdoutLine: {'line': b"writing list of installed files to '/home/robot/robot_ws/build/robot_serial/install.log'\n"}
[29.437988] (-) TimerEvent: {}
[29.531650] (robot_serial) CommandEnded: {'returncode': 0}
[29.538081] (-) TimerEvent: {}
[29.597419] (robot_serial) JobEnded: {'identifier': 'robot_serial', 'rc': 0}
[29.600152] (-) EventReactorShutdown: {}
