[4.369s] Invoking command in '/home/robot/robot_ws/src/robot_serial': PYTHONPATH=/home/robot/robot_ws/build/robot_serial/prefix_override:/usr/lib/python3/dist-packages/colcon_core/task/python/colcon_distutils_commands:/home/robot/robot_ws/install/robot_serial/lib/python3.10/site-packages:${PYTHONPATH} /usr/bin/python3 -W ignore:setup.py install is deprecated -W ignore:easy_install command is deprecated setup.py egg_info --egg-base ../../build/robot_serial build --build-base /home/robot/robot_ws/build/robot_serial/build install --record /home/robot/robot_ws/build/robot_serial/install.log --install-scripts $base/lib/robot_serial --single-version-externally-managed install_data
[5.693s] running egg_info
[5.696s] writing ../../build/robot_serial/robot_serial.egg-info/PKG-INFO
[5.698s] writing dependency_links to ../../build/robot_serial/robot_serial.egg-info/dependency_links.txt
[5.699s] writing entry points to ../../build/robot_serial/robot_serial.egg-info/entry_points.txt
[5.700s] writing requirements to ../../build/robot_serial/robot_serial.egg-info/requires.txt
[5.701s] writing top-level names to ../../build/robot_serial/robot_serial.egg-info/top_level.txt
[5.711s] reading manifest file '../../build/robot_serial/robot_serial.egg-info/SOURCES.txt'
[5.716s] writing manifest file '../../build/robot_serial/robot_serial.egg-info/SOURCES.txt'
[5.716s] running build
[5.717s] running build_py
[5.718s] copying robot_serial/sensor_parser.py -> /home/robot/robot_ws/build/robot_serial/build/lib/robot_serial
[5.721s] running install
[5.723s] running install_lib
[5.727s] copying /home/robot/robot_ws/build/robot_serial/build/lib/robot_serial/sensor_parser.py -> /home/robot/robot_ws/install/robot_serial/lib/python3.10/site-packages/robot_serial
[5.733s] byte-compiling /home/robot/robot_ws/install/robot_serial/lib/python3.10/site-packages/robot_serial/sensor_parser.py to sensor_parser.cpython-310.pyc
[5.739s] running install_data
[5.740s] running install_egg_info
[5.750s] removing '/home/robot/robot_ws/install/robot_serial/lib/python3.10/site-packages/robot_serial-1.0.0-py3.10.egg-info' (and everything under it)
[5.752s] Copying ../../build/robot_serial/robot_serial.egg-info to /home/robot/robot_ws/install/robot_serial/lib/python3.10/site-packages/robot_serial-1.0.0-py3.10.egg-info
[5.888s] running install_scripts
[5.990s] Installing serial_node script to /home/robot/robot_ws/install/robot_serial/lib/robot_serial
[5.995s] writing list of installed files to '/home/robot/robot_ws/build/robot_serial/install.log'
[6.127s] Invoked command in '/home/robot/robot_ws/src/robot_serial' returned '0': PYTHONPATH=/home/robot/robot_ws/build/robot_serial/prefix_override:/usr/lib/python3/dist-packages/colcon_core/task/python/colcon_distutils_commands:/home/robot/robot_ws/install/robot_serial/lib/python3.10/site-packages:${PYTHONPATH} /usr/bin/python3 -W ignore:setup.py install is deprecated -W ignore:easy_install command is deprecated setup.py egg_info --egg-base ../../build/robot_serial build --build-base /home/robot/robot_ws/build/robot_serial/build install --record /home/robot/robot_ws/build/robot_serial/install.log --install-scripts $base/lib/robot_serial --single-version-externally-managed install_data
