[13.518s] Invoking command in '/home/robot/robot_ws/src/web_bridge': PYTHONPATH=/home/robot/robot_ws/build/web_bridge/prefix_override:/usr/lib/python3/dist-packages/colcon_core/task/python/colcon_distutils_commands:/home/robot/robot_ws/install/web_bridge/lib/python3.10/site-packages:${PYTHONPATH} /usr/bin/python3 -W ignore:setup.py install is deprecated -W ignore:easy_install command is deprecated setup.py egg_info --egg-base ../../build/web_bridge build --build-base /home/robot/robot_ws/build/web_bridge/build install --record /home/robot/robot_ws/build/web_bridge/install.log --single-version-externally-managed install_data
[15.768s] running egg_info
[15.789s] writing ../../build/web_bridge/web_bridge.egg-info/PKG-INFO
[15.796s] writing dependency_links to ../../build/web_bridge/web_bridge.egg-info/dependency_links.txt
[15.800s] writing entry points to ../../build/web_bridge/web_bridge.egg-info/entry_points.txt
[15.805s] writing requirements to ../../build/web_bridge/web_bridge.egg-info/requires.txt
[15.808s] writing top-level names to ../../build/web_bridge/web_bridge.egg-info/top_level.txt
[15.834s] reading manifest file '../../build/web_bridge/web_bridge.egg-info/SOURCES.txt'
[15.846s] writing manifest file '../../build/web_bridge/web_bridge.egg-info/SOURCES.txt'
[15.856s] running build
[15.857s] running build_py
[15.862s] running install
[15.862s] running install_lib
[15.885s] running install_data
[15.892s] running install_egg_info
[15.906s] removing '/home/robot/robot_ws/install/web_bridge/lib/python3.10/site-packages/web_bridge-0.0.1-py3.10.egg-info' (and everything under it)
[15.912s] Copying ../../build/web_bridge/web_bridge.egg-info to /home/robot/robot_ws/install/web_bridge/lib/python3.10/site-packages/web_bridge-0.0.1-py3.10.egg-info
[15.951s] running install_scripts
[16.128s] Installing web_bridge script to /home/robot/robot_ws/install/web_bridge/bin
[16.131s] writing list of installed files to '/home/robot/robot_ws/build/web_bridge/install.log'
[16.530s] Invoked command in '/home/robot/robot_ws/src/web_bridge' returned '0': PYTHONPATH=/home/robot/robot_ws/build/web_bridge/prefix_override:/usr/lib/python3/dist-packages/colcon_core/task/python/colcon_distutils_commands:/home/robot/robot_ws/install/web_bridge/lib/python3.10/site-packages:${PYTHONPATH} /usr/bin/python3 -W ignore:setup.py install is deprecated -W ignore:easy_install command is deprecated setup.py egg_info --egg-base ../../build/web_bridge build --build-base /home/robot/robot_ws/build/web_bridge/build install --record /home/robot/robot_ws/build/web_bridge/install.log --single-version-externally-managed install_data
