[4.090s] Invoking command in '/home/robot/robot_ws/src/robot_serial': PYTHONPATH=/home/robot/robot_ws/build/robot_serial/prefix_override:/usr/lib/python3/dist-packages/colcon_core/task/python/colcon_distutils_commands:/home/robot/robot_ws/install/robot_serial/lib/python3.10/site-packages:${PYTHONPATH} /usr/bin/python3 -W ignore:setup.py install is deprecated -W ignore:easy_install command is deprecated setup.py egg_info --egg-base ../../build/robot_serial build --build-base /home/robot/robot_ws/build/robot_serial/build install --record /home/robot/robot_ws/build/robot_serial/install.log --install-scripts $base/lib/robot_serial --single-version-externally-managed install_data
[5.423s] running egg_info
[5.426s] writing ../../build/robot_serial/robot_serial.egg-info/PKG-INFO
[5.428s] writing dependency_links to ../../build/robot_serial/robot_serial.egg-info/dependency_links.txt
[5.429s] writing entry points to ../../build/robot_serial/robot_serial.egg-info/entry_points.txt
[5.430s] writing requirements to ../../build/robot_serial/robot_serial.egg-info/requires.txt
[5.431s] writing top-level names to ../../build/robot_serial/robot_serial.egg-info/top_level.txt
[5.441s] reading manifest file '../../build/robot_serial/robot_serial.egg-info/SOURCES.txt'
[5.446s] writing manifest file '../../build/robot_serial/robot_serial.egg-info/SOURCES.txt'
[5.447s] running build
[5.447s] running build_py
[5.448s] copying robot_serial/sensor_parser.py -> /home/robot/robot_ws/build/robot_serial/build/lib/robot_serial
[5.450s] copying robot_serial/serial_node.py -> /home/robot/robot_ws/build/robot_serial/build/lib/robot_serial
[5.453s] running install
[5.455s] running install_lib
[5.459s] copying /home/robot/robot_ws/build/robot_serial/build/lib/robot_serial/sensor_parser.py -> /home/robot/robot_ws/install/robot_serial/lib/python3.10/site-packages/robot_serial
[5.460s] copying /home/robot/robot_ws/build/robot_serial/build/lib/robot_serial/serial_node.py -> /home/robot/robot_ws/install/robot_serial/lib/python3.10/site-packages/robot_serial
[5.465s] byte-compiling /home/robot/robot_ws/install/robot_serial/lib/python3.10/site-packages/robot_serial/sensor_parser.py to sensor_parser.cpython-310.pyc
[5.468s] byte-compiling /home/robot/robot_ws/install/robot_serial/lib/python3.10/site-packages/robot_serial/serial_node.py to serial_node.cpython-310.pyc
[5.474s] running install_data
[5.475s] running install_egg_info
[5.484s] removing '/home/robot/robot_ws/install/robot_serial/lib/python3.10/site-packages/robot_serial-1.0.0-py3.10.egg-info' (and everything under it)
[5.486s] Copying ../../build/robot_serial/robot_serial.egg-info to /home/robot/robot_ws/install/robot_serial/lib/python3.10/site-packages/robot_serial-1.0.0-py3.10.egg-info
[5.494s] running install_scripts
[5.590s] Installing serial_node script to /home/robot/robot_ws/install/robot_serial/lib/robot_serial
[5.593s] writing list of installed files to '/home/robot/robot_ws/build/robot_serial/install.log'
[5.727s] Invoked command in '/home/robot/robot_ws/src/robot_serial' returned '0': PYTHONPATH=/home/robot/robot_ws/build/robot_serial/prefix_override:/usr/lib/python3/dist-packages/colcon_core/task/python/colcon_distutils_commands:/home/robot/robot_ws/install/robot_serial/lib/python3.10/site-packages:${PYTHONPATH} /usr/bin/python3 -W ignore:setup.py install is deprecated -W ignore:easy_install command is deprecated setup.py egg_info --egg-base ../../build/robot_serial build --build-base /home/robot/robot_ws/build/robot_serial/build install --record /home/robot/robot_ws/build/robot_serial/install.log --install-scripts $base/lib/robot_serial --single-version-externally-managed install_data
