[5.058s] Invoking command in '/home/robot/robot_ws/build/vision_ai_node': PYTHONPATH=/home/robot/robot_ws/build/vision_ai_node/prefix_override:/usr/lib/python3/dist-packages/colcon_core/task/python/colcon_distutils_commands:/home/robot/robot_ws/install/vision_ai_node/lib/python3.10/site-packages:${PYTHONPATH} /usr/bin/python3 -W ignore:setup.py install is deprecated -W ignore:easy_install command is deprecated setup.py develop --editable --build-directory /home/robot/robot_ws/build/vision_ai_node/build --no-deps symlink_data --force
[6.454s] running develop
[7.329s] running egg_info
[14.585s] writing vision_ai_node.egg-info/PKG-INFO
[14.588s] writing dependency_links to vision_ai_node.egg-info/dependency_links.txt
[14.592s] writing entry points to vision_ai_node.egg-info/entry_points.txt
[14.592s] writing requirements to vision_ai_node.egg-info/requires.txt
[14.593s] writing top-level names to vision_ai_node.egg-info/top_level.txt
[14.600s] reading manifest file 'vision_ai_node.egg-info/SOURCES.txt'
[14.605s] writing manifest file 'vision_ai_node.egg-info/SOURCES.txt'
[14.612s] running build_ext
[14.614s] Creating /home/robot/robot_ws/install/vision_ai_node/lib/python3.10/site-packages/vision-ai-node.egg-link (link to .)
[14.617s] Installing vision_ai_node script to /home/robot/robot_ws/install/vision_ai_node/lib/vision_ai_node
[14.619s] 
[14.620s] Installed /home/robot/robot_ws/build/vision_ai_node
[14.621s] running symlink_data
[14.622s] symbolically linking /home/robot/robot_ws/build/vision_ai_node/resource/vision_ai_node -> /home/robot/robot_ws/install/vision_ai_node/share/ament_index/resource_index/packages
[14.622s] symbolically linking /home/robot/robot_ws/build/vision_ai_node/package.xml -> /home/robot/robot_ws/install/vision_ai_node/share/vision_ai_node
[14.623s] symbolically linking /home/robot/robot_ws/build/vision_ai_node/launch/vision_ai.launch.py -> /home/robot/robot_ws/install/vision_ai_node/share/vision_ai_node/launch
[14.624s] symbolically linking /home/robot/robot_ws/build/vision_ai_node/config/vision.yaml -> /home/robot/robot_ws/install/vision_ai_node/share/vision_ai_node/config
[14.768s] Invoked command in '/home/robot/robot_ws/build/vision_ai_node' returned '0': PYTHONPATH=/home/robot/robot_ws/build/vision_ai_node/prefix_override:/usr/lib/python3/dist-packages/colcon_core/task/python/colcon_distutils_commands:/home/robot/robot_ws/install/vision_ai_node/lib/python3.10/site-packages:${PYTHONPATH} /usr/bin/python3 -W ignore:setup.py install is deprecated -W ignore:easy_install command is deprecated setup.py develop --editable --build-directory /home/robot/robot_ws/build/vision_ai_node/build --no-deps symlink_data --force
