[14.695s] Invoking command in '/home/robot/robot_ws/src/robot_serial': PYTHONPATH=/home/robot/robot_ws/src/robot_serial/build/robot_serial/prefix_override:/usr/lib/python3/dist-packages/colcon_core/task/python/colcon_distutils_commands:/home/robot/robot_ws/src/robot_serial/install/robot_serial/lib/python3.10/site-packages:${PYTHONPATH} /usr/bin/python3 -W ignore:setup.py install is deprecated -W ignore:easy_install command is deprecated setup.py egg_info --egg-base build/robot_serial build --build-base /home/robot/robot_ws/src/robot_serial/build/robot_serial/build install --record /home/robot/robot_ws/src/robot_serial/build/robot_serial/install.log --install-scripts $base/lib/robot_serial --single-version-externally-managed install_data
[15.946s] running egg_info
[15.950s] creating build/robot_serial/robot_serial.egg-info
[15.952s] writing build/robot_serial/robot_serial.egg-info/PKG-INFO
[15.955s] writing dependency_links to build/robot_serial/robot_serial.egg-info/dependency_links.txt
[15.956s] writing entry points to build/robot_serial/robot_serial.egg-info/entry_points.txt
[15.956s] writing requirements to build/robot_serial/robot_serial.egg-info/requires.txt
[15.957s] writing top-level names to build/robot_serial/robot_serial.egg-info/top_level.txt
[15.957s] writing manifest file 'build/robot_serial/robot_serial.egg-info/SOURCES.txt'
[15.965s] reading manifest file 'build/robot_serial/robot_serial.egg-info/SOURCES.txt'
[15.970s] writing manifest file 'build/robot_serial/robot_serial.egg-info/SOURCES.txt'
[15.970s] running build
[15.973s] running build_py
[15.974s] creating /home/robot/robot_ws/src/robot_serial/build/robot_serial/build
[15.976s] creating /home/robot/robot_ws/src/robot_serial/build/robot_serial/build/lib
[15.977s] creating /home/robot/robot_ws/src/robot_serial/build/robot_serial/build/lib/robot_serial
[15.978s] copying robot_serial/__init__.py -> /home/robot/robot_ws/src/robot_serial/build/robot_serial/build/lib/robot_serial
[15.979s] copying robot_serial/serial_protocol.py -> /home/robot/robot_ws/src/robot_serial/build/robot_serial/build/lib/robot_serial
[15.980s] copying robot_serial/sensor_parser.py -> /home/robot/robot_ws/src/robot_serial/build/robot_serial/build/lib/robot_serial
[15.981s] copying robot_serial/teleop.py -> /home/robot/robot_ws/src/robot_serial/build/robot_serial/build/lib/robot_serial
[15.982s] copying robot_serial/serial_manager.py -> /home/robot/robot_ws/src/robot_serial/build/robot_serial/build/lib/robot_serial
[15.983s] copying robot_serial/serial_node.py -> /home/robot/robot_ws/src/robot_serial/build/robot_serial/build/lib/robot_serial
[15.984s] copying robot_serial/serial_bridge_node.py -> /home/robot/robot_ws/src/robot_serial/build/robot_serial/build/lib/robot_serial
[15.985s] copying robot_serial/wheel_odom_node.py -> /home/robot/robot_ws/src/robot_serial/build/robot_serial/build/lib/robot_serial
[15.986s] copying robot_serial/serial_parser.py -> /home/robot/robot_ws/src/robot_serial/build/robot_serial/build/lib/robot_serial
[15.987s] running install
[15.988s] running install_lib
[15.993s] creating /home/robot/robot_ws/src/robot_serial/install/robot_serial/lib/python3.10/site-packages/robot_serial
[15.994s] copying /home/robot/robot_ws/src/robot_serial/build/robot_serial/build/lib/robot_serial/__init__.py -> /home/robot/robot_ws/src/robot_serial/install/robot_serial/lib/python3.10/site-packages/robot_serial
[15.995s] copying /home/robot/robot_ws/src/robot_serial/build/robot_serial/build/lib/robot_serial/serial_protocol.py -> /home/robot/robot_ws/src/robot_serial/install/robot_serial/lib/python3.10/site-packages/robot_serial
[15.996s] copying /home/robot/robot_ws/src/robot_serial/build/robot_serial/build/lib/robot_serial/sensor_parser.py -> /home/robot/robot_ws/src/robot_serial/install/robot_serial/lib/python3.10/site-packages/robot_serial
[15.998s] copying /home/robot/robot_ws/src/robot_serial/build/robot_serial/build/lib/robot_serial/teleop.py -> /home/robot/robot_ws/src/robot_serial/install/robot_serial/lib/python3.10/site-packages/robot_serial
[15.999s] copying /home/robot/robot_ws/src/robot_serial/build/robot_serial/build/lib/robot_serial/serial_manager.py -> /home/robot/robot_ws/src/robot_serial/install/robot_serial/lib/python3.10/site-packages/robot_serial
[16.001s] copying /home/robot/robot_ws/src/robot_serial/build/robot_serial/build/lib/robot_serial/serial_node.py -> /home/robot/robot_ws/src/robot_serial/install/robot_serial/lib/python3.10/site-packages/robot_serial
[16.003s] copying /home/robot/robot_ws/src/robot_serial/build/robot_serial/build/lib/robot_serial/serial_bridge_node.py -> /home/robot/robot_ws/src/robot_serial/install/robot_serial/lib/python3.10/site-packages/robot_serial
[16.005s] copying /home/robot/robot_ws/src/robot_serial/build/robot_serial/build/lib/robot_serial/wheel_odom_node.py -> /home/robot/robot_ws/src/robot_serial/install/robot_serial/lib/python3.10/site-packages/robot_serial
[16.006s] copying /home/robot/robot_ws/src/robot_serial/build/robot_serial/build/lib/robot_serial/serial_parser.py -> /home/robot/robot_ws/src/robot_serial/install/robot_serial/lib/python3.10/site-packages/robot_serial
[16.011s] byte-compiling /home/robot/robot_ws/src/robot_serial/install/robot_serial/lib/python3.10/site-packages/robot_serial/__init__.py to __init__.cpython-310.pyc
[16.014s] byte-compiling /home/robot/robot_ws/src/robot_serial/install/robot_serial/lib/python3.10/site-packages/robot_serial/serial_protocol.py to serial_protocol.cpython-310.pyc
[16.019s] byte-compiling /home/robot/robot_ws/src/robot_serial/install/robot_serial/lib/python3.10/site-packages/robot_serial/sensor_parser.py to sensor_parser.cpython-310.pyc
[16.026s] byte-compiling /home/robot/robot_ws/src/robot_serial/install/robot_serial/lib/python3.10/site-packages/robot_serial/teleop.py to teleop.cpython-310.pyc
[16.030s] byte-compiling /home/robot/robot_ws/src/robot_serial/install/robot_serial/lib/python3.10/site-packages/robot_serial/serial_manager.py to serial_manager.cpython-310.pyc
[16.035s] byte-compiling /home/robot/robot_ws/src/robot_serial/install/robot_serial/lib/python3.10/site-packages/robot_serial/serial_node.py to serial_node.cpython-310.pyc
[16.042s] byte-compiling /home/robot/robot_ws/src/robot_serial/install/robot_serial/lib/python3.10/site-packages/robot_serial/serial_bridge_node.py to serial_bridge_node.cpython-310.pyc
[16.051s] byte-compiling /home/robot/robot_ws/src/robot_serial/install/robot_serial/lib/python3.10/site-packages/robot_serial/wheel_odom_node.py to wheel_odom_node.cpython-310.pyc
[16.056s] byte-compiling /home/robot/robot_ws/src/robot_serial/install/robot_serial/lib/python3.10/site-packages/robot_serial/serial_parser.py to serial_parser.cpython-310.pyc
[16.059s] running install_data
[16.126s] creating /home/robot/robot_ws/src/robot_serial/install/robot_serial/share/ament_index
[16.128s] creating /home/robot/robot_ws/src/robot_serial/install/robot_serial/share/ament_index/resource_index
[16.129s] creating /home/robot/robot_ws/src/robot_serial/install/robot_serial/share/ament_index/resource_index/packages
[16.131s] copying resource/robot_serial -> /home/robot/robot_ws/src/robot_serial/install/robot_serial/share/ament_index/resource_index/packages
[16.135s] copying package.xml -> /home/robot/robot_ws/src/robot_serial/install/robot_serial/share/robot_serial
[16.137s] creating /home/robot/robot_ws/src/robot_serial/install/robot_serial/share/robot_serial/launch
[16.137s] copying launch/robot_serial.launch.py -> /home/robot/robot_ws/src/robot_serial/install/robot_serial/share/robot_serial/launch
[16.138s] copying launch/wheel_odom.launch.py -> /home/robot/robot_ws/src/robot_serial/install/robot_serial/share/robot_serial/launch
[16.139s] creating /home/robot/robot_ws/src/robot_serial/install/robot_serial/share/robot_serial/config
[16.140s] copying config/serial.yaml -> /home/robot/robot_ws/src/robot_serial/install/robot_serial/share/robot_serial/config
[16.141s] running install_egg_info
[16.150s] Copying build/robot_serial/robot_serial.egg-info to /home/robot/robot_ws/src/robot_serial/install/robot_serial/lib/python3.10/site-packages/robot_serial-1.0.0-py3.10.egg-info
[16.156s] running install_scripts
[16.251s] Installing serial_node script to /home/robot/robot_ws/src/robot_serial/install/robot_serial/lib/robot_serial
[16.252s] Installing teleop_text script to /home/robot/robot_ws/src/robot_serial/install/robot_serial/lib/robot_serial
[16.253s] Installing wheel_odom_node script to /home/robot/robot_ws/src/robot_serial/install/robot_serial/lib/robot_serial
[16.256s] writing list of installed files to '/home/robot/robot_ws/src/robot_serial/build/robot_serial/install.log'
[16.380s] Invoked command in '/home/robot/robot_ws/src/robot_serial' returned '0': PYTHONPATH=/home/robot/robot_ws/src/robot_serial/build/robot_serial/prefix_override:/usr/lib/python3/dist-packages/colcon_core/task/python/colcon_distutils_commands:/home/robot/robot_ws/src/robot_serial/install/robot_serial/lib/python3.10/site-packages:${PYTHONPATH} /usr/bin/python3 -W ignore:setup.py install is deprecated -W ignore:easy_install command is deprecated setup.py egg_info --egg-base build/robot_serial build --build-base /home/robot/robot_ws/src/robot_serial/build/robot_serial/build install --record /home/robot/robot_ws/src/robot_serial/build/robot_serial/install.log --install-scripts $base/lib/robot_serial --single-version-externally-managed install_data
