[2.540s] Invoking command in '/home/phuongnam/robot_main/build/robot_serial': PYTHONPATH=/home/phuongnam/robot_main/build/robot_serial/prefix_override:/usr/lib/python3/dist-packages/colcon_core/task/python/colcon_distutils_commands:/home/phuongnam/robot_main/install/robot_serial/lib/python3.10/site-packages:${PYTHONPATH} /usr/bin/python3 -W ignore:setup.py install is deprecated -W ignore:easy_install command is deprecated setup.py develop --uninstall --editable --build-directory /home/phuongnam/robot_main/build/robot_serial/build
[2.924s] running develop
[3.161s] Removing /home/phuongnam/robot_main/install/robot_serial/lib/python3.10/site-packages/robot-serial.egg-link (link to .)
[3.216s] Invoked command in '/home/phuongnam/robot_main/build/robot_serial' returned '0': PYTHONPATH=/home/phuongnam/robot_main/build/robot_serial/prefix_override:/usr/lib/python3/dist-packages/colcon_core/task/python/colcon_distutils_commands:/home/phuongnam/robot_main/install/robot_serial/lib/python3.10/site-packages:${PYTHONPATH} /usr/bin/python3 -W ignore:setup.py install is deprecated -W ignore:easy_install command is deprecated setup.py develop --uninstall --editable --build-directory /home/phuongnam/robot_main/build/robot_serial/build
[3.220s] Invoking command in '/home/phuongnam/robot_main/src/robot_serial': PYTHONPATH=/home/phuongnam/robot_main/build/robot_serial/prefix_override:/usr/lib/python3/dist-packages/colcon_core/task/python/colcon_distutils_commands:/home/phuongnam/robot_main/install/robot_serial/lib/python3.10/site-packages:${PYTHONPATH} /usr/bin/python3 -W ignore:setup.py install is deprecated -W ignore:easy_install command is deprecated setup.py egg_info --egg-base ../../build/robot_serial build --build-base /home/phuongnam/robot_main/build/robot_serial/build install --record /home/phuongnam/robot_main/build/robot_serial/install.log --install-scripts $base/lib/robot_serial --single-version-externally-managed install_data --force
[3.582s] running egg_info
[3.584s] writing ../../build/robot_serial/robot_serial.egg-info/PKG-INFO
[3.584s] writing dependency_links to ../../build/robot_serial/robot_serial.egg-info/dependency_links.txt
[3.584s] writing entry points to ../../build/robot_serial/robot_serial.egg-info/entry_points.txt
[3.585s] writing requirements to ../../build/robot_serial/robot_serial.egg-info/requires.txt
[3.585s] writing top-level names to ../../build/robot_serial/robot_serial.egg-info/top_level.txt
[3.589s] reading manifest file '../../build/robot_serial/robot_serial.egg-info/SOURCES.txt'
[3.590s] writing manifest file '../../build/robot_serial/robot_serial.egg-info/SOURCES.txt'
[3.591s] running build
[3.591s] running build_py
[3.591s] creating /home/phuongnam/robot_main/build/robot_serial/build
[3.592s] creating /home/phuongnam/robot_main/build/robot_serial/build/lib
[3.592s] creating /home/phuongnam/robot_main/build/robot_serial/build/lib/robot_serial
[3.592s] copying robot_serial/wheel_odom_node.py -> /home/phuongnam/robot_main/build/robot_serial/build/lib/robot_serial
[3.592s] copying robot_serial/sensor_parser.py -> /home/phuongnam/robot_main/build/robot_serial/build/lib/robot_serial
[3.593s] copying robot_serial/serial_node.py -> /home/phuongnam/robot_main/build/robot_serial/build/lib/robot_serial
[3.593s] copying robot_serial/__init__.py -> /home/phuongnam/robot_main/build/robot_serial/build/lib/robot_serial
[3.593s] copying robot_serial/serial_manager.py -> /home/phuongnam/robot_main/build/robot_serial/build/lib/robot_serial
[3.593s] copying robot_serial/teleop.py -> /home/phuongnam/robot_main/build/robot_serial/build/lib/robot_serial
[3.593s] running install
[3.594s] running install_lib
[3.595s] creating /home/phuongnam/robot_main/install/robot_serial/lib/python3.10/site-packages/robot_serial
[3.596s] copying /home/phuongnam/robot_main/build/robot_serial/build/lib/robot_serial/wheel_odom_node.py -> /home/phuongnam/robot_main/install/robot_serial/lib/python3.10/site-packages/robot_serial
[3.596s] copying /home/phuongnam/robot_main/build/robot_serial/build/lib/robot_serial/sensor_parser.py -> /home/phuongnam/robot_main/install/robot_serial/lib/python3.10/site-packages/robot_serial
[3.597s] copying /home/phuongnam/robot_main/build/robot_serial/build/lib/robot_serial/serial_node.py -> /home/phuongnam/robot_main/install/robot_serial/lib/python3.10/site-packages/robot_serial
[3.597s] copying /home/phuongnam/robot_main/build/robot_serial/build/lib/robot_serial/__init__.py -> /home/phuongnam/robot_main/install/robot_serial/lib/python3.10/site-packages/robot_serial
[3.597s] copying /home/phuongnam/robot_main/build/robot_serial/build/lib/robot_serial/serial_manager.py -> /home/phuongnam/robot_main/install/robot_serial/lib/python3.10/site-packages/robot_serial
[3.598s] copying /home/phuongnam/robot_main/build/robot_serial/build/lib/robot_serial/teleop.py -> /home/phuongnam/robot_main/install/robot_serial/lib/python3.10/site-packages/robot_serial
[3.599s] byte-compiling /home/phuongnam/robot_main/install/robot_serial/lib/python3.10/site-packages/robot_serial/wheel_odom_node.py to wheel_odom_node.cpython-310.pyc
[3.602s] byte-compiling /home/phuongnam/robot_main/install/robot_serial/lib/python3.10/site-packages/robot_serial/sensor_parser.py to sensor_parser.cpython-310.pyc
[3.604s] byte-compiling /home/phuongnam/robot_main/install/robot_serial/lib/python3.10/site-packages/robot_serial/serial_node.py to serial_node.cpython-310.pyc
[3.607s] byte-compiling /home/phuongnam/robot_main/install/robot_serial/lib/python3.10/site-packages/robot_serial/__init__.py to __init__.cpython-310.pyc
[3.608s] byte-compiling /home/phuongnam/robot_main/install/robot_serial/lib/python3.10/site-packages/robot_serial/serial_manager.py to serial_manager.cpython-310.pyc
[3.610s] byte-compiling /home/phuongnam/robot_main/install/robot_serial/lib/python3.10/site-packages/robot_serial/teleop.py to teleop.cpython-310.pyc
[3.611s] running install_data
[3.611s] copying resource/robot_serial -> /home/phuongnam/robot_main/install/robot_serial/share/ament_index/resource_index/packages
[3.612s] copying package.xml -> /home/phuongnam/robot_main/install/robot_serial/share/robot_serial
[3.612s] copying launch/robot_serial.launch.py -> /home/phuongnam/robot_main/install/robot_serial/share/robot_serial/launch
[3.613s] copying launch/wheel_odom.launch.py -> /home/phuongnam/robot_main/install/robot_serial/share/robot_serial/launch
[3.614s] copying config/serial.yaml -> /home/phuongnam/robot_main/install/robot_serial/share/robot_serial/config
[3.614s] running install_egg_info
[3.618s] Copying ../../build/robot_serial/robot_serial.egg-info to /home/phuongnam/robot_main/install/robot_serial/lib/python3.10/site-packages/robot_serial-1.0.0-py3.10.egg-info
[3.620s] running install_scripts
[3.660s] Installing serial_node script to /home/phuongnam/robot_main/install/robot_serial/lib/robot_serial
[3.662s] Installing teleop_text script to /home/phuongnam/robot_main/install/robot_serial/lib/robot_serial
[3.662s] Installing wheel_odom_node script to /home/phuongnam/robot_main/install/robot_serial/lib/robot_serial
[3.662s] writing list of installed files to '/home/phuongnam/robot_main/build/robot_serial/install.log'
[3.737s] Invoked command in '/home/phuongnam/robot_main/src/robot_serial' returned '0': PYTHONPATH=/home/phuongnam/robot_main/build/robot_serial/prefix_override:/usr/lib/python3/dist-packages/colcon_core/task/python/colcon_distutils_commands:/home/phuongnam/robot_main/install/robot_serial/lib/python3.10/site-packages:${PYTHONPATH} /usr/bin/python3 -W ignore:setup.py install is deprecated -W ignore:easy_install command is deprecated setup.py egg_info --egg-base ../../build/robot_serial build --build-base /home/phuongnam/robot_main/build/robot_serial/build install --record /home/phuongnam/robot_main/build/robot_serial/install.log --install-scripts $base/lib/robot_serial --single-version-externally-managed install_data --force
