[9.573s] Invoking command in '/home/robot/robot_ws/src/web_bridge': PYTHONPATH=/home/robot/robot_ws/build/web_bridge/prefix_override:/usr/lib/python3/dist-packages/colcon_core/task/python/colcon_distutils_commands:/home/robot/robot_ws/install/web_bridge/lib/python3.10/site-packages:${PYTHONPATH} /usr/bin/python3 -W ignore:setup.py install is deprecated -W ignore:easy_install command is deprecated setup.py egg_info --egg-base ../../build/web_bridge build --build-base /home/robot/robot_ws/build/web_bridge/build install --record /home/robot/robot_ws/build/web_bridge/install.log --single-version-externally-managed install_data
[9.575s] running egg_info
[9.576s] writing ../../build/web_bridge/web_bridge.egg-info/PKG-INFO
[9.577s] writing dependency_links to ../../build/web_bridge/web_bridge.egg-info/dependency_links.txt
[9.579s] writing entry points to ../../build/web_bridge/web_bridge.egg-info/entry_points.txt
[9.581s] writing requirements to ../../build/web_bridge/web_bridge.egg-info/requires.txt
[9.582s] writing top-level names to ../../build/web_bridge/web_bridge.egg-info/top_level.txt
[9.585s] reading manifest file '../../build/web_bridge/web_bridge.egg-info/SOURCES.txt'
[9.590s] writing manifest file '../../build/web_bridge/web_bridge.egg-info/SOURCES.txt'
[9.592s] running build
[9.593s] running build_py
[9.594s] running install
[9.596s] running install_lib
[9.603s] running install_data
[9.606s] copying resource/web_bridge -> /home/robot/robot_ws/install/web_bridge/share/ament_index/resource_index/packages
[9.609s] running install_egg_info
[9.618s] removing '/home/robot/robot_ws/install/web_bridge/lib/python3.10/site-packages/web_bridge-0.0.1-py3.10.egg-info' (and everything under it)
[9.620s] Copying ../../build/web_bridge/web_bridge.egg-info to /home/robot/robot_ws/install/web_bridge/lib/python3.10/site-packages/web_bridge-0.0.1-py3.10.egg-info
[9.644s] running install_scripts
[9.779s] Installing web_bridge script to /home/robot/robot_ws/install/web_bridge/bin
[9.785s] writing list of installed files to '/home/robot/robot_ws/build/web_bridge/install.log'
[10.063s] Invoked command in '/home/robot/robot_ws/src/web_bridge' returned '0': PYTHONPATH=/home/robot/robot_ws/build/web_bridge/prefix_override:/usr/lib/python3/dist-packages/colcon_core/task/python/colcon_distutils_commands:/home/robot/robot_ws/install/web_bridge/lib/python3.10/site-packages:${PYTHONPATH} /usr/bin/python3 -W ignore:setup.py install is deprecated -W ignore:easy_install command is deprecated setup.py egg_info --egg-base ../../build/web_bridge build --build-base /home/robot/robot_ws/build/web_bridge/build install --record /home/robot/robot_ws/build/web_bridge/install.log --single-version-externally-managed install_data
