[1.567s] DEBUG:colcon:Command line arguments: ['/usr/bin/colcon', 'build', '--symlink-install']
[1.568s] DEBUG:colcon:Parsed command line arguments: Namespace(log_base=None, log_level=None, verb_name='build', build_base='build', install_base='install', merge_install=False, symlink_install=True, test_result_base=None, continue_on_error=False, executor='parallel', parallel_workers=4, event_handlers=None, ignore_user_meta=False, metas=['./colcon.meta'], base_paths=['.'], packages_ignore=None, packages_ignore_regex=None, paths=None, packages_up_to=None, packages_up_to_regex=None, packages_above=None, packages_above_and_dependencies=None, packages_above_depth=None, packages_select_by_dep=None, packages_skip_by_dep=None, packages_skip_up_to=None, packages_select_build_failed=False, packages_skip_build_finished=False, packages_select_test_failures=False, packages_skip_test_passed=False, packages_select=None, packages_skip=None, packages_select_regex=None, packages_skip_regex=None, packages_start=None, packages_end=None, allow_overriding=[], cmake_args=None, cmake_target=None, cmake_target_skip_unavailable=False, cmake_clean_cache=False, cmake_clean_first=False, cmake_force_configure=False, ament_cmake_args=None, catkin_cmake_args=None, catkin_skip_building_tests=False, verb_parser=<colcon_defaults.argument_parser.defaults.DefaultArgumentsDecorator object at 0xffffa2604d90>, verb_extension=<colcon_core.verb.build.BuildVerb object at 0xffffa2604940>, main=<bound method BuildVerb.main of <colcon_core.verb.build.BuildVerb object at 0xffffa2604940>>)
[3.802s] Level 1:colcon.colcon_core.package_discovery:discover_packages(colcon_meta) check parameters
[5.193s] Level 1:colcon.colcon_core.package_discovery:discover_packages(recursive) check parameters
[5.193s] Level 1:colcon.colcon_core.package_discovery:discover_packages(ignore) check parameters
[5.194s] Level 1:colcon.colcon_core.package_discovery:discover_packages(path) check parameters
[5.194s] Level 1:colcon.colcon_core.package_discovery:discover_packages(colcon_meta) discover
[5.195s] Level 1:colcon.colcon_core.package_discovery:discover_packages(recursive) discover
[5.196s] INFO:colcon.colcon_core.package_discovery:Crawling recursively for packages in '/home/robot/robot_ws'
[5.198s] Level 1:colcon.colcon_core.package_identification:_identify(.) by extensions ['ignore', 'ignore_ament_install']
[5.199s] Level 1:colcon.colcon_core.package_identification:_identify(.) by extension 'ignore'
[5.200s] Level 1:colcon.colcon_core.package_identification:_identify(.) by extension 'ignore_ament_install'
[5.201s] Level 1:colcon.colcon_core.package_identification:_identify(.) by extensions ['colcon_pkg']
[5.201s] Level 1:colcon.colcon_core.package_identification:_identify(.) by extension 'colcon_pkg'
[5.202s] Level 1:colcon.colcon_core.package_identification:_identify(.) by extensions ['colcon_meta']
[5.203s] Level 1:colcon.colcon_core.package_identification:_identify(.) by extension 'colcon_meta'
[5.204s] Level 1:colcon.colcon_core.package_identification:_identify(.) by extensions ['ros']
[5.204s] Level 1:colcon.colcon_core.package_identification:_identify(.) by extension 'ros'
[5.336s] Level 1:colcon.colcon_core.package_identification:_identify(.) by extensions ['cmake', 'python']
[5.337s] Level 1:colcon.colcon_core.package_identification:_identify(.) by extension 'cmake'
[5.337s] Level 1:colcon.colcon_core.package_identification:_identify(.) by extension 'python'
[5.338s] Level 1:colcon.colcon_core.package_identification:_identify(.) by extensions ['python_setup_py']
[5.338s] Level 1:colcon.colcon_core.package_identification:_identify(.) by extension 'python_setup_py'
[5.340s] Level 1:colcon.colcon_core.package_identification:_identify(build) by extensions ['ignore', 'ignore_ament_install']
[5.341s] Level 1:colcon.colcon_core.package_identification:_identify(build) by extension 'ignore'
[5.342s] Level 1:colcon.colcon_core.package_identification:_identify(build) ignored
[5.344s] Level 1:colcon.colcon_core.package_identification:_identify(install) by extensions ['ignore', 'ignore_ament_install']
[5.345s] Level 1:colcon.colcon_core.package_identification:_identify(install) by extension 'ignore'
[5.345s] Level 1:colcon.colcon_core.package_identification:_identify(install) ignored
[5.347s] Level 1:colcon.colcon_core.package_identification:_identify(log) by extensions ['ignore', 'ignore_ament_install']
[5.348s] Level 1:colcon.colcon_core.package_identification:_identify(log) by extension 'ignore'
[5.348s] Level 1:colcon.colcon_core.package_identification:_identify(log) ignored
[5.350s] Level 1:colcon.colcon_core.package_identification:_identify(src) by extensions ['ignore', 'ignore_ament_install']
[5.350s] Level 1:colcon.colcon_core.package_identification:_identify(src) by extension 'ignore'
[5.351s] Level 1:colcon.colcon_core.package_identification:_identify(src) by extension 'ignore_ament_install'
[5.352s] Level 1:colcon.colcon_core.package_identification:_identify(src) by extensions ['colcon_pkg']
[5.352s] Level 1:colcon.colcon_core.package_identification:_identify(src) by extension 'colcon_pkg'
[5.353s] Level 1:colcon.colcon_core.package_identification:_identify(src) by extensions ['colcon_meta']
[5.353s] Level 1:colcon.colcon_core.package_identification:_identify(src) by extension 'colcon_meta'
[5.354s] Level 1:colcon.colcon_core.package_identification:_identify(src) by extensions ['ros']
[5.354s] Level 1:colcon.colcon_core.package_identification:_identify(src) by extension 'ros'
[5.355s] Level 1:colcon.colcon_core.package_identification:_identify(src) by extensions ['cmake', 'python']
[5.355s] Level 1:colcon.colcon_core.package_identification:_identify(src) by extension 'cmake'
[5.356s] Level 1:colcon.colcon_core.package_identification:_identify(src) by extension 'python'
[5.356s] Level 1:colcon.colcon_core.package_identification:_identify(src) by extensions ['python_setup_py']
[5.357s] Level 1:colcon.colcon_core.package_identification:_identify(src) by extension 'python_setup_py'
[5.358s] Level 1:colcon.colcon_core.package_identification:_identify(src/camera_node) by extensions ['ignore', 'ignore_ament_install']
[5.359s] Level 1:colcon.colcon_core.package_identification:_identify(src/camera_node) by extension 'ignore'
[5.360s] Level 1:colcon.colcon_core.package_identification:_identify(src/camera_node) by extension 'ignore_ament_install'
[5.361s] Level 1:colcon.colcon_core.package_identification:_identify(src/camera_node) by extensions ['colcon_pkg']
[5.361s] Level 1:colcon.colcon_core.package_identification:_identify(src/camera_node) by extension 'colcon_pkg'
[5.361s] Level 1:colcon.colcon_core.package_identification:_identify(src/camera_node) by extensions ['colcon_meta']
[5.362s] Level 1:colcon.colcon_core.package_identification:_identify(src/camera_node) by extension 'colcon_meta'
[5.362s] Level 1:colcon.colcon_core.package_identification:_identify(src/camera_node) by extensions ['ros']
[5.363s] Level 1:colcon.colcon_core.package_identification:_identify(src/camera_node) by extension 'ros'
[5.387s] DEBUG:colcon.colcon_core.package_identification:Package 'src/camera_node' with type 'ros.ament_python' and name 'camera_node'
[5.389s] Level 1:colcon.colcon_core.package_identification:_identify(src/robot_ai) by extensions ['ignore', 'ignore_ament_install']
[5.390s] Level 1:colcon.colcon_core.package_identification:_identify(src/robot_ai) by extension 'ignore'
[5.390s] Level 1:colcon.colcon_core.package_identification:_identify(src/robot_ai) by extension 'ignore_ament_install'
[5.391s] Level 1:colcon.colcon_core.package_identification:_identify(src/robot_ai) by extensions ['colcon_pkg']
[5.391s] Level 1:colcon.colcon_core.package_identification:_identify(src/robot_ai) by extension 'colcon_pkg'
[5.392s] Level 1:colcon.colcon_core.package_identification:_identify(src/robot_ai) by extensions ['colcon_meta']
[5.392s] Level 1:colcon.colcon_core.package_identification:_identify(src/robot_ai) by extension 'colcon_meta'
[5.393s] Level 1:colcon.colcon_core.package_identification:_identify(src/robot_ai) by extensions ['ros']
[5.393s] Level 1:colcon.colcon_core.package_identification:_identify(src/robot_ai) by extension 'ros'
[5.399s] DEBUG:colcon.colcon_core.package_identification:Package 'src/robot_ai' with type 'ros.ament_python' and name 'robot_ai'
[5.401s] Level 1:colcon.colcon_core.package_identification:_identify(src/robot_bringup) by extensions ['ignore', 'ignore_ament_install']
[5.402s] Level 1:colcon.colcon_core.package_identification:_identify(src/robot_bringup) by extension 'ignore'
[5.403s] Level 1:colcon.colcon_core.package_identification:_identify(src/robot_bringup) by extension 'ignore_ament_install'
[5.403s] Level 1:colcon.colcon_core.package_identification:_identify(src/robot_bringup) by extensions ['colcon_pkg']
[5.404s] Level 1:colcon.colcon_core.package_identification:_identify(src/robot_bringup) by extension 'colcon_pkg'
[5.404s] Level 1:colcon.colcon_core.package_identification:_identify(src/robot_bringup) by extensions ['colcon_meta']
[5.405s] Level 1:colcon.colcon_core.package_identification:_identify(src/robot_bringup) by extension 'colcon_meta'
[5.405s] Level 1:colcon.colcon_core.package_identification:_identify(src/robot_bringup) by extensions ['ros']
[5.406s] Level 1:colcon.colcon_core.package_identification:_identify(src/robot_bringup) by extension 'ros'
[5.413s] DEBUG:colcon.colcon_core.package_identification:Package 'src/robot_bringup' with type 'ros.ament_cmake' and name 'robot_bringup'
[5.415s] Level 1:colcon.colcon_core.package_identification:_identify(src/robot_description) by extensions ['ignore', 'ignore_ament_install']
[5.416s] Level 1:colcon.colcon_core.package_identification:_identify(src/robot_description) by extension 'ignore'
[5.417s] Level 1:colcon.colcon_core.package_identification:_identify(src/robot_description) by extension 'ignore_ament_install'
[5.417s] Level 1:colcon.colcon_core.package_identification:_identify(src/robot_description) by extensions ['colcon_pkg']
[5.418s] Level 1:colcon.colcon_core.package_identification:_identify(src/robot_description) by extension 'colcon_pkg'
[5.418s] Level 1:colcon.colcon_core.package_identification:_identify(src/robot_description) by extensions ['colcon_meta']
[5.419s] Level 1:colcon.colcon_core.package_identification:_identify(src/robot_description) by extension 'colcon_meta'
[5.419s] Level 1:colcon.colcon_core.package_identification:_identify(src/robot_description) by extensions ['ros']
[5.420s] Level 1:colcon.colcon_core.package_identification:_identify(src/robot_description) by extension 'ros'
[5.427s] DEBUG:colcon.colcon_core.package_identification:Package 'src/robot_description' with type 'ros.ament_cmake' and name 'robot_description'
[5.429s] Level 1:colcon.colcon_core.package_identification:_identify(src/robot_serial) by extensions ['ignore', 'ignore_ament_install']
[5.430s] Level 1:colcon.colcon_core.package_identification:_identify(src/robot_serial) by extension 'ignore'
[5.431s] Level 1:colcon.colcon_core.package_identification:_identify(src/robot_serial) by extension 'ignore_ament_install'
[5.431s] Level 1:colcon.colcon_core.package_identification:_identify(src/robot_serial) by extensions ['colcon_pkg']
[5.432s] Level 1:colcon.colcon_core.package_identification:_identify(src/robot_serial) by extension 'colcon_pkg'
[5.432s] Level 1:colcon.colcon_core.package_identification:_identify(src/robot_serial) by extensions ['colcon_meta']
[5.433s] Level 1:colcon.colcon_core.package_identification:_identify(src/robot_serial) by extension 'colcon_meta'
[5.433s] Level 1:colcon.colcon_core.package_identification:_identify(src/robot_serial) by extensions ['ros']
[5.434s] Level 1:colcon.colcon_core.package_identification:_identify(src/robot_serial) by extension 'ros'
[5.440s] DEBUG:colcon.colcon_core.package_identification:Package 'src/robot_serial' with type 'ros.ament_python' and name 'robot_serial'
[5.442s] Level 1:colcon.colcon_core.package_identification:_identify(src/sllidar_ros2) by extensions ['ignore', 'ignore_ament_install']
[5.443s] Level 1:colcon.colcon_core.package_identification:_identify(src/sllidar_ros2) by extension 'ignore'
[5.443s] Level 1:colcon.colcon_core.package_identification:_identify(src/sllidar_ros2) by extension 'ignore_ament_install'
[5.444s] Level 1:colcon.colcon_core.package_identification:_identify(src/sllidar_ros2) by extensions ['colcon_pkg']
[5.445s] Level 1:colcon.colcon_core.package_identification:_identify(src/sllidar_ros2) by extension 'colcon_pkg'
[5.445s] Level 1:colcon.colcon_core.package_identification:_identify(src/sllidar_ros2) by extensions ['colcon_meta']
[5.446s] Level 1:colcon.colcon_core.package_identification:_identify(src/sllidar_ros2) by extension 'colcon_meta'
[5.446s] Level 1:colcon.colcon_core.package_identification:_identify(src/sllidar_ros2) by extensions ['ros']
[5.447s] Level 1:colcon.colcon_core.package_identification:_identify(src/sllidar_ros2) by extension 'ros'
[5.454s] DEBUG:colcon.colcon_core.package_identification:Package 'src/sllidar_ros2' with type 'ros.ament_cmake' and name 'sllidar_ros2'
[5.456s] Level 1:colcon.colcon_core.package_identification:_identify(src/web_bridge) by extensions ['ignore', 'ignore_ament_install']
[5.457s] Level 1:colcon.colcon_core.package_identification:_identify(src/web_bridge) by extension 'ignore'
[5.457s] Level 1:colcon.colcon_core.package_identification:_identify(src/web_bridge) by extension 'ignore_ament_install'
[5.458s] Level 1:colcon.colcon_core.package_identification:_identify(src/web_bridge) by extensions ['colcon_pkg']
[5.459s] Level 1:colcon.colcon_core.package_identification:_identify(src/web_bridge) by extension 'colcon_pkg'
[5.459s] Level 1:colcon.colcon_core.package_identification:_identify(src/web_bridge) by extensions ['colcon_meta']
[5.460s] Level 1:colcon.colcon_core.package_identification:_identify(src/web_bridge) by extension 'colcon_meta'
[5.460s] Level 1:colcon.colcon_core.package_identification:_identify(src/web_bridge) by extensions ['ros']
[5.461s] Level 1:colcon.colcon_core.package_identification:_identify(src/web_bridge) by extension 'ros'
[5.466s] DEBUG:colcon.colcon_core.package_identification:Package 'src/web_bridge' with type 'ros.ament_python' and name 'web_bridge'
[5.467s] Level 1:colcon.colcon_core.package_discovery:discover_packages(recursive) using defaults
[5.467s] Level 1:colcon.colcon_core.package_discovery:discover_packages(ignore) discover
[5.468s] Level 1:colcon.colcon_core.package_discovery:discover_packages(ignore) using defaults
[5.468s] Level 1:colcon.colcon_core.package_discovery:discover_packages(path) discover
[5.468s] Level 1:colcon.colcon_core.package_discovery:discover_packages(path) using defaults
[5.713s] Level 1:colcon.colcon_core.package_discovery:discover_packages(prefix_path) check parameters
[6.217s] Level 1:colcon.colcon_core.package_discovery:discover_packages(prefix_path) discover
[6.249s] DEBUG:colcon.colcon_installed_package_information.package_discovery:Found 7 installed packages in /home/robot/robot_ws/install
[6.275s] DEBUG:colcon.colcon_installed_package_information.package_discovery:Found 262 installed packages in /opt/ros/humble
[6.382s] Level 1:colcon.colcon_core.package_discovery:discover_packages(prefix_path) using defaults
[6.844s] Level 5:colcon.colcon_core.verb:set package 'camera_node' build argument 'cmake_args' from command line to 'None'
[7.029s] Level 5:colcon.colcon_core.verb:set package 'camera_node' build argument 'cmake_target' from command line to 'None'
[7.029s] Level 5:colcon.colcon_core.verb:set package 'camera_node' build argument 'cmake_target_skip_unavailable' from command line to 'False'
[7.030s] Level 5:colcon.colcon_core.verb:set package 'camera_node' build argument 'cmake_clean_cache' from command line to 'False'
[7.030s] Level 5:colcon.colcon_core.verb:set package 'camera_node' build argument 'cmake_clean_first' from command line to 'False'
[7.031s] Level 5:colcon.colcon_core.verb:set package 'camera_node' build argument 'cmake_force_configure' from command line to 'False'
[7.031s] Level 5:colcon.colcon_core.verb:set package 'camera_node' build argument 'ament_cmake_args' from command line to 'None'
[7.031s] Level 5:colcon.colcon_core.verb:set package 'camera_node' build argument 'catkin_cmake_args' from command line to 'None'
[7.032s] Level 5:colcon.colcon_core.verb:set package 'camera_node' build argument 'catkin_skip_building_tests' from command line to 'False'
[7.033s] DEBUG:colcon.colcon_core.verb:Building package 'camera_node' with the following arguments: {'ament_cmake_args': None, 'build_base': '/home/robot/robot_ws/build/camera_node', 'catkin_cmake_args': None, 'catkin_skip_building_tests': False, 'cmake_args': None, 'cmake_clean_cache': False, 'cmake_clean_first': False, 'cmake_force_configure': False, 'cmake_target': None, 'cmake_target_skip_unavailable': False, 'install_base': '/home/robot/robot_ws/install/camera_node', 'merge_install': False, 'path': '/home/robot/robot_ws/src/camera_node', 'symlink_install': True, 'test_result_base': None}
[7.039s] Level 5:colcon.colcon_core.verb:set package 'robot_ai' build argument 'cmake_args' from command line to 'None'
[7.040s] Level 5:colcon.colcon_core.verb:set package 'robot_ai' build argument 'cmake_target' from command line to 'None'
[7.041s] Level 5:colcon.colcon_core.verb:set package 'robot_ai' build argument 'cmake_target_skip_unavailable' from command line to 'False'
[7.041s] Level 5:colcon.colcon_core.verb:set package 'robot_ai' build argument 'cmake_clean_cache' from command line to 'False'
[7.042s] Level 5:colcon.colcon_core.verb:set package 'robot_ai' build argument 'cmake_clean_first' from command line to 'False'
[7.043s] Level 5:colcon.colcon_core.verb:set package 'robot_ai' build argument 'cmake_force_configure' from command line to 'False'
[7.043s] Level 5:colcon.colcon_core.verb:set package 'robot_ai' build argument 'ament_cmake_args' from command line to 'None'
[7.044s] Level 5:colcon.colcon_core.verb:set package 'robot_ai' build argument 'catkin_cmake_args' from command line to 'None'
[7.044s] Level 5:colcon.colcon_core.verb:set package 'robot_ai' build argument 'catkin_skip_building_tests' from command line to 'False'
[7.045s] DEBUG:colcon.colcon_core.verb:Building package 'robot_ai' with the following arguments: {'ament_cmake_args': None, 'build_base': '/home/robot/robot_ws/build/robot_ai', 'catkin_cmake_args': None, 'catkin_skip_building_tests': False, 'cmake_args': None, 'cmake_clean_cache': False, 'cmake_clean_first': False, 'cmake_force_configure': False, 'cmake_target': None, 'cmake_target_skip_unavailable': False, 'install_base': '/home/robot/robot_ws/install/robot_ai', 'merge_install': False, 'path': '/home/robot/robot_ws/src/robot_ai', 'symlink_install': True, 'test_result_base': None}
[7.049s] Level 5:colcon.colcon_core.verb:set package 'robot_description' build argument 'cmake_args' from command line to 'None'
[7.050s] Level 5:colcon.colcon_core.verb:set package 'robot_description' build argument 'cmake_target' from command line to 'None'
[7.050s] Level 5:colcon.colcon_core.verb:set package 'robot_description' build argument 'cmake_target_skip_unavailable' from command line to 'False'
[7.051s] Level 5:colcon.colcon_core.verb:set package 'robot_description' build argument 'cmake_clean_cache' from command line to 'False'
[7.051s] Level 5:colcon.colcon_core.verb:set package 'robot_description' build argument 'cmake_clean_first' from command line to 'False'
[7.051s] Level 5:colcon.colcon_core.verb:set package 'robot_description' build argument 'cmake_force_configure' from command line to 'False'
[7.052s] Level 5:colcon.colcon_core.verb:set package 'robot_description' build argument 'ament_cmake_args' from command line to 'None'
[7.052s] Level 5:colcon.colcon_core.verb:set package 'robot_description' build argument 'catkin_cmake_args' from command line to 'None'
[7.052s] Level 5:colcon.colcon_core.verb:set package 'robot_description' build argument 'catkin_skip_building_tests' from command line to 'False'
[7.053s] DEBUG:colcon.colcon_core.verb:Building package 'robot_description' with the following arguments: {'ament_cmake_args': None, 'build_base': '/home/robot/robot_ws/build/robot_description', 'catkin_cmake_args': None, 'catkin_skip_building_tests': False, 'cmake_args': None, 'cmake_clean_cache': False, 'cmake_clean_first': False, 'cmake_force_configure': False, 'cmake_target': None, 'cmake_target_skip_unavailable': False, 'install_base': '/home/robot/robot_ws/install/robot_description', 'merge_install': False, 'path': '/home/robot/robot_ws/src/robot_description', 'symlink_install': True, 'test_result_base': None}
[7.057s] Level 5:colcon.colcon_core.verb:set package 'robot_serial' build argument 'cmake_args' from command line to 'None'
[7.058s] Level 5:colcon.colcon_core.verb:set package 'robot_serial' build argument 'cmake_target' from command line to 'None'
[7.058s] Level 5:colcon.colcon_core.verb:set package 'robot_serial' build argument 'cmake_target_skip_unavailable' from command line to 'False'
[7.058s] Level 5:colcon.colcon_core.verb:set package 'robot_serial' build argument 'cmake_clean_cache' from command line to 'False'
[7.059s] Level 5:colcon.colcon_core.verb:set package 'robot_serial' build argument 'cmake_clean_first' from command line to 'False'
[7.059s] Level 5:colcon.colcon_core.verb:set package 'robot_serial' build argument 'cmake_force_configure' from command line to 'False'
[7.059s] Level 5:colcon.colcon_core.verb:set package 'robot_serial' build argument 'ament_cmake_args' from command line to 'None'
[7.060s] Level 5:colcon.colcon_core.verb:set package 'robot_serial' build argument 'catkin_cmake_args' from command line to 'None'
[7.060s] Level 5:colcon.colcon_core.verb:set package 'robot_serial' build argument 'catkin_skip_building_tests' from command line to 'False'
[7.060s] DEBUG:colcon.colcon_core.verb:Building package 'robot_serial' with the following arguments: {'ament_cmake_args': None, 'build_base': '/home/robot/robot_ws/build/robot_serial', 'catkin_cmake_args': None, 'catkin_skip_building_tests': False, 'cmake_args': None, 'cmake_clean_cache': False, 'cmake_clean_first': False, 'cmake_force_configure': False, 'cmake_target': None, 'cmake_target_skip_unavailable': False, 'install_base': '/home/robot/robot_ws/install/robot_serial', 'merge_install': False, 'path': '/home/robot/robot_ws/src/robot_serial', 'symlink_install': True, 'test_result_base': None}
[7.064s] Level 5:colcon.colcon_core.verb:set package 'sllidar_ros2' build argument 'cmake_args' from command line to 'None'
[7.065s] Level 5:colcon.colcon_core.verb:set package 'sllidar_ros2' build argument 'cmake_target' from command line to 'None'
[7.065s] Level 5:colcon.colcon_core.verb:set package 'sllidar_ros2' build argument 'cmake_target_skip_unavailable' from command line to 'False'
[7.066s] Level 5:colcon.colcon_core.verb:set package 'sllidar_ros2' build argument 'cmake_clean_cache' from command line to 'False'
[7.066s] Level 5:colcon.colcon_core.verb:set package 'sllidar_ros2' build argument 'cmake_clean_first' from command line to 'False'
[7.066s] Level 5:colcon.colcon_core.verb:set package 'sllidar_ros2' build argument 'cmake_force_configure' from command line to 'False'
[7.066s] Level 5:colcon.colcon_core.verb:set package 'sllidar_ros2' build argument 'ament_cmake_args' from command line to 'None'
[7.067s] Level 5:colcon.colcon_core.verb:set package 'sllidar_ros2' build argument 'catkin_cmake_args' from command line to 'None'
[7.067s] Level 5:colcon.colcon_core.verb:set package 'sllidar_ros2' build argument 'catkin_skip_building_tests' from command line to 'False'
[7.068s] DEBUG:colcon.colcon_core.verb:Building package 'sllidar_ros2' with the following arguments: {'ament_cmake_args': None, 'build_base': '/home/robot/robot_ws/build/sllidar_ros2', 'catkin_cmake_args': None, 'catkin_skip_building_tests': False, 'cmake_args': None, 'cmake_clean_cache': False, 'cmake_clean_first': False, 'cmake_force_configure': False, 'cmake_target': None, 'cmake_target_skip_unavailable': False, 'install_base': '/home/robot/robot_ws/install/sllidar_ros2', 'merge_install': False, 'path': '/home/robot/robot_ws/src/sllidar_ros2', 'symlink_install': True, 'test_result_base': None}
[7.072s] Level 5:colcon.colcon_core.verb:set package 'web_bridge' build argument 'cmake_args' from command line to 'None'
[7.072s] Level 5:colcon.colcon_core.verb:set package 'web_bridge' build argument 'cmake_target' from command line to 'None'
[7.072s] Level 5:colcon.colcon_core.verb:set package 'web_bridge' build argument 'cmake_target_skip_unavailable' from command line to 'False'
[7.073s] Level 5:colcon.colcon_core.verb:set package 'web_bridge' build argument 'cmake_clean_cache' from command line to 'False'
[7.073s] Level 5:colcon.colcon_core.verb:set package 'web_bridge' build argument 'cmake_clean_first' from command line to 'False'
[7.074s] Level 5:colcon.colcon_core.verb:set package 'web_bridge' build argument 'cmake_force_configure' from command line to 'False'
[7.074s] Level 5:colcon.colcon_core.verb:set package 'web_bridge' build argument 'ament_cmake_args' from command line to 'None'
[7.074s] Level 5:colcon.colcon_core.verb:set package 'web_bridge' build argument 'catkin_cmake_args' from command line to 'None'
[7.074s] Level 5:colcon.colcon_core.verb:set package 'web_bridge' build argument 'catkin_skip_building_tests' from command line to 'False'
[7.075s] DEBUG:colcon.colcon_core.verb:Building package 'web_bridge' with the following arguments: {'ament_cmake_args': None, 'build_base': '/home/robot/robot_ws/build/web_bridge', 'catkin_cmake_args': None, 'catkin_skip_building_tests': False, 'cmake_args': None, 'cmake_clean_cache': False, 'cmake_clean_first': False, 'cmake_force_configure': False, 'cmake_target': None, 'cmake_target_skip_unavailable': False, 'install_base': '/home/robot/robot_ws/install/web_bridge', 'merge_install': False, 'path': '/home/robot/robot_ws/src/web_bridge', 'symlink_install': True, 'test_result_base': None}
[7.079s] Level 5:colcon.colcon_core.verb:set package 'robot_bringup' build argument 'cmake_args' from command line to 'None'
[7.080s] Level 5:colcon.colcon_core.verb:set package 'robot_bringup' build argument 'cmake_target' from command line to 'None'
[7.080s] Level 5:colcon.colcon_core.verb:set package 'robot_bringup' build argument 'cmake_target_skip_unavailable' from command line to 'False'
[7.080s] Level 5:colcon.colcon_core.verb:set package 'robot_bringup' build argument 'cmake_clean_cache' from command line to 'False'
[7.081s] Level 5:colcon.colcon_core.verb:set package 'robot_bringup' build argument 'cmake_clean_first' from command line to 'False'
[7.081s] Level 5:colcon.colcon_core.verb:set package 'robot_bringup' build argument 'cmake_force_configure' from command line to 'False'
[7.081s] Level 5:colcon.colcon_core.verb:set package 'robot_bringup' build argument 'ament_cmake_args' from command line to 'None'
[7.081s] Level 5:colcon.colcon_core.verb:set package 'robot_bringup' build argument 'catkin_cmake_args' from command line to 'None'
[7.082s] Level 5:colcon.colcon_core.verb:set package 'robot_bringup' build argument 'catkin_skip_building_tests' from command line to 'False'
[7.082s] DEBUG:colcon.colcon_core.verb:Building package 'robot_bringup' with the following arguments: {'ament_cmake_args': None, 'build_base': '/home/robot/robot_ws/build/robot_bringup', 'catkin_cmake_args': None, 'catkin_skip_building_tests': False, 'cmake_args': None, 'cmake_clean_cache': False, 'cmake_clean_first': False, 'cmake_force_configure': False, 'cmake_target': None, 'cmake_target_skip_unavailable': False, 'install_base': '/home/robot/robot_ws/install/robot_bringup', 'merge_install': False, 'path': '/home/robot/robot_ws/src/robot_bringup', 'symlink_install': True, 'test_result_base': None}
[7.084s] INFO:colcon.colcon_core.executor:Executing jobs using 'parallel' executor
[7.092s] DEBUG:colcon.colcon_parallel_executor.executor.parallel:run_until_complete
[7.094s] INFO:colcon.colcon_ros.task.ament_cmake.build:Building ROS package in '/home/robot/robot_ws/src/robot_description' with build type 'ament_cmake'
[7.097s] INFO:colcon.colcon_cmake.task.cmake.build:Building CMake package in '/home/robot/robot_ws/src/robot_description'
[7.128s] INFO:colcon.colcon_core.plugin_system:Skipping extension 'colcon_core.shell.bat': Not used on non-Windows systems
[7.129s] INFO:colcon.colcon_core.shell:Skip shell extension 'powershell' for command environment: Not usable outside of PowerShell
[7.130s] DEBUG:colcon.colcon_core.shell:Skip shell extension 'dsv' for command environment
[7.231s] INFO:colcon.colcon_ros.task.ament_cmake.build:Building ROS package in '/home/robot/robot_ws/src/sllidar_ros2' with build type 'ament_cmake'
[7.233s] INFO:colcon.colcon_cmake.task.cmake.build:Building CMake package in '/home/robot/robot_ws/src/sllidar_ros2'
[7.237s] INFO:colcon.colcon_core.shell:Skip shell extension 'powershell' for command environment: Not usable outside of PowerShell
[7.238s] DEBUG:colcon.colcon_core.shell:Skip shell extension 'dsv' for command environment
[7.590s] INFO:colcon.colcon_ros.task.ament_python.build:Building ROS package in '/home/robot/robot_ws/src/camera_node' with build type 'ament_python'
[9.062s] Level 1:colcon.colcon_core.shell:create_environment_hook('camera_node', 'ament_prefix_path')
[9.068s] INFO:colcon.colcon_core.shell:Creating environment hook '/home/robot/robot_ws/install/camera_node/share/camera_node/hook/ament_prefix_path.ps1'
[9.094s] INFO:colcon.colcon_core.shell:Creating environment descriptor '/home/robot/robot_ws/install/camera_node/share/camera_node/hook/ament_prefix_path.dsv'
[9.111s] INFO:colcon.colcon_core.shell:Creating environment hook '/home/robot/robot_ws/install/camera_node/share/camera_node/hook/ament_prefix_path.sh'
[9.133s] INFO:colcon.colcon_core.shell:Skip shell extension 'powershell' for command environment: Not usable outside of PowerShell
[9.134s] DEBUG:colcon.colcon_core.shell:Skip shell extension 'dsv' for command environment
[9.220s] INFO:colcon.colcon_ros.task.ament_python.build:Building ROS package in '/home/robot/robot_ws/src/robot_ai' with build type 'ament_python'
[9.222s] Level 1:colcon.colcon_core.shell:create_environment_hook('robot_ai', 'ament_prefix_path')
[9.229s] INFO:colcon.colcon_core.shell:Creating environment hook '/home/robot/robot_ws/install/robot_ai/share/robot_ai/hook/ament_prefix_path.ps1'
[9.238s] INFO:colcon.colcon_core.shell:Creating environment descriptor '/home/robot/robot_ws/install/robot_ai/share/robot_ai/hook/ament_prefix_path.dsv'
[9.249s] INFO:colcon.colcon_core.shell:Creating environment hook '/home/robot/robot_ws/install/robot_ai/share/robot_ai/hook/ament_prefix_path.sh'
[9.277s] INFO:colcon.colcon_core.shell:Skip shell extension 'powershell' for command environment: Not usable outside of PowerShell
[9.278s] DEBUG:colcon.colcon_core.shell:Skip shell extension 'dsv' for command environment
[9.460s] DEBUG:colcon.colcon_core.event_handler.log_command:Invoking command in '/home/robot/robot_ws/build/robot_description': CMAKE_PREFIX_PATH=${CMAKE_PREFIX_PATH}:/home/robot/robot_ws/install/web_bridge:/home/robot/robot_ws/install/robot_serial:/home/robot/robot_ws/install/robot_ai:/home/robot/robot_ws/install/camera_node:/opt/ros/humble /usr/bin/cmake --build /home/robot/robot_ws/build/robot_description -- -j4 -l4
[9.542s] DEBUG:colcon.colcon_core.event_handler.log_command:Invoking command in '/home/robot/robot_ws/build/sllidar_ros2': CMAKE_PREFIX_PATH=${CMAKE_PREFIX_PATH}:/home/robot/robot_ws/install/web_bridge:/home/robot/robot_ws/install/robot_serial:/home/robot/robot_ws/install/robot_ai:/home/robot/robot_ws/install/camera_node:/opt/ros/humble /usr/bin/cmake --build /home/robot/robot_ws/build/sllidar_ros2 -- -j4 -l4
[13.261s] INFO:colcon.colcon_core.task.python.build:Building Python package in '/home/robot/robot_ws/src/camera_node'
[15.505s] INFO:colcon.colcon_core.shell:Skip shell extension 'powershell' for command environment: Not usable outside of PowerShell
[15.506s] DEBUG:colcon.colcon_core.shell:Skip shell extension 'dsv' for command environment
[21.042s] INFO:colcon.colcon_core.task.python.build:Building Python package in '/home/robot/robot_ws/src/robot_ai'
[21.046s] INFO:colcon.colcon_core.shell:Skip shell extension 'powershell' for command environment: Not usable outside of PowerShell
[21.046s] DEBUG:colcon.colcon_core.shell:Skip shell extension 'dsv' for command environment
[21.163s] DEBUG:colcon.colcon_core.event_handler.log_command:Invoked command in '/home/robot/robot_ws/build/sllidar_ros2' returned '0': CMAKE_PREFIX_PATH=${CMAKE_PREFIX_PATH}:/home/robot/robot_ws/install/web_bridge:/home/robot/robot_ws/install/robot_serial:/home/robot/robot_ws/install/robot_ai:/home/robot/robot_ws/install/camera_node:/opt/ros/humble /usr/bin/cmake --build /home/robot/robot_ws/build/sllidar_ros2 -- -j4 -l4
[21.319s] DEBUG:colcon.colcon_core.event_handler.log_command:Invoking command in '/home/robot/robot_ws/build/sllidar_ros2': CMAKE_PREFIX_PATH=${CMAKE_PREFIX_PATH}:/home/robot/robot_ws/install/web_bridge:/home/robot/robot_ws/install/robot_serial:/home/robot/robot_ws/install/robot_ai:/home/robot/robot_ws/install/camera_node:/opt/ros/humble /usr/bin/cmake --install /home/robot/robot_ws/build/sllidar_ros2
[21.389s] DEBUG:colcon.colcon_core.event_handler.log_command:Invoked command in '/home/robot/robot_ws/build/robot_description' returned '0': CMAKE_PREFIX_PATH=${CMAKE_PREFIX_PATH}:/home/robot/robot_ws/install/web_bridge:/home/robot/robot_ws/install/robot_serial:/home/robot/robot_ws/install/robot_ai:/home/robot/robot_ws/install/camera_node:/opt/ros/humble /usr/bin/cmake --build /home/robot/robot_ws/build/robot_description -- -j4 -l4
[21.394s] DEBUG:colcon.colcon_core.event_handler.log_command:Invoking command in '/home/robot/robot_ws/build/robot_description': CMAKE_PREFIX_PATH=${CMAKE_PREFIX_PATH}:/home/robot/robot_ws/install/web_bridge:/home/robot/robot_ws/install/robot_serial:/home/robot/robot_ws/install/robot_ai:/home/robot/robot_ws/install/camera_node:/opt/ros/humble /usr/bin/cmake --install /home/robot/robot_ws/build/robot_description
[22.549s] Level 1:colcon.colcon_core.environment:create_environment_scripts_only(sllidar_ros2)
[22.553s] DEBUG:colcon.colcon_core.event_handler.log_command:Invoked command in '/home/robot/robot_ws/build/sllidar_ros2' returned '0': CMAKE_PREFIX_PATH=${CMAKE_PREFIX_PATH}:/home/robot/robot_ws/install/web_bridge:/home/robot/robot_ws/install/robot_serial:/home/robot/robot_ws/install/robot_ai:/home/robot/robot_ws/install/camera_node:/opt/ros/humble /usr/bin/cmake --install /home/robot/robot_ws/build/sllidar_ros2
[22.797s] Level 1:colcon.colcon_core.environment:checking '/home/robot/robot_ws/install/sllidar_ros2' for CMake module files
[22.858s] Level 1:colcon.colcon_core.environment:checking '/home/robot/robot_ws/install/sllidar_ros2' for CMake config files
[22.941s] Level 1:colcon.colcon_core.shell:create_environment_hook('sllidar_ros2', 'cmake_prefix_path')
[22.945s] INFO:colcon.colcon_core.shell:Creating environment hook '/home/robot/robot_ws/install/sllidar_ros2/share/sllidar_ros2/hook/cmake_prefix_path.ps1'
[23.068s] INFO:colcon.colcon_core.shell:Creating environment descriptor '/home/robot/robot_ws/install/sllidar_ros2/share/sllidar_ros2/hook/cmake_prefix_path.dsv'
[23.085s] INFO:colcon.colcon_core.shell:Creating environment hook '/home/robot/robot_ws/install/sllidar_ros2/share/sllidar_ros2/hook/cmake_prefix_path.sh'
[23.130s] Level 1:colcon.colcon_core.environment:checking '/home/robot/robot_ws/install/sllidar_ros2/lib'
[23.157s] Level 1:colcon.colcon_core.environment:checking '/home/robot/robot_ws/install/sllidar_ros2/bin'
[23.174s] Level 1:colcon.colcon_core.environment:checking '/home/robot/robot_ws/install/sllidar_ros2/lib/pkgconfig/sllidar_ros2.pc'
[23.197s] Level 1:colcon.colcon_core.environment:checking '/home/robot/robot_ws/install/sllidar_ros2/lib/python3.10/site-packages'
[23.265s] Level 1:colcon.colcon_core.environment:checking '/home/robot/robot_ws/install/sllidar_ros2/bin'
[23.280s] INFO:colcon.colcon_core.shell:Creating package script '/home/robot/robot_ws/install/sllidar_ros2/share/sllidar_ros2/package.ps1'
[23.433s] INFO:colcon.colcon_core.shell:Creating package descriptor '/home/robot/robot_ws/install/sllidar_ros2/share/sllidar_ros2/package.dsv'
[23.477s] INFO:colcon.colcon_core.shell:Creating package script '/home/robot/robot_ws/install/sllidar_ros2/share/sllidar_ros2/package.sh'
[23.520s] INFO:colcon.colcon_core.shell:Creating package script '/home/robot/robot_ws/install/sllidar_ros2/share/sllidar_ros2/package.bash'
[23.606s] INFO:colcon.colcon_core.shell:Creating package script '/home/robot/robot_ws/install/sllidar_ros2/share/sllidar_ros2/package.zsh'
[23.617s] Level 1:colcon.colcon_core.environment:create_file_with_runtime_dependencies(/home/robot/robot_ws/install/sllidar_ros2/share/colcon-core/packages/sllidar_ros2)
[23.627s] Level 1:colcon.colcon_core.environment:create_environment_scripts_only(sllidar_ros2)
[23.630s] Level 1:colcon.colcon_core.environment:checking '/home/robot/robot_ws/install/sllidar_ros2' for CMake module files
[23.640s] Level 1:colcon.colcon_core.environment:checking '/home/robot/robot_ws/install/sllidar_ros2' for CMake config files
[23.649s] Level 1:colcon.colcon_core.shell:create_environment_hook('sllidar_ros2', 'cmake_prefix_path')
[23.652s] INFO:colcon.colcon_core.shell:Creating environment hook '/home/robot/robot_ws/install/sllidar_ros2/share/sllidar_ros2/hook/cmake_prefix_path.ps1'
[23.659s] INFO:colcon.colcon_core.shell:Creating environment descriptor '/home/robot/robot_ws/install/sllidar_ros2/share/sllidar_ros2/hook/cmake_prefix_path.dsv'
[23.679s] INFO:colcon.colcon_core.shell:Creating environment hook '/home/robot/robot_ws/install/sllidar_ros2/share/sllidar_ros2/hook/cmake_prefix_path.sh'
[23.697s] Level 1:colcon.colcon_core.environment:checking '/home/robot/robot_ws/install/sllidar_ros2/lib'
[23.708s] Level 1:colcon.colcon_core.environment:checking '/home/robot/robot_ws/install/sllidar_ros2/bin'
[23.712s] Level 1:colcon.colcon_core.environment:checking '/home/robot/robot_ws/install/sllidar_ros2/lib/pkgconfig/sllidar_ros2.pc'
[23.752s] Level 1:colcon.colcon_core.environment:checking '/home/robot/robot_ws/install/sllidar_ros2/lib/python3.10/site-packages'
[23.784s] Level 1:colcon.colcon_core.environment:checking '/home/robot/robot_ws/install/sllidar_ros2/bin'
[23.802s] INFO:colcon.colcon_core.shell:Creating package script '/home/robot/robot_ws/install/sllidar_ros2/share/sllidar_ros2/package.ps1'
[23.894s] INFO:colcon.colcon_core.shell:Creating package descriptor '/home/robot/robot_ws/install/sllidar_ros2/share/sllidar_ros2/package.dsv'
[23.983s] INFO:colcon.colcon_core.shell:Creating package script '/home/robot/robot_ws/install/sllidar_ros2/share/sllidar_ros2/package.sh'
[24.048s] INFO:colcon.colcon_core.shell:Creating package script '/home/robot/robot_ws/install/sllidar_ros2/share/sllidar_ros2/package.bash'
[24.090s] INFO:colcon.colcon_core.shell:Creating package script '/home/robot/robot_ws/install/sllidar_ros2/share/sllidar_ros2/package.zsh'
[24.100s] Level 1:colcon.colcon_core.environment:create_file_with_runtime_dependencies(/home/robot/robot_ws/install/sllidar_ros2/share/colcon-core/packages/sllidar_ros2)
[24.183s] INFO:colcon.colcon_ros.task.ament_python.build:Building ROS package in '/home/robot/robot_ws/src/robot_serial' with build type 'ament_python'
[24.190s] Level 1:colcon.colcon_core.shell:create_environment_hook('robot_serial', 'ament_prefix_path')
[24.212s] INFO:colcon.colcon_core.shell:Creating environment hook '/home/robot/robot_ws/install/robot_serial/share/robot_serial/hook/ament_prefix_path.ps1'
[24.250s] INFO:colcon.colcon_core.shell:Creating environment descriptor '/home/robot/robot_ws/install/robot_serial/share/robot_serial/hook/ament_prefix_path.dsv'
[24.324s] INFO:colcon.colcon_core.shell:Creating environment hook '/home/robot/robot_ws/install/robot_serial/share/robot_serial/hook/ament_prefix_path.sh'
[24.366s] INFO:colcon.colcon_core.shell:Skip shell extension 'powershell' for command environment: Not usable outside of PowerShell
[24.381s] DEBUG:colcon.colcon_core.shell:Skip shell extension 'dsv' for command environment
[27.592s] Level 1:colcon.colcon_core.environment:create_environment_scripts_only(robot_description)
[27.597s] DEBUG:colcon.colcon_core.event_handler.log_command:Invoked command in '/home/robot/robot_ws/build/robot_description' returned '0': CMAKE_PREFIX_PATH=${CMAKE_PREFIX_PATH}:/home/robot/robot_ws/install/web_bridge:/home/robot/robot_ws/install/robot_serial:/home/robot/robot_ws/install/robot_ai:/home/robot/robot_ws/install/camera_node:/opt/ros/humble /usr/bin/cmake --install /home/robot/robot_ws/build/robot_description
[27.618s] Level 1:colcon.colcon_core.environment:checking '/home/robot/robot_ws/install/robot_description' for CMake module files
[27.660s] Level 1:colcon.colcon_core.environment:checking '/home/robot/robot_ws/install/robot_description' for CMake config files
[27.675s] Level 1:colcon.colcon_core.shell:create_environment_hook('robot_description', 'cmake_prefix_path')
[27.678s] INFO:colcon.colcon_core.shell:Creating environment hook '/home/robot/robot_ws/install/robot_description/share/robot_description/hook/cmake_prefix_path.ps1'
[27.689s] INFO:colcon.colcon_core.shell:Creating environment descriptor '/home/robot/robot_ws/install/robot_description/share/robot_description/hook/cmake_prefix_path.dsv'
[27.710s] INFO:colcon.colcon_core.shell:Creating environment hook '/home/robot/robot_ws/install/robot_description/share/robot_description/hook/cmake_prefix_path.sh'
[27.769s] Level 1:colcon.colcon_core.environment:checking '/home/robot/robot_ws/install/robot_description/bin'
[27.796s] Level 1:colcon.colcon_core.environment:checking '/home/robot/robot_ws/install/robot_description/lib/pkgconfig/robot_description.pc'
[27.807s] Level 1:colcon.colcon_core.environment:checking '/home/robot/robot_ws/install/robot_description/lib/python3.10/site-packages'
[27.830s] Level 1:colcon.colcon_core.environment:checking '/home/robot/robot_ws/install/robot_description/bin'
[27.874s] INFO:colcon.colcon_core.shell:Creating package script '/home/robot/robot_ws/install/robot_description/share/robot_description/package.ps1'
[27.919s] INFO:colcon.colcon_core.shell:Creating package descriptor '/home/robot/robot_ws/install/robot_description/share/robot_description/package.dsv'
[27.944s] INFO:colcon.colcon_core.shell:Creating package script '/home/robot/robot_ws/install/robot_description/share/robot_description/package.sh'
[28.004s] INFO:colcon.colcon_core.shell:Creating package script '/home/robot/robot_ws/install/robot_description/share/robot_description/package.bash'
[28.028s] INFO:colcon.colcon_core.shell:Creating package script '/home/robot/robot_ws/install/robot_description/share/robot_description/package.zsh'
[28.069s] Level 1:colcon.colcon_core.environment:create_file_with_runtime_dependencies(/home/robot/robot_ws/install/robot_description/share/colcon-core/packages/robot_description)
[28.080s] Level 1:colcon.colcon_core.environment:create_environment_scripts_only(robot_description)
[28.105s] Level 1:colcon.colcon_core.environment:checking '/home/robot/robot_ws/install/robot_description' for CMake module files
[28.128s] Level 1:colcon.colcon_core.environment:checking '/home/robot/robot_ws/install/robot_description' for CMake config files
[28.152s] Level 1:colcon.colcon_core.shell:create_environment_hook('robot_description', 'cmake_prefix_path')
[28.157s] INFO:colcon.colcon_core.shell:Creating environment hook '/home/robot/robot_ws/install/robot_description/share/robot_description/hook/cmake_prefix_path.ps1'
[28.193s] INFO:colcon.colcon_core.shell:Creating environment descriptor '/home/robot/robot_ws/install/robot_description/share/robot_description/hook/cmake_prefix_path.dsv'
[28.212s] INFO:colcon.colcon_core.shell:Creating environment hook '/home/robot/robot_ws/install/robot_description/share/robot_description/hook/cmake_prefix_path.sh'
[28.269s] Level 1:colcon.colcon_core.environment:checking '/home/robot/robot_ws/install/robot_description/bin'
[28.270s] Level 1:colcon.colcon_core.environment:checking '/home/robot/robot_ws/install/robot_description/lib/pkgconfig/robot_description.pc'
[28.285s] Level 1:colcon.colcon_core.environment:checking '/home/robot/robot_ws/install/robot_description/lib/python3.10/site-packages'
[28.324s] Level 1:colcon.colcon_core.environment:checking '/home/robot/robot_ws/install/robot_description/bin'
[28.352s] INFO:colcon.colcon_core.shell:Creating package script '/home/robot/robot_ws/install/robot_description/share/robot_description/package.ps1'
[28.416s] INFO:colcon.colcon_core.shell:Creating package descriptor '/home/robot/robot_ws/install/robot_description/share/robot_description/package.dsv'
[28.464s] INFO:colcon.colcon_core.shell:Creating package script '/home/robot/robot_ws/install/robot_description/share/robot_description/package.sh'
[28.512s] INFO:colcon.colcon_core.shell:Creating package script '/home/robot/robot_ws/install/robot_description/share/robot_description/package.bash'
[28.547s] INFO:colcon.colcon_core.shell:Creating package script '/home/robot/robot_ws/install/robot_description/share/robot_description/package.zsh'
[28.574s] Level 1:colcon.colcon_core.environment:create_file_with_runtime_dependencies(/home/robot/robot_ws/install/robot_description/share/colcon-core/packages/robot_description)
[28.655s] INFO:colcon.colcon_ros.task.ament_python.build:Building ROS package in '/home/robot/robot_ws/src/web_bridge' with build type 'ament_python'
[28.664s] Level 1:colcon.colcon_core.shell:create_environment_hook('web_bridge', 'ament_prefix_path')
[28.671s] INFO:colcon.colcon_core.shell:Creating environment hook '/home/robot/robot_ws/install/web_bridge/share/web_bridge/hook/ament_prefix_path.ps1'
[28.748s] INFO:colcon.colcon_core.shell:Creating environment descriptor '/home/robot/robot_ws/install/web_bridge/share/web_bridge/hook/ament_prefix_path.dsv'
[28.815s] INFO:colcon.colcon_core.shell:Creating environment hook '/home/robot/robot_ws/install/web_bridge/share/web_bridge/hook/ament_prefix_path.sh'
[28.839s] INFO:colcon.colcon_core.shell:Skip shell extension 'powershell' for command environment: Not usable outside of PowerShell
[28.840s] DEBUG:colcon.colcon_core.shell:Skip shell extension 'dsv' for command environment
[41.782s] INFO:colcon.colcon_core.task.python.build:Building Python package in '/home/robot/robot_ws/src/robot_serial'
[41.785s] INFO:colcon.colcon_core.shell:Skip shell extension 'powershell' for command environment: Not usable outside of PowerShell
[41.787s] DEBUG:colcon.colcon_core.shell:Skip shell extension 'dsv' for command environment
[45.854s] INFO:colcon.colcon_core.task.python.build:Building Python package in '/home/robot/robot_ws/src/web_bridge'
[46.405s] INFO:colcon.colcon_core.shell:Skip shell extension 'powershell' for command environment: Not usable outside of PowerShell
[46.406s] DEBUG:colcon.colcon_core.shell:Skip shell extension 'dsv' for command environment
[46.717s] DEBUG:colcon.colcon_core.task.python.build:Available setuptools commands: install_scripts, install_lib, alias, clean, compile_catalog, install, build_clib, build, bdist, check, setopt, bdist_egg, upload_docs, extract_messages, install_egg_info, init_catalog, symlink_data, dist_info, easy_install, build_scripts, install_data, upload, egg_info, saveopts, sdist, test, bdist_rpm, install_headers, build_ext, rotate, build_py, register, bdist_wheel, develop, update_catalog, bdist_dumb
[46.746s] DEBUG:colcon.colcon_core.task.python.build:Available setuptools commands: install_scripts, install_lib, alias, clean, compile_catalog, install, build_clib, build, bdist, check, setopt, bdist_egg, upload_docs, extract_messages, install_egg_info, init_catalog, symlink_data, dist_info, easy_install, build_scripts, install_data, upload, egg_info, saveopts, sdist, test, bdist_rpm, install_headers, build_ext, rotate, build_py, register, bdist_wheel, develop, update_catalog, bdist_dumb
[54.794s] DEBUG:colcon.colcon_core.task.python.build:Available setuptools 'develop' options: --user, --verbose, --find-links, --site-dirs, --always-copy, --build-directory, --dry-run, --quiet, --no-user-cfg, --no-find-links, --editable, --egg-path, --no-deps, --uninstall, --script-dir, --exclude-scripts, --zip-ok, --help, --prefix, --optimize, --always-unzip, --allow-hosts, --multi-version, --install-dir, --local-snapshots-ok, --record, --install-layout, --version, --force-installation-into-system-dir, --upgrade, --index-url
[54.862s] DEBUG:colcon.colcon_core.event_handler.log_command:Invoking command in '/home/robot/robot_ws/build/camera_node': PYTHONPATH=/home/robot/robot_ws/build/camera_node/prefix_override:/usr/lib/python3/dist-packages/colcon_core/task/python/colcon_distutils_commands:/home/robot/robot_ws/install/camera_node/lib/python3.10/site-packages:${PYTHONPATH} /usr/bin/python3 -W ignore:setup.py install is deprecated -W ignore:easy_install command is deprecated setup.py develop --editable --build-directory /home/robot/robot_ws/build/camera_node/build --no-deps symlink_data
[61.582s] DEBUG:colcon.colcon_core.task.python.build:Available setuptools 'develop' options: --user, --verbose, --find-links, --site-dirs, --always-copy, --build-directory, --dry-run, --quiet, --no-user-cfg, --no-find-links, --editable, --egg-path, --no-deps, --uninstall, --script-dir, --exclude-scripts, --zip-ok, --help, --prefix, --optimize, --always-unzip, --allow-hosts, --multi-version, --install-dir, --local-snapshots-ok, --record, --install-layout, --version, --force-installation-into-system-dir, --upgrade, --index-url
[61.626s] DEBUG:colcon.colcon_core.event_handler.log_command:Invoking command in '/home/robot/robot_ws/build/robot_ai': PYTHONPATH=/home/robot/robot_ws/build/robot_ai/prefix_override:/usr/lib/python3/dist-packages/colcon_core/task/python/colcon_distutils_commands:/home/robot/robot_ws/install/robot_ai/lib/python3.10/site-packages:${PYTHONPATH} /usr/bin/python3 -W ignore:setup.py install is deprecated -W ignore:easy_install command is deprecated setup.py develop --editable --build-directory /home/robot/robot_ws/build/robot_ai/build --no-deps symlink_data
[65.867s] DEBUG:colcon.colcon_core.task.python.build:Available setuptools commands: install_scripts, install_lib, alias, clean, compile_catalog, install, build_clib, build, bdist, check, setopt, bdist_egg, upload_docs, extract_messages, install_egg_info, init_catalog, symlink_data, dist_info, easy_install, build_scripts, install_data, upload, egg_info, saveopts, sdist, test, bdist_rpm, install_headers, build_ext, rotate, build_py, register, bdist_wheel, develop, update_catalog, bdist_dumb
[66.767s] DEBUG:colcon.colcon_core.task.python.build:Available setuptools commands: install_scripts, install_lib, alias, clean, compile_catalog, install, build_clib, build, bdist, check, setopt, bdist_egg, upload_docs, extract_messages, install_egg_info, init_catalog, symlink_data, dist_info, easy_install, build_scripts, install_data, upload, egg_info, saveopts, sdist, test, bdist_rpm, install_headers, build_ext, rotate, build_py, register, bdist_wheel, develop, update_catalog, bdist_dumb
[76.815s] Level 1:colcon.colcon_core.shell:create_environment_hook('camera_node', 'pythonpath_develop')
[76.824s] INFO:colcon.colcon_core.shell:Creating environment hook '/home/robot/robot_ws/build/camera_node/share/camera_node/hook/pythonpath_develop.ps1'
[76.818s] DEBUG:colcon.colcon_core.event_handler.log_command:Invoked command in '/home/robot/robot_ws/build/camera_node' returned '0': PYTHONPATH=/home/robot/robot_ws/build/camera_node/prefix_override:/usr/lib/python3/dist-packages/colcon_core/task/python/colcon_distutils_commands:/home/robot/robot_ws/install/camera_node/lib/python3.10/site-packages:${PYTHONPATH} /usr/bin/python3 -W ignore:setup.py install is deprecated -W ignore:easy_install command is deprecated setup.py develop --editable --build-directory /home/robot/robot_ws/build/camera_node/build --no-deps symlink_data
[76.861s] INFO:colcon.colcon_core.shell:Creating environment descriptor '/home/robot/robot_ws/build/camera_node/share/camera_node/hook/pythonpath_develop.dsv'
[76.872s] INFO:colcon.colcon_core.shell:Creating environment hook '/home/robot/robot_ws/build/camera_node/share/camera_node/hook/pythonpath_develop.sh'
[76.889s] Level 1:colcon.colcon_core.environment:checking '/home/robot/robot_ws/install/camera_node' for CMake module files
[76.899s] Level 1:colcon.colcon_core.environment:checking '/home/robot/robot_ws/install/camera_node' for CMake config files
[76.914s] Level 1:colcon.colcon_core.environment:checking '/home/robot/robot_ws/install/camera_node/lib'
[76.917s] Level 1:colcon.colcon_core.environment:checking '/home/robot/robot_ws/install/camera_node/bin'
[76.919s] Level 1:colcon.colcon_core.environment:checking '/home/robot/robot_ws/install/camera_node/lib/pkgconfig/camera_node.pc'
[76.923s] Level 1:colcon.colcon_core.environment:checking '/home/robot/robot_ws/install/camera_node/lib/python3.10/site-packages'
[76.925s] Level 1:colcon.colcon_core.shell:create_environment_hook('camera_node', 'pythonpath')
[76.929s] INFO:colcon.colcon_core.shell:Creating environment hook '/home/robot/robot_ws/install/camera_node/share/camera_node/hook/pythonpath.ps1'
[76.937s] INFO:colcon.colcon_core.shell:Creating environment descriptor '/home/robot/robot_ws/install/camera_node/share/camera_node/hook/pythonpath.dsv'
[76.946s] INFO:colcon.colcon_core.shell:Creating environment hook '/home/robot/robot_ws/install/camera_node/share/camera_node/hook/pythonpath.sh'
[76.961s] Level 1:colcon.colcon_core.environment:checking '/home/robot/robot_ws/install/camera_node/bin'
[76.963s] Level 1:colcon.colcon_core.environment:create_environment_scripts_only(camera_node)
[76.971s] INFO:colcon.colcon_core.shell:Creating package script '/home/robot/robot_ws/install/camera_node/share/camera_node/package.ps1'
[76.996s] INFO:colcon.colcon_core.shell:Creating package descriptor '/home/robot/robot_ws/install/camera_node/share/camera_node/package.dsv'
[77.006s] INFO:colcon.colcon_core.shell:Creating package script '/home/robot/robot_ws/install/camera_node/share/camera_node/package.sh'
[77.021s] INFO:colcon.colcon_core.shell:Creating package script '/home/robot/robot_ws/install/camera_node/share/camera_node/package.bash'
[77.029s] INFO:colcon.colcon_core.shell:Creating package script '/home/robot/robot_ws/install/camera_node/share/camera_node/package.zsh'
[77.037s] Level 1:colcon.colcon_core.environment:create_file_with_runtime_dependencies(/home/robot/robot_ws/install/camera_node/share/colcon-core/packages/camera_node)
[77.048s] INFO:colcon.colcon_ros.task.ament_cmake.build:Building ROS package in '/home/robot/robot_ws/src/robot_bringup' with build type 'ament_cmake'
[77.051s] INFO:colcon.colcon_cmake.task.cmake.build:Building CMake package in '/home/robot/robot_ws/src/robot_bringup'
[77.055s] INFO:colcon.colcon_core.shell:Skip shell extension 'powershell' for command environment: Not usable outside of PowerShell
[77.056s] DEBUG:colcon.colcon_core.shell:Skip shell extension 'dsv' for command environment
[77.550s] DEBUG:colcon.colcon_core.event_handler.log_command:Invoking command in '/home/robot/robot_ws/build/robot_bringup': CMAKE_PREFIX_PATH=/home/robot/robot_ws/install/sllidar_ros2:/home/robot/robot_ws/install/robot_description:/home/robot/robot_ws/install/robot_bringup:/home/robot/robot_ws/install/web_bridge:/home/robot/robot_ws/install/robot_serial:/home/robot/robot_ws/install/robot_ai:/home/robot/robot_ws/install/camera_node:/opt/ros/humble /usr/bin/cmake --build /home/robot/robot_ws/build/robot_bringup -- -j4 -l4
[78.362s] DEBUG:colcon.colcon_core.task.python.build:Available setuptools 'develop' options: --user, --verbose, --find-links, --site-dirs, --always-copy, --build-directory, --dry-run, --quiet, --no-user-cfg, --no-find-links, --editable, --egg-path, --no-deps, --uninstall, --script-dir, --exclude-scripts, --zip-ok, --help, --prefix, --optimize, --always-unzip, --allow-hosts, --multi-version, --install-dir, --local-snapshots-ok, --record, --install-layout, --version, --force-installation-into-system-dir, --upgrade, --index-url
[79.963s] DEBUG:colcon.colcon_core.event_handler.log_command:Invoking command in '/home/robot/robot_ws/build/web_bridge': PYTHONPATH=/home/robot/robot_ws/build/web_bridge/prefix_override:/usr/lib/python3/dist-packages/colcon_core/task/python/colcon_distutils_commands:/home/robot/robot_ws/install/web_bridge/lib/python3.10/site-packages:${PYTHONPATH} /usr/bin/python3 -W ignore:setup.py install is deprecated -W ignore:easy_install command is deprecated setup.py develop --editable --build-directory /home/robot/robot_ws/build/web_bridge/build --no-deps symlink_data
[80.063s] DEBUG:colcon.colcon_core.task.python.build:Available setuptools 'develop' options: --user, --verbose, --find-links, --site-dirs, --always-copy, --build-directory, --dry-run, --quiet, --no-user-cfg, --no-find-links, --editable, --egg-path, --no-deps, --uninstall, --script-dir, --exclude-scripts, --zip-ok, --help, --prefix, --optimize, --always-unzip, --allow-hosts, --multi-version, --install-dir, --local-snapshots-ok, --record, --install-layout, --version, --force-installation-into-system-dir, --upgrade, --index-url
[80.139s] DEBUG:colcon.colcon_core.event_handler.log_command:Invoking command in '/home/robot/robot_ws/build/robot_serial': PYTHONPATH=/home/robot/robot_ws/build/robot_serial/prefix_override:/usr/lib/python3/dist-packages/colcon_core/task/python/colcon_distutils_commands:/home/robot/robot_ws/install/robot_serial/lib/python3.10/site-packages:${PYTHONPATH} /usr/bin/python3 -W ignore:setup.py install is deprecated -W ignore:easy_install command is deprecated setup.py develop --editable --build-directory /home/robot/robot_ws/build/robot_serial/build --no-deps symlink_data
[80.168s] DEBUG:colcon.colcon_core.event_handler.log_command:Invoked command in '/home/robot/robot_ws/build/robot_bringup' returned '0': CMAKE_PREFIX_PATH=/home/robot/robot_ws/install/sllidar_ros2:/home/robot/robot_ws/install/robot_description:/home/robot/robot_ws/install/robot_bringup:/home/robot/robot_ws/install/web_bridge:/home/robot/robot_ws/install/robot_serial:/home/robot/robot_ws/install/robot_ai:/home/robot/robot_ws/install/camera_node:/opt/ros/humble /usr/bin/cmake --build /home/robot/robot_ws/build/robot_bringup -- -j4 -l4
[80.209s] DEBUG:colcon.colcon_core.event_handler.log_command:Invoking command in '/home/robot/robot_ws/build/robot_bringup': CMAKE_PREFIX_PATH=/home/robot/robot_ws/install/sllidar_ros2:/home/robot/robot_ws/install/robot_description:/home/robot/robot_ws/install/robot_bringup:/home/robot/robot_ws/install/web_bridge:/home/robot/robot_ws/install/robot_serial:/home/robot/robot_ws/install/robot_ai:/home/robot/robot_ws/install/camera_node:/opt/ros/humble /usr/bin/cmake --install /home/robot/robot_ws/build/robot_bringup
[85.756s] Level 1:colcon.colcon_core.shell:create_environment_hook('robot_ai', 'pythonpath_develop')
[87.945s] INFO:colcon.colcon_core.shell:Creating environment hook '/home/robot/robot_ws/build/robot_ai/share/robot_ai/hook/pythonpath_develop.ps1'
[88.036s] INFO:colcon.colcon_core.shell:Creating environment descriptor '/home/robot/robot_ws/build/robot_ai/share/robot_ai/hook/pythonpath_develop.dsv'
[88.123s] INFO:colcon.colcon_core.shell:Creating environment hook '/home/robot/robot_ws/build/robot_ai/share/robot_ai/hook/pythonpath_develop.sh'
[88.142s] DEBUG:colcon.colcon_core.event_handler.log_command:Invoked command in '/home/robot/robot_ws/build/robot_ai' returned '0': PYTHONPATH=/home/robot/robot_ws/build/robot_ai/prefix_override:/usr/lib/python3/dist-packages/colcon_core/task/python/colcon_distutils_commands:/home/robot/robot_ws/install/robot_ai/lib/python3.10/site-packages:${PYTHONPATH} /usr/bin/python3 -W ignore:setup.py install is deprecated -W ignore:easy_install command is deprecated setup.py develop --editable --build-directory /home/robot/robot_ws/build/robot_ai/build --no-deps symlink_data
[88.190s] Level 1:colcon.colcon_core.environment:checking '/home/robot/robot_ws/install/robot_ai' for CMake module files
[88.260s] Level 1:colcon.colcon_core.environment:checking '/home/robot/robot_ws/install/robot_ai' for CMake config files
[88.400s] Level 1:colcon.colcon_core.environment:checking '/home/robot/robot_ws/install/robot_ai/lib'
[88.418s] Level 1:colcon.colcon_core.environment:checking '/home/robot/robot_ws/install/robot_ai/bin'
[88.428s] Level 1:colcon.colcon_core.environment:checking '/home/robot/robot_ws/install/robot_ai/lib/pkgconfig/robot_ai.pc'
[88.441s] Level 1:colcon.colcon_core.environment:checking '/home/robot/robot_ws/install/robot_ai/lib/python3.10/site-packages'
[88.455s] Level 1:colcon.colcon_core.shell:create_environment_hook('robot_ai', 'pythonpath')
[88.470s] INFO:colcon.colcon_core.shell:Creating environment hook '/home/robot/robot_ws/install/robot_ai/share/robot_ai/hook/pythonpath.ps1'
[88.516s] INFO:colcon.colcon_core.shell:Creating environment descriptor '/home/robot/robot_ws/install/robot_ai/share/robot_ai/hook/pythonpath.dsv'
[88.542s] INFO:colcon.colcon_core.shell:Creating environment hook '/home/robot/robot_ws/install/robot_ai/share/robot_ai/hook/pythonpath.sh'
[88.555s] Level 1:colcon.colcon_core.environment:checking '/home/robot/robot_ws/install/robot_ai/bin'
[88.568s] Level 1:colcon.colcon_core.environment:create_environment_scripts_only(robot_ai)
[88.581s] INFO:colcon.colcon_core.shell:Creating package script '/home/robot/robot_ws/install/robot_ai/share/robot_ai/package.ps1'
[88.597s] INFO:colcon.colcon_core.shell:Creating package descriptor '/home/robot/robot_ws/install/robot_ai/share/robot_ai/package.dsv'
[88.608s] INFO:colcon.colcon_core.shell:Creating package script '/home/robot/robot_ws/install/robot_ai/share/robot_ai/package.sh'
[88.617s] INFO:colcon.colcon_core.shell:Creating package script '/home/robot/robot_ws/install/robot_ai/share/robot_ai/package.bash'
[88.625s] INFO:colcon.colcon_core.shell:Creating package script '/home/robot/robot_ws/install/robot_ai/share/robot_ai/package.zsh'
[88.634s] Level 1:colcon.colcon_core.environment:create_file_with_runtime_dependencies(/home/robot/robot_ws/install/robot_ai/share/colcon-core/packages/robot_ai)
[88.654s] Level 1:colcon.colcon_core.environment:create_environment_scripts_only(robot_bringup)
[88.659s] DEBUG:colcon.colcon_core.event_handler.log_command:Invoked command in '/home/robot/robot_ws/build/robot_bringup' returned '0': CMAKE_PREFIX_PATH=/home/robot/robot_ws/install/sllidar_ros2:/home/robot/robot_ws/install/robot_description:/home/robot/robot_ws/install/robot_bringup:/home/robot/robot_ws/install/web_bridge:/home/robot/robot_ws/install/robot_serial:/home/robot/robot_ws/install/robot_ai:/home/robot/robot_ws/install/camera_node:/opt/ros/humble /usr/bin/cmake --install /home/robot/robot_ws/build/robot_bringup
[88.664s] Level 1:colcon.colcon_core.environment:checking '/home/robot/robot_ws/install/robot_bringup' for CMake module files
[88.736s] Level 1:colcon.colcon_core.environment:checking '/home/robot/robot_ws/install/robot_bringup' for CMake config files
[88.742s] Level 1:colcon.colcon_core.shell:create_environment_hook('robot_bringup', 'cmake_prefix_path')
[88.764s] INFO:colcon.colcon_core.shell:Creating environment hook '/home/robot/robot_ws/install/robot_bringup/share/robot_bringup/hook/cmake_prefix_path.ps1'
[88.793s] INFO:colcon.colcon_core.shell:Creating environment descriptor '/home/robot/robot_ws/install/robot_bringup/share/robot_bringup/hook/cmake_prefix_path.dsv'
[88.806s] INFO:colcon.colcon_core.shell:Creating environment hook '/home/robot/robot_ws/install/robot_bringup/share/robot_bringup/hook/cmake_prefix_path.sh'
[88.825s] Level 1:colcon.colcon_core.environment:checking '/home/robot/robot_ws/install/robot_bringup/lib'
[88.827s] Level 1:colcon.colcon_core.environment:checking '/home/robot/robot_ws/install/robot_bringup/bin'
[88.835s] Level 1:colcon.colcon_core.environment:checking '/home/robot/robot_ws/install/robot_bringup/lib/pkgconfig/robot_bringup.pc'
[88.843s] Level 1:colcon.colcon_core.environment:checking '/home/robot/robot_ws/install/robot_bringup/lib/python3.10/site-packages'
[88.851s] Level 1:colcon.colcon_core.environment:checking '/home/robot/robot_ws/install/robot_bringup/bin'
[88.856s] INFO:colcon.colcon_core.shell:Creating package script '/home/robot/robot_ws/install/robot_bringup/share/robot_bringup/package.ps1'
[88.887s] INFO:colcon.colcon_core.shell:Creating package descriptor '/home/robot/robot_ws/install/robot_bringup/share/robot_bringup/package.dsv'
[88.900s] INFO:colcon.colcon_core.shell:Creating package script '/home/robot/robot_ws/install/robot_bringup/share/robot_bringup/package.sh'
[88.932s] INFO:colcon.colcon_core.shell:Creating package script '/home/robot/robot_ws/install/robot_bringup/share/robot_bringup/package.bash'
[88.945s] INFO:colcon.colcon_core.shell:Creating package script '/home/robot/robot_ws/install/robot_bringup/share/robot_bringup/package.zsh'
[88.963s] Level 1:colcon.colcon_core.environment:create_file_with_runtime_dependencies(/home/robot/robot_ws/install/robot_bringup/share/colcon-core/packages/robot_bringup)
[89.013s] Level 1:colcon.colcon_core.environment:create_environment_scripts_only(robot_bringup)
[89.022s] Level 1:colcon.colcon_core.environment:checking '/home/robot/robot_ws/install/robot_bringup' for CMake module files
[89.059s] Level 1:colcon.colcon_core.environment:checking '/home/robot/robot_ws/install/robot_bringup' for CMake config files
[89.078s] Level 1:colcon.colcon_core.shell:create_environment_hook('robot_bringup', 'cmake_prefix_path')
[89.089s] INFO:colcon.colcon_core.shell:Creating environment hook '/home/robot/robot_ws/install/robot_bringup/share/robot_bringup/hook/cmake_prefix_path.ps1'
[90.277s] INFO:colcon.colcon_core.shell:Creating environment descriptor '/home/robot/robot_ws/install/robot_bringup/share/robot_bringup/hook/cmake_prefix_path.dsv'
[90.463s] INFO:colcon.colcon_core.shell:Creating environment hook '/home/robot/robot_ws/install/robot_bringup/share/robot_bringup/hook/cmake_prefix_path.sh'
[91.731s] Level 1:colcon.colcon_core.environment:checking '/home/robot/robot_ws/install/robot_bringup/lib'
[96.052s] Level 1:colcon.colcon_core.environment:checking '/home/robot/robot_ws/install/robot_bringup/bin'
[96.054s] Level 1:colcon.colcon_core.environment:checking '/home/robot/robot_ws/install/robot_bringup/lib/pkgconfig/robot_bringup.pc'
[96.057s] Level 1:colcon.colcon_core.environment:checking '/home/robot/robot_ws/install/robot_bringup/lib/python3.10/site-packages'
[96.106s] Level 1:colcon.colcon_core.environment:checking '/home/robot/robot_ws/install/robot_bringup/bin'
[96.126s] INFO:colcon.colcon_core.shell:Creating package script '/home/robot/robot_ws/install/robot_bringup/share/robot_bringup/package.ps1'
[96.196s] INFO:colcon.colcon_core.shell:Creating package descriptor '/home/robot/robot_ws/install/robot_bringup/share/robot_bringup/package.dsv'
[96.277s] INFO:colcon.colcon_core.shell:Creating package script '/home/robot/robot_ws/install/robot_bringup/share/robot_bringup/package.sh'
[96.338s] INFO:colcon.colcon_core.shell:Creating package script '/home/robot/robot_ws/install/robot_bringup/share/robot_bringup/package.bash'
[96.348s] INFO:colcon.colcon_core.shell:Creating package script '/home/robot/robot_ws/install/robot_bringup/share/robot_bringup/package.zsh'
[96.368s] Level 1:colcon.colcon_core.environment:create_file_with_runtime_dependencies(/home/robot/robot_ws/install/robot_bringup/share/colcon-core/packages/robot_bringup)
[99.770s] Level 1:colcon.colcon_core.shell:create_environment_hook('robot_serial', 'pythonpath_develop')
[100.180s] INFO:colcon.colcon_core.shell:Creating environment hook '/home/robot/robot_ws/build/robot_serial/share/robot_serial/hook/pythonpath_develop.ps1'
[100.186s] DEBUG:colcon.colcon_core.event_handler.log_command:Invoked command in '/home/robot/robot_ws/build/robot_serial' returned '0': PYTHONPATH=/home/robot/robot_ws/build/robot_serial/prefix_override:/usr/lib/python3/dist-packages/colcon_core/task/python/colcon_distutils_commands:/home/robot/robot_ws/install/robot_serial/lib/python3.10/site-packages:${PYTHONPATH} /usr/bin/python3 -W ignore:setup.py install is deprecated -W ignore:easy_install command is deprecated setup.py develop --editable --build-directory /home/robot/robot_ws/build/robot_serial/build --no-deps symlink_data
[100.341s] INFO:colcon.colcon_core.shell:Creating environment descriptor '/home/robot/robot_ws/build/robot_serial/share/robot_serial/hook/pythonpath_develop.dsv'
[100.365s] INFO:colcon.colcon_core.shell:Creating environment hook '/home/robot/robot_ws/build/robot_serial/share/robot_serial/hook/pythonpath_develop.sh'
[100.409s] Level 1:colcon.colcon_core.environment:checking '/home/robot/robot_ws/install/robot_serial' for CMake module files
[100.437s] Level 1:colcon.colcon_core.environment:checking '/home/robot/robot_ws/install/robot_serial' for CMake config files
[100.527s] Level 1:colcon.colcon_core.environment:checking '/home/robot/robot_ws/install/robot_serial/lib'
[100.787s] Level 1:colcon.colcon_core.environment:checking '/home/robot/robot_ws/install/robot_serial/bin'
[100.788s] Level 1:colcon.colcon_core.environment:checking '/home/robot/robot_ws/install/robot_serial/lib/pkgconfig/robot_serial.pc'
[100.793s] Level 1:colcon.colcon_core.environment:checking '/home/robot/robot_ws/install/robot_serial/lib/python3.10/site-packages'
[100.796s] Level 1:colcon.colcon_core.shell:create_environment_hook('robot_serial', 'pythonpath')
[100.799s] INFO:colcon.colcon_core.shell:Creating environment hook '/home/robot/robot_ws/install/robot_serial/share/robot_serial/hook/pythonpath.ps1'
[100.808s] INFO:colcon.colcon_core.shell:Creating environment descriptor '/home/robot/robot_ws/install/robot_serial/share/robot_serial/hook/pythonpath.dsv'
[100.816s] INFO:colcon.colcon_core.shell:Creating environment hook '/home/robot/robot_ws/install/robot_serial/share/robot_serial/hook/pythonpath.sh'
[100.829s] Level 1:colcon.colcon_core.environment:checking '/home/robot/robot_ws/install/robot_serial/bin'
[100.830s] Level 1:colcon.colcon_core.environment:create_environment_scripts_only(robot_serial)
[100.836s] INFO:colcon.colcon_core.shell:Creating package script '/home/robot/robot_ws/install/robot_serial/share/robot_serial/package.ps1'
[100.847s] INFO:colcon.colcon_core.shell:Creating package descriptor '/home/robot/robot_ws/install/robot_serial/share/robot_serial/package.dsv'
[100.857s] INFO:colcon.colcon_core.shell:Creating package script '/home/robot/robot_ws/install/robot_serial/share/robot_serial/package.sh'
[100.867s] INFO:colcon.colcon_core.shell:Creating package script '/home/robot/robot_ws/install/robot_serial/share/robot_serial/package.bash'
[100.875s] INFO:colcon.colcon_core.shell:Creating package script '/home/robot/robot_ws/install/robot_serial/share/robot_serial/package.zsh'
[100.883s] Level 1:colcon.colcon_core.environment:create_file_with_runtime_dependencies(/home/robot/robot_ws/install/robot_serial/share/colcon-core/packages/robot_serial)
[100.906s] Level 1:colcon.colcon_core.shell:create_environment_hook('web_bridge', 'pythonpath_develop')
[100.916s] INFO:colcon.colcon_core.shell:Creating environment hook '/home/robot/robot_ws/build/web_bridge/share/web_bridge/hook/pythonpath_develop.ps1'
[100.912s] DEBUG:colcon.colcon_core.event_handler.log_command:Invoked command in '/home/robot/robot_ws/build/web_bridge' returned '0': PYTHONPATH=/home/robot/robot_ws/build/web_bridge/prefix_override:/usr/lib/python3/dist-packages/colcon_core/task/python/colcon_distutils_commands:/home/robot/robot_ws/install/web_bridge/lib/python3.10/site-packages:${PYTHONPATH} /usr/bin/python3 -W ignore:setup.py install is deprecated -W ignore:easy_install command is deprecated setup.py develop --editable --build-directory /home/robot/robot_ws/build/web_bridge/build --no-deps symlink_data
[100.927s] INFO:colcon.colcon_core.shell:Creating environment descriptor '/home/robot/robot_ws/build/web_bridge/share/web_bridge/hook/pythonpath_develop.dsv'
[100.936s] INFO:colcon.colcon_core.shell:Creating environment hook '/home/robot/robot_ws/build/web_bridge/share/web_bridge/hook/pythonpath_develop.sh'
[100.947s] Level 1:colcon.colcon_core.environment:checking '/home/robot/robot_ws/install/web_bridge' for CMake module files
[100.956s] Level 1:colcon.colcon_core.environment:checking '/home/robot/robot_ws/install/web_bridge' for CMake config files
[100.985s] Level 1:colcon.colcon_core.environment:checking '/home/robot/robot_ws/install/web_bridge/lib'
[101.563s] Level 1:colcon.colcon_core.environment:checking '/home/robot/robot_ws/install/web_bridge/bin'
[101.570s] Level 1:colcon.colcon_core.environment:checking '/home/robot/robot_ws/install/web_bridge/lib/pkgconfig/web_bridge.pc'
[101.576s] Level 1:colcon.colcon_core.environment:checking '/home/robot/robot_ws/install/web_bridge/lib/python3.10/site-packages'
[101.584s] Level 1:colcon.colcon_core.shell:create_environment_hook('web_bridge', 'pythonpath')
[101.587s] INFO:colcon.colcon_core.shell:Creating environment hook '/home/robot/robot_ws/install/web_bridge/share/web_bridge/hook/pythonpath.ps1'
[101.593s] INFO:colcon.colcon_core.shell:Creating environment descriptor '/home/robot/robot_ws/install/web_bridge/share/web_bridge/hook/pythonpath.dsv'
[101.599s] INFO:colcon.colcon_core.shell:Creating environment hook '/home/robot/robot_ws/install/web_bridge/share/web_bridge/hook/pythonpath.sh'
[101.610s] Level 1:colcon.colcon_core.environment:checking '/home/robot/robot_ws/install/web_bridge/bin'
[101.612s] Level 1:colcon.colcon_core.environment:create_environment_scripts_only(web_bridge)
[101.616s] INFO:colcon.colcon_core.shell:Creating package script '/home/robot/robot_ws/install/web_bridge/share/web_bridge/package.ps1'
[101.626s] INFO:colcon.colcon_core.shell:Creating package descriptor '/home/robot/robot_ws/install/web_bridge/share/web_bridge/package.dsv'
[101.634s] INFO:colcon.colcon_core.shell:Creating package script '/home/robot/robot_ws/install/web_bridge/share/web_bridge/package.sh'
[101.654s] INFO:colcon.colcon_core.shell:Creating package script '/home/robot/robot_ws/install/web_bridge/share/web_bridge/package.bash'
[101.666s] INFO:colcon.colcon_core.shell:Creating package script '/home/robot/robot_ws/install/web_bridge/share/web_bridge/package.zsh'
[101.685s] Level 1:colcon.colcon_core.environment:create_file_with_runtime_dependencies(/home/robot/robot_ws/install/web_bridge/share/colcon-core/packages/web_bridge)
[101.725s] DEBUG:colcon.colcon_parallel_executor.executor.parallel:closing loop
[101.747s] DEBUG:colcon.colcon_parallel_executor.executor.parallel:loop closed
[101.749s] DEBUG:colcon.colcon_parallel_executor.executor.parallel:run_until_complete finished with '0'
[101.754s] DEBUG:colcon.colcon_core.event_reactor:joining thread
[101.774s] DEBUG:colcon.colcon_core.event_reactor:joined thread
[101.791s] INFO:colcon.colcon_core.shell:Creating prefix script '/home/robot/robot_ws/install/local_setup.ps1'
[101.889s] INFO:colcon.colcon_core.shell:Creating prefix util module '/home/robot/robot_ws/install/_local_setup_util_ps1.py'
[102.043s] INFO:colcon.colcon_core.shell:Creating prefix chain script '/home/robot/robot_ws/install/setup.ps1'
[102.066s] INFO:colcon.colcon_core.shell:Creating prefix script '/home/robot/robot_ws/install/local_setup.sh'
[102.078s] INFO:colcon.colcon_core.shell:Creating prefix util module '/home/robot/robot_ws/install/_local_setup_util_sh.py'
[102.089s] INFO:colcon.colcon_core.shell:Creating prefix chain script '/home/robot/robot_ws/install/setup.sh'
[102.126s] INFO:colcon.colcon_core.shell:Creating prefix script '/home/robot/robot_ws/install/local_setup.bash'
[102.137s] INFO:colcon.colcon_core.shell:Creating prefix chain script '/home/robot/robot_ws/install/setup.bash'
[102.171s] INFO:colcon.colcon_core.shell:Creating prefix script '/home/robot/robot_ws/install/local_setup.zsh'
[102.183s] INFO:colcon.colcon_core.shell:Creating prefix chain script '/home/robot/robot_ws/install/setup.zsh'
