[3.186s] Invoking command in '/home/robot/robot_ws/build/robot_bringup': CMAKE_PREFIX_PATH=/home/robot/robot_ws/install/sllidar_ros2:/home/robot/robot_ws/install/robot_description:/home/robot/robot_ws/install/vision_msgs:/home/robot/robot_ws/install/robot_bringup:/home/robot/robot_ws/install/vision_ai_node:/home/robot/robot_ws/install/robot_ai:/home/robot/robot_ws/install/robot_serial:/home/robot/robot_ws/install/robot_camera:/home/robot/robot_ws/install/esp32_ros2_bridge:/home/robot/robot_ws/install/camera_node:/opt/ros/humble /usr/bin/cmake /home/robot/robot_ws/src/robot_bringup -DAMENT_CMAKE_SYMLINK_INSTALL=1 -DCMAKE_INSTALL_PREFIX=/home/robot/robot_ws/install/robot_bringup
[3.285s] -- Found ament_cmake: 1.3.14 (/opt/ros/humble/share/ament_cmake/cmake)
[5.695s] -- Override CMake install command with custom implementation using symlinks instead of copying resources
[6.742s] -- Found ament_lint_auto: 0.12.15 (/opt/ros/humble/share/ament_lint_auto/cmake)
[11.898s] -- Added test 'copyright' to check source files copyright and LICENSE
[12.407s] -- Added test 'flake8' to check Python code syntax and style conventions
[12.420s] -- Added test 'lint_cmake' to check CMake code style
[12.614s] -- Added test 'pep257' to check Python code against some of the docstring style conventions in PEP 257
[12.847s] -- Added test 'xmllint' to check XML markup files
[12.954s] -- Configuring done
[13.826s] -- Generating done
[13.850s] -- Build files have been written to: /home/robot/robot_ws/build/robot_bringup
[13.868s] Invoked command in '/home/robot/robot_ws/build/robot_bringup' returned '0': CMAKE_PREFIX_PATH=/home/robot/robot_ws/install/sllidar_ros2:/home/robot/robot_ws/install/robot_description:/home/robot/robot_ws/install/vision_msgs:/home/robot/robot_ws/install/robot_bringup:/home/robot/robot_ws/install/vision_ai_node:/home/robot/robot_ws/install/robot_ai:/home/robot/robot_ws/install/robot_serial:/home/robot/robot_ws/install/robot_camera:/home/robot/robot_ws/install/esp32_ros2_bridge:/home/robot/robot_ws/install/camera_node:/opt/ros/humble /usr/bin/cmake /home/robot/robot_ws/src/robot_bringup -DAMENT_CMAKE_SYMLINK_INSTALL=1 -DCMAKE_INSTALL_PREFIX=/home/robot/robot_ws/install/robot_bringup
[13.873s] Invoking command in '/home/robot/robot_ws/build/robot_bringup': CMAKE_PREFIX_PATH=/home/robot/robot_ws/install/sllidar_ros2:/home/robot/robot_ws/install/robot_description:/home/robot/robot_ws/install/vision_msgs:/home/robot/robot_ws/install/robot_bringup:/home/robot/robot_ws/install/vision_ai_node:/home/robot/robot_ws/install/robot_ai:/home/robot/robot_ws/install/robot_serial:/home/robot/robot_ws/install/robot_camera:/home/robot/robot_ws/install/esp32_ros2_bridge:/home/robot/robot_ws/install/camera_node:/opt/ros/humble /usr/bin/cmake --build /home/robot/robot_ws/build/robot_bringup -- -j4 -l4
[14.054s] Invoked command in '/home/robot/robot_ws/build/robot_bringup' returned '0': CMAKE_PREFIX_PATH=/home/robot/robot_ws/install/sllidar_ros2:/home/robot/robot_ws/install/robot_description:/home/robot/robot_ws/install/vision_msgs:/home/robot/robot_ws/install/robot_bringup:/home/robot/robot_ws/install/vision_ai_node:/home/robot/robot_ws/install/robot_ai:/home/robot/robot_ws/install/robot_serial:/home/robot/robot_ws/install/robot_camera:/home/robot/robot_ws/install/esp32_ros2_bridge:/home/robot/robot_ws/install/camera_node:/opt/ros/humble /usr/bin/cmake --build /home/robot/robot_ws/build/robot_bringup -- -j4 -l4
[14.087s] Invoking command in '/home/robot/robot_ws/build/robot_bringup': CMAKE_PREFIX_PATH=/home/robot/robot_ws/install/sllidar_ros2:/home/robot/robot_ws/install/robot_description:/home/robot/robot_ws/install/vision_msgs:/home/robot/robot_ws/install/robot_bringup:/home/robot/robot_ws/install/vision_ai_node:/home/robot/robot_ws/install/robot_ai:/home/robot/robot_ws/install/robot_serial:/home/robot/robot_ws/install/robot_camera:/home/robot/robot_ws/install/esp32_ros2_bridge:/home/robot/robot_ws/install/camera_node:/opt/ros/humble /usr/bin/cmake --install /home/robot/robot_ws/build/robot_bringup
[14.124s] -- Install configuration: ""
[14.126s] -- Execute custom install script
[14.130s] -- Symlinking: /home/robot/robot_ws/install/robot_bringup/share/robot_bringup//launch/__pycache__/ai.launch.cpython-310.pyc
[14.169s] -- Symlinking: /home/robot/robot_ws/install/robot_bringup/share/robot_bringup//launch/__pycache__/full_robot.launch.cpython-310.pyc
[14.205s] -- Symlinking: /home/robot/robot_ws/install/robot_bringup/share/robot_bringup//launch/__pycache__/minimal.launch.cpython-310.pyc
[14.244s] -- Symlinking: /home/robot/robot_ws/install/robot_bringup/share/robot_bringup//launch/__pycache__/nav2.launch.cpython-310.pyc
[14.283s] -- Symlinking: /home/robot/robot_ws/install/robot_bringup/share/robot_bringup//launch/__pycache__/slam.launch.cpython-310.pyc
[14.319s] -- Symlinking: /home/robot/robot_ws/install/robot_bringup/share/robot_bringup//launch/__pycache__/view_robot.launch.cpython-310.pyc
[14.460s] -- Symlinking: /home/robot/robot_ws/install/robot_bringup/share/robot_bringup//launch/ai.launch.py
[14.500s] -- Symlinking: /home/robot/robot_ws/install/robot_bringup/share/robot_bringup//launch/full_robot.launch.py
[14.538s] -- Symlinking: /home/robot/robot_ws/install/robot_bringup/share/robot_bringup//launch/lidar.launch.py
[14.586s] -- Symlinking: /home/robot/robot_ws/install/robot_bringup/share/robot_bringup//launch/localization.launch.py
[14.640s] -- Symlinking: /home/robot/robot_ws/install/robot_bringup/share/robot_bringup//launch/minimal.launch.py
[14.678s] -- Symlinking: /home/robot/robot_ws/install/robot_bringup/share/robot_bringup//launch/nav2.launch.py
[14.820s] -- Symlinking: /home/robot/robot_ws/install/robot_bringup/share/robot_bringup//launch/robot.launch.py
[14.860s] -- Symlinking: /home/robot/robot_ws/install/robot_bringup/share/robot_bringup//launch/slam.launch.py
[14.899s] -- Symlinking: /home/robot/robot_ws/install/robot_bringup/share/robot_bringup//launch/view_robot.launch.py
[14.948s] -- Symlinking: /home/robot/robot_ws/install/robot_bringup/share/robot_bringup//config/amcl_params.yaml
[14.988s] -- Symlinking: /home/robot/robot_ws/install/robot_bringup/share/robot_bringup//config/map_server_params.yaml
[15.025s] -- Symlinking: /home/robot/robot_ws/install/robot_bringup/share/robot_bringup//config/nav2_params.yaml
[15.064s] -- Symlinking: /home/robot/robot_ws/install/robot_bringup/share/robot_bringup//config/slam_toolbox_params.yaml
[15.186s] -- Symlinking: /home/robot/robot_ws/install/robot_bringup/share/robot_bringup//rviz/robot_view.rviz
[15.223s] -- Symlinking: /home/robot/robot_ws/install/robot_bringup/lib/robot_bringup//mount_hdd.sh
[15.263s] -- Symlinking: /home/robot/robot_ws/install/robot_bringup/lib/robot_bringup//unmount_hdd.sh
[15.312s] -- Symlinking: /home/robot/robot_ws/install/robot_bringup/lib/robot_bringup//save_map.sh
[15.355s] -- Symlinking: /home/robot/robot_ws/install/robot_bringup/lib/robot_bringup//setup_hdd_automount.sh
[15.401s] -- Symlinking: /home/robot/robot_ws/install/robot_bringup/lib/robot_bringup//save_map.py
[15.442s] -- Symlinking: /home/robot/robot_ws/install/robot_bringup/lib/robot_bringup//copy_map.sh
[15.481s] -- Symlinking: /home/robot/robot_ws/install/robot_bringup/share/robot_bringup//maps/.gitkeep
[15.519s] -- Symlinking: /home/robot/robot_ws/install/robot_bringup/share/robot_bringup//maps/my_room/map.pgm
[15.557s] -- Symlinking: /home/robot/robot_ws/install/robot_bringup/share/robot_bringup//maps/my_room/map.yaml
[15.594s] -- Symlinking: /home/robot/robot_ws/install/robot_bringup/share/ament_index/resource_index/package_run_dependencies/robot_bringup
[15.849s] -- Symlinking: /home/robot/robot_ws/install/robot_bringup/share/ament_index/resource_index/parent_prefix_path/robot_bringup
[15.887s] -- Symlinking: /home/robot/robot_ws/install/robot_bringup/share/robot_bringup/environment/ament_prefix_path.sh
[15.926s] -- Symlinking: /home/robot/robot_ws/install/robot_bringup/share/robot_bringup/environment/ament_prefix_path.dsv
[15.965s] -- Symlinking: /home/robot/robot_ws/install/robot_bringup/share/robot_bringup/environment/path.sh
[16.185s] -- Symlinking: /home/robot/robot_ws/install/robot_bringup/share/robot_bringup/environment/path.dsv
[16.226s] -- Symlinking: /home/robot/robot_ws/install/robot_bringup/share/robot_bringup/local_setup.bash
[16.266s] -- Symlinking: /home/robot/robot_ws/install/robot_bringup/share/robot_bringup/local_setup.sh
[16.305s] -- Symlinking: /home/robot/robot_ws/install/robot_bringup/share/robot_bringup/local_setup.zsh
[16.344s] -- Symlinking: /home/robot/robot_ws/install/robot_bringup/share/robot_bringup/local_setup.dsv
[16.382s] -- Symlinking: /home/robot/robot_ws/install/robot_bringup/share/robot_bringup/package.dsv
[16.420s] -- Symlinking: /home/robot/robot_ws/install/robot_bringup/share/ament_index/resource_index/packages/robot_bringup
[16.458s] -- Symlinking: /home/robot/robot_ws/install/robot_bringup/share/robot_bringup/cmake/robot_bringupConfig.cmake
[16.497s] -- Symlinking: /home/robot/robot_ws/install/robot_bringup/share/robot_bringup/cmake/robot_bringupConfig-version.cmake
[16.734s] -- Symlinking: /home/robot/robot_ws/install/robot_bringup/share/robot_bringup/package.xml
[16.779s] Invoked command in '/home/robot/robot_ws/build/robot_bringup' returned '0': CMAKE_PREFIX_PATH=/home/robot/robot_ws/install/sllidar_ros2:/home/robot/robot_ws/install/robot_description:/home/robot/robot_ws/install/vision_msgs:/home/robot/robot_ws/install/robot_bringup:/home/robot/robot_ws/install/vision_ai_node:/home/robot/robot_ws/install/robot_ai:/home/robot/robot_ws/install/robot_serial:/home/robot/robot_ws/install/robot_camera:/home/robot/robot_ws/install/esp32_ros2_bridge:/home/robot/robot_ws/install/camera_node:/opt/ros/humble /usr/bin/cmake --install /home/robot/robot_ws/build/robot_bringup
