[32.789s] Invoking command in '/home/robot/robot_ws/build/robot_serial': PYTHONPATH=/home/robot/robot_ws/build/robot_serial/prefix_override:/usr/lib/python3/dist-packages/colcon_core/task/python/colcon_distutils_commands:/home/robot/robot_ws/install/robot_serial/lib/python3.10/site-packages:${PYTHONPATH} /usr/bin/python3 -W ignore:setup.py install is deprecated -W ignore:easy_install command is deprecated setup.py develop --editable --build-directory /home/robot/robot_ws/build/robot_serial/build --no-deps symlink_data --force
[34.540s] running develop
[35.715s] running egg_info
[35.716s] writing robot_serial.egg-info/PKG-INFO
[35.718s] writing dependency_links to robot_serial.egg-info/dependency_links.txt
[35.719s] writing entry points to robot_serial.egg-info/entry_points.txt
[35.721s] writing requirements to robot_serial.egg-info/requires.txt
[35.722s] writing top-level names to robot_serial.egg-info/top_level.txt
[35.733s] reading manifest file 'robot_serial.egg-info/SOURCES.txt'
[35.739s] writing manifest file 'robot_serial.egg-info/SOURCES.txt'
[35.748s] running build_ext
[35.749s] Creating /home/robot/robot_ws/install/robot_serial/lib/python3.10/site-packages/robot-serial.egg-link (link to .)
[35.754s] Installing serial_node script to /home/robot/robot_ws/install/robot_serial/lib/robot_serial
[35.756s] Installing wheel_odom_node script to /home/robot/robot_ws/install/robot_serial/lib/robot_serial
[35.758s] 
[35.761s] Installed /home/robot/robot_ws/build/robot_serial
[35.773s] running symlink_data
[35.793s] symbolically linking /home/robot/robot_ws/build/robot_serial/resource/robot_serial -> /home/robot/robot_ws/install/robot_serial/share/ament_index/resource_index/packages
[35.818s] symbolically linking /home/robot/robot_ws/build/robot_serial/package.xml -> /home/robot/robot_ws/install/robot_serial/share/robot_serial
[35.828s] symbolically linking /home/robot/robot_ws/build/robot_serial/launch/robot_serial.launch.py -> /home/robot/robot_ws/install/robot_serial/share/robot_serial/launch
[35.831s] symbolically linking /home/robot/robot_ws/build/robot_serial/launch/wheel_odom.launch.py -> /home/robot/robot_ws/install/robot_serial/share/robot_serial/launch
[35.857s] symbolically linking /home/robot/robot_ws/build/robot_serial/config/serial.yaml -> /home/robot/robot_ws/install/robot_serial/share/robot_serial/config
[35.944s] Invoked command in '/home/robot/robot_ws/build/robot_serial' returned '0': PYTHONPATH=/home/robot/robot_ws/build/robot_serial/prefix_override:/usr/lib/python3/dist-packages/colcon_core/task/python/colcon_distutils_commands:/home/robot/robot_ws/install/robot_serial/lib/python3.10/site-packages:${PYTHONPATH} /usr/bin/python3 -W ignore:setup.py install is deprecated -W ignore:easy_install command is deprecated setup.py develop --editable --build-directory /home/robot/robot_ws/build/robot_serial/build --no-deps symlink_data --force
