[0.148s] Invoking command in '/home/robot/robot_ws/build/robot_description': CMAKE_PREFIX_PATH=${CMAKE_PREFIX_PATH}:/home/robot/robot_ws/install/vision_ai_node:/home/robot/robot_ws/install/robot_ai:/home/robot/robot_ws/install/robot_serial:/home/robot/robot_ws/install/robot_camera:/home/robot/robot_ws/install/esp32_ros2_bridge:/home/robot/robot_ws/install/camera_node:/opt/ros/humble /usr/bin/cmake /home/robot/robot_ws/src/robot_description -DCMAKE_INSTALL_PREFIX=/home/robot/robot_ws/install/robot_description
[0.633s] -- The C compiler identification is GNU 11.4.0
[1.108s] -- The CXX compiler identification is GNU 11.4.0
[1.162s] -- Detecting C compiler ABI info
[1.914s] -- Detecting C compiler ABI info - done
[1.979s] -- Check for working C compiler: /usr/bin/cc - skipped
[1.981s] -- Detecting C compile features
[1.987s] -- Detecting C compile features - done
[2.005s] -- Detecting CXX compiler ABI info
[3.439s] -- Detecting CXX compiler ABI info - done
[3.526s] -- Check for working CXX compiler: /usr/bin/c++ - skipped
[3.530s] -- Detecting CXX compile features
[3.533s] -- Detecting CXX compile features - done
[3.572s] -- Found ament_cmake: 1.3.14 (/opt/ros/humble/share/ament_cmake/cmake)
[5.899s] -- Found Python3: /usr/bin/python3 (found version "3.10.12") found components: Interpreter 
[7.211s] -- Found ament_lint_auto: 0.12.15 (/opt/ros/humble/share/ament_lint_auto/cmake)
[8.091s] -- Added test 'copyright' to check source files copyright and LICENSE
[8.125s] -- Added test 'flake8' to check Python code syntax and style conventions
[8.136s] -- Added test 'lint_cmake' to check CMake code style
[8.143s] -- Added test 'pep257' to check Python code against some of the docstring style conventions in PEP 257
[8.177s] -- Added test 'xmllint' to check XML markup files
[8.221s] -- Configuring done
[8.290s] -- Generating done
[8.322s] -- Build files have been written to: /home/robot/robot_ws/build/robot_description
[8.377s] Invoked command in '/home/robot/robot_ws/build/robot_description' returned '0': CMAKE_PREFIX_PATH=${CMAKE_PREFIX_PATH}:/home/robot/robot_ws/install/vision_ai_node:/home/robot/robot_ws/install/robot_ai:/home/robot/robot_ws/install/robot_serial:/home/robot/robot_ws/install/robot_camera:/home/robot/robot_ws/install/esp32_ros2_bridge:/home/robot/robot_ws/install/camera_node:/opt/ros/humble /usr/bin/cmake /home/robot/robot_ws/src/robot_description -DCMAKE_INSTALL_PREFIX=/home/robot/robot_ws/install/robot_description
[8.380s] Invoking command in '/home/robot/robot_ws/build/robot_description': CMAKE_PREFIX_PATH=${CMAKE_PREFIX_PATH}:/home/robot/robot_ws/install/vision_ai_node:/home/robot/robot_ws/install/robot_ai:/home/robot/robot_ws/install/robot_serial:/home/robot/robot_ws/install/robot_camera:/home/robot/robot_ws/install/esp32_ros2_bridge:/home/robot/robot_ws/install/camera_node:/opt/ros/humble /usr/bin/cmake --build /home/robot/robot_ws/build/robot_description -- -j4 -l4
[8.734s] Invoked command in '/home/robot/robot_ws/build/robot_description' returned '0': CMAKE_PREFIX_PATH=${CMAKE_PREFIX_PATH}:/home/robot/robot_ws/install/vision_ai_node:/home/robot/robot_ws/install/robot_ai:/home/robot/robot_ws/install/robot_serial:/home/robot/robot_ws/install/robot_camera:/home/robot/robot_ws/install/esp32_ros2_bridge:/home/robot/robot_ws/install/camera_node:/opt/ros/humble /usr/bin/cmake --build /home/robot/robot_ws/build/robot_description -- -j4 -l4
[8.842s] Invoking command in '/home/robot/robot_ws/build/robot_description': CMAKE_PREFIX_PATH=${CMAKE_PREFIX_PATH}:/home/robot/robot_ws/install/vision_ai_node:/home/robot/robot_ws/install/robot_ai:/home/robot/robot_ws/install/robot_serial:/home/robot/robot_ws/install/robot_camera:/home/robot/robot_ws/install/esp32_ros2_bridge:/home/robot/robot_ws/install/camera_node:/opt/ros/humble /usr/bin/cmake --install /home/robot/robot_ws/build/robot_description
[8.915s] -- Install configuration: ""
[8.915s] -- Installing: /home/robot/robot_ws/install/robot_description/share/robot_description//launch
[8.927s] -- Installing: /home/robot/robot_ws/install/robot_description/share/robot_description//launch/display.launch.py
[8.929s] -- Installing: /home/robot/robot_ws/install/robot_description/share/robot_description//launch/robot_state_publisher.launch.py
[8.935s] -- Installing: /home/robot/robot_ws/install/robot_description/share/robot_description//urdf
[8.936s] -- Installing: /home/robot/robot_ws/install/robot_description/share/robot_description//urdf/gazebo.xacro
[8.944s] -- Installing: /home/robot/robot_ws/install/robot_description/share/robot_description//urdf/materials.xacro
[8.945s] -- Installing: /home/robot/robot_ws/install/robot_description/share/robot_description//urdf/robot.urdf.xacro
[8.946s] -- Installing: /home/robot/robot_ws/install/robot_description/share/robot_description//urdf/macros.xacro
[8.947s] -- Installing: /home/robot/robot_ws/install/robot_description/share/robot_description//config
[8.947s] -- Installing: /home/robot/robot_ws/install/robot_description/share/robot_description//config/joint_limits.yaml
[8.948s] -- Installing: /home/robot/robot_ws/install/robot_description/share/robot_description//rviz
[8.950s] -- Installing: /home/robot/robot_ws/install/robot_description/share/robot_description//rviz/rviz.rviz
[8.967s] -- Installing: /home/robot/robot_ws/install/robot_description/share/ament_index/resource_index/package_run_dependencies/robot_description
[8.970s] -- Installing: /home/robot/robot_ws/install/robot_description/share/ament_index/resource_index/parent_prefix_path/robot_description
[8.972s] -- Installing: /home/robot/robot_ws/install/robot_description/share/robot_description/environment/ament_prefix_path.sh
[8.982s] -- Installing: /home/robot/robot_ws/install/robot_description/share/robot_description/environment/ament_prefix_path.dsv
[8.986s] -- Installing: /home/robot/robot_ws/install/robot_description/share/robot_description/environment/path.sh
[8.991s] -- Installing: /home/robot/robot_ws/install/robot_description/share/robot_description/environment/path.dsv
[8.996s] -- Installing: /home/robot/robot_ws/install/robot_description/share/robot_description/local_setup.bash
[9.000s] -- Installing: /home/robot/robot_ws/install/robot_description/share/robot_description/local_setup.sh
[9.004s] -- Installing: /home/robot/robot_ws/install/robot_description/share/robot_description/local_setup.zsh
[9.008s] -- Installing: /home/robot/robot_ws/install/robot_description/share/robot_description/local_setup.dsv
[9.011s] -- Installing: /home/robot/robot_ws/install/robot_description/share/robot_description/package.dsv
[9.016s] -- Installing: /home/robot/robot_ws/install/robot_description/share/ament_index/resource_index/packages/robot_description
[9.018s] -- Installing: /home/robot/robot_ws/install/robot_description/share/robot_description/cmake/robot_descriptionConfig.cmake
[9.022s] -- Installing: /home/robot/robot_ws/install/robot_description/share/robot_description/cmake/robot_descriptionConfig-version.cmake
[9.025s] -- Installing: /home/robot/robot_ws/install/robot_description/share/robot_description/package.xml
[9.039s] Invoked command in '/home/robot/robot_ws/build/robot_description' returned '0': CMAKE_PREFIX_PATH=${CMAKE_PREFIX_PATH}:/home/robot/robot_ws/install/vision_ai_node:/home/robot/robot_ws/install/robot_ai:/home/robot/robot_ws/install/robot_serial:/home/robot/robot_ws/install/robot_camera:/home/robot/robot_ws/install/esp32_ros2_bridge:/home/robot/robot_ws/install/camera_node:/opt/ros/humble /usr/bin/cmake --install /home/robot/robot_ws/build/robot_description
