[17.357s] Invoking command in '/home/robot/robot_ws/build/robot_ai': PYTHONPATH=/home/robot/robot_ws/build/robot_ai/prefix_override:/usr/lib/python3/dist-packages/colcon_core/task/python/colcon_distutils_commands:/home/robot/robot_ws/install/robot_ai/lib/python3.10/site-packages:${PYTHONPATH} /usr/bin/python3 -W ignore:setup.py install is deprecated -W ignore:easy_install command is deprecated setup.py develop --editable --build-directory /home/robot/robot_ws/build/robot_ai/build --no-deps symlink_data
[19.064s] running develop
[20.355s] running egg_info
[20.356s] writing robot_ai.egg-info/PKG-INFO
[20.357s] writing dependency_links to robot_ai.egg-info/dependency_links.txt
[20.358s] writing entry points to robot_ai.egg-info/entry_points.txt
[20.360s] writing requirements to robot_ai.egg-info/requires.txt
[20.361s] writing top-level names to robot_ai.egg-info/top_level.txt
[20.370s] reading manifest file 'robot_ai.egg-info/SOURCES.txt'
[20.374s] writing manifest file 'robot_ai.egg-info/SOURCES.txt'
[20.382s] running build_ext
[20.383s] Creating /home/robot/robot_ws/install/robot_ai/lib/python3.10/site-packages/robot-ai.egg-link (link to .)
[20.387s] Installing command_node script to /home/robot/robot_ws/install/robot_ai/lib/robot_ai
[20.388s] Installing dialogue_tts_node script to /home/robot/robot_ws/install/robot_ai/lib/robot_ai
[20.389s] Installing http_bridge_node script to /home/robot/robot_ws/install/robot_ai/lib/robot_ai
[20.390s] Installing stt_node script to /home/robot/robot_ws/install/robot_ai/lib/robot_ai
[20.391s] 
[20.392s] Installed /home/robot/robot_ws/build/robot_ai
[20.393s] running symlink_data
[20.541s] Invoked command in '/home/robot/robot_ws/build/robot_ai' returned '0': PYTHONPATH=/home/robot/robot_ws/build/robot_ai/prefix_override:/usr/lib/python3/dist-packages/colcon_core/task/python/colcon_distutils_commands:/home/robot/robot_ws/install/robot_ai/lib/python3.10/site-packages:${PYTHONPATH} /usr/bin/python3 -W ignore:setup.py install is deprecated -W ignore:easy_install command is deprecated setup.py develop --editable --build-directory /home/robot/robot_ws/build/robot_ai/build --no-deps symlink_data
