[33.686s] Invoking command in '/home/robot/robot_ws/src/camera_node': PYTHONPATH=/home/robot/robot_ws/build/camera_node/prefix_override:/usr/lib/python3/dist-packages/colcon_core/task/python/colcon_distutils_commands:/home/robot/robot_ws/install/camera_node/lib/python3.10/site-packages:${PYTHONPATH} /usr/bin/python3 -W ignore:setup.py install is deprecated -W ignore:easy_install command is deprecated setup.py egg_info --egg-base ../../build/camera_node build --build-base /home/robot/robot_ws/build/camera_node/build install --record /home/robot/robot_ws/build/camera_node/install.log --install-scripts $base/lib/camera_node --single-version-externally-managed install_data
[45.822s] running egg_info
[45.823s] writing ../../build/camera_node/camera_node.egg-info/PKG-INFO
[45.823s] writing dependency_links to ../../build/camera_node/camera_node.egg-info/dependency_links.txt
[45.824s] writing entry points to ../../build/camera_node/camera_node.egg-info/entry_points.txt
[45.825s] writing requirements to ../../build/camera_node/camera_node.egg-info/requires.txt
[45.825s] writing top-level names to ../../build/camera_node/camera_node.egg-info/top_level.txt
[45.826s] reading manifest file '../../build/camera_node/camera_node.egg-info/SOURCES.txt'
[45.827s] writing manifest file '../../build/camera_node/camera_node.egg-info/SOURCES.txt'
[45.828s] running build
[45.829s] running build_py
[45.830s] running install
[45.830s] running install_lib
[45.831s] running install_data
[45.831s] running install_egg_info
[45.832s] removing '/home/robot/robot_ws/install/camera_node/lib/python3.10/site-packages/camera_node-1.0.0-py3.10.egg-info' (and everything under it)
[45.833s] Copying ../../build/camera_node/camera_node.egg-info to /home/robot/robot_ws/install/camera_node/lib/python3.10/site-packages/camera_node-1.0.0-py3.10.egg-info
[45.833s] running install_scripts
[45.833s] Installing camera_node script to /home/robot/robot_ws/install/camera_node/lib/camera_node
[45.834s] writing list of installed files to '/home/robot/robot_ws/build/camera_node/install.log'
[49.606s] Invoked command in '/home/robot/robot_ws/src/camera_node' returned '0': PYTHONPATH=/home/robot/robot_ws/build/camera_node/prefix_override:/usr/lib/python3/dist-packages/colcon_core/task/python/colcon_distutils_commands:/home/robot/robot_ws/install/camera_node/lib/python3.10/site-packages:${PYTHONPATH} /usr/bin/python3 -W ignore:setup.py install is deprecated -W ignore:easy_install command is deprecated setup.py egg_info --egg-base ../../build/camera_node build --build-base /home/robot/robot_ws/build/camera_node/build install --record /home/robot/robot_ws/build/camera_node/install.log --install-scripts $base/lib/camera_node --single-version-externally-managed install_data
