[3.869s] Invoking command in '/home/robot/robot_ws/src/robot_serial': PYTHONPATH=/home/robot/robot_ws/build/robot_serial/prefix_override:/usr/lib/python3/dist-packages/colcon_core/task/python/colcon_distutils_commands:/home/robot/robot_ws/install/robot_serial/lib/python3.10/site-packages:${PYTHONPATH} /usr/bin/python3 -W ignore:setup.py install is deprecated -W ignore:easy_install command is deprecated setup.py egg_info --egg-base ../../build/robot_serial build --build-base /home/robot/robot_ws/build/robot_serial/build install --record /home/robot/robot_ws/build/robot_serial/install.log --install-scripts $base/lib/robot_serial --single-version-externally-managed install_data
[5.179s] running egg_info
[5.182s] writing ../../build/robot_serial/robot_serial.egg-info/PKG-INFO
[5.183s] writing dependency_links to ../../build/robot_serial/robot_serial.egg-info/dependency_links.txt
[5.185s] writing entry points to ../../build/robot_serial/robot_serial.egg-info/entry_points.txt
[5.185s] writing requirements to ../../build/robot_serial/robot_serial.egg-info/requires.txt
[5.186s] writing top-level names to ../../build/robot_serial/robot_serial.egg-info/top_level.txt
[5.196s] reading manifest file '../../build/robot_serial/robot_serial.egg-info/SOURCES.txt'
[5.202s] writing manifest file '../../build/robot_serial/robot_serial.egg-info/SOURCES.txt'
[5.202s] running build
[5.203s] running build_py
[5.207s] running install
[5.209s] running install_lib
[5.218s] running install_data
[5.220s] running install_egg_info
[5.229s] removing '/home/robot/robot_ws/install/robot_serial/lib/python3.10/site-packages/robot_serial-1.0.0-py3.10.egg-info' (and everything under it)
[5.232s] Copying ../../build/robot_serial/robot_serial.egg-info to /home/robot/robot_ws/install/robot_serial/lib/python3.10/site-packages/robot_serial-1.0.0-py3.10.egg-info
[5.239s] running install_scripts
[5.504s] Installing serial_node script to /home/robot/robot_ws/install/robot_serial/lib/robot_serial
[5.509s] Installing teleop_text script to /home/robot/robot_ws/install/robot_serial/lib/robot_serial
[5.510s] Installing wheel_odom_node script to /home/robot/robot_ws/install/robot_serial/lib/robot_serial
[5.517s] writing list of installed files to '/home/robot/robot_ws/build/robot_serial/install.log'
[5.637s] Invoked command in '/home/robot/robot_ws/src/robot_serial' returned '0': PYTHONPATH=/home/robot/robot_ws/build/robot_serial/prefix_override:/usr/lib/python3/dist-packages/colcon_core/task/python/colcon_distutils_commands:/home/robot/robot_ws/install/robot_serial/lib/python3.10/site-packages:${PYTHONPATH} /usr/bin/python3 -W ignore:setup.py install is deprecated -W ignore:easy_install command is deprecated setup.py egg_info --egg-base ../../build/robot_serial build --build-base /home/robot/robot_ws/build/robot_serial/build install --record /home/robot/robot_ws/build/robot_serial/install.log --install-scripts $base/lib/robot_serial --single-version-externally-managed install_data
