[0.145s] Invoking command in '/home/phuongnam/robot_main/build/robot_description': CMAKE_PREFIX_PATH=/opt/ros/humble /usr/bin/cmake /home/phuongnam/robot_main/src/robot_description -DCMAKE_INSTALL_PREFIX=/home/phuongnam/robot_main/install/robot_description
[1.719s] -- Found ament_cmake: 1.3.14 (/opt/ros/humble/share/ament_cmake/cmake)
[1.720s] -- Override CMake install command with custom implementation using symlinks instead of copying resources
[1.720s] -- Found ament_lint_auto: 0.12.15 (/opt/ros/humble/share/ament_lint_auto/cmake)
[1.721s] -- Added test 'copyright' to check source files copyright and LICENSE
[1.721s] -- Added test 'flake8' to check Python code syntax and style conventions
[1.722s] -- Added test 'lint_cmake' to check CMake code style
[1.723s] -- Added test 'pep257' to check Python code against some of the docstring style conventions in PEP 257
[1.726s] -- Added test 'xmllint' to check XML markup files
[1.726s] -- Configuring done
[1.728s] -- Generating done
[1.729s] -- Build files have been written to: /home/phuongnam/robot_main/build/robot_description
[1.739s] Invoked command in '/home/phuongnam/robot_main/build/robot_description' returned '0': CMAKE_PREFIX_PATH=/opt/ros/humble /usr/bin/cmake /home/phuongnam/robot_main/src/robot_description -DCMAKE_INSTALL_PREFIX=/home/phuongnam/robot_main/install/robot_description
[1.741s] Invoking command in '/home/phuongnam/robot_main/build/robot_description': CMAKE_PREFIX_PATH=/opt/ros/humble /usr/bin/cmake --build /home/phuongnam/robot_main/build/robot_description -- -j8 -l8
[1.819s] Invoked command in '/home/phuongnam/robot_main/build/robot_description' returned '0': CMAKE_PREFIX_PATH=/opt/ros/humble /usr/bin/cmake --build /home/phuongnam/robot_main/build/robot_description -- -j8 -l8
[1.845s] Invoking command in '/home/phuongnam/robot_main/build/robot_description': CMAKE_PREFIX_PATH=/opt/ros/humble /usr/bin/cmake --install /home/phuongnam/robot_main/build/robot_description
[1.860s] -- Install configuration: ""
[1.862s] -- Execute custom install script
[1.863s] -- Up-to-date symlink: /home/phuongnam/robot_main/install/robot_description/share/robot_description//launch/display.launch.py
[1.863s] -- Up-to-date symlink: /home/phuongnam/robot_main/install/robot_description/share/robot_description//launch/robot_state_publisher.launch.py
[1.864s] -- Up-to-date symlink: /home/phuongnam/robot_main/install/robot_description/share/robot_description//urdf/gazebo.xacro
[1.864s] -- Up-to-date symlink: /home/phuongnam/robot_main/install/robot_description/share/robot_description//urdf/macros.xacro
[1.865s] -- Up-to-date symlink: /home/phuongnam/robot_main/install/robot_description/share/robot_description//urdf/materials.xacro
[1.865s] -- Up-to-date symlink: /home/phuongnam/robot_main/install/robot_description/share/robot_description//urdf/robot.urdf.xacro
[1.866s] -- Up-to-date symlink: /home/phuongnam/robot_main/install/robot_description/share/robot_description//config/joint_limits.yaml
[1.867s] -- Up-to-date symlink: /home/phuongnam/robot_main/install/robot_description/share/robot_description//rviz/rviz.rviz
[1.869s] -- Up-to-date symlink: /home/phuongnam/robot_main/install/robot_description/share/ament_index/resource_index/package_run_dependencies/robot_description
[1.869s] -- Up-to-date symlink: /home/phuongnam/robot_main/install/robot_description/share/ament_index/resource_index/parent_prefix_path/robot_description
[1.869s] -- Up-to-date symlink: /home/phuongnam/robot_main/install/robot_description/share/robot_description/environment/ament_prefix_path.sh
[1.869s] -- Up-to-date symlink: /home/phuongnam/robot_main/install/robot_description/share/robot_description/environment/ament_prefix_path.dsv
[1.870s] -- Up-to-date symlink: /home/phuongnam/robot_main/install/robot_description/share/robot_description/environment/path.sh
[1.870s] -- Up-to-date symlink: /home/phuongnam/robot_main/install/robot_description/share/robot_description/environment/path.dsv
[1.870s] -- Up-to-date symlink: /home/phuongnam/robot_main/install/robot_description/share/robot_description/local_setup.bash
[1.871s] -- Up-to-date symlink: /home/phuongnam/robot_main/install/robot_description/share/robot_description/local_setup.sh
[1.872s] -- Up-to-date symlink: /home/phuongnam/robot_main/install/robot_description/share/robot_description/local_setup.zsh
[1.872s] -- Up-to-date symlink: /home/phuongnam/robot_main/install/robot_description/share/robot_description/local_setup.dsv
[1.872s] -- Symlinking: /home/phuongnam/robot_main/install/robot_description/share/robot_description/package.dsv
[1.902s] -- Up-to-date symlink: /home/phuongnam/robot_main/install/robot_description/share/ament_index/resource_index/packages/robot_description
[1.902s] -- Up-to-date symlink: /home/phuongnam/robot_main/install/robot_description/share/robot_description/cmake/robot_descriptionConfig.cmake
[1.902s] -- Up-to-date symlink: /home/phuongnam/robot_main/install/robot_description/share/robot_description/cmake/robot_descriptionConfig-version.cmake
[1.903s] -- Up-to-date symlink: /home/phuongnam/robot_main/install/robot_description/share/robot_description/package.xml
[1.905s] Invoked command in '/home/phuongnam/robot_main/build/robot_description' returned '0': CMAKE_PREFIX_PATH=/opt/ros/humble /usr/bin/cmake --install /home/phuongnam/robot_main/build/robot_description
