[3.386s] Invoking command in '/home/robot/robot_ws/src/web_bridge': PYTHONPATH=/home/robot/robot_ws/build/web_bridge/prefix_override:/usr/lib/python3/dist-packages/colcon_core/task/python/colcon_distutils_commands:/home/robot/robot_ws/install/web_bridge/lib/python3.10/site-packages:${PYTHONPATH} /usr/bin/python3 -W ignore:setup.py install is deprecated -W ignore:easy_install command is deprecated setup.py egg_info --egg-base ../../build/web_bridge build --build-base /home/robot/robot_ws/build/web_bridge/build install --record /home/robot/robot_ws/build/web_bridge/install.log --install-scripts $base/lib/web_bridge --single-version-externally-managed install_data
[4.803s] running egg_info
[4.808s] writing ../../build/web_bridge/web_bridge.egg-info/PKG-INFO
[4.812s] writing dependency_links to ../../build/web_bridge/web_bridge.egg-info/dependency_links.txt
[4.816s] writing entry points to ../../build/web_bridge/web_bridge.egg-info/entry_points.txt
[4.819s] writing requirements to ../../build/web_bridge/web_bridge.egg-info/requires.txt
[4.822s] writing top-level names to ../../build/web_bridge/web_bridge.egg-info/top_level.txt
[4.834s] reading manifest file '../../build/web_bridge/web_bridge.egg-info/SOURCES.txt'
[4.844s] writing manifest file '../../build/web_bridge/web_bridge.egg-info/SOURCES.txt'
[4.847s] running build
[4.849s] running build_py
[4.852s] running install
[4.855s] running install_lib
[4.865s] running install_data
[4.869s] running install_egg_info
[4.881s] removing '/home/robot/robot_ws/install/web_bridge/lib/python3.10/site-packages/web_bridge-0.0.1-py3.10.egg-info' (and everything under it)
[4.886s] Copying ../../build/web_bridge/web_bridge.egg-info to /home/robot/robot_ws/install/web_bridge/lib/python3.10/site-packages/web_bridge-0.0.1-py3.10.egg-info
[4.894s] running install_scripts
[5.102s] Installing web_bridge script to /home/robot/robot_ws/install/web_bridge/lib/web_bridge
[5.107s] writing list of installed files to '/home/robot/robot_ws/build/web_bridge/install.log'
[5.282s] Invoked command in '/home/robot/robot_ws/src/web_bridge' returned '0': PYTHONPATH=/home/robot/robot_ws/build/web_bridge/prefix_override:/usr/lib/python3/dist-packages/colcon_core/task/python/colcon_distutils_commands:/home/robot/robot_ws/install/web_bridge/lib/python3.10/site-packages:${PYTHONPATH} /usr/bin/python3 -W ignore:setup.py install is deprecated -W ignore:easy_install command is deprecated setup.py egg_info --egg-base ../../build/web_bridge build --build-base /home/robot/robot_ws/build/web_bridge/build install --record /home/robot/robot_ws/build/web_bridge/install.log --install-scripts $base/lib/web_bridge --single-version-externally-managed install_data
