[32.813s] Invoking command in '/home/robot/robot_ws/build/esp32_ros2_bridge': PYTHONPATH=/home/robot/robot_ws/build/esp32_ros2_bridge/prefix_override:/usr/lib/python3/dist-packages/colcon_core/task/python/colcon_distutils_commands:/home/robot/robot_ws/install/esp32_ros2_bridge/lib/python3.10/site-packages:${PYTHONPATH} /usr/bin/python3 -W ignore:setup.py install is deprecated -W ignore:easy_install command is deprecated setup.py develop --editable --build-directory /home/robot/robot_ws/build/esp32_ros2_bridge/build --no-deps symlink_data --force
[34.591s] running develop
[36.359s] running egg_info
[36.364s] writing esp32_ros2_bridge.egg-info/PKG-INFO
[36.365s] writing dependency_links to esp32_ros2_bridge.egg-info/dependency_links.txt
[36.366s] writing entry points to esp32_ros2_bridge.egg-info/entry_points.txt
[36.367s] writing requirements to esp32_ros2_bridge.egg-info/requires.txt
[36.368s] writing top-level names to esp32_ros2_bridge.egg-info/top_level.txt
[36.376s] reading manifest file 'esp32_ros2_bridge.egg-info/SOURCES.txt'
[36.381s] writing manifest file 'esp32_ros2_bridge.egg-info/SOURCES.txt'
[36.391s] running build_ext
[36.393s] Creating /home/robot/robot_ws/install/esp32_ros2_bridge/lib/python3.10/site-packages/esp32-ros2-bridge.egg-link (link to .)
[36.398s] Installing esp32_bridge_node script to /home/robot/robot_ws/install/esp32_ros2_bridge/bin
[36.400s] 
[36.402s] Installed /home/robot/robot_ws/build/esp32_ros2_bridge
[36.403s] running symlink_data
[36.409s] symbolically linking /home/robot/robot_ws/build/esp32_ros2_bridge/resource/esp32_ros2_bridge -> /home/robot/robot_ws/install/esp32_ros2_bridge/share/ament_index/resource_index/packages
[36.413s] symbolically linking /home/robot/robot_ws/build/esp32_ros2_bridge/package.xml -> /home/robot/robot_ws/install/esp32_ros2_bridge/share/esp32_ros2_bridge
[36.421s] symbolically linking /home/robot/robot_ws/build/esp32_ros2_bridge/launch/esp32_bridge.launch.py -> /home/robot/robot_ws/install/esp32_ros2_bridge/share/esp32_ros2_bridge/launch
[36.591s] Invoked command in '/home/robot/robot_ws/build/esp32_ros2_bridge' returned '0': PYTHONPATH=/home/robot/robot_ws/build/esp32_ros2_bridge/prefix_override:/usr/lib/python3/dist-packages/colcon_core/task/python/colcon_distutils_commands:/home/robot/robot_ws/install/esp32_ros2_bridge/lib/python3.10/site-packages:${PYTHONPATH} /usr/bin/python3 -W ignore:setup.py install is deprecated -W ignore:easy_install command is deprecated setup.py develop --editable --build-directory /home/robot/robot_ws/build/esp32_ros2_bridge/build --no-deps symlink_data --force
