[0.477s] Invoking command in '/home/robot/robot_ws/build/robot_bringup': CMAKE_PREFIX_PATH=/home/robot/robot_ws/install/sllidar_ros2:/home/robot/robot_ws/install/robot_description:/home/robot/robot_ws/install/robot_bringup:/home/robot/robot_ws/install/web_bridge:/home/robot/robot_ws/install/robot_serial:/home/robot/robot_ws/install/robot_ai:/home/robot/robot_ws/install/camera_node:/opt/ros/humble /usr/bin/cmake --build /home/robot/robot_ws/build/robot_bringup -- -j4 -l4
[3.097s] Invoked command in '/home/robot/robot_ws/build/robot_bringup' returned '0': CMAKE_PREFIX_PATH=/home/robot/robot_ws/install/sllidar_ros2:/home/robot/robot_ws/install/robot_description:/home/robot/robot_ws/install/robot_bringup:/home/robot/robot_ws/install/web_bridge:/home/robot/robot_ws/install/robot_serial:/home/robot/robot_ws/install/robot_ai:/home/robot/robot_ws/install/camera_node:/opt/ros/humble /usr/bin/cmake --build /home/robot/robot_ws/build/robot_bringup -- -j4 -l4
[3.136s] Invoking command in '/home/robot/robot_ws/build/robot_bringup': CMAKE_PREFIX_PATH=/home/robot/robot_ws/install/sllidar_ros2:/home/robot/robot_ws/install/robot_description:/home/robot/robot_ws/install/robot_bringup:/home/robot/robot_ws/install/web_bridge:/home/robot/robot_ws/install/robot_serial:/home/robot/robot_ws/install/robot_ai:/home/robot/robot_ws/install/camera_node:/opt/ros/humble /usr/bin/cmake --install /home/robot/robot_ws/build/robot_bringup
[7.523s] -- Install configuration: ""
[7.557s] -- Execute custom install script
[7.684s] -- Up-to-date symlink: /home/robot/robot_ws/install/robot_bringup/share/robot_bringup//launch/ai.launch.py
[7.718s] -- Up-to-date symlink: /home/robot/robot_ws/install/robot_bringup/share/robot_bringup//launch/full_robot.launch.py
[7.722s] -- Up-to-date symlink: /home/robot/robot_ws/install/robot_bringup/share/robot_bringup//launch/lidar.launch.py
[7.744s] -- Up-to-date symlink: /home/robot/robot_ws/install/robot_bringup/share/robot_bringup//launch/localization.launch.py
[7.747s] -- Up-to-date symlink: /home/robot/robot_ws/install/robot_bringup/share/robot_bringup//launch/minimal.launch.py
[7.781s] -- Up-to-date symlink: /home/robot/robot_ws/install/robot_bringup/share/robot_bringup//launch/nav2.launch.py
[7.793s] -- Up-to-date symlink: /home/robot/robot_ws/install/robot_bringup/share/robot_bringup//launch/robot.launch.py
[7.807s] -- Up-to-date symlink: /home/robot/robot_ws/install/robot_bringup/share/robot_bringup//launch/slam.launch.py
[7.820s] -- Up-to-date symlink: /home/robot/robot_ws/install/robot_bringup/share/robot_bringup//launch/view_robot.launch.py
[7.840s] -- Up-to-date symlink: /home/robot/robot_ws/install/robot_bringup/share/robot_bringup//config/amcl_params.yaml
[7.848s] -- Up-to-date symlink: /home/robot/robot_ws/install/robot_bringup/share/robot_bringup//config/ekf.yaml
[7.886s] -- Up-to-date symlink: /home/robot/robot_ws/install/robot_bringup/share/robot_bringup//config/map_server_params.yaml
[7.912s] -- Up-to-date symlink: /home/robot/robot_ws/install/robot_bringup/share/robot_bringup//config/nav2_params.yaml
[7.935s] -- Up-to-date symlink: /home/robot/robot_ws/install/robot_bringup/share/robot_bringup//config/slam_toolbox_params.yaml
[7.951s] -- Up-to-date symlink: /home/robot/robot_ws/install/robot_bringup/share/robot_bringup//rviz/robot_view.rviz
[7.977s] -- Up-to-date symlink: /home/robot/robot_ws/install/robot_bringup/lib/robot_bringup//save_map.sh
[10.887s] -- Up-to-date symlink: /home/robot/robot_ws/install/robot_bringup/lib/robot_bringup//save_map.py
[10.911s] -- Up-to-date symlink: /home/robot/robot_ws/install/robot_bringup/lib/robot_bringup//copy_map.sh
[10.933s] -- Up-to-date symlink: /home/robot/robot_ws/install/robot_bringup/share/robot_bringup//maps/.gitkeep
[10.937s] -- Up-to-date symlink: /home/robot/robot_ws/install/robot_bringup/share/robot_bringup//maps/my_room/map.pgm
[10.939s] -- Up-to-date symlink: /home/robot/robot_ws/install/robot_bringup/share/robot_bringup//maps/my_room/map.yaml
[10.995s] -- Up-to-date symlink: /home/robot/robot_ws/install/robot_bringup/share/ament_index/resource_index/package_run_dependencies/robot_bringup
[10.998s] -- Up-to-date symlink: /home/robot/robot_ws/install/robot_bringup/share/ament_index/resource_index/parent_prefix_path/robot_bringup
[11.000s] -- Up-to-date symlink: /home/robot/robot_ws/install/robot_bringup/share/robot_bringup/environment/ament_prefix_path.sh
[11.001s] -- Up-to-date symlink: /home/robot/robot_ws/install/robot_bringup/share/robot_bringup/environment/ament_prefix_path.dsv
[11.003s] -- Up-to-date symlink: /home/robot/robot_ws/install/robot_bringup/share/robot_bringup/environment/path.sh
[11.021s] -- Up-to-date symlink: /home/robot/robot_ws/install/robot_bringup/share/robot_bringup/environment/path.dsv
[11.102s] -- Up-to-date symlink: /home/robot/robot_ws/install/robot_bringup/share/robot_bringup/local_setup.bash
[11.130s] -- Up-to-date symlink: /home/robot/robot_ws/install/robot_bringup/share/robot_bringup/local_setup.sh
[11.141s] -- Up-to-date symlink: /home/robot/robot_ws/install/robot_bringup/share/robot_bringup/local_setup.zsh
[11.161s] -- Up-to-date symlink: /home/robot/robot_ws/install/robot_bringup/share/robot_bringup/local_setup.dsv
[11.162s] -- Symlinking: /home/robot/robot_ws/install/robot_bringup/share/robot_bringup/package.dsv
[11.374s] -- Up-to-date symlink: /home/robot/robot_ws/install/robot_bringup/share/ament_index/resource_index/packages/robot_bringup
[11.385s] -- Up-to-date symlink: /home/robot/robot_ws/install/robot_bringup/share/robot_bringup/cmake/robot_bringupConfig.cmake
[11.414s] -- Up-to-date symlink: /home/robot/robot_ws/install/robot_bringup/share/robot_bringup/cmake/robot_bringupConfig-version.cmake
[11.437s] -- Up-to-date symlink: /home/robot/robot_ws/install/robot_bringup/share/robot_bringup/package.xml
[11.587s] Invoked command in '/home/robot/robot_ws/build/robot_bringup' returned '0': CMAKE_PREFIX_PATH=/home/robot/robot_ws/install/sllidar_ros2:/home/robot/robot_ws/install/robot_description:/home/robot/robot_ws/install/robot_bringup:/home/robot/robot_ws/install/web_bridge:/home/robot/robot_ws/install/robot_serial:/home/robot/robot_ws/install/robot_ai:/home/robot/robot_ws/install/camera_node:/opt/ros/humble /usr/bin/cmake --install /home/robot/robot_ws/build/robot_bringup
