[0.661s] Invoking command in '/home/robot/robot_ws/build/sllidar_ros2': CMAKE_PREFIX_PATH=${CMAKE_PREFIX_PATH}:/home/robot/robot_ws/install/web_bridge:/home/robot/robot_ws/install/vision_ai_node:/home/robot/robot_ws/install/robot_ai:/home/robot/robot_ws/install/robot_serial:/home/robot/robot_ws/install/camera_node:/opt/ros/humble /usr/bin/cmake --build /home/robot/robot_ws/build/sllidar_ros2 -- -j4 -l4
[2.180s] [ 90%] Built target sllidar_node
[2.381s] [100%] Built target sllidar_client
[3.097s] Invoked command in '/home/robot/robot_ws/build/sllidar_ros2' returned '0': CMAKE_PREFIX_PATH=${CMAKE_PREFIX_PATH}:/home/robot/robot_ws/install/web_bridge:/home/robot/robot_ws/install/vision_ai_node:/home/robot/robot_ws/install/robot_ai:/home/robot/robot_ws/install/robot_serial:/home/robot/robot_ws/install/camera_node:/opt/ros/humble /usr/bin/cmake --build /home/robot/robot_ws/build/sllidar_ros2 -- -j4 -l4
[3.107s] Invoking command in '/home/robot/robot_ws/build/sllidar_ros2': CMAKE_PREFIX_PATH=${CMAKE_PREFIX_PATH}:/home/robot/robot_ws/install/web_bridge:/home/robot/robot_ws/install/vision_ai_node:/home/robot/robot_ws/install/robot_ai:/home/robot/robot_ws/install/robot_serial:/home/robot/robot_ws/install/camera_node:/opt/ros/humble /usr/bin/cmake --install /home/robot/robot_ws/build/sllidar_ros2
[3.194s] -- Install configuration: ""
[3.194s] -- Up-to-date: /home/robot/robot_ws/install/sllidar_ros2/share/sllidar_ros2/launch
[3.195s] -- Up-to-date: /home/robot/robot_ws/install/sllidar_ros2/share/sllidar_ros2/launch/sllidar_c1_launch.py
[3.195s] -- Up-to-date: /home/robot/robot_ws/install/sllidar_ros2/share/sllidar_ros2/launch/view_sllidar_c1_launch.py
[3.196s] -- Up-to-date: /home/robot/robot_ws/install/sllidar_ros2/share/sllidar_ros2/rviz
[3.197s] -- Up-to-date: /home/robot/robot_ws/install/sllidar_ros2/share/sllidar_ros2/rviz/sllidar_ros2.rviz
[3.212s] -- Up-to-date: /home/robot/robot_ws/install/sllidar_ros2/lib/sllidar_ros2/sllidar_node
[3.225s] -- Up-to-date: /home/robot/robot_ws/install/sllidar_ros2/lib/sllidar_ros2/sllidar_client
[3.225s] -- Up-to-date: /home/robot/robot_ws/install/sllidar_ros2/share/ament_index/resource_index/package_run_dependencies/sllidar_ros2
[3.226s] -- Up-to-date: /home/robot/robot_ws/install/sllidar_ros2/share/ament_index/resource_index/parent_prefix_path/sllidar_ros2
[3.227s] -- Up-to-date: /home/robot/robot_ws/install/sllidar_ros2/share/sllidar_ros2/environment/ament_prefix_path.sh
[3.227s] -- Up-to-date: /home/robot/robot_ws/install/sllidar_ros2/share/sllidar_ros2/environment/ament_prefix_path.dsv
[3.248s] -- Up-to-date: /home/robot/robot_ws/install/sllidar_ros2/share/sllidar_ros2/environment/path.sh
[3.250s] -- Up-to-date: /home/robot/robot_ws/install/sllidar_ros2/share/sllidar_ros2/environment/path.dsv
[3.251s] -- Up-to-date: /home/robot/robot_ws/install/sllidar_ros2/share/sllidar_ros2/local_setup.bash
[3.253s] -- Up-to-date: /home/robot/robot_ws/install/sllidar_ros2/share/sllidar_ros2/local_setup.sh
[3.253s] -- Up-to-date: /home/robot/robot_ws/install/sllidar_ros2/share/sllidar_ros2/local_setup.zsh
[3.254s] -- Up-to-date: /home/robot/robot_ws/install/sllidar_ros2/share/sllidar_ros2/local_setup.dsv
[3.255s] -- Installing: /home/robot/robot_ws/install/sllidar_ros2/share/sllidar_ros2/package.dsv
[3.269s] -- Up-to-date: /home/robot/robot_ws/install/sllidar_ros2/share/ament_index/resource_index/packages/sllidar_ros2
[3.270s] -- Up-to-date: /home/robot/robot_ws/install/sllidar_ros2/share/sllidar_ros2/cmake/ament_cmake_export_dependencies-extras.cmake
[3.271s] -- Up-to-date: /home/robot/robot_ws/install/sllidar_ros2/share/sllidar_ros2/cmake/ament_cmake_export_include_directories-extras.cmake
[3.271s] -- Up-to-date: /home/robot/robot_ws/install/sllidar_ros2/share/sllidar_ros2/cmake/sllidar_ros2Config.cmake
[3.272s] -- Up-to-date: /home/robot/robot_ws/install/sllidar_ros2/share/sllidar_ros2/cmake/sllidar_ros2Config-version.cmake
[3.273s] -- Up-to-date: /home/robot/robot_ws/install/sllidar_ros2/share/sllidar_ros2/package.xml
[4.053s] Invoked command in '/home/robot/robot_ws/build/sllidar_ros2' returned '0': CMAKE_PREFIX_PATH=${CMAKE_PREFIX_PATH}:/home/robot/robot_ws/install/web_bridge:/home/robot/robot_ws/install/vision_ai_node:/home/robot/robot_ws/install/robot_ai:/home/robot/robot_ws/install/robot_serial:/home/robot/robot_ws/install/camera_node:/opt/ros/humble /usr/bin/cmake --install /home/robot/robot_ws/build/sllidar_ros2
