running develop
Removing /home/phuongnam/robot_main/install/web_bridge/lib/python3.10/site-packages/web-bridge.egg-link (link to .)
running egg_info
writing ../../build/web_bridge/web_bridge.egg-info/PKG-INFO
writing dependency_links to ../../build/web_bridge/web_bridge.egg-info/dependency_links.txt
writing entry points to ../../build/web_bridge/web_bridge.egg-info/entry_points.txt
writing requirements to ../../build/web_bridge/web_bridge.egg-info/requires.txt
writing top-level names to ../../build/web_bridge/web_bridge.egg-info/top_level.txt
reading manifest file '../../build/web_bridge/web_bridge.egg-info/SOURCES.txt'
writing manifest file '../../build/web_bridge/web_bridge.egg-info/SOURCES.txt'
running build
running build_py
creating /home/phuongnam/robot_main/build/web_bridge/build
creating /home/phuongnam/robot_main/build/web_bridge/build/lib
creating /home/phuongnam/robot_main/build/web_bridge/build/lib/web_bridge
copying web_bridge/web_bridge_node.py -> /home/phuongnam/robot_main/build/web_bridge/build/lib/web_bridge
copying web_bridge/__init__.py -> /home/phuongnam/robot_main/build/web_bridge/build/lib/web_bridge
running install
running install_lib
creating /home/phuongnam/robot_main/install/web_bridge/lib/python3.10/site-packages/web_bridge
copying /home/phuongnam/robot_main/build/web_bridge/build/lib/web_bridge/web_bridge_node.py -> /home/phuongnam/robot_main/install/web_bridge/lib/python3.10/site-packages/web_bridge
copying /home/phuongnam/robot_main/build/web_bridge/build/lib/web_bridge/__init__.py -> /home/phuongnam/robot_main/install/web_bridge/lib/python3.10/site-packages/web_bridge
byte-compiling /home/phuongnam/robot_main/install/web_bridge/lib/python3.10/site-packages/web_bridge/web_bridge_node.py to web_bridge_node.cpython-310.pyc
byte-compiling /home/phuongnam/robot_main/install/web_bridge/lib/python3.10/site-packages/web_bridge/__init__.py to __init__.cpython-310.pyc
running install_data
copying resource/web_bridge -> /home/phuongnam/robot_main/install/web_bridge/share/ament_index/resource_index/packages
copying package.xml -> /home/phuongnam/robot_main/install/web_bridge/share/web_bridge
copying web_bridge/launch/web_bridge.launch.py -> /home/phuongnam/robot_main/install/web_bridge/share/web_bridge/launch
running install_egg_info
Copying ../../build/web_bridge/web_bridge.egg-info to /home/phuongnam/robot_main/install/web_bridge/lib/python3.10/site-packages/web_bridge-0.0.1-py3.10.egg-info
running install_scripts
Installing web_bridge script to /home/phuongnam/robot_main/install/web_bridge/lib/web_bridge
writing list of installed files to '/home/phuongnam/robot_main/build/web_bridge/install.log'
