[2.516s] Invoking command in '/home/phuongnam/robot_main/build/web_bridge': PYTHONPATH=/home/phuongnam/robot_main/build/web_bridge/prefix_override:/usr/lib/python3/dist-packages/colcon_core/task/python/colcon_distutils_commands:/home/phuongnam/robot_main/install/web_bridge/lib/python3.10/site-packages:${PYTHONPATH} /usr/bin/python3 -W ignore:setup.py install is deprecated -W ignore:easy_install command is deprecated setup.py develop --uninstall --editable --build-directory /home/phuongnam/robot_main/build/web_bridge/build
[2.910s] running develop
[3.171s] Removing /home/phuongnam/robot_main/install/web_bridge/lib/python3.10/site-packages/web-bridge.egg-link (link to .)
[3.226s] Invoked command in '/home/phuongnam/robot_main/build/web_bridge' returned '0': PYTHONPATH=/home/phuongnam/robot_main/build/web_bridge/prefix_override:/usr/lib/python3/dist-packages/colcon_core/task/python/colcon_distutils_commands:/home/phuongnam/robot_main/install/web_bridge/lib/python3.10/site-packages:${PYTHONPATH} /usr/bin/python3 -W ignore:setup.py install is deprecated -W ignore:easy_install command is deprecated setup.py develop --uninstall --editable --build-directory /home/phuongnam/robot_main/build/web_bridge/build
[3.229s] Invoking command in '/home/phuongnam/robot_main/src/web_bridge': PYTHONPATH=/home/phuongnam/robot_main/build/web_bridge/prefix_override:/usr/lib/python3/dist-packages/colcon_core/task/python/colcon_distutils_commands:/home/phuongnam/robot_main/install/web_bridge/lib/python3.10/site-packages:${PYTHONPATH} /usr/bin/python3 -W ignore:setup.py install is deprecated -W ignore:easy_install command is deprecated setup.py egg_info --egg-base ../../build/web_bridge build --build-base /home/phuongnam/robot_main/build/web_bridge/build install --record /home/phuongnam/robot_main/build/web_bridge/install.log --install-scripts $base/lib/web_bridge --single-version-externally-managed install_data --force
[3.575s] running egg_info
[3.577s] writing ../../build/web_bridge/web_bridge.egg-info/PKG-INFO
[3.577s] writing dependency_links to ../../build/web_bridge/web_bridge.egg-info/dependency_links.txt
[3.578s] writing entry points to ../../build/web_bridge/web_bridge.egg-info/entry_points.txt
[3.578s] writing requirements to ../../build/web_bridge/web_bridge.egg-info/requires.txt
[3.578s] writing top-level names to ../../build/web_bridge/web_bridge.egg-info/top_level.txt
[3.583s] reading manifest file '../../build/web_bridge/web_bridge.egg-info/SOURCES.txt'
[3.584s] writing manifest file '../../build/web_bridge/web_bridge.egg-info/SOURCES.txt'
[3.584s] running build
[3.584s] running build_py
[3.584s] creating /home/phuongnam/robot_main/build/web_bridge/build
[3.585s] creating /home/phuongnam/robot_main/build/web_bridge/build/lib
[3.585s] creating /home/phuongnam/robot_main/build/web_bridge/build/lib/web_bridge
[3.586s] copying web_bridge/web_bridge_node.py -> /home/phuongnam/robot_main/build/web_bridge/build/lib/web_bridge
[3.586s] copying web_bridge/__init__.py -> /home/phuongnam/robot_main/build/web_bridge/build/lib/web_bridge
[3.586s] running install
[3.587s] running install_lib
[3.588s] creating /home/phuongnam/robot_main/install/web_bridge/lib/python3.10/site-packages/web_bridge
[3.588s] copying /home/phuongnam/robot_main/build/web_bridge/build/lib/web_bridge/web_bridge_node.py -> /home/phuongnam/robot_main/install/web_bridge/lib/python3.10/site-packages/web_bridge
[3.588s] copying /home/phuongnam/robot_main/build/web_bridge/build/lib/web_bridge/__init__.py -> /home/phuongnam/robot_main/install/web_bridge/lib/python3.10/site-packages/web_bridge
[3.588s] byte-compiling /home/phuongnam/robot_main/install/web_bridge/lib/python3.10/site-packages/web_bridge/web_bridge_node.py to web_bridge_node.cpython-310.pyc
[3.593s] byte-compiling /home/phuongnam/robot_main/install/web_bridge/lib/python3.10/site-packages/web_bridge/__init__.py to __init__.cpython-310.pyc
[3.593s] running install_data
[3.594s] copying resource/web_bridge -> /home/phuongnam/robot_main/install/web_bridge/share/ament_index/resource_index/packages
[3.594s] copying package.xml -> /home/phuongnam/robot_main/install/web_bridge/share/web_bridge
[3.594s] copying web_bridge/launch/web_bridge.launch.py -> /home/phuongnam/robot_main/install/web_bridge/share/web_bridge/launch
[3.595s] running install_egg_info
[3.597s] Copying ../../build/web_bridge/web_bridge.egg-info to /home/phuongnam/robot_main/install/web_bridge/lib/python3.10/site-packages/web_bridge-0.0.1-py3.10.egg-info
[3.599s] running install_scripts
[3.646s] Installing web_bridge script to /home/phuongnam/robot_main/install/web_bridge/lib/web_bridge
[3.646s] writing list of installed files to '/home/phuongnam/robot_main/build/web_bridge/install.log'
[3.720s] Invoked command in '/home/phuongnam/robot_main/src/web_bridge' returned '0': PYTHONPATH=/home/phuongnam/robot_main/build/web_bridge/prefix_override:/usr/lib/python3/dist-packages/colcon_core/task/python/colcon_distutils_commands:/home/phuongnam/robot_main/install/web_bridge/lib/python3.10/site-packages:${PYTHONPATH} /usr/bin/python3 -W ignore:setup.py install is deprecated -W ignore:easy_install command is deprecated setup.py egg_info --egg-base ../../build/web_bridge build --build-base /home/phuongnam/robot_main/build/web_bridge/build install --record /home/phuongnam/robot_main/build/web_bridge/install.log --install-scripts $base/lib/web_bridge --single-version-externally-managed install_data --force
