[5.054s] Invoking command in '/home/robot/robot_ws/build/robot_ai': PYTHONPATH=/home/robot/robot_ws/build/robot_ai/prefix_override:/usr/lib/python3/dist-packages/colcon_core/task/python/colcon_distutils_commands:/home/robot/robot_ws/install/robot_ai/lib/python3.10/site-packages:${PYTHONPATH} /usr/bin/python3 -W ignore:setup.py install is deprecated -W ignore:easy_install command is deprecated setup.py develop --editable --build-directory /home/robot/robot_ws/build/robot_ai/build --no-deps symlink_data
[6.592s] running develop
[7.798s] running egg_info
[7.801s] writing robot_ai.egg-info/PKG-INFO
[7.802s] writing dependency_links to robot_ai.egg-info/dependency_links.txt
[7.803s] writing entry points to robot_ai.egg-info/entry_points.txt
[7.805s] writing requirements to robot_ai.egg-info/requires.txt
[7.806s] writing top-level names to robot_ai.egg-info/top_level.txt
[7.807s] reading manifest file 'robot_ai.egg-info/SOURCES.txt'
[7.808s] writing manifest file 'robot_ai.egg-info/SOURCES.txt'
[7.809s] running build_ext
[7.809s] Creating /home/robot/robot_ws/install/robot_ai/lib/python3.10/site-packages/robot-ai.egg-link (link to .)
[7.810s] Installing command_node script to /home/robot/robot_ws/install/robot_ai/lib/robot_ai
[7.810s] Installing dialogue_tts_node script to /home/robot/robot_ws/install/robot_ai/lib/robot_ai
[7.811s] Installing http_bridge_node script to /home/robot/robot_ws/install/robot_ai/lib/robot_ai
[7.812s] Installing stt_node script to /home/robot/robot_ws/install/robot_ai/lib/robot_ai
[7.812s] 
[7.813s] Installed /home/robot/robot_ws/build/robot_ai
[7.813s] running symlink_data
[7.950s] Invoked command in '/home/robot/robot_ws/build/robot_ai' returned '0': PYTHONPATH=/home/robot/robot_ws/build/robot_ai/prefix_override:/usr/lib/python3/dist-packages/colcon_core/task/python/colcon_distutils_commands:/home/robot/robot_ws/install/robot_ai/lib/python3.10/site-packages:${PYTHONPATH} /usr/bin/python3 -W ignore:setup.py install is deprecated -W ignore:easy_install command is deprecated setup.py develop --editable --build-directory /home/robot/robot_ws/build/robot_ai/build --no-deps symlink_data
