[3.563s] Invoking command in '/home/phuongnam/robot_main/build/robot_ai': PYTHONPATH=/home/phuongnam/robot_main/build/robot_ai/prefix_override:/usr/lib/python3/dist-packages/colcon_core/task/python/colcon_distutils_commands:/home/phuongnam/robot_main/install/robot_ai/lib/python3.10/site-packages:${PYTHONPATH} /usr/bin/python3 -W ignore:setup.py install is deprecated -W ignore:easy_install command is deprecated setup.py develop --editable --build-directory /home/phuongnam/robot_main/build/robot_ai/build --no-deps symlink_data
[4.321s] running develop
[5.290s] running egg_info
[5.291s] writing robot_ai.egg-info/PKG-INFO
[5.291s] writing dependency_links to robot_ai.egg-info/dependency_links.txt
[5.297s] writing entry points to robot_ai.egg-info/entry_points.txt
[5.298s] writing requirements to robot_ai.egg-info/requires.txt
[5.298s] writing top-level names to robot_ai.egg-info/top_level.txt
[5.305s] reading manifest file 'robot_ai.egg-info/SOURCES.txt'
[5.313s] writing manifest file 'robot_ai.egg-info/SOURCES.txt'
[5.320s] running build_ext
[5.321s] Creating /home/phuongnam/robot_main/install/robot_ai/lib/python3.10/site-packages/robot-ai.egg-link (link to .)
[5.323s] Installing audio_stream_server script to /home/phuongnam/robot_main/install/robot_ai/lib/robot_ai
[5.324s] Installing command_node script to /home/phuongnam/robot_main/install/robot_ai/lib/robot_ai
[5.324s] Installing dialogue_tts_node script to /home/phuongnam/robot_main/install/robot_ai/lib/robot_ai
[5.324s] Installing http_bridge_node script to /home/phuongnam/robot_main/install/robot_ai/lib/robot_ai
[5.327s] Installing stt_node script to /home/phuongnam/robot_main/install/robot_ai/lib/robot_ai
[5.328s] Installing video_stream_server script to /home/phuongnam/robot_main/install/robot_ai/lib/robot_ai
[5.328s] 
[5.328s] Installed /home/phuongnam/robot_main/build/robot_ai
[5.328s] running symlink_data
[5.502s] Invoked command in '/home/phuongnam/robot_main/build/robot_ai' returned '0': PYTHONPATH=/home/phuongnam/robot_main/build/robot_ai/prefix_override:/usr/lib/python3/dist-packages/colcon_core/task/python/colcon_distutils_commands:/home/phuongnam/robot_main/install/robot_ai/lib/python3.10/site-packages:${PYTHONPATH} /usr/bin/python3 -W ignore:setup.py install is deprecated -W ignore:easy_install command is deprecated setup.py develop --editable --build-directory /home/phuongnam/robot_main/build/robot_ai/build --no-deps symlink_data
