[23.399s] Invoking command in '/home/robot/robot_ws/src/robot_serial': PYTHONPATH=/home/robot/robot_ws/build/robot_serial/prefix_override:/usr/lib/python3/dist-packages/colcon_core/task/python/colcon_distutils_commands:/home/robot/robot_ws/install/robot_serial/lib/python3.10/site-packages:${PYTHONPATH} /usr/bin/python3 -W ignore:setup.py install is deprecated -W ignore:easy_install command is deprecated setup.py egg_info --egg-base ../../build/robot_serial build --build-base /home/robot/robot_ws/build/robot_serial/build install --record /home/robot/robot_ws/build/robot_serial/install.log --install-scripts $base/lib/robot_serial --single-version-externally-managed install_data
[24.733s] running egg_info
[24.737s] writing ../../build/robot_serial/robot_serial.egg-info/PKG-INFO
[24.738s] writing dependency_links to ../../build/robot_serial/robot_serial.egg-info/dependency_links.txt
[24.739s] writing entry points to ../../build/robot_serial/robot_serial.egg-info/entry_points.txt
[24.740s] writing requirements to ../../build/robot_serial/robot_serial.egg-info/requires.txt
[24.741s] writing top-level names to ../../build/robot_serial/robot_serial.egg-info/top_level.txt
[24.752s] reading manifest file '../../build/robot_serial/robot_serial.egg-info/SOURCES.txt'
[24.843s] writing manifest file '../../build/robot_serial/robot_serial.egg-info/SOURCES.txt'
[24.844s] running build
[24.844s] running build_py
[24.846s] copying robot_serial/sensor_parser.py -> /home/robot/robot_ws/build/robot_serial/build/lib/robot_serial
[24.848s] copying robot_serial/serial_node.py -> /home/robot/robot_ws/build/robot_serial/build/lib/robot_serial
[24.851s] running install
[24.853s] running install_lib
[24.857s] copying /home/robot/robot_ws/build/robot_serial/build/lib/robot_serial/sensor_parser.py -> /home/robot/robot_ws/install/robot_serial/lib/python3.10/site-packages/robot_serial
[24.859s] copying /home/robot/robot_ws/build/robot_serial/build/lib/robot_serial/serial_node.py -> /home/robot/robot_ws/install/robot_serial/lib/python3.10/site-packages/robot_serial
[24.864s] byte-compiling /home/robot/robot_ws/install/robot_serial/lib/python3.10/site-packages/robot_serial/sensor_parser.py to sensor_parser.cpython-310.pyc
[24.874s] byte-compiling /home/robot/robot_ws/install/robot_serial/lib/python3.10/site-packages/robot_serial/serial_node.py to serial_node.cpython-310.pyc
[24.883s] running install_data
[24.885s] running install_egg_info
[24.893s] removing '/home/robot/robot_ws/install/robot_serial/lib/python3.10/site-packages/robot_serial-1.0.0-py3.10.egg-info' (and everything under it)
[24.896s] Copying ../../build/robot_serial/robot_serial.egg-info to /home/robot/robot_ws/install/robot_serial/lib/python3.10/site-packages/robot_serial-1.0.0-py3.10.egg-info
[25.076s] running install_scripts
[25.169s] Installing serial_node script to /home/robot/robot_ws/install/robot_serial/lib/robot_serial
[25.170s] Installing teleop_text script to /home/robot/robot_ws/install/robot_serial/lib/robot_serial
[25.171s] Installing wheel_odom_node script to /home/robot/robot_ws/install/robot_serial/lib/robot_serial
[25.173s] writing list of installed files to '/home/robot/robot_ws/build/robot_serial/install.log'
[25.290s] Invoked command in '/home/robot/robot_ws/src/robot_serial' returned '0': PYTHONPATH=/home/robot/robot_ws/build/robot_serial/prefix_override:/usr/lib/python3/dist-packages/colcon_core/task/python/colcon_distutils_commands:/home/robot/robot_ws/install/robot_serial/lib/python3.10/site-packages:${PYTHONPATH} /usr/bin/python3 -W ignore:setup.py install is deprecated -W ignore:easy_install command is deprecated setup.py egg_info --egg-base ../../build/robot_serial build --build-base /home/robot/robot_ws/build/robot_serial/build install --record /home/robot/robot_ws/build/robot_serial/install.log --install-scripts $base/lib/robot_serial --single-version-externally-managed install_data
