[1.708s] Invoking command in '/home/robot/robot_ws/build/vision_msgs': CMAKE_PREFIX_PATH=${CMAKE_PREFIX_PATH}:/home/robot/robot_ws/install/web_bridge:/home/robot/robot_ws/install/vision_ai_node:/home/robot/robot_ws/install/robot_serial:/home/robot/robot_ws/install/robot_ai:/home/robot/robot_ws/install/camera_node:/opt/ros/humble /usr/bin/cmake --build /home/robot/robot_ws/build/vision_msgs -- -j4 -l4
[18.732s] -- Found ament_cmake: 1.3.14 (/opt/ros/humble/share/ament_cmake/cmake)
[27.631s] -- Override CMake install command with custom implementation using symlinks instead of copying resources
[28.349s] -- Found rosidl_default_generators: 1.2.1 (/opt/ros/humble/share/rosidl_default_generators/cmake)
[28.703s] -- Using all available rosidl_typesupport_c: rosidl_typesupport_fastrtps_c;rosidl_typesupport_introspection_c
[29.567s] -- Found rosidl_adapter: 3.1.9 (/opt/ros/humble/share/rosidl_adapter/cmake)
[34.811s] -- Using all available rosidl_typesupport_cpp: rosidl_typesupport_fastrtps_cpp;rosidl_typesupport_introspection_cpp
[39.647s] -- Found std_msgs: 4.9.1 (/opt/ros/humble/share/std_msgs/cmake)
[47.324s] -- Found ament_cmake_ros: 0.10.0 (/opt/ros/humble/share/ament_cmake_ros/cmake)
[51.470s] -- Using all available rosidl_typesupport_c: rosidl_typesupport_fastrtps_c;rosidl_typesupport_introspection_c
[67.916s] -- Using all available rosidl_typesupport_cpp: rosidl_typesupport_fastrtps_cpp;rosidl_typesupport_introspection_cpp
[68.352s] -- Found python_cmake_module: 0.10.0 (/opt/ros/humble/share/python_cmake_module/cmake)
[69.159s] -- Using PYTHON_EXECUTABLE: /usr/bin/python3
[69.160s] -- Using PYTHON_INCLUDE_DIRS: /usr/include/python3.10
[69.163s] -- Using PYTHON_LIBRARIES: /usr/lib/aarch64-linux-gnu/libpython3.10.so
[78.843s] -- Configuring done
[105.130s] -- Generating done
[105.272s] -- Build files have been written to: /home/robot/robot_ws/build/vision_msgs
[105.500s] [  2%] Built target vision_msgs__rs
[105.945s] [  2%] Built target ament_cmake_python_symlink_vision_msgs
[107.006s] [35m[1mConsolidate compiler generated dependencies of target vision_msgs__rosidl_generator_c[0m
[107.455s] [ 12%] Built target vision_msgs__rosidl_generator_c
[109.430s] running egg_info
[109.433s] writing vision_msgs.egg-info/PKG-INFO
[109.435s] writing dependency_links to vision_msgs.egg-info/dependency_links.txt
[109.436s] writing top-level names to vision_msgs.egg-info/top_level.txt
[109.453s] reading manifest file 'vision_msgs.egg-info/SOURCES.txt'
[109.461s] writing manifest file 'vision_msgs.egg-info/SOURCES.txt'
[109.616s] [ 12%] Built target ament_cmake_python_build_vision_msgs_egg
[110.023s] [35m[1mConsolidate compiler generated dependencies of target vision_msgs__rosidl_typesupport_introspection_c[0m
[110.486s] [ 22%] Built target vision_msgs__rosidl_typesupport_introspection_c
[110.557s] [35m[1mConsolidate compiler generated dependencies of target vision_msgs__rosidl_typesupport_c[0m
[110.921s] [ 33%] Built target vision_msgs__rosidl_typesupport_c
[111.347s] [35m[1mConsolidate compiler generated dependencies of target vision_msgs__rosidl_typesupport_fastrtps_c[0m
[113.207s] [ 43%] Built target vision_msgs__rosidl_typesupport_fastrtps_c
[113.351s] [ 45%] Built target vision_msgs__cpp
[113.745s] [35m[1mConsolidate compiler generated dependencies of target vision_msgs__rosidl_typesupport_cpp[0m
[114.561s] [ 56%] Built target vision_msgs__rosidl_typesupport_cpp
[114.761s] [35m[1mConsolidate compiler generated dependencies of target vision_msgs__rosidl_typesupport_introspection_cpp[0m
[115.240s] [ 66%] Built target vision_msgs__rosidl_typesupport_introspection_cpp
[115.602s] [35m[1mConsolidate compiler generated dependencies of target vision_msgs__rosidl_typesupport_fastrtps_cpp[0m
[115.698s] [ 77%] Built target vision_msgs__rosidl_typesupport_fastrtps_cpp
[115.890s] [ 77%] Built target vision_msgs
[116.248s] [ 79%] Built target vision_msgs__py
[116.709s] [35m[1mConsolidate compiler generated dependencies of target vision_msgs__rosidl_generator_py[0m
[117.401s] [ 87%] Built target vision_msgs__rosidl_generator_py
[117.547s] [35m[1mConsolidate compiler generated dependencies of target vision_msgs__rosidl_typesupport_fastrtps_c__pyext[0m
[118.264s] [ 91%] Built target vision_msgs__rosidl_typesupport_fastrtps_c__pyext
[118.398s] [35m[1mConsolidate compiler generated dependencies of target vision_msgs__rosidl_typesupport_c__pyext[0m
[118.478s] [ 95%] Built target vision_msgs__rosidl_typesupport_c__pyext
[118.589s] [35m[1mConsolidate compiler generated dependencies of target vision_msgs__rosidl_typesupport_introspection_c__pyext[0m
[119.042s] [100%] Built target vision_msgs__rosidl_typesupport_introspection_c__pyext
