[0.000000] (-) TimerEvent: {}
[0.000992] (-) JobUnselected: {'identifier': 'camera_node'}
[0.001654] (-) JobUnselected: {'identifier': 'esp32_ros2_bridge'}
[0.002121] (-) JobUnselected: {'identifier': 'robot_ai'}
[0.002327] (-) JobUnselected: {'identifier': 'robot_bringup'}
[0.002832] (-) JobUnselected: {'identifier': 'robot_description'}
[0.003000] (-) JobUnselected: {'identifier': 'sllidar_ros2'}
[0.003104] (-) JobUnselected: {'identifier': 'vision_ai_node'}
[0.003901] (-) JobUnselected: {'identifier': 'vision_msgs'}
[0.004142] (robot_serial) JobQueued: {'identifier': 'robot_serial', 'dependencies': OrderedDict()}
[0.004475] (robot_serial) JobStarted: {'identifier': 'robot_serial'}
[0.098457] (-) TimerEvent: {}
[0.198973] (-) TimerEvent: {}
[0.299447] (-) TimerEvent: {}
[0.399887] (-) TimerEvent: {}
[0.500358] (-) TimerEvent: {}
[0.600889] (-) TimerEvent: {}
[0.701322] (-) TimerEvent: {}
[0.801805] (-) TimerEvent: {}
[0.902344] (-) TimerEvent: {}
[1.003023] (-) TimerEvent: {}
[1.103592] (-) TimerEvent: {}
[1.204145] (-) TimerEvent: {}
[1.304743] (-) TimerEvent: {}
[1.405264] (-) TimerEvent: {}
[1.505768] (-) TimerEvent: {}
[1.606322] (-) TimerEvent: {}
[1.706806] (-) TimerEvent: {}
[1.807286] (-) TimerEvent: {}
[1.907745] (-) TimerEvent: {}
[2.008279] (-) TimerEvent: {}
[2.108917] (-) TimerEvent: {}
[2.209559] (-) TimerEvent: {}
[2.310133] (-) TimerEvent: {}
[2.410719] (-) TimerEvent: {}
[2.511221] (-) TimerEvent: {}
[2.611724] (-) TimerEvent: {}
[2.712255] (-) TimerEvent: {}
[2.812692] (-) TimerEvent: {}
[2.913147] (-) TimerEvent: {}
[3.013696] (-) TimerEvent: {}
[3.114310] (-) TimerEvent: {}
[3.215017] (-) TimerEvent: {}
[3.315582] (-) TimerEvent: {}
[3.416096] (-) TimerEvent: {}
[3.516629] (-) TimerEvent: {}
[3.617197] (-) TimerEvent: {}
[3.717703] (-) TimerEvent: {}
[3.818144] (-) TimerEvent: {}
[3.918678] (-) TimerEvent: {}
[4.019346] (-) TimerEvent: {}
[4.119969] (-) TimerEvent: {}
[4.220732] (-) TimerEvent: {}
[4.321376] (-) TimerEvent: {}
[4.421951] (-) TimerEvent: {}
[4.522497] (-) TimerEvent: {}
[4.622994] (-) TimerEvent: {}
[4.723434] (-) TimerEvent: {}
[4.823927] (-) TimerEvent: {}
[4.924515] (-) TimerEvent: {}
[5.025143] (-) TimerEvent: {}
[5.125693] (-) TimerEvent: {}
[5.226320] (-) TimerEvent: {}
[5.326921] (-) TimerEvent: {}
[5.427387] (-) TimerEvent: {}
[5.527843] (-) TimerEvent: {}
[5.628285] (-) TimerEvent: {}
[5.728840] (-) TimerEvent: {}
[5.829511] (-) TimerEvent: {}
[5.930159] (-) TimerEvent: {}
[6.030915] (-) TimerEvent: {}
[6.131534] (-) TimerEvent: {}
[6.232067] (-) TimerEvent: {}
[6.332528] (-) TimerEvent: {}
[6.432973] (-) TimerEvent: {}
[6.533461] (-) TimerEvent: {}
[6.633897] (-) TimerEvent: {}
[6.734459] (-) TimerEvent: {}
[6.835016] (-) TimerEvent: {}
[6.935662] (-) TimerEvent: {}
[7.036295] (-) TimerEvent: {}
[7.136981] (-) TimerEvent: {}
[7.237615] (-) TimerEvent: {}
[7.338237] (-) TimerEvent: {}
[7.438742] (-) TimerEvent: {}
[7.539257] (-) TimerEvent: {}
[7.639731] (-) TimerEvent: {}
[7.740176] (-) TimerEvent: {}
[7.840740] (-) TimerEvent: {}
[7.941400] (-) TimerEvent: {}
[8.042036] (-) TimerEvent: {}
[8.142694] (-) TimerEvent: {}
[8.243288] (-) TimerEvent: {}
[8.343786] (-) TimerEvent: {}
[8.444307] (-) TimerEvent: {}
[8.544789] (-) TimerEvent: {}
[8.645227] (-) TimerEvent: {}
[8.745771] (-) TimerEvent: {}
[8.846478] (-) TimerEvent: {}
[8.947112] (-) TimerEvent: {}
[9.047742] (-) TimerEvent: {}
[9.148353] (-) TimerEvent: {}
[9.248974] (-) TimerEvent: {}
[9.349457] (-) TimerEvent: {}
[9.449970] (-) TimerEvent: {}
[9.550562] (-) TimerEvent: {}
[9.651057] (-) TimerEvent: {}
[9.751574] (-) TimerEvent: {}
[9.852240] (-) TimerEvent: {}
[9.952885] (-) TimerEvent: {}
[10.053469] (-) TimerEvent: {}
[10.154112] (-) TimerEvent: {}
[10.254781] (-) TimerEvent: {}
[10.355268] (-) TimerEvent: {}
[10.455799] (-) TimerEvent: {}
[10.556289] (-) TimerEvent: {}
[10.656740] (-) TimerEvent: {}
[10.757279] (-) TimerEvent: {}
[10.857966] (-) TimerEvent: {}
[10.958654] (-) TimerEvent: {}
[11.059245] (-) TimerEvent: {}
[11.159796] (-) TimerEvent: {}
[11.260264] (-) TimerEvent: {}
[11.360741] (-) TimerEvent: {}
[11.461325] (-) TimerEvent: {}
[11.561850] (-) TimerEvent: {}
[11.662403] (-) TimerEvent: {}
[11.762961] (-) TimerEvent: {}
[11.863586] (-) TimerEvent: {}
[11.964211] (-) TimerEvent: {}
[12.064865] (-) TimerEvent: {}
[12.165406] (-) TimerEvent: {}
[12.265904] (-) TimerEvent: {}
[12.366465] (-) TimerEvent: {}
[12.466951] (-) TimerEvent: {}
[12.567448] (-) TimerEvent: {}
[12.667926] (-) TimerEvent: {}
[12.768444] (-) TimerEvent: {}
[12.869112] (-) TimerEvent: {}
[12.969770] (-) TimerEvent: {}
[13.070474] (-) TimerEvent: {}
[13.171104] (-) TimerEvent: {}
[13.271693] (-) TimerEvent: {}
[13.372172] (-) TimerEvent: {}
[13.472704] (-) TimerEvent: {}
[13.573153] (-) TimerEvent: {}
[13.673607] (-) TimerEvent: {}
[13.774167] (-) TimerEvent: {}
[13.874849] (-) TimerEvent: {}
[13.975503] (-) TimerEvent: {}
[14.076082] (-) TimerEvent: {}
[14.176628] (-) TimerEvent: {}
[14.277171] (-) TimerEvent: {}
[14.377778] (-) TimerEvent: {}
[14.478226] (-) TimerEvent: {}
[14.578710] (-) TimerEvent: {}
[14.679216] (-) TimerEvent: {}
[14.779791] (-) TimerEvent: {}
[14.880448] (-) TimerEvent: {}
[14.981094] (-) TimerEvent: {}
[15.081739] (-) TimerEvent: {}
[15.182395] (-) TimerEvent: {}
[15.282858] (-) TimerEvent: {}
[15.383324] (-) TimerEvent: {}
[15.483778] (-) TimerEvent: {}
[15.584231] (-) TimerEvent: {}
[15.684774] (-) TimerEvent: {}
[15.785430] (-) TimerEvent: {}
[15.886022] (-) TimerEvent: {}
[15.986673] (-) TimerEvent: {}
[16.087221] (-) TimerEvent: {}
[16.187684] (-) TimerEvent: {}
[16.288166] (-) TimerEvent: {}
[16.388690] (-) TimerEvent: {}
[16.489266] (-) TimerEvent: {}
[16.589715] (-) TimerEvent: {}
[16.690245] (-) TimerEvent: {}
[16.790922] (-) TimerEvent: {}
[16.891499] (-) TimerEvent: {}
[16.991971] (-) TimerEvent: {}
[17.092745] (-) TimerEvent: {}
[17.193353] (-) TimerEvent: {}
[17.293859] (-) TimerEvent: {}
[17.394336] (-) TimerEvent: {}
[17.494925] (-) TimerEvent: {}
[17.595459] (-) TimerEvent: {}
[17.696013] (-) TimerEvent: {}
[17.796638] (-) TimerEvent: {}
[17.897295] (-) TimerEvent: {}
[17.997898] (-) TimerEvent: {}
[18.098342] (-) TimerEvent: {}
[18.198808] (-) TimerEvent: {}
[18.299335] (-) TimerEvent: {}
[18.400056] (-) TimerEvent: {}
[18.500567] (-) TimerEvent: {}
[18.601113] (-) TimerEvent: {}
[18.702026] (-) TimerEvent: {}
[18.802589] (-) TimerEvent: {}
[18.903050] (-) TimerEvent: {}
[19.003501] (-) TimerEvent: {}
[19.103964] (-) TimerEvent: {}
[19.204429] (-) TimerEvent: {}
[19.304954] (-) TimerEvent: {}
[19.405544] (-) TimerEvent: {}
[19.506142] (-) TimerEvent: {}
[19.606780] (-) TimerEvent: {}
[19.707263] (-) TimerEvent: {}
[19.807737] (-) TimerEvent: {}
[19.908223] (-) TimerEvent: {}
[20.008696] (-) TimerEvent: {}
[20.109149] (-) TimerEvent: {}
[20.209618] (-) TimerEvent: {}
[20.310155] (-) TimerEvent: {}
[20.410693] (-) TimerEvent: {}
[20.511263] (-) TimerEvent: {}
[20.611740] (-) TimerEvent: {}
[20.712259] (-) TimerEvent: {}
[20.812707] (-) TimerEvent: {}
[20.913156] (-) TimerEvent: {}
[21.013592] (-) TimerEvent: {}
[21.114146] (-) TimerEvent: {}
[21.214791] (-) TimerEvent: {}
[21.315327] (-) TimerEvent: {}
[21.415848] (-) TimerEvent: {}
[21.516341] (-) TimerEvent: {}
[21.616829] (-) TimerEvent: {}
[21.717299] (-) TimerEvent: {}
[21.817799] (-) TimerEvent: {}
[21.918279] (-) TimerEvent: {}
[22.018871] (-) TimerEvent: {}
[22.119503] (-) TimerEvent: {}
[22.220160] (-) TimerEvent: {}
[22.320625] (-) TimerEvent: {}
[22.421164] (-) TimerEvent: {}
[22.521689] (-) TimerEvent: {}
[22.622132] (-) TimerEvent: {}
[22.722619] (-) TimerEvent: {}
[22.823043] (-) TimerEvent: {}
[22.923437] (-) TimerEvent: {}
[23.023827] (-) TimerEvent: {}
[23.124244] (-) TimerEvent: {}
[23.224792] (-) TimerEvent: {}
[23.325410] (-) TimerEvent: {}
[23.425823] (-) TimerEvent: {}
[23.526350] (-) TimerEvent: {}
[23.626960] (-) TimerEvent: {}
[23.727423] (-) TimerEvent: {}
[23.828104] (-) TimerEvent: {}
[23.928566] (-) TimerEvent: {}
[24.029034] (-) TimerEvent: {}
[24.129611] (-) TimerEvent: {}
[24.230265] (-) TimerEvent: {}
[24.331064] (-) TimerEvent: {}
[24.431623] (-) TimerEvent: {}
[24.532108] (-) TimerEvent: {}
[24.632724] (-) TimerEvent: {}
[24.733327] (-) TimerEvent: {}
[24.833912] (-) TimerEvent: {}
[24.934428] (-) TimerEvent: {}
[25.034890] (-) TimerEvent: {}
[25.135435] (-) TimerEvent: {}
[25.236069] (-) TimerEvent: {}
[25.336689] (-) TimerEvent: {}
[25.437292] (-) TimerEvent: {}
[25.537804] (-) TimerEvent: {}
[25.638521] (-) TimerEvent: {}
[25.739116] (-) TimerEvent: {}
[25.839618] (-) TimerEvent: {}
[25.940132] (-) TimerEvent: {}
[26.040662] (-) TimerEvent: {}
[26.141143] (-) TimerEvent: {}
[26.241715] (-) TimerEvent: {}
[26.342306] (-) TimerEvent: {}
[26.442874] (-) TimerEvent: {}
[26.543439] (-) TimerEvent: {}
[26.644134] (-) TimerEvent: {}
[26.744755] (-) TimerEvent: {}
[26.845216] (-) TimerEvent: {}
[26.945670] (-) TimerEvent: {}
[27.046173] (-) TimerEvent: {}
[27.146725] (-) TimerEvent: {}
[27.247375] (-) TimerEvent: {}
[27.348013] (-) TimerEvent: {}
[27.448650] (-) TimerEvent: {}
[27.549306] (-) TimerEvent: {}
[27.649940] (-) TimerEvent: {}
[27.750455] (-) TimerEvent: {}
[27.850941] (-) TimerEvent: {}
[27.951386] (-) TimerEvent: {}
[28.051834] (-) TimerEvent: {}
[28.152340] (-) TimerEvent: {}
[28.252981] (-) TimerEvent: {}
[28.353581] (-) TimerEvent: {}
[28.454130] (-) TimerEvent: {}
[28.554814] (-) TimerEvent: {}
[28.655344] (-) TimerEvent: {}
[28.755930] (-) TimerEvent: {}
[28.856444] (-) TimerEvent: {}
[28.956948] (-) TimerEvent: {}
[29.057470] (-) TimerEvent: {}
[29.158065] (-) TimerEvent: {}
[29.258632] (-) TimerEvent: {}
[29.359270] (-) TimerEvent: {}
[29.459914] (-) TimerEvent: {}
[29.560556] (-) TimerEvent: {}
[29.661185] (-) TimerEvent: {}
[29.761665] (-) TimerEvent: {}
[29.862132] (-) TimerEvent: {}
[29.962559] (-) TimerEvent: {}
[30.063047] (-) TimerEvent: {}
[30.163638] (-) TimerEvent: {}
[30.264273] (-) TimerEvent: {}
[30.364891] (-) TimerEvent: {}
[30.465538] (-) TimerEvent: {}
[30.566179] (-) TimerEvent: {}
[30.666804] (-) TimerEvent: {}
[30.767314] (-) TimerEvent: {}
[30.867750] (-) TimerEvent: {}
[30.968198] (-) TimerEvent: {}
[31.068741] (-) TimerEvent: {}
[31.169359] (-) TimerEvent: {}
[31.270003] (-) TimerEvent: {}
[31.370622] (-) TimerEvent: {}
[31.471178] (-) TimerEvent: {}
[31.571832] (-) TimerEvent: {}
[31.672502] (-) TimerEvent: {}
[31.773076] (-) TimerEvent: {}
[31.873529] (-) TimerEvent: {}
[31.973986] (-) TimerEvent: {}
[32.074532] (-) TimerEvent: {}
[32.175176] (-) TimerEvent: {}
[32.275809] (-) TimerEvent: {}
[32.376389] (-) TimerEvent: {}
[32.476957] (-) TimerEvent: {}
[32.577553] (-) TimerEvent: {}
[32.678060] (-) TimerEvent: {}
[32.778557] (-) TimerEvent: {}
[32.879034] (-) TimerEvent: {}
[32.979600] (-) TimerEvent: {}
[33.080216] (-) TimerEvent: {}
[33.180889] (-) TimerEvent: {}
[33.281523] (-) TimerEvent: {}
[33.382135] (-) TimerEvent: {}
[33.482739] (-) TimerEvent: {}
[33.583225] (-) TimerEvent: {}
[33.683736] (-) TimerEvent: {}
[33.784229] (-) TimerEvent: {}
[33.884669] (-) TimerEvent: {}
[33.985201] (-) TimerEvent: {}
[34.085844] (-) TimerEvent: {}
[34.186563] (-) TimerEvent: {}
[34.287180] (-) TimerEvent: {}
[34.387840] (-) TimerEvent: {}
[34.488458] (-) TimerEvent: {}
[34.588947] (-) TimerEvent: {}
[34.689433] (-) TimerEvent: {}
[34.789887] (-) TimerEvent: {}
[34.890485] (-) TimerEvent: {}
[34.991080] (-) TimerEvent: {}
[35.091640] (-) TimerEvent: {}
[35.192189] (-) TimerEvent: {}
[35.292833] (-) TimerEvent: {}
[35.393435] (-) TimerEvent: {}
[35.493957] (-) TimerEvent: {}
[35.594474] (-) TimerEvent: {}
[35.694944] (-) TimerEvent: {}
[35.795553] (-) TimerEvent: {}
[35.896164] (-) TimerEvent: {}
[35.996792] (-) TimerEvent: {}
[36.097276] (-) TimerEvent: {}
[36.197803] (-) TimerEvent: {}
[36.298444] (-) TimerEvent: {}
[36.398986] (-) TimerEvent: {}
[36.499490] (-) TimerEvent: {}
[36.599954] (-) TimerEvent: {}
[36.700472] (-) TimerEvent: {}
[36.801115] (-) TimerEvent: {}
[36.901765] (-) TimerEvent: {}
[37.002457] (-) TimerEvent: {}
[37.103073] (-) TimerEvent: {}
[37.203533] (-) TimerEvent: {}
[37.303996] (-) TimerEvent: {}
[37.404491] (-) TimerEvent: {}
[37.504963] (-) TimerEvent: {}
[37.605515] (-) TimerEvent: {}
[37.706141] (-) TimerEvent: {}
[37.806848] (-) TimerEvent: {}
[37.907430] (-) TimerEvent: {}
[38.007988] (-) TimerEvent: {}
[38.108711] (-) TimerEvent: {}
[38.209310] (-) TimerEvent: {}
[38.309793] (-) TimerEvent: {}
[38.410260] (-) TimerEvent: {}
[38.510923] (-) TimerEvent: {}
[38.611606] (-) TimerEvent: {}
[38.712202] (-) TimerEvent: {}
[38.812733] (-) TimerEvent: {}
[38.913375] (-) TimerEvent: {}
[39.014003] (-) TimerEvent: {}
[39.114503] (-) TimerEvent: {}
[39.214980] (-) TimerEvent: {}
[39.315412] (-) TimerEvent: {}
[39.415890] (-) TimerEvent: {}
[39.516383] (-) TimerEvent: {}
[39.616904] (-) TimerEvent: {}
[39.717550] (-) TimerEvent: {}
[39.818163] (-) TimerEvent: {}
[39.918646] (-) TimerEvent: {}
[40.019121] (-) TimerEvent: {}
[40.119613] (-) TimerEvent: {}
[40.220070] (-) TimerEvent: {}
[40.320629] (-) TimerEvent: {}
[40.421248] (-) TimerEvent: {}
[40.521840] (-) TimerEvent: {}
[40.622474] (-) TimerEvent: {}
[40.723215] (-) TimerEvent: {}
[40.823761] (-) TimerEvent: {}
[40.924266] (-) TimerEvent: {}
[41.024735] (-) TimerEvent: {}
[41.125186] (-) TimerEvent: {}
[41.225724] (-) TimerEvent: {}
[41.326490] (-) TimerEvent: {}
[41.427078] (-) TimerEvent: {}
[41.527531] (-) TimerEvent: {}
[41.628054] (-) TimerEvent: {}
[41.728644] (-) TimerEvent: {}
[41.829129] (-) TimerEvent: {}
[41.929627] (-) TimerEvent: {}
[42.030110] (-) TimerEvent: {}
[42.130677] (-) TimerEvent: {}
[42.231229] (-) TimerEvent: {}
[42.331710] (-) TimerEvent: {}
[42.432210] (-) TimerEvent: {}
[42.532750] (-) TimerEvent: {}
[42.633352] (-) TimerEvent: {}
[42.733879] (-) TimerEvent: {}
[42.834449] (-) TimerEvent: {}
[42.934889] (-) TimerEvent: {}
[43.035330] (-) TimerEvent: {}
[43.135866] (-) TimerEvent: {}
[43.236500] (-) TimerEvent: {}
[43.337120] (-) TimerEvent: {}
[43.437758] (-) TimerEvent: {}
[43.538278] (-) TimerEvent: {}
[43.638864] (-) TimerEvent: {}
[43.739295] (-) TimerEvent: {}
[43.839746] (-) TimerEvent: {}
[43.940202] (-) TimerEvent: {}
[44.040755] (-) TimerEvent: {}
[44.141356] (-) TimerEvent: {}
[44.242021] (-) TimerEvent: {}
[44.342779] (-) TimerEvent: {}
[44.443331] (-) TimerEvent: {}
[44.543876] (-) TimerEvent: {}
[44.644437] (-) TimerEvent: {}
[44.744961] (-) TimerEvent: {}
[44.845439] (-) TimerEvent: {}
[44.945883] (-) TimerEvent: {}
[45.046447] (-) TimerEvent: {}
[45.147036] (-) TimerEvent: {}
[45.247623] (-) TimerEvent: {}
[45.348192] (-) TimerEvent: {}
[45.448782] (-) TimerEvent: {}
[45.549294] (-) TimerEvent: {}
[45.649781] (-) TimerEvent: {}
[45.750283] (-) TimerEvent: {}
[45.850755] (-) TimerEvent: {}
[45.951292] (-) TimerEvent: {}
[46.051912] (-) TimerEvent: {}
[46.152507] (-) TimerEvent: {}
[46.253070] (-) TimerEvent: {}
[46.353677] (-) TimerEvent: {}
[46.454244] (-) TimerEvent: {}
[46.554854] (-) TimerEvent: {}
[46.655310] (-) TimerEvent: {}
[46.755768] (-) TimerEvent: {}
[46.856239] (-) TimerEvent: {}
[46.956765] (-) TimerEvent: {}
[47.057432] (-) TimerEvent: {}
[47.158091] (-) TimerEvent: {}
[47.258754] (-) TimerEvent: {}
[47.359336] (-) TimerEvent: {}
[47.459951] (-) TimerEvent: {}
[47.560523] (-) TimerEvent: {}
[47.660981] (-) TimerEvent: {}
[47.761439] (-) TimerEvent: {}
[47.861916] (-) TimerEvent: {}
[47.962533] (-) TimerEvent: {}
[48.063151] (-) TimerEvent: {}
[48.163783] (-) TimerEvent: {}
[48.264366] (-) TimerEvent: {}
[48.364866] (-) TimerEvent: {}
[48.465373] (-) TimerEvent: {}
[48.565845] (-) TimerEvent: {}
[48.666307] (-) TimerEvent: {}
[48.766787] (-) TimerEvent: {}
[48.867319] (-) TimerEvent: {}
[48.967955] (-) TimerEvent: {}
[49.068648] (-) TimerEvent: {}
[49.169271] (-) TimerEvent: {}
[49.269919] (-) TimerEvent: {}
[49.370544] (-) TimerEvent: {}
[49.471079] (-) TimerEvent: {}
[49.571579] (-) TimerEvent: {}
[49.671991] (-) TimerEvent: {}
[49.772369] (-) TimerEvent: {}
[49.872821] (-) TimerEvent: {}
[49.973274] (-) TimerEvent: {}
[50.073794] (-) TimerEvent: {}
[50.174462] (-) TimerEvent: {}
[50.275035] (-) TimerEvent: {}
[50.375600] (-) TimerEvent: {}
[50.476068] (-) TimerEvent: {}
[50.576575] (-) TimerEvent: {}
[50.677067] (-) TimerEvent: {}
[50.777629] (-) TimerEvent: {}
[50.878234] (-) TimerEvent: {}
[50.978952] (-) TimerEvent: {}
[51.079550] (-) TimerEvent: {}
[51.180293] (-) TimerEvent: {}
[51.280908] (-) TimerEvent: {}
[51.381440] (-) TimerEvent: {}
[51.481970] (-) TimerEvent: {}
[51.582511] (-) TimerEvent: {}
[51.682979] (-) TimerEvent: {}
[51.783536] (-) TimerEvent: {}
[51.884177] (-) TimerEvent: {}
[51.984802] (-) TimerEvent: {}
[52.085354] (-) TimerEvent: {}
[52.185967] (-) TimerEvent: {}
[52.286473] (-) TimerEvent: {}
[52.386936] (-) TimerEvent: {}
[52.487464] (-) TimerEvent: {}
[52.587983] (-) TimerEvent: {}
[52.688512] (-) TimerEvent: {}
[52.789089] (-) TimerEvent: {}
[52.889773] (-) TimerEvent: {}
[52.990423] (-) TimerEvent: {}
[53.090971] (-) TimerEvent: {}
[53.191636] (-) TimerEvent: {}
[53.292216] (-) TimerEvent: {}
[53.392697] (-) TimerEvent: {}
[53.493251] (-) TimerEvent: {}
[53.593740] (-) TimerEvent: {}
[53.694272] (-) TimerEvent: {}
[53.794990] (-) TimerEvent: {}
[53.895664] (-) TimerEvent: {}
[53.996254] (-) TimerEvent: {}
[54.096816] (-) TimerEvent: {}
[54.197432] (-) TimerEvent: {}
[54.297883] (-) TimerEvent: {}
[54.398342] (-) TimerEvent: {}
[54.498861] (-) TimerEvent: {}
[54.599394] (-) TimerEvent: {}
[54.700027] (-) TimerEvent: {}
[54.800659] (-) TimerEvent: {}
[54.901239] (-) TimerEvent: {}
[55.001865] (-) TimerEvent: {}
[55.102408] (-) TimerEvent: {}
[55.202873] (-) TimerEvent: {}
[55.303335] (-) TimerEvent: {}
[55.403795] (-) TimerEvent: {}
[55.504341] (-) TimerEvent: {}
[55.605064] (-) TimerEvent: {}
[55.705712] (-) TimerEvent: {}
[55.806422] (-) TimerEvent: {}
[55.907038] (-) TimerEvent: {}
[56.007487] (-) TimerEvent: {}
[56.107937] (-) TimerEvent: {}
[56.208422] (-) TimerEvent: {}
[56.308898] (-) TimerEvent: {}
[56.409393] (-) TimerEvent: {}
[56.509999] (-) TimerEvent: {}
[56.610710] (-) TimerEvent: {}
[56.711345] (-) TimerEvent: {}
[56.811840] (-) TimerEvent: {}
[56.912386] (-) TimerEvent: {}
[57.012883] (-) TimerEvent: {}
[57.113345] (-) TimerEvent: {}
[57.213780] (-) TimerEvent: {}
[57.314312] (-) TimerEvent: {}
[57.414882] (-) TimerEvent: {}
[57.515443] (-) TimerEvent: {}
[57.616022] (-) TimerEvent: {}
[57.716577] (-) TimerEvent: {}
[57.817213] (-) TimerEvent: {}
[57.917667] (-) TimerEvent: {}
[58.018194] (-) TimerEvent: {}
[58.118718] (-) TimerEvent: {}
[58.219278] (-) TimerEvent: {}
[58.319890] (-) TimerEvent: {}
[58.420495] (-) TimerEvent: {}
[58.521077] (-) TimerEvent: {}
[58.621697] (-) TimerEvent: {}
[58.722288] (-) TimerEvent: {}
[58.822870] (-) TimerEvent: {}
[58.923304] (-) TimerEvent: {}
[59.023754] (-) TimerEvent: {}
[59.124307] (-) TimerEvent: {}
[59.224957] (-) TimerEvent: {}
[59.325499] (-) TimerEvent: {}
[59.425981] (-) TimerEvent: {}
[59.526559] (-) TimerEvent: {}
[59.627019] (-) TimerEvent: {}
[59.727456] (-) TimerEvent: {}
[59.827918] (-) TimerEvent: {}
[59.928370] (-) TimerEvent: {}
[60.028896] (-) TimerEvent: {}
[60.129546] (-) TimerEvent: {}
[60.230105] (-) TimerEvent: {}
[60.330806] (-) TimerEvent: {}
[60.431285] (-) TimerEvent: {}
[60.531736] (-) TimerEvent: {}
[60.632215] (-) TimerEvent: {}
[60.732688] (-) TimerEvent: {}
[60.833141] (-) TimerEvent: {}
[60.933695] (-) TimerEvent: {}
[61.034338] (-) TimerEvent: {}
[61.135044] (-) TimerEvent: {}
[61.235686] (-) TimerEvent: {}
[61.336336] (-) TimerEvent: {}
[61.436956] (-) TimerEvent: {}
[61.537514] (-) TimerEvent: {}
[61.638003] (-) TimerEvent: {}
[61.738486] (-) TimerEvent: {}
[61.838944] (-) TimerEvent: {}
[61.939503] (-) TimerEvent: {}
[62.040147] (-) TimerEvent: {}
[62.140821] (-) TimerEvent: {}
[62.241418] (-) TimerEvent: {}
[62.341902] (-) TimerEvent: {}
[62.442465] (-) TimerEvent: {}
[62.542906] (-) TimerEvent: {}
[62.643421] (-) TimerEvent: {}
[62.743959] (-) TimerEvent: {}
[62.844569] (-) TimerEvent: {}
[62.945139] (-) TimerEvent: {}
[63.045680] (-) TimerEvent: {}
[63.146245] (-) TimerEvent: {}
[63.246909] (-) TimerEvent: {}
[63.347477] (-) TimerEvent: {}
[63.447970] (-) TimerEvent: {}
[63.548444] (-) TimerEvent: {}
[63.648920] (-) TimerEvent: {}
[63.749438] (-) TimerEvent: {}
[63.850069] (-) TimerEvent: {}
[63.950860] (-) TimerEvent: {}
[64.051457] (-) TimerEvent: {}
[64.152069] (-) TimerEvent: {}
[64.252586] (-) TimerEvent: {}
[64.353062] (-) TimerEvent: {}
[64.453570] (-) TimerEvent: {}
[64.554086] (-) TimerEvent: {}
[64.654714] (-) TimerEvent: {}
[64.755366] (-) TimerEvent: {}
[64.855922] (-) TimerEvent: {}
[64.956570] (-) TimerEvent: {}
[65.057132] (-) TimerEvent: {}
[65.157726] (-) TimerEvent: {}
[65.258203] (-) TimerEvent: {}
[65.358710] (-) TimerEvent: {}
[65.459193] (-) TimerEvent: {}
[65.559767] (-) TimerEvent: {}
[65.660289] (-) TimerEvent: {}
[65.760931] (-) TimerEvent: {}
[65.861577] (-) TimerEvent: {}
[65.962212] (-) TimerEvent: {}
[66.062883] (-) TimerEvent: {}
[66.163448] (-) TimerEvent: {}
[66.263943] (-) TimerEvent: {}
[66.364457] (-) TimerEvent: {}
[66.465027] (-) TimerEvent: {}
[66.565476] (-) TimerEvent: {}
[66.666049] (-) TimerEvent: {}
[66.766734] (-) TimerEvent: {}
[66.867364] (-) TimerEvent: {}
[66.967915] (-) TimerEvent: {}
[67.068560] (-) TimerEvent: {}
[67.169184] (-) TimerEvent: {}
[67.269671] (-) TimerEvent: {}
[67.370107] (-) TimerEvent: {}
[67.470595] (-) TimerEvent: {}
[67.571163] (-) TimerEvent: {}
[67.671851] (-) TimerEvent: {}
[67.772490] (-) TimerEvent: {}
[67.873142] (-) TimerEvent: {}
[67.973787] (-) TimerEvent: {}
[68.074499] (-) TimerEvent: {}
[68.175086] (-) TimerEvent: {}
[68.275583] (-) TimerEvent: {}
[68.376061] (-) TimerEvent: {}
[68.476625] (-) TimerEvent: {}
[68.577277] (-) TimerEvent: {}
[68.677945] (-) TimerEvent: {}
[68.778590] (-) TimerEvent: {}
[68.879096] (-) TimerEvent: {}
[68.979565] (-) TimerEvent: {}
[69.080033] (-) TimerEvent: {}
[69.180570] (-) TimerEvent: {}
[69.281016] (-) TimerEvent: {}
[69.381455] (-) TimerEvent: {}
[69.481981] (-) TimerEvent: {}
[69.582568] (-) TimerEvent: {}
[69.683131] (-) TimerEvent: {}
[69.783753] (-) TimerEvent: {}
[69.884316] (-) TimerEvent: {}
[69.984937] (-) TimerEvent: {}
[70.085463] (-) TimerEvent: {}
[70.186015] (-) TimerEvent: {}
[70.286529] (-) TimerEvent: {}
[70.387001] (-) TimerEvent: {}
[70.487564] (-) TimerEvent: {}
[70.588211] (-) TimerEvent: {}
[70.688783] (-) TimerEvent: {}
[70.789290] (-) TimerEvent: {}
[70.889877] (-) TimerEvent: {}
[70.990390] (-) TimerEvent: {}
[71.090868] (-) TimerEvent: {}
[71.191314] (-) TimerEvent: {}
[71.291867] (-) TimerEvent: {}
[71.392473] (-) TimerEvent: {}
[71.493083] (-) TimerEvent: {}
[71.593719] (-) TimerEvent: {}
[71.694407] (-) TimerEvent: {}
[71.794976] (-) TimerEvent: {}
[71.895461] (-) TimerEvent: {}
[71.995942] (-) TimerEvent: {}
[72.096393] (-) TimerEvent: {}
[72.196888] (-) TimerEvent: {}
[72.297366] (-) TimerEvent: {}
[72.397997] (-) TimerEvent: {}
[72.498608] (-) TimerEvent: {}
[72.599203] (-) TimerEvent: {}
[72.699682] (-) TimerEvent: {}
[72.800254] (-) TimerEvent: {}
[72.900858] (-) TimerEvent: {}
[73.001323] (-) TimerEvent: {}
[73.101802] (-) TimerEvent: {}
[73.202402] (-) TimerEvent: {}
[73.303083] (-) TimerEvent: {}
[73.403711] (-) TimerEvent: {}
[73.504308] (-) TimerEvent: {}
[73.604944] (-) TimerEvent: {}
[73.705573] (-) TimerEvent: {}
[73.806133] (-) TimerEvent: {}
[73.906639] (-) TimerEvent: {}
[74.007142] (-) TimerEvent: {}
[74.107701] (-) TimerEvent: {}
[74.208354] (-) TimerEvent: {}
[74.308974] (-) TimerEvent: {}
[74.409469] (-) TimerEvent: {}
[74.509987] (-) TimerEvent: {}
[74.610515] (-) TimerEvent: {}
[74.710988] (-) TimerEvent: {}
[74.811436] (-) TimerEvent: {}
[74.911879] (-) TimerEvent: {}
[75.012389] (-) TimerEvent: {}
[75.112998] (-) TimerEvent: {}
[75.213609] (-) TimerEvent: {}
[75.314111] (-) TimerEvent: {}
[75.414573] (-) TimerEvent: {}
[75.515083] (-) TimerEvent: {}
[75.615606] (-) TimerEvent: {}
[75.716060] (-) TimerEvent: {}
[75.816473] (-) TimerEvent: {}
[75.916899] (-) TimerEvent: {}
[76.017326] (-) TimerEvent: {}
[76.117739] (-) TimerEvent: {}
[76.218190] (-) TimerEvent: {}
[76.318662] (-) TimerEvent: {}
[77.203066] (robot_serial) Command: {'cmd': ['/usr/bin/python3', '-W', 'ignore:setup.py install is deprecated', '-W', 'ignore:easy_install command is deprecated', 'setup.py', 'egg_info', '--egg-base', '../../build/robot_serial', 'build', '--build-base', '/home/robot/robot_ws/build/robot_serial/build', 'install', '--record', '/home/robot/robot_ws/build/robot_serial/install.log', '--install-scripts', '$base/lib/robot_serial', '--single-version-externally-managed', 'install_data'], 'cwd': '/home/robot/robot_ws/src/robot_serial', 'env': {'VSCODE_CWD': '/home/robot', 'VSCODE_ESM_ENTRYPOINT': 'vs/workbench/api/node/extensionHostProcess', 'KILO_DISABLE_CHANNEL_DB': 'true', 'USER': 'robot', 'KILO_ENABLE_QUESTION_TOOL': 'true', 'SSH_CLIENT': '192.168.1.87 54968 22', 'VSCODE_NLS_CONFIG': '{"userLocale":"en","osLocale":"en","resolvedLanguage":"en","defaultMessagesFile":"/home/robot/.vscode-server/cli/servers/Stable-8a7abeba6e03ea3af87bfbce9a1b7e48fed567b8/server/out/nls.messages.json","locale":"en","availableLanguages":{}}', 'AGENT': '1', 'VSCODE_HANDLES_UNCAUGHT_ERRORS': 'true', 'XDG_SESSION_TYPE': 'tty', 'KILO_VSCODE_VERSION': '1.129.1', 'SHLVL': '1', 'BROWSER': '/home/robot/.vscode-server/cli/servers/Stable-8a7abeba6e03ea3af87bfbce9a1b7e48fed567b8/server/bin/helpers/browser.sh', 'MOTD_SHOWN': 'pam', 'HOME': '/home/robot', 'KILO_PROCESS_ROLE': 'main', 'VSCODE_RECONNECTION_GRACE_TIME': '10800000', 'VSCODE_IPC_HOOK_CLI': '/run/user/1000/vscode-ipc-85cb0175-b158-42e8-8951-fb4591b54ca4.sock', 'COPILOT_OTEL_FILE_EXPORTER_PATH': '/dev/null', 'DBUS_SESSION_BUS_ADDRESS': 'unix:path=/run/user/1000/bus', 'KILO_APP_VERSION': '7.4.15', 'KILO_RUN_ID': 'b0e8cc2f-4ff3-41b8-8139-64efceb4ca4e', 'KILOCODE_VERSION': '7.4.15', 'APPLICATION_INSIGHTS_NO_STATSBEAT': 'true', 'LOGNAME': 'robot', 'VSCODE_HANDLES_SIGPIPE': 'true', '_': '/usr/bin/colcon', 'KILO_CLIENT': 'vscode', 'XDG_SESSION_CLASS': 'user', 'XDG_SESSION_ID': '3', 'VSCODE_CLI_REQUIRE_TOKEN': '9d52aed2-01f8-4726-82b5-3711d9f1f23a', 'KILO_EDITOR_NAME': 'Visual Studio Code', 'OPENCODE': '1', 'PATH': '/home/robot/.vscode-server/cli/servers/Stable-8a7abeba6e03ea3af87bfbce9a1b7e48fed567b8/server/bin/remote-cli:/usr/local/sbin:/usr/local/bin:/usr/sbin:/usr/bin:/sbin:/bin:/usr/games:/usr/local/games:/snap/bin', 'VSCODE_AGENT_FOLDER': '/home/robot/.vscode-server', 'KILO': '1', 'KILO_SERVER_PASSWORD': 'bbcb59f4dc49259fc2f1d85f0f88b56e2bc16e296f1be1b146a9d84dcf8654c7', 'XDG_RUNTIME_DIR': '/run/user/1000', 'KILO_APP_NAME': 'kilo-code', 'LANG': 'en_US.UTF-8', 'KILO_PID': '1742', 'KILOCODE_FEATURE': 'vscode-extension', 'SHELL': '/bin/bash', 'KILO_PLATFORM': 'vscode', 'MXC_BIN_DIR': '/home/robot/.vscode-server/cli/servers/Stable-8a7abeba6e03ea3af87bfbce9a1b7e48fed567b8/server/node_modules/@microsoft/mxc-sdk/bin', 'ELECTRON_RUN_AS_NODE': '1', 'KILOCODE_EDITOR_NAME': 'Visual Studio Code 1.129.1', 'NODE_USE_SYSTEM_CA': '1', 'KILO_PARENT_PID': '1440', 'PWD': '/home/robot/robot_ws/build/robot_serial', 'LC_ALL': 'en_US.UTF-8', 'KILO_MACHINE_ID': 'fc372026c3290bbaf5aed5c53259f1ec329890d125ceb750a0c2f4cd15a24f70', 'SSH_CONNECTION': '192.168.1.87 54968 192.168.1.252 22', 'MIMALLOC_PURGE_DELAY': '0', 'COLCON': '1', 'COPILOT_CLI_ENABLED_FEATURE_FLAGS': 'SHELL_SPAWN_BACKEND', 'KILO_DISABLE_CLAUDE_CODE': 'true', 'KILO_TELEMETRY_LEVEL': 'all', 'KILO_TREE_SITTER_WASM_DIR': '/home/robot/.vscode-server/extensions/kilocode.kilo-code-7.4.15-linux-arm64/bin/tree-sitter', 'PYTHONPATH': '/home/robot/robot_ws/build/robot_serial/prefix_override:/usr/lib/python3/dist-packages/colcon_core/task/python/colcon_distutils_commands:/home/robot/robot_ws/install/robot_serial/lib/python3.10/site-packages:'}, 'shell': False}
[82.271057] (-) TimerEvent: {}
[82.271271] (robot_serial) StdoutLine: {'line': b'running egg_info\n'}
[82.271955] (robot_serial) StdoutLine: {'line': b'writing ../../build/robot_serial/robot_serial.egg-info/PKG-INFO\n'}
[82.371276] (-) TimerEvent: {}
[82.454087] (robot_serial) StdoutLine: {'line': b'writing dependency_links to ../../build/robot_serial/robot_serial.egg-info/dependency_links.txt\n'}
[82.471430] (-) TimerEvent: {}
[82.571866] (-) TimerEvent: {}
[82.672415] (-) TimerEvent: {}
[82.772975] (-) TimerEvent: {}
[82.873535] (-) TimerEvent: {}
[82.974252] (-) TimerEvent: {}
[83.012955] (robot_serial) StdoutLine: {'line': b'writing entry points to ../../build/robot_serial/robot_serial.egg-info/entry_points.txt\n'}
[83.015495] (robot_serial) StdoutLine: {'line': b'writing requirements to ../../build/robot_serial/robot_serial.egg-info/requires.txt\n'}
[83.016615] (robot_serial) StdoutLine: {'line': b'writing top-level names to ../../build/robot_serial/robot_serial.egg-info/top_level.txt\n'}
[83.027753] (robot_serial) StdoutLine: {'line': b"reading manifest file '../../build/robot_serial/robot_serial.egg-info/SOURCES.txt'\n"}
[83.033134] (robot_serial) StdoutLine: {'line': b"writing manifest file '../../build/robot_serial/robot_serial.egg-info/SOURCES.txt'\n"}
[83.034199] (robot_serial) StdoutLine: {'line': b'running build\n'}
[83.034836] (robot_serial) StdoutLine: {'line': b'running build_py\n'}
[83.038202] (robot_serial) StdoutLine: {'line': b'running install\n'}
[83.039629] (robot_serial) StdoutLine: {'line': b'running install_lib\n'}
[83.052717] (robot_serial) StdoutLine: {'line': b'running install_data\n'}
[83.054136] (robot_serial) StdoutLine: {'line': b'running install_egg_info\n'}
[83.061603] (robot_serial) StdoutLine: {'line': b"removing '/home/robot/robot_ws/install/robot_serial/lib/python3.10/site-packages/robot_serial-1.0.0-py3.10.egg-info' (and everything under it)\n"}
[83.064129] (robot_serial) StdoutLine: {'line': b'Copying ../../build/robot_serial/robot_serial.egg-info to /home/robot/robot_ws/install/robot_serial/lib/python3.10/site-packages/robot_serial-1.0.0-py3.10.egg-info\n'}
[83.071012] (robot_serial) StdoutLine: {'line': b'running install_scripts\n'}
[83.074472] (-) TimerEvent: {}
[83.160112] (robot_serial) StdoutLine: {'line': b'Installing serial_node script to /home/robot/robot_ws/install/robot_serial/lib/robot_serial\n'}
[83.161317] (robot_serial) StdoutLine: {'line': b'Installing teleop_text script to /home/robot/robot_ws/install/robot_serial/lib/robot_serial\n'}
[83.162302] (robot_serial) StdoutLine: {'line': b'Installing wheel_odom_node script to /home/robot/robot_ws/install/robot_serial/lib/robot_serial\n'}
[83.164569] (robot_serial) StdoutLine: {'line': b"writing list of installed files to '/home/robot/robot_ws/build/robot_serial/install.log'\n"}
[83.174834] (-) TimerEvent: {}
[83.275543] (-) TimerEvent: {}
[83.285285] (robot_serial) CommandEnded: {'returncode': 0}
[83.375718] (-) TimerEvent: {}
[83.476149] (-) TimerEvent: {}
[83.576554] (-) TimerEvent: {}
[83.676981] (-) TimerEvent: {}
[83.777421] (-) TimerEvent: {}
[83.877879] (-) TimerEvent: {}
[83.978435] (-) TimerEvent: {}
[84.078996] (-) TimerEvent: {}
[84.179649] (-) TimerEvent: {}
[84.280243] (-) TimerEvent: {}
[84.380749] (-) TimerEvent: {}
[84.481246] (-) TimerEvent: {}
[84.581745] (-) TimerEvent: {}
[84.682244] (-) TimerEvent: {}
[84.782882] (-) TimerEvent: {}
[84.883523] (-) TimerEvent: {}
[84.984203] (-) TimerEvent: {}
[85.084858] (-) TimerEvent: {}
[85.185504] (-) TimerEvent: {}
[85.286056] (-) TimerEvent: {}
[85.386596] (-) TimerEvent: {}
[85.487119] (-) TimerEvent: {}
[85.587652] (-) TimerEvent: {}
[85.688344] (-) TimerEvent: {}
[85.788948] (-) TimerEvent: {}
[85.889530] (-) TimerEvent: {}
[85.990058] (-) TimerEvent: {}
[86.090714] (-) TimerEvent: {}
[86.191200] (-) TimerEvent: {}
[86.291718] (-) TimerEvent: {}
[86.392218] (-) TimerEvent: {}
[86.492698] (-) TimerEvent: {}
[86.593263] (-) TimerEvent: {}
[86.693876] (-) TimerEvent: {}
[86.794470] (-) TimerEvent: {}
[86.894990] (-) TimerEvent: {}
[86.995587] (-) TimerEvent: {}
[87.096038] (-) TimerEvent: {}
[87.196491] (-) TimerEvent: {}
[87.296995] (-) TimerEvent: {}
[87.397483] (-) TimerEvent: {}
[87.498074] (-) TimerEvent: {}
[87.598807] (-) TimerEvent: {}
[87.699387] (-) TimerEvent: {}
[87.800002] (-) TimerEvent: {}
[87.900652] (-) TimerEvent: {}
[88.001215] (-) TimerEvent: {}
[88.101663] (-) TimerEvent: {}
[88.202114] (-) TimerEvent: {}
[88.302713] (-) TimerEvent: {}
[88.403334] (-) TimerEvent: {}
[88.503958] (-) TimerEvent: {}
[88.604605] (-) TimerEvent: {}
[88.705175] (-) TimerEvent: {}
[88.805795] (-) TimerEvent: {}
[88.906283] (-) TimerEvent: {}
[89.006754] (-) TimerEvent: {}
[89.107222] (-) TimerEvent: {}
[89.207795] (-) TimerEvent: {}
[89.308450] (-) TimerEvent: {}
[89.409010] (-) TimerEvent: {}
[89.509559] (-) TimerEvent: {}
[89.610122] (-) TimerEvent: {}
[89.710737] (-) TimerEvent: {}
[89.811213] (-) TimerEvent: {}
[89.911699] (-) TimerEvent: {}
[90.012295] (-) TimerEvent: {}
[90.112831] (-) TimerEvent: {}
[90.213461] (-) TimerEvent: {}
[90.314103] (-) TimerEvent: {}
[90.414630] (-) TimerEvent: {}
[90.515108] (-) TimerEvent: {}
[90.615583] (-) TimerEvent: {}
[90.716095] (-) TimerEvent: {}
[90.816571] (-) TimerEvent: {}
[90.917014] (-) TimerEvent: {}
[91.017575] (-) TimerEvent: {}
[91.118232] (-) TimerEvent: {}
[91.218967] (-) TimerEvent: {}
[91.319507] (-) TimerEvent: {}
[91.420033] (-) TimerEvent: {}
[91.520529] (-) TimerEvent: {}
[91.621011] (-) TimerEvent: {}
[91.721501] (-) TimerEvent: {}
[91.821948] (-) TimerEvent: {}
[91.922585] (-) TimerEvent: {}
[92.023235] (-) TimerEvent: {}
[92.123878] (-) TimerEvent: {}
[92.224509] (-) TimerEvent: {}
[92.325170] (-) TimerEvent: {}
[92.425903] (-) TimerEvent: {}
[92.526449] (-) TimerEvent: {}
[92.626953] (-) TimerEvent: {}
[92.727425] (-) TimerEvent: {}
[92.827959] (-) TimerEvent: {}
[92.928523] (-) TimerEvent: {}
[93.028952] (-) TimerEvent: {}
[93.129395] (-) TimerEvent: {}
[93.229886] (-) TimerEvent: {}
[93.329732] (robot_serial) JobEnded: {'identifier': 'robot_serial', 'rc': 0}
[93.332775] (-) TimerEvent: {}
[93.333004] (-) EventReactorShutdown: {}
