-- Install configuration: ""
-- Up-to-date: /home/robot/robot_ws/install/robot_bringup/share/robot_bringup//launch
-- Up-to-date: /home/robot/robot_ws/install/robot_bringup/share/robot_bringup//launch/ai.launch.py
-- Up-to-date: /home/robot/robot_ws/install/robot_bringup/share/robot_bringup//launch/full_robot.launch.py
-- Up-to-date: /home/robot/robot_ws/install/robot_bringup/share/robot_bringup//launch/slam.launch.py
-- Up-to-date: /home/robot/robot_ws/install/robot_bringup/share/robot_bringup//launch/__pycache__
-- Up-to-date: /home/robot/robot_ws/install/robot_bringup/share/robot_bringup//launch/__pycache__/ai.launch.cpython-310.pyc
-- Up-to-date: /home/robot/robot_ws/install/robot_bringup/share/robot_bringup//launch/__pycache__/full_robot.launch.cpython-310.pyc
-- Up-to-date: /home/robot/robot_ws/install/robot_bringup/share/robot_bringup//launch/__pycache__/minimal.launch.cpython-310.pyc
-- Up-to-date: /home/robot/robot_ws/install/robot_bringup/share/robot_bringup//launch/__pycache__/slam.launch.cpython-310.pyc
-- Up-to-date: /home/robot/robot_ws/install/robot_bringup/share/robot_bringup//launch/__pycache__/view_robot.launch.cpython-310.pyc
-- Up-to-date: /home/robot/robot_ws/install/robot_bringup/share/robot_bringup//launch/__pycache__/nav2.launch.cpython-310.pyc
-- Up-to-date: /home/robot/robot_ws/install/robot_bringup/share/robot_bringup//launch/minimal.launch.py
-- Up-to-date: /home/robot/robot_ws/install/robot_bringup/share/robot_bringup//launch/localization.launch.py
-- Up-to-date: /home/robot/robot_ws/install/robot_bringup/share/robot_bringup//launch/robot.launch.py
-- Up-to-date: /home/robot/robot_ws/install/robot_bringup/share/robot_bringup//launch/lidar.launch.py
-- Up-to-date: /home/robot/robot_ws/install/robot_bringup/share/robot_bringup//launch/view_robot.launch.py
-- Up-to-date: /home/robot/robot_ws/install/robot_bringup/share/robot_bringup//launch/nav2.launch.py
-- Up-to-date: /home/robot/robot_ws/install/robot_bringup/share/robot_bringup//config
-- Up-to-date: /home/robot/robot_ws/install/robot_bringup/share/robot_bringup//config/slam_toolbox_params.yaml
-- Up-to-date: /home/robot/robot_ws/install/robot_bringup/share/robot_bringup//config/map_server_params.yaml
-- Up-to-date: /home/robot/robot_ws/install/robot_bringup/share/robot_bringup//config/nav2_params.yaml
-- Up-to-date: /home/robot/robot_ws/install/robot_bringup/share/robot_bringup//config/amcl_params.yaml
-- Up-to-date: /home/robot/robot_ws/install/robot_bringup/share/robot_bringup//rviz
-- Up-to-date: /home/robot/robot_ws/install/robot_bringup/share/robot_bringup//rviz/robot_view.rviz
-- Up-to-date: /home/robot/robot_ws/install/robot_bringup/lib/robot_bringup/mount_hdd.sh
-- Up-to-date: /home/robot/robot_ws/install/robot_bringup/lib/robot_bringup/unmount_hdd.sh
-- Up-to-date: /home/robot/robot_ws/install/robot_bringup/lib/robot_bringup/save_map.sh
-- Up-to-date: /home/robot/robot_ws/install/robot_bringup/lib/robot_bringup/setup_hdd_automount.sh
-- Installing: /home/robot/robot_ws/install/robot_bringup/lib/robot_bringup/save_map.py
-- Installing: /home/robot/robot_ws/install/robot_bringup/lib/robot_bringup/copy_map.sh
-- Up-to-date: /home/robot/robot_ws/install/robot_bringup/share/robot_bringup//maps
-- Up-to-date: /home/robot/robot_ws/install/robot_bringup/share/robot_bringup//maps/.gitkeep
-- Up-to-date: /home/robot/robot_ws/install/robot_bringup/share/robot_bringup//maps/my_room
-- Up-to-date: /home/robot/robot_ws/install/robot_bringup/share/ament_index/resource_index/package_run_dependencies/robot_bringup
-- Up-to-date: /home/robot/robot_ws/install/robot_bringup/share/ament_index/resource_index/parent_prefix_path/robot_bringup
-- Up-to-date: /home/robot/robot_ws/install/robot_bringup/share/robot_bringup/environment/ament_prefix_path.sh
-- Up-to-date: /home/robot/robot_ws/install/robot_bringup/share/robot_bringup/environment/ament_prefix_path.dsv
-- Up-to-date: /home/robot/robot_ws/install/robot_bringup/share/robot_bringup/environment/path.sh
-- Up-to-date: /home/robot/robot_ws/install/robot_bringup/share/robot_bringup/environment/path.dsv
-- Up-to-date: /home/robot/robot_ws/install/robot_bringup/share/robot_bringup/local_setup.bash
-- Up-to-date: /home/robot/robot_ws/install/robot_bringup/share/robot_bringup/local_setup.sh
-- Up-to-date: /home/robot/robot_ws/install/robot_bringup/share/robot_bringup/local_setup.zsh
-- Up-to-date: /home/robot/robot_ws/install/robot_bringup/share/robot_bringup/local_setup.dsv
-- Installing: /home/robot/robot_ws/install/robot_bringup/share/robot_bringup/package.dsv
-- Up-to-date: /home/robot/robot_ws/install/robot_bringup/share/ament_index/resource_index/packages/robot_bringup
-- Up-to-date: /home/robot/robot_ws/install/robot_bringup/share/robot_bringup/cmake/robot_bringupConfig.cmake
-- Up-to-date: /home/robot/robot_ws/install/robot_bringup/share/robot_bringup/cmake/robot_bringupConfig-version.cmake
-- Up-to-date: /home/robot/robot_ws/install/robot_bringup/share/robot_bringup/package.xml
