[0.012s] Invoking command in '/home/phuongnam/robot_main/build/robot_bringup': AMENT_PREFIX_PATH=/home/phuongnam/robot_main/install/robot_description:${AMENT_PREFIX_PATH} CMAKE_PREFIX_PATH=/home/phuongnam/robot_main/install/robot_description:/home/phuongnam/robot_main/install/vision_msgs:/home/phuongnam/robot_main/install/robot_bringup:/home/phuongnam/robot_main/install/sllidar_ros2:/home/phuongnam/robot_main/install/web_bridge:/home/phuongnam/robot_main/install/vision_ai_node:/home/phuongnam/robot_main/install/robot_serial:/home/phuongnam/robot_main/install/robot_ai:/home/phuongnam/robot_main/install/camera_node:/opt/ros/humble /usr/bin/cmake /home/phuongnam/robot_main/src/robot_bringup -DAMENT_CMAKE_SYMLINK_INSTALL=1 -DCMAKE_INSTALL_PREFIX=/home/phuongnam/robot_main/install/robot_bringup
[0.121s] -- The C compiler identification is GNU 11.4.0
[0.242s] -- The CXX compiler identification is GNU 11.4.0
[0.258s] -- Detecting C compiler ABI info
[0.412s] -- Detecting C compiler ABI info - done
[0.435s] -- Check for working C compiler: /usr/bin/cc - skipped
[0.436s] -- Detecting C compile features
[0.437s] -- Detecting C compile features - done
[0.444s] -- Detecting CXX compiler ABI info
[0.607s] -- Detecting CXX compiler ABI info - done
[0.634s] -- Check for working CXX compiler: /usr/bin/c++ - skipped
[0.635s] -- Detecting CXX compile features
[0.636s] -- Detecting CXX compile features - done
[0.641s] -- Found ament_cmake: 1.3.14 (/opt/ros/humble/share/ament_cmake/cmake)
[0.983s] -- Found Python3: /usr/bin/python3 (found version "3.10.12") found components: Interpreter 
[1.144s] -- Override CMake install command with custom implementation using symlinks instead of copying resources
[1.219s] -- Found ament_lint_auto: 0.12.15 (/opt/ros/humble/share/ament_lint_auto/cmake)
[1.385s] -- Added test 'copyright' to check source files copyright and LICENSE
[1.392s] -- Added test 'flake8' to check Python code syntax and style conventions
[1.393s] -- Added test 'lint_cmake' to check CMake code style
[1.394s] -- Added test 'pep257' to check Python code against some of the docstring style conventions in PEP 257
[1.397s] -- Added test 'xmllint' to check XML markup files
[1.400s] -- Configuring done
[1.403s] -- Generating done
[1.406s] -- Build files have been written to: /home/phuongnam/robot_main/build/robot_bringup
[1.411s] Invoked command in '/home/phuongnam/robot_main/build/robot_bringup' returned '0': AMENT_PREFIX_PATH=/home/phuongnam/robot_main/install/robot_description:${AMENT_PREFIX_PATH} CMAKE_PREFIX_PATH=/home/phuongnam/robot_main/install/robot_description:/home/phuongnam/robot_main/install/vision_msgs:/home/phuongnam/robot_main/install/robot_bringup:/home/phuongnam/robot_main/install/sllidar_ros2:/home/phuongnam/robot_main/install/web_bridge:/home/phuongnam/robot_main/install/vision_ai_node:/home/phuongnam/robot_main/install/robot_serial:/home/phuongnam/robot_main/install/robot_ai:/home/phuongnam/robot_main/install/camera_node:/opt/ros/humble /usr/bin/cmake /home/phuongnam/robot_main/src/robot_bringup -DAMENT_CMAKE_SYMLINK_INSTALL=1 -DCMAKE_INSTALL_PREFIX=/home/phuongnam/robot_main/install/robot_bringup
[1.414s] Invoking command in '/home/phuongnam/robot_main/build/robot_bringup': AMENT_PREFIX_PATH=/home/phuongnam/robot_main/install/robot_description:${AMENT_PREFIX_PATH} CMAKE_PREFIX_PATH=/home/phuongnam/robot_main/install/robot_description:/home/phuongnam/robot_main/install/vision_msgs:/home/phuongnam/robot_main/install/robot_bringup:/home/phuongnam/robot_main/install/sllidar_ros2:/home/phuongnam/robot_main/install/web_bridge:/home/phuongnam/robot_main/install/vision_ai_node:/home/phuongnam/robot_main/install/robot_serial:/home/phuongnam/robot_main/install/robot_ai:/home/phuongnam/robot_main/install/camera_node:/opt/ros/humble /usr/bin/cmake --build /home/phuongnam/robot_main/build/robot_bringup -- -j8 -l8
[1.464s] Invoked command in '/home/phuongnam/robot_main/build/robot_bringup' returned '0': AMENT_PREFIX_PATH=/home/phuongnam/robot_main/install/robot_description:${AMENT_PREFIX_PATH} CMAKE_PREFIX_PATH=/home/phuongnam/robot_main/install/robot_description:/home/phuongnam/robot_main/install/vision_msgs:/home/phuongnam/robot_main/install/robot_bringup:/home/phuongnam/robot_main/install/sllidar_ros2:/home/phuongnam/robot_main/install/web_bridge:/home/phuongnam/robot_main/install/vision_ai_node:/home/phuongnam/robot_main/install/robot_serial:/home/phuongnam/robot_main/install/robot_ai:/home/phuongnam/robot_main/install/camera_node:/opt/ros/humble /usr/bin/cmake --build /home/phuongnam/robot_main/build/robot_bringup -- -j8 -l8
[1.467s] Invoking command in '/home/phuongnam/robot_main/build/robot_bringup': AMENT_PREFIX_PATH=/home/phuongnam/robot_main/install/robot_description:${AMENT_PREFIX_PATH} CMAKE_PREFIX_PATH=/home/phuongnam/robot_main/install/robot_description:/home/phuongnam/robot_main/install/vision_msgs:/home/phuongnam/robot_main/install/robot_bringup:/home/phuongnam/robot_main/install/sllidar_ros2:/home/phuongnam/robot_main/install/web_bridge:/home/phuongnam/robot_main/install/vision_ai_node:/home/phuongnam/robot_main/install/robot_serial:/home/phuongnam/robot_main/install/robot_ai:/home/phuongnam/robot_main/install/camera_node:/opt/ros/humble /usr/bin/cmake --install /home/phuongnam/robot_main/build/robot_bringup
[1.475s] -- Install configuration: ""
[1.476s] -- Execute custom install script
[1.477s] -- Symlinking: /home/phuongnam/robot_main/install/robot_bringup/share/robot_bringup//launch/ai.launch.py
[1.488s] -- Symlinking: /home/phuongnam/robot_main/install/robot_bringup/share/robot_bringup//launch/full_robot.launch.py
[1.500s] -- Symlinking: /home/phuongnam/robot_main/install/robot_bringup/share/robot_bringup//launch/lidar.launch.py
[1.512s] -- Symlinking: /home/phuongnam/robot_main/install/robot_bringup/share/robot_bringup//launch/localization.launch.py
[1.524s] -- Symlinking: /home/phuongnam/robot_main/install/robot_bringup/share/robot_bringup//launch/minimal.launch.py
[1.536s] -- Symlinking: /home/phuongnam/robot_main/install/robot_bringup/share/robot_bringup//launch/nav2.launch.py
[1.549s] -- Symlinking: /home/phuongnam/robot_main/install/robot_bringup/share/robot_bringup//launch/robot.launch.py
[1.560s] -- Symlinking: /home/phuongnam/robot_main/install/robot_bringup/share/robot_bringup//launch/slam.launch.py
[1.571s] -- Symlinking: /home/phuongnam/robot_main/install/robot_bringup/share/robot_bringup//launch/view_robot.launch.py
[1.583s] -- Symlinking: /home/phuongnam/robot_main/install/robot_bringup/share/robot_bringup//config/amcl_params.yaml
[1.594s] -- Symlinking: /home/phuongnam/robot_main/install/robot_bringup/share/robot_bringup//config/ekf.yaml
[1.605s] -- Symlinking: /home/phuongnam/robot_main/install/robot_bringup/share/robot_bringup//config/map_server_params.yaml
[1.618s] -- Symlinking: /home/phuongnam/robot_main/install/robot_bringup/share/robot_bringup//config/nav2_params.yaml
[1.630s] -- Symlinking: /home/phuongnam/robot_main/install/robot_bringup/share/robot_bringup//config/slam_toolbox_params.yaml
[1.641s] -- Symlinking: /home/phuongnam/robot_main/install/robot_bringup/share/robot_bringup//rviz/robot_view.rviz
[1.653s] [31mCMake Error at ament_cmake_symlink_install/ament_cmake_symlink_install.cmake:209 (message):
[1.653s]   ament_cmake_symlink_install_programs() can't find
[1.653s]   '/home/phuongnam/robot_main/src/robot_bringup/scripts/mount_hdd.sh'
[1.653s] Call Stack (most recent call first):
[1.653s]   ament_cmake_symlink_install/ament_cmake_symlink_install.cmake:328 (ament_cmake_symlink_install_programs)
[1.654s]   cmake_install.cmake:46 (include)
[1.654s] 
[1.654s] [0m
[1.655s] Invoked command in '/home/phuongnam/robot_main/build/robot_bringup' returned '1': AMENT_PREFIX_PATH=/home/phuongnam/robot_main/install/robot_description:${AMENT_PREFIX_PATH} CMAKE_PREFIX_PATH=/home/phuongnam/robot_main/install/robot_description:/home/phuongnam/robot_main/install/vision_msgs:/home/phuongnam/robot_main/install/robot_bringup:/home/phuongnam/robot_main/install/sllidar_ros2:/home/phuongnam/robot_main/install/web_bridge:/home/phuongnam/robot_main/install/vision_ai_node:/home/phuongnam/robot_main/install/robot_serial:/home/phuongnam/robot_main/install/robot_ai:/home/phuongnam/robot_main/install/camera_node:/opt/ros/humble /usr/bin/cmake --install /home/phuongnam/robot_main/build/robot_bringup
