[0.336s] Invoking command in '/home/robot/robot_ws/build/vision_msgs': CMAKE_PREFIX_PATH=${CMAKE_PREFIX_PATH}:/home/robot/robot_ws/install/web_bridge:/home/robot/robot_ws/install/vision_ai_node:/home/robot/robot_ws/install/robot_ai:/home/robot/robot_ws/install/robot_serial:/home/robot/robot_ws/install/camera_node:/opt/ros/humble /usr/bin/cmake /home/robot/robot_ws/src/vision_msgs -DAMENT_CMAKE_SYMLINK_INSTALL=1 -DCMAKE_INSTALL_PREFIX=/home/robot/robot_ws/install/vision_msgs
[0.797s] -- Found ament_cmake: 1.3.14 (/opt/ros/humble/share/ament_cmake/cmake)
[1.870s] -- Override CMake install command with custom implementation using symlinks instead of copying resources
[2.187s] -- Found rosidl_default_generators: 1.2.1 (/opt/ros/humble/share/rosidl_default_generators/cmake)
[2.218s] -- Using all available rosidl_typesupport_c: rosidl_typesupport_fastrtps_c;rosidl_typesupport_introspection_c
[2.257s] -- Found rosidl_adapter: 3.1.9 (/opt/ros/humble/share/rosidl_adapter/cmake)
[2.602s] -- Using all available rosidl_typesupport_cpp: rosidl_typesupport_fastrtps_cpp;rosidl_typesupport_introspection_cpp
[3.060s] -- Found std_msgs: 4.9.1 (/opt/ros/humble/share/std_msgs/cmake)
[6.982s] -- Found ament_cmake_ros: 0.10.0 (/opt/ros/humble/share/ament_cmake_ros/cmake)
[8.924s] -- Using all available rosidl_typesupport_c: rosidl_typesupport_fastrtps_c;rosidl_typesupport_introspection_c
[15.354s] -- Using all available rosidl_typesupport_cpp: rosidl_typesupport_fastrtps_cpp;rosidl_typesupport_introspection_cpp
[15.688s] -- Found python_cmake_module: 0.10.0 (/opt/ros/humble/share/python_cmake_module/cmake)
[16.152s] -- Using PYTHON_EXECUTABLE: /usr/bin/python3
[16.154s] -- Using PYTHON_INCLUDE_DIRS: /usr/include/python3.10
[16.154s] -- Using PYTHON_LIBRARIES: /usr/lib/aarch64-linux-gnu/libpython3.10.so
[17.526s] -- Configuring done
[23.061s] -- Generating done
[23.160s] -- Build files have been written to: /home/robot/robot_ws/build/vision_msgs
[23.199s] Invoked command in '/home/robot/robot_ws/build/vision_msgs' returned '0': CMAKE_PREFIX_PATH=${CMAKE_PREFIX_PATH}:/home/robot/robot_ws/install/web_bridge:/home/robot/robot_ws/install/vision_ai_node:/home/robot/robot_ws/install/robot_ai:/home/robot/robot_ws/install/robot_serial:/home/robot/robot_ws/install/camera_node:/opt/ros/humble /usr/bin/cmake /home/robot/robot_ws/src/vision_msgs -DAMENT_CMAKE_SYMLINK_INSTALL=1 -DCMAKE_INSTALL_PREFIX=/home/robot/robot_ws/install/vision_msgs
[23.210s] Invoking command in '/home/robot/robot_ws/build/vision_msgs': CMAKE_PREFIX_PATH=${CMAKE_PREFIX_PATH}:/home/robot/robot_ws/install/web_bridge:/home/robot/robot_ws/install/vision_ai_node:/home/robot/robot_ws/install/robot_ai:/home/robot/robot_ws/install/robot_serial:/home/robot/robot_ws/install/camera_node:/opt/ros/humble /usr/bin/cmake --build /home/robot/robot_ws/build/vision_msgs -- -j4 -l4
[23.503s] failed to create symbolic link '/home/robot/robot_ws/build/vision_msgs/ament_cmake_python/vision_msgs/vision_msgs' because existing path cannot be removed: Is a directory
[23.509s] gmake[2]: *** [CMakeFiles/ament_cmake_python_symlink_vision_msgs.dir/build.make:70: CMakeFiles/ament_cmake_python_symlink_vision_msgs] Error 1
[23.510s] gmake[1]: *** [CMakeFiles/Makefile2:440: CMakeFiles/ament_cmake_python_symlink_vision_msgs.dir/all] Error 2
[23.510s] gmake[1]: *** Waiting for unfinished jobs....
[24.360s] [35m[1mConsolidate compiler generated dependencies of target vision_msgs__rosidl_generator_c[0m
[24.482s] [ 10%] Built target vision_msgs__rosidl_generator_c
[24.524s] [ 12%] Built target vision_msgs__cpp
[24.576s] [ 14%] Built target vision_msgs__rs
[24.581s] gmake: *** [Makefile:146: all] Error 2
[24.603s] Invoked command in '/home/robot/robot_ws/build/vision_msgs' returned '2': CMAKE_PREFIX_PATH=${CMAKE_PREFIX_PATH}:/home/robot/robot_ws/install/web_bridge:/home/robot/robot_ws/install/vision_ai_node:/home/robot/robot_ws/install/robot_ai:/home/robot/robot_ws/install/robot_serial:/home/robot/robot_ws/install/camera_node:/opt/ros/humble /usr/bin/cmake --build /home/robot/robot_ws/build/vision_msgs -- -j4 -l4
