[8.953s] Invoking command in '/home/robot/robot_ws/src/vision_ai_node': PYTHONPATH=/home/robot/robot_ws/build/vision_ai_node/prefix_override:/usr/lib/python3/dist-packages/colcon_core/task/python/colcon_distutils_commands:/home/robot/robot_ws/install/vision_ai_node/lib/python3.10/site-packages:${PYTHONPATH} /usr/bin/python3 -W ignore:setup.py install is deprecated -W ignore:easy_install command is deprecated setup.py egg_info --egg-base ../../build/vision_ai_node build --build-base /home/robot/robot_ws/build/vision_ai_node/build install --record /home/robot/robot_ws/build/vision_ai_node/install.log --install-scripts $base/lib/vision_ai_node --single-version-externally-managed install_data
[10.916s] running egg_info
[10.921s] writing ../../build/vision_ai_node/vision_ai_node.egg-info/PKG-INFO
[10.925s] writing dependency_links to ../../build/vision_ai_node/vision_ai_node.egg-info/dependency_links.txt
[10.926s] writing entry points to ../../build/vision_ai_node/vision_ai_node.egg-info/entry_points.txt
[10.926s] writing requirements to ../../build/vision_ai_node/vision_ai_node.egg-info/requires.txt
[10.927s] writing top-level names to ../../build/vision_ai_node/vision_ai_node.egg-info/top_level.txt
[10.936s] reading manifest file '../../build/vision_ai_node/vision_ai_node.egg-info/SOURCES.txt'
[10.941s] writing manifest file '../../build/vision_ai_node/vision_ai_node.egg-info/SOURCES.txt'
[10.947s] running build
[10.949s] running build_py
[10.952s] running install
[10.955s] running install_lib
[10.959s] running install_data
[10.962s] running install_egg_info
[10.964s] removing '/home/robot/robot_ws/install/vision_ai_node/lib/python3.10/site-packages/vision_ai_node-1.0.0-py3.10.egg-info' (and everything under it)
[10.967s] Copying ../../build/vision_ai_node/vision_ai_node.egg-info to /home/robot/robot_ws/install/vision_ai_node/lib/python3.10/site-packages/vision_ai_node-1.0.0-py3.10.egg-info
[10.981s] running install_scripts
[11.086s] Installing vision_ai_node script to /home/robot/robot_ws/install/vision_ai_node/lib/vision_ai_node
[11.088s] writing list of installed files to '/home/robot/robot_ws/build/vision_ai_node/install.log'
[11.218s] Invoked command in '/home/robot/robot_ws/src/vision_ai_node' returned '0': PYTHONPATH=/home/robot/robot_ws/build/vision_ai_node/prefix_override:/usr/lib/python3/dist-packages/colcon_core/task/python/colcon_distutils_commands:/home/robot/robot_ws/install/vision_ai_node/lib/python3.10/site-packages:${PYTHONPATH} /usr/bin/python3 -W ignore:setup.py install is deprecated -W ignore:easy_install command is deprecated setup.py egg_info --egg-base ../../build/vision_ai_node build --build-base /home/robot/robot_ws/build/vision_ai_node/build install --record /home/robot/robot_ws/build/vision_ai_node/install.log --install-scripts $base/lib/vision_ai_node --single-version-externally-managed install_data
