[8.430s] Invoking command in '/home/robot/robot_ws/build/robot_bringup': CMAKE_PREFIX_PATH=/home/robot/robot_ws/install/sllidar_ros2:/home/robot/robot_ws/install/robot_description:/home/robot/robot_ws/install/robot_bringup:/home/robot/robot_ws/install/web_bridge:/home/robot/robot_ws/install/robot_serial:/home/robot/robot_ws/install/robot_ai:/home/robot/robot_ws/install/camera_node:/opt/ros/humble /usr/bin/cmake --build /home/robot/robot_ws/build/robot_bringup -- -j4 -l4
[9.154s] Invoked command in '/home/robot/robot_ws/build/robot_bringup' returned '0': CMAKE_PREFIX_PATH=/home/robot/robot_ws/install/sllidar_ros2:/home/robot/robot_ws/install/robot_description:/home/robot/robot_ws/install/robot_bringup:/home/robot/robot_ws/install/web_bridge:/home/robot/robot_ws/install/robot_serial:/home/robot/robot_ws/install/robot_ai:/home/robot/robot_ws/install/camera_node:/opt/ros/humble /usr/bin/cmake --build /home/robot/robot_ws/build/robot_bringup -- -j4 -l4
[9.157s] Invoking command in '/home/robot/robot_ws/build/robot_bringup': CMAKE_PREFIX_PATH=/home/robot/robot_ws/install/sllidar_ros2:/home/robot/robot_ws/install/robot_description:/home/robot/robot_ws/install/robot_bringup:/home/robot/robot_ws/install/web_bridge:/home/robot/robot_ws/install/robot_serial:/home/robot/robot_ws/install/robot_ai:/home/robot/robot_ws/install/camera_node:/opt/ros/humble /usr/bin/cmake --install /home/robot/robot_ws/build/robot_bringup
[9.184s] -- Install configuration: ""
[9.185s] -- Execute custom install script
[9.188s] -- Up-to-date symlink: /home/robot/robot_ws/install/robot_bringup/share/robot_bringup//launch/ai.launch.py
[9.189s] -- Up-to-date symlink: /home/robot/robot_ws/install/robot_bringup/share/robot_bringup//launch/full_robot.launch.py
[9.190s] -- Up-to-date symlink: /home/robot/robot_ws/install/robot_bringup/share/robot_bringup//launch/lidar.launch.py
[9.191s] -- Up-to-date symlink: /home/robot/robot_ws/install/robot_bringup/share/robot_bringup//launch/localization.launch.py
[9.191s] -- Up-to-date symlink: /home/robot/robot_ws/install/robot_bringup/share/robot_bringup//launch/minimal.launch.py
[9.192s] -- Up-to-date symlink: /home/robot/robot_ws/install/robot_bringup/share/robot_bringup//launch/nav2.launch.py
[9.193s] -- Up-to-date symlink: /home/robot/robot_ws/install/robot_bringup/share/robot_bringup//launch/robot.launch.py
[9.195s] -- Up-to-date symlink: /home/robot/robot_ws/install/robot_bringup/share/robot_bringup//launch/slam.launch.py
[9.195s] -- Up-to-date symlink: /home/robot/robot_ws/install/robot_bringup/share/robot_bringup//launch/view_robot.launch.py
[9.198s] -- Up-to-date symlink: /home/robot/robot_ws/install/robot_bringup/share/robot_bringup//config/amcl_params.yaml
[9.198s] -- Up-to-date symlink: /home/robot/robot_ws/install/robot_bringup/share/robot_bringup//config/ekf.yaml
[9.199s] -- Up-to-date symlink: /home/robot/robot_ws/install/robot_bringup/share/robot_bringup//config/map_server_params.yaml
[9.200s] -- Up-to-date symlink: /home/robot/robot_ws/install/robot_bringup/share/robot_bringup//config/nav2_params.yaml
[9.201s] -- Up-to-date symlink: /home/robot/robot_ws/install/robot_bringup/share/robot_bringup//config/slam_toolbox_params.yaml
[9.203s] -- Up-to-date symlink: /home/robot/robot_ws/install/robot_bringup/share/robot_bringup//rviz/robot_view.rviz
[9.204s] -- Up-to-date symlink: /home/robot/robot_ws/install/robot_bringup/lib/robot_bringup//save_map.sh
[9.205s] -- Up-to-date symlink: /home/robot/robot_ws/install/robot_bringup/lib/robot_bringup//save_map.py
[9.205s] -- Up-to-date symlink: /home/robot/robot_ws/install/robot_bringup/lib/robot_bringup//copy_map.sh
[9.208s] -- Up-to-date symlink: /home/robot/robot_ws/install/robot_bringup/share/robot_bringup//maps/.gitkeep
[9.208s] -- Up-to-date symlink: /home/robot/robot_ws/install/robot_bringup/share/robot_bringup//maps/my_room/map.pgm
[9.210s] -- Up-to-date symlink: /home/robot/robot_ws/install/robot_bringup/share/robot_bringup//maps/my_room/map.yaml
[9.212s] -- Up-to-date symlink: /home/robot/robot_ws/install/robot_bringup/share/ament_index/resource_index/package_run_dependencies/robot_bringup
[9.213s] -- Up-to-date symlink: /home/robot/robot_ws/install/robot_bringup/share/ament_index/resource_index/parent_prefix_path/robot_bringup
[9.214s] -- Up-to-date symlink: /home/robot/robot_ws/install/robot_bringup/share/robot_bringup/environment/ament_prefix_path.sh
[9.215s] -- Up-to-date symlink: /home/robot/robot_ws/install/robot_bringup/share/robot_bringup/environment/ament_prefix_path.dsv
[9.216s] -- Up-to-date symlink: /home/robot/robot_ws/install/robot_bringup/share/robot_bringup/environment/path.sh
[9.217s] -- Up-to-date symlink: /home/robot/robot_ws/install/robot_bringup/share/robot_bringup/environment/path.dsv
[9.218s] -- Up-to-date symlink: /home/robot/robot_ws/install/robot_bringup/share/robot_bringup/local_setup.bash
[9.219s] -- Up-to-date symlink: /home/robot/robot_ws/install/robot_bringup/share/robot_bringup/local_setup.sh
[9.220s] -- Up-to-date symlink: /home/robot/robot_ws/install/robot_bringup/share/robot_bringup/local_setup.zsh
[9.221s] -- Up-to-date symlink: /home/robot/robot_ws/install/robot_bringup/share/robot_bringup/local_setup.dsv
[9.222s] -- Symlinking: /home/robot/robot_ws/install/robot_bringup/share/robot_bringup/package.dsv
[9.262s] -- Up-to-date symlink: /home/robot/robot_ws/install/robot_bringup/share/ament_index/resource_index/packages/robot_bringup
[9.263s] -- Up-to-date symlink: /home/robot/robot_ws/install/robot_bringup/share/robot_bringup/cmake/robot_bringupConfig.cmake
[9.264s] -- Up-to-date symlink: /home/robot/robot_ws/install/robot_bringup/share/robot_bringup/cmake/robot_bringupConfig-version.cmake
[9.265s] -- Up-to-date symlink: /home/robot/robot_ws/install/robot_bringup/share/robot_bringup/package.xml
[9.274s] Invoked command in '/home/robot/robot_ws/build/robot_bringup' returned '0': CMAKE_PREFIX_PATH=/home/robot/robot_ws/install/sllidar_ros2:/home/robot/robot_ws/install/robot_description:/home/robot/robot_ws/install/robot_bringup:/home/robot/robot_ws/install/web_bridge:/home/robot/robot_ws/install/robot_serial:/home/robot/robot_ws/install/robot_ai:/home/robot/robot_ws/install/camera_node:/opt/ros/humble /usr/bin/cmake --install /home/robot/robot_ws/build/robot_bringup
