[6.829s] Invoking command in '/home/robot/robot_ws/src/camera_node': PYTHONPATH=/home/robot/robot_ws/build/camera_node/prefix_override:/usr/lib/python3/dist-packages/colcon_core/task/python/colcon_distutils_commands:/home/robot/robot_ws/install/camera_node/lib/python3.10/site-packages:${PYTHONPATH} /usr/bin/python3 -W ignore:setup.py install is deprecated -W ignore:easy_install command is deprecated setup.py egg_info --egg-base ../../build/camera_node build --build-base /home/robot/robot_ws/build/camera_node/build install --record /home/robot/robot_ws/build/camera_node/install.log --install-scripts $base/lib/camera_node --single-version-externally-managed install_data
[8.998s] running egg_info
[8.999s] creating ../../build/camera_node/camera_node.egg-info
[9.000s] writing ../../build/camera_node/camera_node.egg-info/PKG-INFO
[9.000s] writing dependency_links to ../../build/camera_node/camera_node.egg-info/dependency_links.txt
[9.001s] writing entry points to ../../build/camera_node/camera_node.egg-info/entry_points.txt
[9.002s] writing requirements to ../../build/camera_node/camera_node.egg-info/requires.txt
[9.008s] writing top-level names to ../../build/camera_node/camera_node.egg-info/top_level.txt
[9.009s] writing manifest file '../../build/camera_node/camera_node.egg-info/SOURCES.txt'
[9.009s] reading manifest file '../../build/camera_node/camera_node.egg-info/SOURCES.txt'
[9.013s] writing manifest file '../../build/camera_node/camera_node.egg-info/SOURCES.txt'
[9.015s] running build
[9.017s] running build_py
[9.018s] creating /home/robot/robot_ws/build/camera_node/build
[9.018s] creating /home/robot/robot_ws/build/camera_node/build/lib
[9.023s] creating /home/robot/robot_ws/build/camera_node/build/lib/camera_node
[9.024s] copying camera_node/__init__.py -> /home/robot/robot_ws/build/camera_node/build/lib/camera_node
[9.025s] copying camera_node/camera_node.py -> /home/robot/robot_ws/build/camera_node/build/lib/camera_node
[9.025s] running install
[9.026s] running install_lib
[9.027s] creating /home/robot/robot_ws/install/camera_node/lib/python3.10/site-packages/camera_node
[9.027s] copying /home/robot/robot_ws/build/camera_node/build/lib/camera_node/__init__.py -> /home/robot/robot_ws/install/camera_node/lib/python3.10/site-packages/camera_node
[9.028s] copying /home/robot/robot_ws/build/camera_node/build/lib/camera_node/camera_node.py -> /home/robot/robot_ws/install/camera_node/lib/python3.10/site-packages/camera_node
[9.032s] byte-compiling /home/robot/robot_ws/install/camera_node/lib/python3.10/site-packages/camera_node/__init__.py to __init__.cpython-310.pyc
[9.033s] byte-compiling /home/robot/robot_ws/install/camera_node/lib/python3.10/site-packages/camera_node/camera_node.py to camera_node.cpython-310.pyc
[9.039s] running install_data
[9.041s] creating /home/robot/robot_ws/install/camera_node/share/ament_index
[9.044s] creating /home/robot/robot_ws/install/camera_node/share/ament_index/resource_index
[9.047s] creating /home/robot/robot_ws/install/camera_node/share/ament_index/resource_index/packages
[9.048s] copying resource/camera_node -> /home/robot/robot_ws/install/camera_node/share/ament_index/resource_index/packages
[9.049s] copying package.xml -> /home/robot/robot_ws/install/camera_node/share/camera_node
[9.049s] creating /home/robot/robot_ws/install/camera_node/share/camera_node/launch
[9.050s] copying launch/camera.launch.py -> /home/robot/robot_ws/install/camera_node/share/camera_node/launch
[9.050s] creating /home/robot/robot_ws/install/camera_node/share/camera_node/config
[9.051s] copying config/camera.yaml -> /home/robot/robot_ws/install/camera_node/share/camera_node/config
[9.052s] running install_egg_info
[9.058s] Copying ../../build/camera_node/camera_node.egg-info to /home/robot/robot_ws/install/camera_node/lib/python3.10/site-packages/camera_node-1.0.0-py3.10.egg-info
[9.073s] running install_scripts
[9.658s] Installing camera_node script to /home/robot/robot_ws/install/camera_node/lib/camera_node
[9.662s] writing list of installed files to '/home/robot/robot_ws/build/camera_node/install.log'
[10.488s] Invoked command in '/home/robot/robot_ws/src/camera_node' returned '0': PYTHONPATH=/home/robot/robot_ws/build/camera_node/prefix_override:/usr/lib/python3/dist-packages/colcon_core/task/python/colcon_distutils_commands:/home/robot/robot_ws/install/camera_node/lib/python3.10/site-packages:${PYTHONPATH} /usr/bin/python3 -W ignore:setup.py install is deprecated -W ignore:easy_install command is deprecated setup.py egg_info --egg-base ../../build/camera_node build --build-base /home/robot/robot_ws/build/camera_node/build install --record /home/robot/robot_ws/build/camera_node/install.log --install-scripts $base/lib/camera_node --single-version-externally-managed install_data
