[0.180s] Invoking command in '/home/robot/robot_ws/build/robot_description': CMAKE_PREFIX_PATH=${CMAKE_PREFIX_PATH}:/home/robot/robot_ws/install/web_bridge:/home/robot/robot_ws/install/vision_ai_node:/home/robot/robot_ws/install/robot_ai:/home/robot/robot_ws/install/robot_serial:/home/robot/robot_ws/install/camera_node:/opt/ros/humble /usr/bin/cmake /home/robot/robot_ws/src/robot_description -DAMENT_CMAKE_SYMLINK_INSTALL=1 -DCMAKE_INSTALL_PREFIX=/home/robot/robot_ws/install/robot_description
[0.880s] -- Found ament_cmake: 1.3.14 (/opt/ros/humble/share/ament_cmake/cmake)
[1.949s] -- Override CMake install command with custom implementation using symlinks instead of copying resources
[2.286s] -- Found ament_lint_auto: 0.12.15 (/opt/ros/humble/share/ament_lint_auto/cmake)
[3.067s] -- Added test 'copyright' to check source files copyright and LICENSE
[3.108s] -- Added test 'flake8' to check Python code syntax and style conventions
[3.116s] -- Added test 'lint_cmake' to check CMake code style
[3.122s] -- Added test 'pep257' to check Python code against some of the docstring style conventions in PEP 257
[3.153s] -- Added test 'xmllint' to check XML markup files
[3.175s] -- Configuring done
[3.599s] -- Generating done
[3.612s] -- Build files have been written to: /home/robot/robot_ws/build/robot_description
[3.704s] Invoked command in '/home/robot/robot_ws/build/robot_description' returned '0': CMAKE_PREFIX_PATH=${CMAKE_PREFIX_PATH}:/home/robot/robot_ws/install/web_bridge:/home/robot/robot_ws/install/vision_ai_node:/home/robot/robot_ws/install/robot_ai:/home/robot/robot_ws/install/robot_serial:/home/robot/robot_ws/install/camera_node:/opt/ros/humble /usr/bin/cmake /home/robot/robot_ws/src/robot_description -DAMENT_CMAKE_SYMLINK_INSTALL=1 -DCMAKE_INSTALL_PREFIX=/home/robot/robot_ws/install/robot_description
[3.718s] Invoking command in '/home/robot/robot_ws/build/robot_description': CMAKE_PREFIX_PATH=${CMAKE_PREFIX_PATH}:/home/robot/robot_ws/install/web_bridge:/home/robot/robot_ws/install/vision_ai_node:/home/robot/robot_ws/install/robot_ai:/home/robot/robot_ws/install/robot_serial:/home/robot/robot_ws/install/camera_node:/opt/ros/humble /usr/bin/cmake --build /home/robot/robot_ws/build/robot_description -- -j4 -l4
[4.138s] Invoked command in '/home/robot/robot_ws/build/robot_description' returned '0': CMAKE_PREFIX_PATH=${CMAKE_PREFIX_PATH}:/home/robot/robot_ws/install/web_bridge:/home/robot/robot_ws/install/vision_ai_node:/home/robot/robot_ws/install/robot_ai:/home/robot/robot_ws/install/robot_serial:/home/robot/robot_ws/install/camera_node:/opt/ros/humble /usr/bin/cmake --build /home/robot/robot_ws/build/robot_description -- -j4 -l4
[4.224s] Invoking command in '/home/robot/robot_ws/build/robot_description': CMAKE_PREFIX_PATH=${CMAKE_PREFIX_PATH}:/home/robot/robot_ws/install/web_bridge:/home/robot/robot_ws/install/vision_ai_node:/home/robot/robot_ws/install/robot_ai:/home/robot/robot_ws/install/robot_serial:/home/robot/robot_ws/install/camera_node:/opt/ros/humble /usr/bin/cmake --install /home/robot/robot_ws/build/robot_description
[4.305s] -- Install configuration: ""
[4.309s] -- Execute custom install script
[4.315s] -- Symlinking: /home/robot/robot_ws/install/robot_description/share/robot_description//launch/display.launch.py
[4.368s] -- Symlinking: /home/robot/robot_ws/install/robot_description/share/robot_description//launch/robot_state_publisher.launch.py
[4.684s] -- Symlinking: /home/robot/robot_ws/install/robot_description/share/robot_description//urdf/gazebo.xacro
[4.724s] -- Symlinking: /home/robot/robot_ws/install/robot_description/share/robot_description//urdf/macros.xacro
[4.763s] -- Symlinking: /home/robot/robot_ws/install/robot_description/share/robot_description//urdf/materials.xacro
[4.804s] -- Symlinking: /home/robot/robot_ws/install/robot_description/share/robot_description//urdf/robot.urdf.xacro
[4.852s] -- Symlinking: /home/robot/robot_ws/install/robot_description/share/robot_description//config/joint_limits.yaml
[4.898s] -- Symlinking: /home/robot/robot_ws/install/robot_description/share/robot_description//rviz/rviz.rviz
[4.966s] -- Symlinking: /home/robot/robot_ws/install/robot_description/share/ament_index/resource_index/package_run_dependencies/robot_description
[5.046s] -- Symlinking: /home/robot/robot_ws/install/robot_description/share/ament_index/resource_index/parent_prefix_path/robot_description
[5.102s] -- Symlinking: /home/robot/robot_ws/install/robot_description/share/robot_description/environment/ament_prefix_path.sh
[5.151s] -- Symlinking: /home/robot/robot_ws/install/robot_description/share/robot_description/environment/ament_prefix_path.dsv
[5.220s] -- Symlinking: /home/robot/robot_ws/install/robot_description/share/robot_description/environment/path.sh
[5.264s] -- Symlinking: /home/robot/robot_ws/install/robot_description/share/robot_description/environment/path.dsv
[5.310s] -- Symlinking: /home/robot/robot_ws/install/robot_description/share/robot_description/local_setup.bash
[5.358s] -- Symlinking: /home/robot/robot_ws/install/robot_description/share/robot_description/local_setup.sh
[5.415s] -- Symlinking: /home/robot/robot_ws/install/robot_description/share/robot_description/local_setup.zsh
[5.461s] -- Symlinking: /home/robot/robot_ws/install/robot_description/share/robot_description/local_setup.dsv
[5.514s] -- Symlinking: /home/robot/robot_ws/install/robot_description/share/robot_description/package.dsv
[5.563s] -- Symlinking: /home/robot/robot_ws/install/robot_description/share/ament_index/resource_index/packages/robot_description
[5.608s] -- Symlinking: /home/robot/robot_ws/install/robot_description/share/robot_description/cmake/robot_descriptionConfig.cmake
[5.659s] -- Symlinking: /home/robot/robot_ws/install/robot_description/share/robot_description/cmake/robot_descriptionConfig-version.cmake
[5.714s] -- Symlinking: /home/robot/robot_ws/install/robot_description/share/robot_description/package.xml
[5.789s] Invoked command in '/home/robot/robot_ws/build/robot_description' returned '0': CMAKE_PREFIX_PATH=${CMAKE_PREFIX_PATH}:/home/robot/robot_ws/install/web_bridge:/home/robot/robot_ws/install/vision_ai_node:/home/robot/robot_ws/install/robot_ai:/home/robot/robot_ws/install/robot_serial:/home/robot/robot_ws/install/camera_node:/opt/ros/humble /usr/bin/cmake --install /home/robot/robot_ws/build/robot_description
