[3.703s] Invoking command in '/home/robot/robot_ws/src/web_bridge': PYTHONPATH=/home/robot/robot_ws/build/web_bridge/prefix_override:/usr/lib/python3/dist-packages/colcon_core/task/python/colcon_distutils_commands:/home/robot/robot_ws/install/web_bridge/lib/python3.10/site-packages:${PYTHONPATH} /usr/bin/python3 -W ignore:setup.py install is deprecated -W ignore:easy_install command is deprecated setup.py egg_info --egg-base ../../build/web_bridge build --build-base /home/robot/robot_ws/build/web_bridge/build install --record /home/robot/robot_ws/build/web_bridge/install.log --single-version-externally-managed install_data
[4.957s] running egg_info
[4.961s] writing ../../build/web_bridge/web_bridge.egg-info/PKG-INFO
[4.963s] writing dependency_links to ../../build/web_bridge/web_bridge.egg-info/dependency_links.txt
[4.964s] writing entry points to ../../build/web_bridge/web_bridge.egg-info/entry_points.txt
[4.965s] writing requirements to ../../build/web_bridge/web_bridge.egg-info/requires.txt
[4.967s] writing top-level names to ../../build/web_bridge/web_bridge.egg-info/top_level.txt
[4.975s] reading manifest file '../../build/web_bridge/web_bridge.egg-info/SOURCES.txt'
[4.980s] writing manifest file '../../build/web_bridge/web_bridge.egg-info/SOURCES.txt'
[4.980s] running build
[4.981s] running build_py
[4.982s] running install
[4.983s] running install_lib
[4.987s] creating /home/robot/robot_ws/install/web_bridge/lib/python3.10/site-packages/web_bridge
[4.988s] copying /home/robot/robot_ws/build/web_bridge/build/lib/web_bridge/__init__.py -> /home/robot/robot_ws/install/web_bridge/lib/python3.10/site-packages/web_bridge
[4.989s] copying /home/robot/robot_ws/build/web_bridge/build/lib/web_bridge/web_bridge_node.py -> /home/robot/robot_ws/install/web_bridge/lib/python3.10/site-packages/web_bridge
[4.992s] byte-compiling /home/robot/robot_ws/install/web_bridge/lib/python3.10/site-packages/web_bridge/__init__.py to __init__.cpython-310.pyc
[4.993s] byte-compiling /home/robot/robot_ws/install/web_bridge/lib/python3.10/site-packages/web_bridge/web_bridge_node.py to web_bridge_node.cpython-310.pyc
[5.001s] running install_data
[5.003s] creating /home/robot/robot_ws/install/web_bridge/share
[5.004s] creating /home/robot/robot_ws/install/web_bridge/share/ament_index
[5.005s] creating /home/robot/robot_ws/install/web_bridge/share/ament_index/resource_index
[5.006s] creating /home/robot/robot_ws/install/web_bridge/share/ament_index/resource_index/packages
[5.007s] copying resource/web_bridge -> /home/robot/robot_ws/install/web_bridge/share/ament_index/resource_index/packages
[5.007s] creating /home/robot/robot_ws/install/web_bridge/share/web_bridge
[5.008s] copying package.xml -> /home/robot/robot_ws/install/web_bridge/share/web_bridge
[5.008s] creating /home/robot/robot_ws/install/web_bridge/share/web_bridge/launch
[5.008s] copying web_bridge/launch/web_bridge.launch.py -> /home/robot/robot_ws/install/web_bridge/share/web_bridge/launch
[5.009s] running install_egg_info
[5.015s] Copying ../../build/web_bridge/web_bridge.egg-info to /home/robot/robot_ws/install/web_bridge/lib/python3.10/site-packages/web_bridge-0.0.1-py3.10.egg-info
[5.021s] running install_scripts
[5.118s] Installing web_bridge script to /home/robot/robot_ws/install/web_bridge/bin
[5.120s] writing list of installed files to '/home/robot/robot_ws/build/web_bridge/install.log'
[5.249s] Invoked command in '/home/robot/robot_ws/src/web_bridge' returned '0': PYTHONPATH=/home/robot/robot_ws/build/web_bridge/prefix_override:/usr/lib/python3/dist-packages/colcon_core/task/python/colcon_distutils_commands:/home/robot/robot_ws/install/web_bridge/lib/python3.10/site-packages:${PYTHONPATH} /usr/bin/python3 -W ignore:setup.py install is deprecated -W ignore:easy_install command is deprecated setup.py egg_info --egg-base ../../build/web_bridge build --build-base /home/robot/robot_ws/build/web_bridge/build install --record /home/robot/robot_ws/build/web_bridge/install.log --single-version-externally-managed install_data
