[0.109s] Invoking command in '/home/phuongnam/robot_main/build/robot_description': CMAKE_PREFIX_PATH=${CMAKE_PREFIX_PATH}:/home/phuongnam/robot_main/install/web_bridge:/home/phuongnam/robot_main/install/vision_ai_node:/home/phuongnam/robot_main/install/robot_serial:/home/phuongnam/robot_main/install/robot_ai:/home/phuongnam/robot_main/install/camera_node:/opt/ros/humble /usr/bin/cmake /home/phuongnam/robot_main/src/robot_description -DAMENT_CMAKE_SYMLINK_INSTALL=1 -DCMAKE_INSTALL_PREFIX=/home/phuongnam/robot_main/install/robot_description
[1.482s] -- The C compiler identification is GNU 11.4.0
[1.483s] -- The CXX compiler identification is GNU 11.4.0
[1.484s] -- Detecting C compiler ABI info
[1.484s] -- Detecting C compiler ABI info - done
[1.484s] -- Check for working C compiler: /usr/bin/cc - skipped
[1.484s] -- Detecting C compile features
[1.484s] -- Detecting C compile features - done
[1.484s] -- Detecting CXX compiler ABI info
[1.484s] -- Detecting CXX compiler ABI info - done
[1.484s] -- Check for working CXX compiler: /usr/bin/c++ - skipped
[1.485s] -- Detecting CXX compile features
[1.485s] -- Detecting CXX compile features - done
[1.485s] -- Found ament_cmake: 1.3.14 (/opt/ros/humble/share/ament_cmake/cmake)
[1.659s] -- Found Python3: /usr/bin/python3 (found version "3.10.12") found components: Interpreter 
[1.763s] -- Override CMake install command with custom implementation using symlinks instead of copying resources
[1.879s] -- Found ament_lint_auto: 0.12.15 (/opt/ros/humble/share/ament_lint_auto/cmake)
[2.105s] -- Added test 'copyright' to check source files copyright and LICENSE
[2.111s] -- Added test 'flake8' to check Python code syntax and style conventions
[2.113s] -- Added test 'lint_cmake' to check CMake code style
[2.114s] -- Added test 'pep257' to check Python code against some of the docstring style conventions in PEP 257
[2.118s] -- Added test 'xmllint' to check XML markup files
[2.124s] -- Configuring done
[2.128s] -- Generating done
[2.131s] -- Build files have been written to: /home/phuongnam/robot_main/build/robot_description
[2.142s] Invoked command in '/home/phuongnam/robot_main/build/robot_description' returned '0': CMAKE_PREFIX_PATH=${CMAKE_PREFIX_PATH}:/home/phuongnam/robot_main/install/web_bridge:/home/phuongnam/robot_main/install/vision_ai_node:/home/phuongnam/robot_main/install/robot_serial:/home/phuongnam/robot_main/install/robot_ai:/home/phuongnam/robot_main/install/camera_node:/opt/ros/humble /usr/bin/cmake /home/phuongnam/robot_main/src/robot_description -DAMENT_CMAKE_SYMLINK_INSTALL=1 -DCMAKE_INSTALL_PREFIX=/home/phuongnam/robot_main/install/robot_description
[2.145s] Invoking command in '/home/phuongnam/robot_main/build/robot_description': CMAKE_PREFIX_PATH=${CMAKE_PREFIX_PATH}:/home/phuongnam/robot_main/install/web_bridge:/home/phuongnam/robot_main/install/vision_ai_node:/home/phuongnam/robot_main/install/robot_serial:/home/phuongnam/robot_main/install/robot_ai:/home/phuongnam/robot_main/install/camera_node:/opt/ros/humble /usr/bin/cmake --build /home/phuongnam/robot_main/build/robot_description -- -j8 -l8
[2.215s] Invoked command in '/home/phuongnam/robot_main/build/robot_description' returned '0': CMAKE_PREFIX_PATH=${CMAKE_PREFIX_PATH}:/home/phuongnam/robot_main/install/web_bridge:/home/phuongnam/robot_main/install/vision_ai_node:/home/phuongnam/robot_main/install/robot_serial:/home/phuongnam/robot_main/install/robot_ai:/home/phuongnam/robot_main/install/camera_node:/opt/ros/humble /usr/bin/cmake --build /home/phuongnam/robot_main/build/robot_description -- -j8 -l8
[2.234s] Invoking command in '/home/phuongnam/robot_main/build/robot_description': CMAKE_PREFIX_PATH=${CMAKE_PREFIX_PATH}:/home/phuongnam/robot_main/install/web_bridge:/home/phuongnam/robot_main/install/vision_ai_node:/home/phuongnam/robot_main/install/robot_serial:/home/phuongnam/robot_main/install/robot_ai:/home/phuongnam/robot_main/install/camera_node:/opt/ros/humble /usr/bin/cmake --install /home/phuongnam/robot_main/build/robot_description
[2.249s] -- Install configuration: ""
[2.250s] -- Execute custom install script
[2.251s] -- Symlinking: /home/phuongnam/robot_main/install/robot_description/share/robot_description//launch/display.launch.py
[2.266s] -- Symlinking: /home/phuongnam/robot_main/install/robot_description/share/robot_description//launch/robot_state_publisher.launch.py
[2.283s] -- Symlinking: /home/phuongnam/robot_main/install/robot_description/share/robot_description//urdf/gazebo.xacro
[2.301s] -- Symlinking: /home/phuongnam/robot_main/install/robot_description/share/robot_description//urdf/macros.xacro
[2.322s] -- Symlinking: /home/phuongnam/robot_main/install/robot_description/share/robot_description//urdf/materials.xacro
[2.340s] -- Symlinking: /home/phuongnam/robot_main/install/robot_description/share/robot_description//urdf/robot.urdf.xacro
[2.355s] -- Symlinking: /home/phuongnam/robot_main/install/robot_description/share/robot_description//config/joint_limits.yaml
[2.371s] -- Symlinking: /home/phuongnam/robot_main/install/robot_description/share/robot_description//rviz/rviz.rviz
[2.384s] -- Symlinking: /home/phuongnam/robot_main/install/robot_description/share/ament_index/resource_index/package_run_dependencies/robot_description
[2.402s] -- Symlinking: /home/phuongnam/robot_main/install/robot_description/share/ament_index/resource_index/parent_prefix_path/robot_description
[2.419s] -- Symlinking: /home/phuongnam/robot_main/install/robot_description/share/robot_description/environment/ament_prefix_path.sh
[2.436s] -- Symlinking: /home/phuongnam/robot_main/install/robot_description/share/robot_description/environment/ament_prefix_path.dsv
[2.454s] -- Symlinking: /home/phuongnam/robot_main/install/robot_description/share/robot_description/environment/path.sh
[2.472s] -- Symlinking: /home/phuongnam/robot_main/install/robot_description/share/robot_description/environment/path.dsv
[2.492s] -- Symlinking: /home/phuongnam/robot_main/install/robot_description/share/robot_description/local_setup.bash
[2.514s] -- Symlinking: /home/phuongnam/robot_main/install/robot_description/share/robot_description/local_setup.sh
[2.542s] -- Symlinking: /home/phuongnam/robot_main/install/robot_description/share/robot_description/local_setup.zsh
[2.564s] -- Symlinking: /home/phuongnam/robot_main/install/robot_description/share/robot_description/local_setup.dsv
[2.582s] -- Symlinking: /home/phuongnam/robot_main/install/robot_description/share/robot_description/package.dsv
[2.602s] -- Symlinking: /home/phuongnam/robot_main/install/robot_description/share/ament_index/resource_index/packages/robot_description
[2.620s] -- Symlinking: /home/phuongnam/robot_main/install/robot_description/share/robot_description/cmake/robot_descriptionConfig.cmake
[2.638s] -- Symlinking: /home/phuongnam/robot_main/install/robot_description/share/robot_description/cmake/robot_descriptionConfig-version.cmake
[2.657s] -- Symlinking: /home/phuongnam/robot_main/install/robot_description/share/robot_description/package.xml
[2.679s] Invoked command in '/home/phuongnam/robot_main/build/robot_description' returned '0': CMAKE_PREFIX_PATH=${CMAKE_PREFIX_PATH}:/home/phuongnam/robot_main/install/web_bridge:/home/phuongnam/robot_main/install/vision_ai_node:/home/phuongnam/robot_main/install/robot_serial:/home/phuongnam/robot_main/install/robot_ai:/home/phuongnam/robot_main/install/camera_node:/opt/ros/humble /usr/bin/cmake --install /home/phuongnam/robot_main/build/robot_description
