[0.000000] (-) TimerEvent: {}
[0.001381] (web_bridge) JobQueued: {'identifier': 'web_bridge', 'dependencies': OrderedDict()}
[0.002216] (web_bridge) JobStarted: {'identifier': 'web_bridge'}
[0.101699] (-) TimerEvent: {}
[0.202292] (-) TimerEvent: {}
[0.302797] (-) TimerEvent: {}
[0.403424] (-) TimerEvent: {}
[0.503893] (-) TimerEvent: {}
[0.604468] (-) TimerEvent: {}
[0.705179] (-) TimerEvent: {}
[0.805776] (-) TimerEvent: {}
[0.906262] (-) TimerEvent: {}
[1.006856] (-) TimerEvent: {}
[1.107501] (-) TimerEvent: {}
[1.208080] (-) TimerEvent: {}
[1.308495] (-) TimerEvent: {}
[1.408903] (-) TimerEvent: {}
[1.509363] (-) TimerEvent: {}
[1.609814] (-) TimerEvent: {}
[1.710855] (-) TimerEvent: {}
[1.811679] (-) TimerEvent: {}
[1.912473] (-) TimerEvent: {}
[2.013059] (-) TimerEvent: {}
[2.113493] (-) TimerEvent: {}
[2.213932] (-) TimerEvent: {}
[2.314395] (-) TimerEvent: {}
[2.414803] (-) TimerEvent: {}
[2.515256] (-) TimerEvent: {}
[2.615784] (-) TimerEvent: {}
[2.716617] (-) TimerEvent: {}
[2.817494] (-) TimerEvent: {}
[2.918039] (-) TimerEvent: {}
[3.018548] (-) TimerEvent: {}
[3.118992] (-) TimerEvent: {}
[3.230313] (-) TimerEvent: {}
[3.330766] (-) TimerEvent: {}
[3.431166] (-) TimerEvent: {}
[3.531568] (-) TimerEvent: {}
[3.632075] (-) TimerEvent: {}
[3.732541] (-) TimerEvent: {}
[3.832915] (-) TimerEvent: {}
[3.933268] (-) TimerEvent: {}
[4.033674] (-) TimerEvent: {}
[4.326464] (web_bridge) Command: {'cmd': ['/usr/bin/python3', '-W', 'ignore:setup.py install is deprecated', '-W', 'ignore:easy_install command is deprecated', 'setup.py', 'egg_info', '--egg-base', 'build/web_bridge', 'build', '--build-base', '/home/robot/robot_ws/src/web_bridge/build/web_bridge/build', 'install', '--record', '/home/robot/robot_ws/src/web_bridge/build/web_bridge/install.log', '--single-version-externally-managed', 'install_data'], 'cwd': '/home/robot/robot_ws/src/web_bridge', 'env': {'LESSOPEN': '| /usr/bin/lesspipe %s', 'VSCODE_CWD': '/home/robot', 'VSCODE_ESM_ENTRYPOINT': 'vs/workbench/api/node/extensionHostProcess', 'PLATFORMIO_CALLER': 'vscode', 'KILO_DISABLE_CHANNEL_DB': 'true', 'USER': 'robot', 'KILO_ENABLE_QUESTION_TOOL': 'true', 'SSH_CLIENT': '192.168.1.88 62124 22', 'VSCODE_NLS_CONFIG': '{"userLocale":"en","osLocale":"en","resolvedLanguage":"en","defaultMessagesFile":"/home/robot/.vscode-server/cli/servers/Stable-1b6a188127eeaf9194f945eb6eb89a657e93c54c/server/out/nls.messages.json","locale":"en","availableLanguages":{}}', 'AGENT': '1', 'VSCODE_HANDLES_UNCAUGHT_ERRORS': 'true', 'XDG_SESSION_TYPE': 'tty', 'KILO_VSCODE_VERSION': '1.130.0', 'SHLVL': '0', 'LD_LIBRARY_PATH': '/home/robot/robot_ws/install/vision_msgs/lib:/opt/ros/humble/opt/rviz_ogre_vendor/lib:/opt/ros/humble/lib/aarch64-linux-gnu:/opt/ros/humble/lib', 'BROWSER': '/home/robot/.vscode-server/cli/servers/Stable-1b6a188127eeaf9194f945eb6eb89a657e93c54c/server/bin/helpers/browser.sh', 'MOTD_SHOWN': 'pam', 'HOME': '/home/robot', 'OLDPWD': '/home/robot/robot_ws', 'KILO_PROCESS_ROLE': 'main', 'NO_PROXY': '127.0.0.1', 'VSCODE_RECONNECTION_GRACE_TIME': '10800000', 'VSCODE_IPC_HOOK_CLI': '/run/user/1000/vscode-ipc-67c0bb6e-b3b3-4ad9-b16c-061cc20513fc.sock', 'ROS_PYTHON_VERSION': '3', 'COPILOT_OTEL_FILE_EXPORTER_PATH': '/dev/null', 'PLATFORMIO_IDE': '3.3.4', 'DBUS_SESSION_BUS_ADDRESS': 'unix:path=/run/user/1000/bus', 'KILO_APP_VERSION': '7.4.16', 'KILO_RUN_ID': 'e7c0cbee-cf77-4292-9f8d-e0c045c8cf40', 'KILOCODE_VERSION': '7.4.16', 'COLCON_PREFIX_PATH': '/home/robot/robot_ws/install', 'APPLICATION_INSIGHTS_NO_STATSBEAT': 'true', 'ROS_DISTRO': 'humble', 'LOGNAME': 'robot', 'VSCODE_HANDLES_SIGPIPE': 'true', '_': '/usr/bin/colcon', 'ROS_VERSION': '2', 'KILO_CLIENT': 'vscode', 'XDG_SESSION_CLASS': 'user', 'XDG_SESSION_ID': '3', 'VSCODE_CLI_REQUIRE_TOKEN': 'd6dd0559-e6b2-4b8a-9214-10d60ed463fb', 'KILO_EDITOR_NAME': 'Visual Studio Code', 'ROS_LOCALHOST_ONLY': '0', 'OPENCODE': '1', 'PATH': '/home/robot/.vscode-server/cli/servers/Stable-1b6a188127eeaf9194f945eb6eb89a657e93c54c/server/bin/remote-cli:/home/robot/.local/bin:/home/robot/robot_ws/install/esp32_ros2_bridge/bin:/opt/ros/humble/bin:/usr/local/sbin:/usr/local/bin:/usr/sbin:/usr/bin:/sbin:/bin:/usr/games:/usr/local/games:/snap/bin', 'VSCODE_AGENT_FOLDER': '/home/robot/.vscode-server', 'KILO': '1', 'KILO_SERVER_PASSWORD': '0747d0652fda2ffd6b5461c657fc6102586281f1108ce5d0abaaceed1e2e12e9', 'XDG_RUNTIME_DIR': '/run/user/1000', 'PLATFORMIO_PATH': '/home/robot/.platformio/python3/bin:/home/robot/.vscode-server/cli/servers/Stable-1b6a188127eeaf9194f945eb6eb89a657e93c54c/server/bin/remote-cli:/home/robot/.local/bin:/home/robot/robot_ws/install/esp32_ros2_bridge/bin:/opt/ros/humble/bin:/usr/local/sbin:/usr/local/bin:/usr/sbin:/usr/bin:/sbin:/bin:/usr/games:/usr/local/games:/snap/bin', 'KILO_APP_NAME': 'kilo-code', 'LANG': 'en_US.UTF-8', 'LS_COLORS': '', 'KILO_PID': '3408', 'AMENT_PREFIX_PATH': '/home/robot/robot_ws/install/vision_ai_node:/home/robot/robot_ws/install/robot_ai:/home/robot/robot_ws/install/vision_msgs:/home/robot/robot_ws/install/robot_bringup:/home/robot/robot_ws/install/sllidar_ros2:/home/robot/robot_ws/install/robot_serial:/home/robot/robot_ws/install/robot_description:/home/robot/robot_ws/install/robot_camera:/home/robot/robot_ws/install/esp32_ros2_bridge:/home/robot/robot_ws/install/camera_node:/opt/ros/humble', 'KILOCODE_FEATURE': 'vscode-extension', 'SHELL': '/bin/bash', 'KILO_PLATFORM': 'vscode', 'MXC_BIN_DIR': '/home/robot/.vscode-server/cli/servers/Stable-1b6a188127eeaf9194f945eb6eb89a657e93c54c/server/node_modules/@microsoft/mxc-sdk/bin', 'ELECTRON_RUN_AS_NODE': '1', 'KILOCODE_EDITOR_NAME': 'Visual Studio Code 1.130.0', 'LESSCLOSE': '/usr/bin/lesspipe %s %s', 'NODE_USE_SYSTEM_CA': '1', 'KILO_PARENT_PID': '2974', 'PWD': '/home/robot/robot_ws/src/web_bridge/build/web_bridge', 'LC_ALL': 'en_US.UTF-8', 'KILO_MACHINE_ID': 'fc372026c3290bbaf5aed5c53259f1ec329890d125ceb750a0c2f4cd15a24f70', 'SSH_CONNECTION': '192.168.1.88 62124 192.168.1.253 22', 'XDG_DATA_DIRS': '/usr/local/share:/usr/share:/var/lib/snapd/desktop', 'PYTHONPATH': '/home/robot/robot_ws/src/web_bridge/build/web_bridge/prefix_override:/usr/lib/python3/dist-packages/colcon_core/task/python/colcon_distutils_commands:/home/robot/robot_ws/src/web_bridge/install/web_bridge/lib/python3.10/site-packages:/home/robot/robot_ws/install/vision_ai_node/lib/python3.10/site-packages:/home/robot/robot_ws/install/robot_ai/lib/python3.10/site-packages:/home/robot/robot_ws/install/vision_msgs/local/lib/python3.10/dist-packages:/home/robot/robot_ws/install/robot_serial/lib/python3.10/site-packages:/home/robot/robot_ws/build/robot_camera:/home/robot/robot_ws/install/robot_camera/lib/python3.10/site-packages:/home/robot/robot_ws/build/esp32_ros2_bridge:/home/robot/robot_ws/install/esp32_ros2_bridge/lib/python3.10/site-packages:/home/robot/robot_ws/install/camera_node/lib/python3.10/site-packages:/opt/ros/humble/lib/python3.10/site-packages:/opt/ros/humble/local/lib/python3.10/dist-packages', 'MIMALLOC_PURGE_DELAY': '0', 'COLCON': '1', 'COPILOT_CLI_ENABLED_FEATURE_FLAGS': 'SHELL_SPAWN_BACKEND', 'KILO_DISABLE_CLAUDE_CODE': 'true', 'CMAKE_PREFIX_PATH': '/home/robot/robot_ws/install/vision_msgs:/home/robot/robot_ws/install/robot_bringup:/home/robot/robot_ws/install/sllidar_ros2:/home/robot/robot_ws/install/robot_description', 'KILO_TELEMETRY_LEVEL': 'all', 'KILO_TREE_SITTER_WASM_DIR': '/home/robot/.vscode-server/extensions/kilocode.kilo-code-7.4.16-linux-arm64/bin/tree-sitter'}, 'shell': False}
[4.336086] (-) TimerEvent: {}
[4.436420] (-) TimerEvent: {}
[4.536907] (-) TimerEvent: {}
[4.637431] (-) TimerEvent: {}
[4.737877] (-) TimerEvent: {}
[4.838251] (-) TimerEvent: {}
[4.938584] (-) TimerEvent: {}
[5.038928] (-) TimerEvent: {}
[5.139272] (-) TimerEvent: {}
[5.239764] (-) TimerEvent: {}
[5.340224] (-) TimerEvent: {}
[5.440607] (-) TimerEvent: {}
[5.540971] (-) TimerEvent: {}
[5.576711] (web_bridge) StdoutLine: {'line': b'running egg_info\n'}
[5.580437] (web_bridge) StdoutLine: {'line': b'creating build/web_bridge/web_bridge.egg-info\n'}
[5.581557] (web_bridge) StdoutLine: {'line': b'writing build/web_bridge/web_bridge.egg-info/PKG-INFO\n'}
[5.582817] (web_bridge) StdoutLine: {'line': b'writing dependency_links to build/web_bridge/web_bridge.egg-info/dependency_links.txt\n'}
[5.583817] (web_bridge) StdoutLine: {'line': b'writing entry points to build/web_bridge/web_bridge.egg-info/entry_points.txt\n'}
[5.584978] (web_bridge) StdoutLine: {'line': b'writing requirements to build/web_bridge/web_bridge.egg-info/requires.txt\n'}
[5.585379] (web_bridge) StdoutLine: {'line': b'writing top-level names to build/web_bridge/web_bridge.egg-info/top_level.txt\n'}
[5.586258] (web_bridge) StdoutLine: {'line': b"writing manifest file 'build/web_bridge/web_bridge.egg-info/SOURCES.txt'\n"}
[5.592941] (web_bridge) StdoutLine: {'line': b"reading manifest file 'build/web_bridge/web_bridge.egg-info/SOURCES.txt'\n"}
[5.596593] (web_bridge) StdoutLine: {'line': b"writing manifest file 'build/web_bridge/web_bridge.egg-info/SOURCES.txt'\n"}
[5.597543] (web_bridge) StdoutLine: {'line': b'running build\n'}
[5.599150] (web_bridge) StdoutLine: {'line': b'running build_py\n'}
[5.599549] (web_bridge) StdoutLine: {'line': b'creating /home/robot/robot_ws/src/web_bridge/build/web_bridge/build\n'}
[5.599942] (web_bridge) StdoutLine: {'line': b'creating /home/robot/robot_ws/src/web_bridge/build/web_bridge/build/lib\n'}
[5.600715] (web_bridge) StdoutLine: {'line': b'creating /home/robot/robot_ws/src/web_bridge/build/web_bridge/build/lib/web_bridge\n'}
[5.601474] (web_bridge) StdoutLine: {'line': b'copying web_bridge/__init__.py -> /home/robot/robot_ws/src/web_bridge/build/web_bridge/build/lib/web_bridge\n'}
[5.601826] (web_bridge) StdoutLine: {'line': b'copying web_bridge/web_bridge_node.py -> /home/robot/robot_ws/src/web_bridge/build/web_bridge/build/lib/web_bridge\n'}
[5.602572] (web_bridge) StdoutLine: {'line': b'running install\n'}
[5.603015] (web_bridge) StdoutLine: {'line': b'running install_lib\n'}
[5.605962] (web_bridge) StdoutLine: {'line': b'creating /home/robot/robot_ws/src/web_bridge/install/web_bridge/lib/python3.10/site-packages/web_bridge\n'}
[5.606920] (web_bridge) StdoutLine: {'line': b'copying /home/robot/robot_ws/src/web_bridge/build/web_bridge/build/lib/web_bridge/__init__.py -> /home/robot/robot_ws/src/web_bridge/install/web_bridge/lib/python3.10/site-packages/web_bridge\n'}
[5.607771] (web_bridge) StdoutLine: {'line': b'copying /home/robot/robot_ws/src/web_bridge/build/web_bridge/build/lib/web_bridge/web_bridge_node.py -> /home/robot/robot_ws/src/web_bridge/install/web_bridge/lib/python3.10/site-packages/web_bridge\n'}
[5.610687] (web_bridge) StdoutLine: {'line': b'byte-compiling /home/robot/robot_ws/src/web_bridge/install/web_bridge/lib/python3.10/site-packages/web_bridge/__init__.py to __init__.cpython-310.pyc\n'}
[5.612236] (web_bridge) StdoutLine: {'line': b'byte-compiling /home/robot/robot_ws/src/web_bridge/install/web_bridge/lib/python3.10/site-packages/web_bridge/web_bridge_node.py to web_bridge_node.cpython-310.pyc\n'}
[5.619556] (web_bridge) StdoutLine: {'line': b'running install_data\n'}
[5.621295] (web_bridge) StdoutLine: {'line': b'creating /home/robot/robot_ws/src/web_bridge/install/web_bridge/share\n'}
[5.621777] (web_bridge) StdoutLine: {'line': b'creating /home/robot/robot_ws/src/web_bridge/install/web_bridge/share/ament_index\n'}
[5.622834] (web_bridge) StdoutLine: {'line': b'creating /home/robot/robot_ws/src/web_bridge/install/web_bridge/share/ament_index/resource_index\n'}
[5.623930] (web_bridge) StdoutLine: {'line': b'creating /home/robot/robot_ws/src/web_bridge/install/web_bridge/share/ament_index/resource_index/packages\n'}
[5.624761] (web_bridge) StdoutLine: {'line': b'copying resource/web_bridge -> /home/robot/robot_ws/src/web_bridge/install/web_bridge/share/ament_index/resource_index/packages\n'}
[5.625138] (web_bridge) StdoutLine: {'line': b'creating /home/robot/robot_ws/src/web_bridge/install/web_bridge/share/web_bridge\n'}
[5.625485] (web_bridge) StdoutLine: {'line': b'copying package.xml -> /home/robot/robot_ws/src/web_bridge/install/web_bridge/share/web_bridge\n'}
[5.625820] (web_bridge) StdoutLine: {'line': b'creating /home/robot/robot_ws/src/web_bridge/install/web_bridge/share/web_bridge/launch\n'}
[5.626204] (web_bridge) StdoutLine: {'line': b'copying web_bridge/launch/web_bridge.launch.py -> /home/robot/robot_ws/src/web_bridge/install/web_bridge/share/web_bridge/launch\n'}
[5.626647] (web_bridge) StdoutLine: {'line': b'running install_egg_info\n'}
[5.632653] (web_bridge) StdoutLine: {'line': b'Copying build/web_bridge/web_bridge.egg-info to /home/robot/robot_ws/src/web_bridge/install/web_bridge/lib/python3.10/site-packages/web_bridge-0.0.1-py3.10.egg-info\n'}
[5.639468] (web_bridge) StdoutLine: {'line': b'running install_scripts\n'}
[5.641138] (-) TimerEvent: {}
[5.735795] (web_bridge) StdoutLine: {'line': b'Installing web_bridge script to /home/robot/robot_ws/src/web_bridge/install/web_bridge/bin\n'}
[5.737450] (web_bridge) StdoutLine: {'line': b"writing list of installed files to '/home/robot/robot_ws/src/web_bridge/build/web_bridge/install.log'\n"}
[5.741430] (-) TimerEvent: {}
[5.842212] (-) TimerEvent: {}
[5.907570] (web_bridge) CommandEnded: {'returncode': 0}
[5.942735] (-) TimerEvent: {}
[5.978982] (web_bridge) JobEnded: {'identifier': 'web_bridge', 'rc': 0}
[5.981177] (-) EventReactorShutdown: {}
