running develop
running egg_info
creating web_bridge.egg-info
writing web_bridge.egg-info/PKG-INFO
writing dependency_links to web_bridge.egg-info/dependency_links.txt
writing entry points to web_bridge.egg-info/entry_points.txt
writing requirements to web_bridge.egg-info/requires.txt
writing top-level names to web_bridge.egg-info/top_level.txt
writing manifest file 'web_bridge.egg-info/SOURCES.txt'
reading manifest file 'web_bridge.egg-info/SOURCES.txt'
writing manifest file 'web_bridge.egg-info/SOURCES.txt'
running build_ext
Creating /home/phuongnam/robot_main/install/web_bridge/lib/python3.10/site-packages/web-bridge.egg-link (link to .)
Installing web_bridge script to /home/phuongnam/robot_main/install/web_bridge/lib/web_bridge

Installed /home/phuongnam/robot_main/build/web_bridge
running symlink_data
creating /home/phuongnam/robot_main/install/web_bridge/share/ament_index
creating /home/phuongnam/robot_main/install/web_bridge/share/ament_index/resource_index
creating /home/phuongnam/robot_main/install/web_bridge/share/ament_index/resource_index/packages
symbolically linking /home/phuongnam/robot_main/build/web_bridge/resource/web_bridge -> /home/phuongnam/robot_main/install/web_bridge/share/ament_index/resource_index/packages
symbolically linking /home/phuongnam/robot_main/build/web_bridge/package.xml -> /home/phuongnam/robot_main/install/web_bridge/share/web_bridge
creating /home/phuongnam/robot_main/install/web_bridge/share/web_bridge/launch
symbolically linking /home/phuongnam/robot_main/build/web_bridge/web_bridge/launch/web_bridge.launch.py -> /home/phuongnam/robot_main/install/web_bridge/share/web_bridge/launch
