[3.001s] Invoking command in '/home/phuongnam/robot_main/build/web_bridge': PYTHONPATH=/home/phuongnam/robot_main/build/web_bridge/prefix_override:/usr/lib/python3/dist-packages/colcon_core/task/python/colcon_distutils_commands:/home/phuongnam/robot_main/install/web_bridge/lib/python3.10/site-packages:${PYTHONPATH} /usr/bin/python3 -W ignore:setup.py install is deprecated -W ignore:easy_install command is deprecated setup.py develop --editable --build-directory /home/phuongnam/robot_main/build/web_bridge/build --no-deps symlink_data
[3.525s] running develop
[3.888s] running egg_info
[3.889s] creating web_bridge.egg-info
[3.889s] writing web_bridge.egg-info/PKG-INFO
[3.889s] writing dependency_links to web_bridge.egg-info/dependency_links.txt
[3.890s] writing entry points to web_bridge.egg-info/entry_points.txt
[3.890s] writing requirements to web_bridge.egg-info/requires.txt
[3.890s] writing top-level names to web_bridge.egg-info/top_level.txt
[3.890s] writing manifest file 'web_bridge.egg-info/SOURCES.txt'
[3.891s] reading manifest file 'web_bridge.egg-info/SOURCES.txt'
[3.895s] writing manifest file 'web_bridge.egg-info/SOURCES.txt'
[3.896s] running build_ext
[3.896s] Creating /home/phuongnam/robot_main/install/web_bridge/lib/python3.10/site-packages/web-bridge.egg-link (link to .)
[3.900s] Installing web_bridge script to /home/phuongnam/robot_main/install/web_bridge/lib/web_bridge
[3.900s] 
[3.901s] Installed /home/phuongnam/robot_main/build/web_bridge
[3.901s] running symlink_data
[3.901s] creating /home/phuongnam/robot_main/install/web_bridge/share/ament_index
[3.901s] creating /home/phuongnam/robot_main/install/web_bridge/share/ament_index/resource_index
[3.901s] creating /home/phuongnam/robot_main/install/web_bridge/share/ament_index/resource_index/packages
[3.901s] symbolically linking /home/phuongnam/robot_main/build/web_bridge/resource/web_bridge -> /home/phuongnam/robot_main/install/web_bridge/share/ament_index/resource_index/packages
[3.901s] symbolically linking /home/phuongnam/robot_main/build/web_bridge/package.xml -> /home/phuongnam/robot_main/install/web_bridge/share/web_bridge
[3.902s] creating /home/phuongnam/robot_main/install/web_bridge/share/web_bridge/launch
[3.902s] symbolically linking /home/phuongnam/robot_main/build/web_bridge/web_bridge/launch/web_bridge.launch.py -> /home/phuongnam/robot_main/install/web_bridge/share/web_bridge/launch
[3.955s] Invoked command in '/home/phuongnam/robot_main/build/web_bridge' returned '0': PYTHONPATH=/home/phuongnam/robot_main/build/web_bridge/prefix_override:/usr/lib/python3/dist-packages/colcon_core/task/python/colcon_distutils_commands:/home/phuongnam/robot_main/install/web_bridge/lib/python3.10/site-packages:${PYTHONPATH} /usr/bin/python3 -W ignore:setup.py install is deprecated -W ignore:easy_install command is deprecated setup.py develop --editable --build-directory /home/phuongnam/robot_main/build/web_bridge/build --no-deps symlink_data
