running egg_info
creating ../../build/web_bridge/web_bridge.egg-info
writing ../../build/web_bridge/web_bridge.egg-info/PKG-INFO
writing dependency_links to ../../build/web_bridge/web_bridge.egg-info/dependency_links.txt
writing entry points to ../../build/web_bridge/web_bridge.egg-info/entry_points.txt
writing requirements to ../../build/web_bridge/web_bridge.egg-info/requires.txt
writing top-level names to ../../build/web_bridge/web_bridge.egg-info/top_level.txt
writing manifest file '../../build/web_bridge/web_bridge.egg-info/SOURCES.txt'
reading manifest file '../../build/web_bridge/web_bridge.egg-info/SOURCES.txt'
writing manifest file '../../build/web_bridge/web_bridge.egg-info/SOURCES.txt'
running build
running build_py
creating /home/robot/robot_ws/build/web_bridge/build
creating /home/robot/robot_ws/build/web_bridge/build/lib
creating /home/robot/robot_ws/build/web_bridge/build/lib/web_bridge
copying web_bridge/web_bridge_node.py -> /home/robot/robot_ws/build/web_bridge/build/lib/web_bridge
running install
running install_lib
creating /home/robot/robot_ws/install/web_bridge/lib/python3.10/site-packages/web_bridge
copying /home/robot/robot_ws/build/web_bridge/build/lib/web_bridge/web_bridge_node.py -> /home/robot/robot_ws/install/web_bridge/lib/python3.10/site-packages/web_bridge
byte-compiling /home/robot/robot_ws/install/web_bridge/lib/python3.10/site-packages/web_bridge/web_bridge_node.py to web_bridge_node.cpython-310.pyc
running install_data
creating /home/robot/robot_ws/install/web_bridge/share
creating /home/robot/robot_ws/install/web_bridge/share/ament_index
creating /home/robot/robot_ws/install/web_bridge/share/ament_index/resource_index
creating /home/robot/robot_ws/install/web_bridge/share/ament_index/resource_index/packages
