[3.633s] Invoking command in '/home/robot/robot_ws/src/web_bridge': PYTHONPATH=/home/robot/robot_ws/build/web_bridge/prefix_override:/usr/lib/python3/dist-packages/colcon_core/task/python/colcon_distutils_commands:/home/robot/robot_ws/install/web_bridge/lib/python3.10/site-packages:${PYTHONPATH} /usr/bin/python3 -W ignore:setup.py install is deprecated -W ignore:easy_install command is deprecated setup.py egg_info --egg-base ../../build/web_bridge build --build-base /home/robot/robot_ws/build/web_bridge/build install --record /home/robot/robot_ws/build/web_bridge/install.log --single-version-externally-managed install_data
[4.937s] running egg_info
[4.940s] creating ../../build/web_bridge/web_bridge.egg-info
[4.941s] writing ../../build/web_bridge/web_bridge.egg-info/PKG-INFO
[4.942s] writing dependency_links to ../../build/web_bridge/web_bridge.egg-info/dependency_links.txt
[4.943s] writing entry points to ../../build/web_bridge/web_bridge.egg-info/entry_points.txt
[4.944s] writing requirements to ../../build/web_bridge/web_bridge.egg-info/requires.txt
[4.944s] writing top-level names to ../../build/web_bridge/web_bridge.egg-info/top_level.txt
[4.946s] writing manifest file '../../build/web_bridge/web_bridge.egg-info/SOURCES.txt'
[4.951s] package init file 'web_bridge/__init__.py' not found (or not a regular file)
[4.954s] reading manifest file '../../build/web_bridge/web_bridge.egg-info/SOURCES.txt'
[4.957s] writing manifest file '../../build/web_bridge/web_bridge.egg-info/SOURCES.txt'
[4.958s] running build
[4.959s] running build_py
[4.960s] creating /home/robot/robot_ws/build/web_bridge/build
[4.960s] creating /home/robot/robot_ws/build/web_bridge/build/lib
[4.961s] creating /home/robot/robot_ws/build/web_bridge/build/lib/web_bridge
[4.962s] copying web_bridge/web_bridge_node.py -> /home/robot/robot_ws/build/web_bridge/build/lib/web_bridge
[4.962s] running install
[4.963s] running install_lib
[4.966s] creating /home/robot/robot_ws/install/web_bridge/lib/python3.10/site-packages/web_bridge
[4.967s] copying /home/robot/robot_ws/build/web_bridge/build/lib/web_bridge/web_bridge_node.py -> /home/robot/robot_ws/install/web_bridge/lib/python3.10/site-packages/web_bridge
[4.970s] byte-compiling /home/robot/robot_ws/install/web_bridge/lib/python3.10/site-packages/web_bridge/web_bridge_node.py to web_bridge_node.cpython-310.pyc
[4.978s] running install_data
[4.978s] creating /home/robot/robot_ws/install/web_bridge/share
[4.980s] creating /home/robot/robot_ws/install/web_bridge/share/ament_index
[4.981s] creating /home/robot/robot_ws/install/web_bridge/share/ament_index/resource_index
[4.982s] creating /home/robot/robot_ws/install/web_bridge/share/ament_index/resource_index/packages
[4.984s] error: can't copy 'resource/web_bridge': doesn't exist or not a regular file
[5.083s] Invoked command in '/home/robot/robot_ws/src/web_bridge' returned '1': PYTHONPATH=/home/robot/robot_ws/build/web_bridge/prefix_override:/usr/lib/python3/dist-packages/colcon_core/task/python/colcon_distutils_commands:/home/robot/robot_ws/install/web_bridge/lib/python3.10/site-packages:${PYTHONPATH} /usr/bin/python3 -W ignore:setup.py install is deprecated -W ignore:easy_install command is deprecated setup.py egg_info --egg-base ../../build/web_bridge build --build-base /home/robot/robot_ws/build/web_bridge/build install --record /home/robot/robot_ws/build/web_bridge/install.log --single-version-externally-managed install_data
