[5.102s] Invoking command in '/home/robot/robot_ws/build/robot_ai': PYTHONPATH=/home/robot/robot_ws/build/robot_ai/prefix_override:/usr/lib/python3/dist-packages/colcon_core/task/python/colcon_distutils_commands:/home/robot/robot_ws/install/robot_ai/lib/python3.10/site-packages:${PYTHONPATH} /usr/bin/python3 -W ignore:setup.py install is deprecated -W ignore:easy_install command is deprecated setup.py develop --editable --build-directory /home/robot/robot_ws/build/robot_ai/build --no-deps symlink_data
[6.554s] running develop
[7.479s] running egg_info
[7.480s] writing robot_ai.egg-info/PKG-INFO
[7.481s] writing dependency_links to robot_ai.egg-info/dependency_links.txt
[7.483s] writing entry points to robot_ai.egg-info/entry_points.txt
[7.484s] writing requirements to robot_ai.egg-info/requires.txt
[7.485s] writing top-level names to robot_ai.egg-info/top_level.txt
[7.493s] reading manifest file 'robot_ai.egg-info/SOURCES.txt'
[7.498s] writing manifest file 'robot_ai.egg-info/SOURCES.txt'
[7.507s] running build_ext
[7.508s] Creating /home/robot/robot_ws/install/robot_ai/lib/python3.10/site-packages/robot-ai.egg-link (link to .)
[7.513s] Installing command_node script to /home/robot/robot_ws/install/robot_ai/lib/robot_ai
[7.514s] Installing dialogue_tts_node script to /home/robot/robot_ws/install/robot_ai/lib/robot_ai
[7.515s] Installing http_bridge_node script to /home/robot/robot_ws/install/robot_ai/lib/robot_ai
[7.516s] Installing stt_node script to /home/robot/robot_ws/install/robot_ai/lib/robot_ai
[7.518s] 
[7.519s] Installed /home/robot/robot_ws/build/robot_ai
[7.519s] running symlink_data
[7.664s] Invoked command in '/home/robot/robot_ws/build/robot_ai' returned '0': PYTHONPATH=/home/robot/robot_ws/build/robot_ai/prefix_override:/usr/lib/python3/dist-packages/colcon_core/task/python/colcon_distutils_commands:/home/robot/robot_ws/install/robot_ai/lib/python3.10/site-packages:${PYTHONPATH} /usr/bin/python3 -W ignore:setup.py install is deprecated -W ignore:easy_install command is deprecated setup.py develop --editable --build-directory /home/robot/robot_ws/build/robot_ai/build --no-deps symlink_data
