/home/phuongnam/robot_main/install/robot_serial/lib/python3.10/site-packages/robot_serial/wheel_odom_node.py
/home/phuongnam/robot_main/install/robot_serial/lib/python3.10/site-packages/robot_serial/sensor_parser.py
/home/phuongnam/robot_main/install/robot_serial/lib/python3.10/site-packages/robot_serial/serial_node.py
/home/phuongnam/robot_main/install/robot_serial/lib/python3.10/site-packages/robot_serial/__init__.py
/home/phuongnam/robot_main/install/robot_serial/lib/python3.10/site-packages/robot_serial/serial_manager.py
/home/phuongnam/robot_main/install/robot_serial/lib/python3.10/site-packages/robot_serial/teleop.py
/home/phuongnam/robot_main/install/robot_serial/lib/python3.10/site-packages/robot_serial/__pycache__/wheel_odom_node.cpython-310.pyc
/home/phuongnam/robot_main/install/robot_serial/lib/python3.10/site-packages/robot_serial/__pycache__/sensor_parser.cpython-310.pyc
/home/phuongnam/robot_main/install/robot_serial/lib/python3.10/site-packages/robot_serial/__pycache__/serial_node.cpython-310.pyc
/home/phuongnam/robot_main/install/robot_serial/lib/python3.10/site-packages/robot_serial/__pycache__/__init__.cpython-310.pyc
/home/phuongnam/robot_main/install/robot_serial/lib/python3.10/site-packages/robot_serial/__pycache__/serial_manager.cpython-310.pyc
/home/phuongnam/robot_main/install/robot_serial/lib/python3.10/site-packages/robot_serial/__pycache__/teleop.cpython-310.pyc
/home/phuongnam/robot_main/install/robot_serial/share/ament_index/resource_index/packages/robot_serial
/home/phuongnam/robot_main/install/robot_serial/share/robot_serial/package.xml
/home/phuongnam/robot_main/install/robot_serial/share/robot_serial/launch/robot_serial.launch.py
/home/phuongnam/robot_main/install/robot_serial/share/robot_serial/launch/wheel_odom.launch.py
/home/phuongnam/robot_main/install/robot_serial/share/robot_serial/config/serial.yaml
/home/phuongnam/robot_main/install/robot_serial/lib/python3.10/site-packages/robot_serial-1.0.0-py3.10.egg-info/entry_points.txt
/home/phuongnam/robot_main/install/robot_serial/lib/python3.10/site-packages/robot_serial-1.0.0-py3.10.egg-info/top_level.txt
/home/phuongnam/robot_main/install/robot_serial/lib/python3.10/site-packages/robot_serial-1.0.0-py3.10.egg-info/SOURCES.txt
/home/phuongnam/robot_main/install/robot_serial/lib/python3.10/site-packages/robot_serial-1.0.0-py3.10.egg-info/zip-safe
/home/phuongnam/robot_main/install/robot_serial/lib/python3.10/site-packages/robot_serial-1.0.0-py3.10.egg-info/PKG-INFO
/home/phuongnam/robot_main/install/robot_serial/lib/python3.10/site-packages/robot_serial-1.0.0-py3.10.egg-info/requires.txt
/home/phuongnam/robot_main/install/robot_serial/lib/python3.10/site-packages/robot_serial-1.0.0-py3.10.egg-info/dependency_links.txt
/home/phuongnam/robot_main/install/robot_serial/lib/robot_serial/serial_node
/home/phuongnam/robot_main/install/robot_serial/lib/robot_serial/teleop_text
/home/phuongnam/robot_main/install/robot_serial/lib/robot_serial/wheel_odom_node
