[32.654s] Invoking command in '/home/robot/robot_ws/build/robot_ai': PYTHONPATH=/home/robot/robot_ws/build/robot_ai/prefix_override:/usr/lib/python3/dist-packages/colcon_core/task/python/colcon_distutils_commands:/home/robot/robot_ws/install/robot_ai/lib/python3.10/site-packages:${PYTHONPATH} /usr/bin/python3 -W ignore:setup.py install is deprecated -W ignore:easy_install command is deprecated setup.py develop --editable --build-directory /home/robot/robot_ws/build/robot_ai/build --no-deps symlink_data
[34.773s] running develop
[36.398s] running egg_info
[36.400s] writing robot_ai.egg-info/PKG-INFO
[36.406s] writing dependency_links to robot_ai.egg-info/dependency_links.txt
[36.408s] writing entry points to robot_ai.egg-info/entry_points.txt
[36.408s] writing requirements to robot_ai.egg-info/requires.txt
[36.409s] writing top-level names to robot_ai.egg-info/top_level.txt
[36.420s] reading manifest file 'robot_ai.egg-info/SOURCES.txt'
[36.430s] writing manifest file 'robot_ai.egg-info/SOURCES.txt'
[36.443s] running build_ext
[36.444s] Creating /home/robot/robot_ws/install/robot_ai/lib/python3.10/site-packages/robot-ai.egg-link (link to .)
[36.453s] Installing audio_stream_server script to /home/robot/robot_ws/install/robot_ai/lib/robot_ai
[36.466s] Installing command_node script to /home/robot/robot_ws/install/robot_ai/lib/robot_ai
[36.470s] Installing dialogue_tts_node script to /home/robot/robot_ws/install/robot_ai/lib/robot_ai
[36.472s] Installing http_bridge_node script to /home/robot/robot_ws/install/robot_ai/lib/robot_ai
[36.479s] Installing stt_node script to /home/robot/robot_ws/install/robot_ai/lib/robot_ai
[36.482s] Installing video_stream_server script to /home/robot/robot_ws/install/robot_ai/lib/robot_ai
[36.568s] 
[36.573s] Installed /home/robot/robot_ws/build/robot_ai
[36.574s] running symlink_data
[36.575s] symbolically linking /home/robot/robot_ws/build/robot_ai/launch/robot_all.launch.py -> /home/robot/robot_ws/install/robot_ai/share/robot_ai/launch
[36.887s] Invoked command in '/home/robot/robot_ws/build/robot_ai' returned '0': PYTHONPATH=/home/robot/robot_ws/build/robot_ai/prefix_override:/usr/lib/python3/dist-packages/colcon_core/task/python/colcon_distutils_commands:/home/robot/robot_ws/install/robot_ai/lib/python3.10/site-packages:${PYTHONPATH} /usr/bin/python3 -W ignore:setup.py install is deprecated -W ignore:easy_install command is deprecated setup.py develop --editable --build-directory /home/robot/robot_ws/build/robot_ai/build --no-deps symlink_data
