[1.291s] DEBUG:colcon:Command line arguments: ['/usr/bin/colcon', 'build', '--packages-select', 'robot_serial']
[1.292s] DEBUG:colcon:Parsed command line arguments: Namespace(log_base=None, log_level=None, verb_name='build', build_base='build', install_base='install', merge_install=False, symlink_install=False, test_result_base=None, continue_on_error=False, executor='parallel', parallel_workers=4, event_handlers=None, ignore_user_meta=False, metas=['./colcon.meta'], base_paths=['.'], packages_ignore=None, packages_ignore_regex=None, paths=None, packages_up_to=None, packages_up_to_regex=None, packages_above=None, packages_above_and_dependencies=None, packages_above_depth=None, packages_select_by_dep=None, packages_skip_by_dep=None, packages_skip_up_to=None, packages_select_build_failed=False, packages_skip_build_finished=False, packages_select_test_failures=False, packages_skip_test_passed=False, packages_select=['robot_serial'], packages_skip=None, packages_select_regex=None, packages_skip_regex=None, packages_start=None, packages_end=None, allow_overriding=[], cmake_args=None, cmake_target=None, cmake_target_skip_unavailable=False, cmake_clean_cache=False, cmake_clean_first=False, cmake_force_configure=False, ament_cmake_args=None, catkin_cmake_args=None, catkin_skip_building_tests=False, verb_parser=<colcon_defaults.argument_parser.defaults.DefaultArgumentsDecorator object at 0xffffb9b090f0>, verb_extension=<colcon_core.verb.build.BuildVerb object at 0xffffb9c7a860>, main=<bound method BuildVerb.main of <colcon_core.verb.build.BuildVerb object at 0xffffb9c7a860>>)
[20.605s] Level 1:colcon.colcon_core.package_discovery:discover_packages(colcon_meta) check parameters
[20.606s] Level 1:colcon.colcon_core.package_discovery:discover_packages(recursive) check parameters
[20.607s] Level 1:colcon.colcon_core.package_discovery:discover_packages(ignore) check parameters
[20.607s] Level 1:colcon.colcon_core.package_discovery:discover_packages(path) check parameters
[20.607s] Level 1:colcon.colcon_core.package_discovery:discover_packages(colcon_meta) discover
[20.608s] Level 1:colcon.colcon_core.package_discovery:discover_packages(recursive) discover
[20.608s] INFO:colcon.colcon_core.package_discovery:Crawling recursively for packages in '/home/robot/robot_ws'
[20.609s] Level 1:colcon.colcon_core.package_identification:_identify(.) by extensions ['ignore', 'ignore_ament_install']
[20.610s] Level 1:colcon.colcon_core.package_identification:_identify(.) by extension 'ignore'
[20.611s] Level 1:colcon.colcon_core.package_identification:_identify(.) by extension 'ignore_ament_install'
[20.611s] Level 1:colcon.colcon_core.package_identification:_identify(.) by extensions ['colcon_pkg']
[20.612s] Level 1:colcon.colcon_core.package_identification:_identify(.) by extension 'colcon_pkg'
[20.612s] Level 1:colcon.colcon_core.package_identification:_identify(.) by extensions ['colcon_meta']
[20.613s] Level 1:colcon.colcon_core.package_identification:_identify(.) by extension 'colcon_meta'
[20.613s] Level 1:colcon.colcon_core.package_identification:_identify(.) by extensions ['ros']
[20.614s] Level 1:colcon.colcon_core.package_identification:_identify(.) by extension 'ros'
[20.707s] Level 1:colcon.colcon_core.package_identification:_identify(.) by extensions ['cmake', 'python']
[20.707s] Level 1:colcon.colcon_core.package_identification:_identify(.) by extension 'cmake'
[20.708s] Level 1:colcon.colcon_core.package_identification:_identify(.) by extension 'python'
[20.708s] Level 1:colcon.colcon_core.package_identification:_identify(.) by extensions ['python_setup_py']
[20.708s] Level 1:colcon.colcon_core.package_identification:_identify(.) by extension 'python_setup_py'
[20.709s] Level 1:colcon.colcon_core.package_identification:_identify(Robot_Tu_Hanh) by extensions ['ignore', 'ignore_ament_install']
[20.710s] Level 1:colcon.colcon_core.package_identification:_identify(Robot_Tu_Hanh) by extension 'ignore'
[20.710s] Level 1:colcon.colcon_core.package_identification:_identify(Robot_Tu_Hanh) by extension 'ignore_ament_install'
[20.711s] Level 1:colcon.colcon_core.package_identification:_identify(Robot_Tu_Hanh) by extensions ['colcon_pkg']
[20.711s] Level 1:colcon.colcon_core.package_identification:_identify(Robot_Tu_Hanh) by extension 'colcon_pkg'
[20.711s] Level 1:colcon.colcon_core.package_identification:_identify(Robot_Tu_Hanh) by extensions ['colcon_meta']
[20.712s] Level 1:colcon.colcon_core.package_identification:_identify(Robot_Tu_Hanh) by extension 'colcon_meta'
[20.712s] Level 1:colcon.colcon_core.package_identification:_identify(Robot_Tu_Hanh) by extensions ['ros']
[20.712s] Level 1:colcon.colcon_core.package_identification:_identify(Robot_Tu_Hanh) by extension 'ros'
[20.713s] Level 1:colcon.colcon_core.package_identification:_identify(Robot_Tu_Hanh) by extensions ['cmake', 'python']
[20.713s] Level 1:colcon.colcon_core.package_identification:_identify(Robot_Tu_Hanh) by extension 'cmake'
[20.713s] Level 1:colcon.colcon_core.package_identification:_identify(Robot_Tu_Hanh) by extension 'python'
[20.714s] Level 1:colcon.colcon_core.package_identification:_identify(Robot_Tu_Hanh) by extensions ['python_setup_py']
[20.714s] Level 1:colcon.colcon_core.package_identification:_identify(Robot_Tu_Hanh) by extension 'python_setup_py'
[20.715s] Level 1:colcon.colcon_core.package_identification:_identify(Robot_Tu_Hanh/ROBOT_AI) by extensions ['ignore', 'ignore_ament_install']
[20.715s] Level 1:colcon.colcon_core.package_identification:_identify(Robot_Tu_Hanh/ROBOT_AI) by extension 'ignore'
[20.716s] Level 1:colcon.colcon_core.package_identification:_identify(Robot_Tu_Hanh/ROBOT_AI) by extension 'ignore_ament_install'
[20.716s] Level 1:colcon.colcon_core.package_identification:_identify(Robot_Tu_Hanh/ROBOT_AI) by extensions ['colcon_pkg']
[20.716s] Level 1:colcon.colcon_core.package_identification:_identify(Robot_Tu_Hanh/ROBOT_AI) by extension 'colcon_pkg'
[20.717s] Level 1:colcon.colcon_core.package_identification:_identify(Robot_Tu_Hanh/ROBOT_AI) by extensions ['colcon_meta']
[20.717s] Level 1:colcon.colcon_core.package_identification:_identify(Robot_Tu_Hanh/ROBOT_AI) by extension 'colcon_meta'
[20.717s] Level 1:colcon.colcon_core.package_identification:_identify(Robot_Tu_Hanh/ROBOT_AI) by extensions ['ros']
[20.717s] Level 1:colcon.colcon_core.package_identification:_identify(Robot_Tu_Hanh/ROBOT_AI) by extension 'ros'
[20.718s] Level 1:colcon.colcon_core.package_identification:_identify(Robot_Tu_Hanh/ROBOT_AI) by extensions ['cmake', 'python']
[20.718s] Level 1:colcon.colcon_core.package_identification:_identify(Robot_Tu_Hanh/ROBOT_AI) by extension 'cmake'
[20.718s] Level 1:colcon.colcon_core.package_identification:_identify(Robot_Tu_Hanh/ROBOT_AI) by extension 'python'
[20.719s] Level 1:colcon.colcon_core.package_identification:_identify(Robot_Tu_Hanh/ROBOT_AI) by extensions ['python_setup_py']
[20.719s] Level 1:colcon.colcon_core.package_identification:_identify(Robot_Tu_Hanh/ROBOT_AI) by extension 'python_setup_py'
[20.720s] Level 1:colcon.colcon_core.package_identification:_identify(Robot_Tu_Hanh/ROBOT_AI/dashboard) by extensions ['ignore', 'ignore_ament_install']
[20.720s] Level 1:colcon.colcon_core.package_identification:_identify(Robot_Tu_Hanh/ROBOT_AI/dashboard) by extension 'ignore'
[20.720s] Level 1:colcon.colcon_core.package_identification:_identify(Robot_Tu_Hanh/ROBOT_AI/dashboard) by extension 'ignore_ament_install'
[20.721s] Level 1:colcon.colcon_core.package_identification:_identify(Robot_Tu_Hanh/ROBOT_AI/dashboard) by extensions ['colcon_pkg']
[20.721s] Level 1:colcon.colcon_core.package_identification:_identify(Robot_Tu_Hanh/ROBOT_AI/dashboard) by extension 'colcon_pkg'
[20.722s] Level 1:colcon.colcon_core.package_identification:_identify(Robot_Tu_Hanh/ROBOT_AI/dashboard) by extensions ['colcon_meta']
[20.722s] Level 1:colcon.colcon_core.package_identification:_identify(Robot_Tu_Hanh/ROBOT_AI/dashboard) by extension 'colcon_meta'
[20.723s] Level 1:colcon.colcon_core.package_identification:_identify(Robot_Tu_Hanh/ROBOT_AI/dashboard) by extensions ['ros']
[20.723s] Level 1:colcon.colcon_core.package_identification:_identify(Robot_Tu_Hanh/ROBOT_AI/dashboard) by extension 'ros'
[20.724s] Level 1:colcon.colcon_core.package_identification:_identify(Robot_Tu_Hanh/ROBOT_AI/dashboard) by extensions ['cmake', 'python']
[20.725s] Level 1:colcon.colcon_core.package_identification:_identify(Robot_Tu_Hanh/ROBOT_AI/dashboard) by extension 'cmake'
[20.726s] Level 1:colcon.colcon_core.package_identification:_identify(Robot_Tu_Hanh/ROBOT_AI/dashboard) by extension 'python'
[20.726s] Level 1:colcon.colcon_core.package_identification:_identify(Robot_Tu_Hanh/ROBOT_AI/dashboard) by extensions ['python_setup_py']
[20.727s] Level 1:colcon.colcon_core.package_identification:_identify(Robot_Tu_Hanh/ROBOT_AI/dashboard) by extension 'python_setup_py'
[20.728s] Level 1:colcon.colcon_core.package_identification:_identify(Robot_Tu_Hanh/ROBOT_AI/dashboard/public) by extensions ['ignore', 'ignore_ament_install']
[20.728s] Level 1:colcon.colcon_core.package_identification:_identify(Robot_Tu_Hanh/ROBOT_AI/dashboard/public) by extension 'ignore'
[20.729s] Level 1:colcon.colcon_core.package_identification:_identify(Robot_Tu_Hanh/ROBOT_AI/dashboard/public) by extension 'ignore_ament_install'
[20.729s] Level 1:colcon.colcon_core.package_identification:_identify(Robot_Tu_Hanh/ROBOT_AI/dashboard/public) by extensions ['colcon_pkg']
[20.729s] Level 1:colcon.colcon_core.package_identification:_identify(Robot_Tu_Hanh/ROBOT_AI/dashboard/public) by extension 'colcon_pkg'
[20.730s] Level 1:colcon.colcon_core.package_identification:_identify(Robot_Tu_Hanh/ROBOT_AI/dashboard/public) by extensions ['colcon_meta']
[20.730s] Level 1:colcon.colcon_core.package_identification:_identify(Robot_Tu_Hanh/ROBOT_AI/dashboard/public) by extension 'colcon_meta'
[20.730s] Level 1:colcon.colcon_core.package_identification:_identify(Robot_Tu_Hanh/ROBOT_AI/dashboard/public) by extensions ['ros']
[20.731s] Level 1:colcon.colcon_core.package_identification:_identify(Robot_Tu_Hanh/ROBOT_AI/dashboard/public) by extension 'ros'
[20.731s] Level 1:colcon.colcon_core.package_identification:_identify(Robot_Tu_Hanh/ROBOT_AI/dashboard/public) by extensions ['cmake', 'python']
[20.731s] Level 1:colcon.colcon_core.package_identification:_identify(Robot_Tu_Hanh/ROBOT_AI/dashboard/public) by extension 'cmake'
[20.732s] Level 1:colcon.colcon_core.package_identification:_identify(Robot_Tu_Hanh/ROBOT_AI/dashboard/public) by extension 'python'
[20.732s] Level 1:colcon.colcon_core.package_identification:_identify(Robot_Tu_Hanh/ROBOT_AI/dashboard/public) by extensions ['python_setup_py']
[20.732s] Level 1:colcon.colcon_core.package_identification:_identify(Robot_Tu_Hanh/ROBOT_AI/dashboard/public) by extension 'python_setup_py'
[20.733s] Level 1:colcon.colcon_core.package_identification:_identify(Robot_Tu_Hanh/ROBOT_AI/dashboard/src) by extensions ['ignore', 'ignore_ament_install']
[20.734s] Level 1:colcon.colcon_core.package_identification:_identify(Robot_Tu_Hanh/ROBOT_AI/dashboard/src) by extension 'ignore'
[20.735s] Level 1:colcon.colcon_core.package_identification:_identify(Robot_Tu_Hanh/ROBOT_AI/dashboard/src) by extension 'ignore_ament_install'
[20.735s] Level 1:colcon.colcon_core.package_identification:_identify(Robot_Tu_Hanh/ROBOT_AI/dashboard/src) by extensions ['colcon_pkg']
[20.736s] Level 1:colcon.colcon_core.package_identification:_identify(Robot_Tu_Hanh/ROBOT_AI/dashboard/src) by extension 'colcon_pkg'
[20.736s] Level 1:colcon.colcon_core.package_identification:_identify(Robot_Tu_Hanh/ROBOT_AI/dashboard/src) by extensions ['colcon_meta']
[20.737s] Level 1:colcon.colcon_core.package_identification:_identify(Robot_Tu_Hanh/ROBOT_AI/dashboard/src) by extension 'colcon_meta'
[20.737s] Level 1:colcon.colcon_core.package_identification:_identify(Robot_Tu_Hanh/ROBOT_AI/dashboard/src) by extensions ['ros']
[20.738s] Level 1:colcon.colcon_core.package_identification:_identify(Robot_Tu_Hanh/ROBOT_AI/dashboard/src) by extension 'ros'
[20.739s] Level 1:colcon.colcon_core.package_identification:_identify(Robot_Tu_Hanh/ROBOT_AI/dashboard/src) by extensions ['cmake', 'python']
[20.739s] Level 1:colcon.colcon_core.package_identification:_identify(Robot_Tu_Hanh/ROBOT_AI/dashboard/src) by extension 'cmake'
[20.740s] Level 1:colcon.colcon_core.package_identification:_identify(Robot_Tu_Hanh/ROBOT_AI/dashboard/src) by extension 'python'
[20.740s] Level 1:colcon.colcon_core.package_identification:_identify(Robot_Tu_Hanh/ROBOT_AI/dashboard/src) by extensions ['python_setup_py']
[20.741s] Level 1:colcon.colcon_core.package_identification:_identify(Robot_Tu_Hanh/ROBOT_AI/dashboard/src) by extension 'python_setup_py'
[20.742s] Level 1:colcon.colcon_core.package_identification:_identify(Robot_Tu_Hanh/ROBOT_AI/dashboard/src/assets) by extensions ['ignore', 'ignore_ament_install']
[20.742s] Level 1:colcon.colcon_core.package_identification:_identify(Robot_Tu_Hanh/ROBOT_AI/dashboard/src/assets) by extension 'ignore'
[20.743s] Level 1:colcon.colcon_core.package_identification:_identify(Robot_Tu_Hanh/ROBOT_AI/dashboard/src/assets) by extension 'ignore_ament_install'
[20.744s] Level 1:colcon.colcon_core.package_identification:_identify(Robot_Tu_Hanh/ROBOT_AI/dashboard/src/assets) by extensions ['colcon_pkg']
[20.744s] Level 1:colcon.colcon_core.package_identification:_identify(Robot_Tu_Hanh/ROBOT_AI/dashboard/src/assets) by extension 'colcon_pkg'
[20.744s] Level 1:colcon.colcon_core.package_identification:_identify(Robot_Tu_Hanh/ROBOT_AI/dashboard/src/assets) by extensions ['colcon_meta']
[20.745s] Level 1:colcon.colcon_core.package_identification:_identify(Robot_Tu_Hanh/ROBOT_AI/dashboard/src/assets) by extension 'colcon_meta'
[20.745s] Level 1:colcon.colcon_core.package_identification:_identify(Robot_Tu_Hanh/ROBOT_AI/dashboard/src/assets) by extensions ['ros']
[20.745s] Level 1:colcon.colcon_core.package_identification:_identify(Robot_Tu_Hanh/ROBOT_AI/dashboard/src/assets) by extension 'ros'
[20.746s] Level 1:colcon.colcon_core.package_identification:_identify(Robot_Tu_Hanh/ROBOT_AI/dashboard/src/assets) by extensions ['cmake', 'python']
[20.746s] Level 1:colcon.colcon_core.package_identification:_identify(Robot_Tu_Hanh/ROBOT_AI/dashboard/src/assets) by extension 'cmake'
[20.746s] Level 1:colcon.colcon_core.package_identification:_identify(Robot_Tu_Hanh/ROBOT_AI/dashboard/src/assets) by extension 'python'
[20.747s] Level 1:colcon.colcon_core.package_identification:_identify(Robot_Tu_Hanh/ROBOT_AI/dashboard/src/assets) by extensions ['python_setup_py']
[20.747s] Level 1:colcon.colcon_core.package_identification:_identify(Robot_Tu_Hanh/ROBOT_AI/dashboard/src/assets) by extension 'python_setup_py'
[20.747s] Level 1:colcon.colcon_core.package_identification:_identify(Robot_Tu_Hanh/ROBOT_AI/include) by extensions ['ignore', 'ignore_ament_install']
[20.748s] Level 1:colcon.colcon_core.package_identification:_identify(Robot_Tu_Hanh/ROBOT_AI/include) by extension 'ignore'
[20.748s] Level 1:colcon.colcon_core.package_identification:_identify(Robot_Tu_Hanh/ROBOT_AI/include) by extension 'ignore_ament_install'
[20.749s] Level 1:colcon.colcon_core.package_identification:_identify(Robot_Tu_Hanh/ROBOT_AI/include) by extensions ['colcon_pkg']
[20.749s] Level 1:colcon.colcon_core.package_identification:_identify(Robot_Tu_Hanh/ROBOT_AI/include) by extension 'colcon_pkg'
[20.749s] Level 1:colcon.colcon_core.package_identification:_identify(Robot_Tu_Hanh/ROBOT_AI/include) by extensions ['colcon_meta']
[20.749s] Level 1:colcon.colcon_core.package_identification:_identify(Robot_Tu_Hanh/ROBOT_AI/include) by extension 'colcon_meta'
[20.750s] Level 1:colcon.colcon_core.package_identification:_identify(Robot_Tu_Hanh/ROBOT_AI/include) by extensions ['ros']
[20.750s] Level 1:colcon.colcon_core.package_identification:_identify(Robot_Tu_Hanh/ROBOT_AI/include) by extension 'ros'
[20.751s] Level 1:colcon.colcon_core.package_identification:_identify(Robot_Tu_Hanh/ROBOT_AI/include) by extensions ['cmake', 'python']
[20.751s] Level 1:colcon.colcon_core.package_identification:_identify(Robot_Tu_Hanh/ROBOT_AI/include) by extension 'cmake'
[20.751s] Level 1:colcon.colcon_core.package_identification:_identify(Robot_Tu_Hanh/ROBOT_AI/include) by extension 'python'
[20.751s] Level 1:colcon.colcon_core.package_identification:_identify(Robot_Tu_Hanh/ROBOT_AI/include) by extensions ['python_setup_py']
[20.752s] Level 1:colcon.colcon_core.package_identification:_identify(Robot_Tu_Hanh/ROBOT_AI/include) by extension 'python_setup_py'
[20.752s] Level 1:colcon.colcon_core.package_identification:_identify(Robot_Tu_Hanh/ROBOT_AI/lib) by extensions ['ignore', 'ignore_ament_install']
[20.753s] Level 1:colcon.colcon_core.package_identification:_identify(Robot_Tu_Hanh/ROBOT_AI/lib) by extension 'ignore'
[20.753s] Level 1:colcon.colcon_core.package_identification:_identify(Robot_Tu_Hanh/ROBOT_AI/lib) by extension 'ignore_ament_install'
[20.754s] Level 1:colcon.colcon_core.package_identification:_identify(Robot_Tu_Hanh/ROBOT_AI/lib) by extensions ['colcon_pkg']
[20.754s] Level 1:colcon.colcon_core.package_identification:_identify(Robot_Tu_Hanh/ROBOT_AI/lib) by extension 'colcon_pkg'
[20.754s] Level 1:colcon.colcon_core.package_identification:_identify(Robot_Tu_Hanh/ROBOT_AI/lib) by extensions ['colcon_meta']
[20.754s] Level 1:colcon.colcon_core.package_identification:_identify(Robot_Tu_Hanh/ROBOT_AI/lib) by extension 'colcon_meta'
[20.755s] Level 1:colcon.colcon_core.package_identification:_identify(Robot_Tu_Hanh/ROBOT_AI/lib) by extensions ['ros']
[20.755s] Level 1:colcon.colcon_core.package_identification:_identify(Robot_Tu_Hanh/ROBOT_AI/lib) by extension 'ros'
[20.756s] Level 1:colcon.colcon_core.package_identification:_identify(Robot_Tu_Hanh/ROBOT_AI/lib) by extensions ['cmake', 'python']
[20.757s] Level 1:colcon.colcon_core.package_identification:_identify(Robot_Tu_Hanh/ROBOT_AI/lib) by extension 'cmake'
[20.757s] Level 1:colcon.colcon_core.package_identification:_identify(Robot_Tu_Hanh/ROBOT_AI/lib) by extension 'python'
[20.758s] Level 1:colcon.colcon_core.package_identification:_identify(Robot_Tu_Hanh/ROBOT_AI/lib) by extensions ['python_setup_py']
[20.758s] Level 1:colcon.colcon_core.package_identification:_identify(Robot_Tu_Hanh/ROBOT_AI/lib) by extension 'python_setup_py'
[20.759s] Level 1:colcon.colcon_core.package_identification:_identify(Robot_Tu_Hanh/ROBOT_AI/lib/Adafruit) by extensions ['ignore', 'ignore_ament_install']
[20.760s] Level 1:colcon.colcon_core.package_identification:_identify(Robot_Tu_Hanh/ROBOT_AI/lib/Adafruit) by extension 'ignore'
[20.761s] Level 1:colcon.colcon_core.package_identification:_identify(Robot_Tu_Hanh/ROBOT_AI/lib/Adafruit) by extension 'ignore_ament_install'
[20.761s] Level 1:colcon.colcon_core.package_identification:_identify(Robot_Tu_Hanh/ROBOT_AI/lib/Adafruit) by extensions ['colcon_pkg']
[20.761s] Level 1:colcon.colcon_core.package_identification:_identify(Robot_Tu_Hanh/ROBOT_AI/lib/Adafruit) by extension 'colcon_pkg'
[20.761s] Level 1:colcon.colcon_core.package_identification:_identify(Robot_Tu_Hanh/ROBOT_AI/lib/Adafruit) by extensions ['colcon_meta']
[20.762s] Level 1:colcon.colcon_core.package_identification:_identify(Robot_Tu_Hanh/ROBOT_AI/lib/Adafruit) by extension 'colcon_meta'
[20.763s] Level 1:colcon.colcon_core.package_identification:_identify(Robot_Tu_Hanh/ROBOT_AI/lib/Adafruit) by extensions ['ros']
[20.763s] Level 1:colcon.colcon_core.package_identification:_identify(Robot_Tu_Hanh/ROBOT_AI/lib/Adafruit) by extension 'ros'
[20.764s] Level 1:colcon.colcon_core.package_identification:_identify(Robot_Tu_Hanh/ROBOT_AI/lib/Adafruit) by extensions ['cmake', 'python']
[20.765s] Level 1:colcon.colcon_core.package_identification:_identify(Robot_Tu_Hanh/ROBOT_AI/lib/Adafruit) by extension 'cmake'
[20.765s] Level 1:colcon.colcon_core.package_identification:_identify(Robot_Tu_Hanh/ROBOT_AI/lib/Adafruit) by extension 'python'
[20.766s] Level 1:colcon.colcon_core.package_identification:_identify(Robot_Tu_Hanh/ROBOT_AI/lib/Adafruit) by extensions ['python_setup_py']
[20.766s] Level 1:colcon.colcon_core.package_identification:_identify(Robot_Tu_Hanh/ROBOT_AI/lib/Adafruit) by extension 'python_setup_py'
[20.767s] Level 1:colcon.colcon_core.package_identification:_identify(Robot_Tu_Hanh/ROBOT_AI/lib/AutoNavigator) by extensions ['ignore', 'ignore_ament_install']
[20.768s] Level 1:colcon.colcon_core.package_identification:_identify(Robot_Tu_Hanh/ROBOT_AI/lib/AutoNavigator) by extension 'ignore'
[20.768s] Level 1:colcon.colcon_core.package_identification:_identify(Robot_Tu_Hanh/ROBOT_AI/lib/AutoNavigator) by extension 'ignore_ament_install'
[20.769s] Level 1:colcon.colcon_core.package_identification:_identify(Robot_Tu_Hanh/ROBOT_AI/lib/AutoNavigator) by extensions ['colcon_pkg']
[20.769s] Level 1:colcon.colcon_core.package_identification:_identify(Robot_Tu_Hanh/ROBOT_AI/lib/AutoNavigator) by extension 'colcon_pkg'
[20.770s] Level 1:colcon.colcon_core.package_identification:_identify(Robot_Tu_Hanh/ROBOT_AI/lib/AutoNavigator) by extensions ['colcon_meta']
[20.770s] Level 1:colcon.colcon_core.package_identification:_identify(Robot_Tu_Hanh/ROBOT_AI/lib/AutoNavigator) by extension 'colcon_meta'
[20.770s] Level 1:colcon.colcon_core.package_identification:_identify(Robot_Tu_Hanh/ROBOT_AI/lib/AutoNavigator) by extensions ['ros']
[20.770s] Level 1:colcon.colcon_core.package_identification:_identify(Robot_Tu_Hanh/ROBOT_AI/lib/AutoNavigator) by extension 'ros'
[20.771s] Level 1:colcon.colcon_core.package_identification:_identify(Robot_Tu_Hanh/ROBOT_AI/lib/AutoNavigator) by extensions ['cmake', 'python']
[20.771s] Level 1:colcon.colcon_core.package_identification:_identify(Robot_Tu_Hanh/ROBOT_AI/lib/AutoNavigator) by extension 'cmake'
[20.772s] Level 1:colcon.colcon_core.package_identification:_identify(Robot_Tu_Hanh/ROBOT_AI/lib/AutoNavigator) by extension 'python'
[20.772s] Level 1:colcon.colcon_core.package_identification:_identify(Robot_Tu_Hanh/ROBOT_AI/lib/AutoNavigator) by extensions ['python_setup_py']
[20.772s] Level 1:colcon.colcon_core.package_identification:_identify(Robot_Tu_Hanh/ROBOT_AI/lib/AutoNavigator) by extension 'python_setup_py'
[20.773s] Level 1:colcon.colcon_core.package_identification:_identify(Robot_Tu_Hanh/ROBOT_AI/lib/BLEManager) by extensions ['ignore', 'ignore_ament_install']
[20.774s] Level 1:colcon.colcon_core.package_identification:_identify(Robot_Tu_Hanh/ROBOT_AI/lib/BLEManager) by extension 'ignore'
[20.774s] Level 1:colcon.colcon_core.package_identification:_identify(Robot_Tu_Hanh/ROBOT_AI/lib/BLEManager) by extension 'ignore_ament_install'
[20.775s] Level 1:colcon.colcon_core.package_identification:_identify(Robot_Tu_Hanh/ROBOT_AI/lib/BLEManager) by extensions ['colcon_pkg']
[20.775s] Level 1:colcon.colcon_core.package_identification:_identify(Robot_Tu_Hanh/ROBOT_AI/lib/BLEManager) by extension 'colcon_pkg'
[20.775s] Level 1:colcon.colcon_core.package_identification:_identify(Robot_Tu_Hanh/ROBOT_AI/lib/BLEManager) by extensions ['colcon_meta']
[20.776s] Level 1:colcon.colcon_core.package_identification:_identify(Robot_Tu_Hanh/ROBOT_AI/lib/BLEManager) by extension 'colcon_meta'
[20.776s] Level 1:colcon.colcon_core.package_identification:_identify(Robot_Tu_Hanh/ROBOT_AI/lib/BLEManager) by extensions ['ros']
[20.777s] Level 1:colcon.colcon_core.package_identification:_identify(Robot_Tu_Hanh/ROBOT_AI/lib/BLEManager) by extension 'ros'
[20.777s] Level 1:colcon.colcon_core.package_identification:_identify(Robot_Tu_Hanh/ROBOT_AI/lib/BLEManager) by extensions ['cmake', 'python']
[20.777s] Level 1:colcon.colcon_core.package_identification:_identify(Robot_Tu_Hanh/ROBOT_AI/lib/BLEManager) by extension 'cmake'
[20.778s] Level 1:colcon.colcon_core.package_identification:_identify(Robot_Tu_Hanh/ROBOT_AI/lib/BLEManager) by extension 'python'
[20.778s] Level 1:colcon.colcon_core.package_identification:_identify(Robot_Tu_Hanh/ROBOT_AI/lib/BLEManager) by extensions ['python_setup_py']
[20.778s] Level 1:colcon.colcon_core.package_identification:_identify(Robot_Tu_Hanh/ROBOT_AI/lib/BLEManager) by extension 'python_setup_py'
[20.779s] Level 1:colcon.colcon_core.package_identification:_identify(Robot_Tu_Hanh/ROBOT_AI/lib/BTS7960) by extensions ['ignore', 'ignore_ament_install']
[20.780s] Level 1:colcon.colcon_core.package_identification:_identify(Robot_Tu_Hanh/ROBOT_AI/lib/BTS7960) by extension 'ignore'
[20.780s] Level 1:colcon.colcon_core.package_identification:_identify(Robot_Tu_Hanh/ROBOT_AI/lib/BTS7960) by extension 'ignore_ament_install'
[20.780s] Level 1:colcon.colcon_core.package_identification:_identify(Robot_Tu_Hanh/ROBOT_AI/lib/BTS7960) by extensions ['colcon_pkg']
[20.781s] Level 1:colcon.colcon_core.package_identification:_identify(Robot_Tu_Hanh/ROBOT_AI/lib/BTS7960) by extension 'colcon_pkg'
[20.781s] Level 1:colcon.colcon_core.package_identification:_identify(Robot_Tu_Hanh/ROBOT_AI/lib/BTS7960) by extensions ['colcon_meta']
[20.781s] Level 1:colcon.colcon_core.package_identification:_identify(Robot_Tu_Hanh/ROBOT_AI/lib/BTS7960) by extension 'colcon_meta'
[20.781s] Level 1:colcon.colcon_core.package_identification:_identify(Robot_Tu_Hanh/ROBOT_AI/lib/BTS7960) by extensions ['ros']
[20.782s] Level 1:colcon.colcon_core.package_identification:_identify(Robot_Tu_Hanh/ROBOT_AI/lib/BTS7960) by extension 'ros'
[20.782s] Level 1:colcon.colcon_core.package_identification:_identify(Robot_Tu_Hanh/ROBOT_AI/lib/BTS7960) by extensions ['cmake', 'python']
[20.782s] Level 1:colcon.colcon_core.package_identification:_identify(Robot_Tu_Hanh/ROBOT_AI/lib/BTS7960) by extension 'cmake'
[20.783s] Level 1:colcon.colcon_core.package_identification:_identify(Robot_Tu_Hanh/ROBOT_AI/lib/BTS7960) by extension 'python'
[20.783s] Level 1:colcon.colcon_core.package_identification:_identify(Robot_Tu_Hanh/ROBOT_AI/lib/BTS7960) by extensions ['python_setup_py']
[20.783s] Level 1:colcon.colcon_core.package_identification:_identify(Robot_Tu_Hanh/ROBOT_AI/lib/BTS7960) by extension 'python_setup_py'
[20.784s] Level 1:colcon.colcon_core.package_identification:_identify(Robot_Tu_Hanh/ROBOT_AI/lib/Control) by extensions ['ignore', 'ignore_ament_install']
[20.784s] Level 1:colcon.colcon_core.package_identification:_identify(Robot_Tu_Hanh/ROBOT_AI/lib/Control) by extension 'ignore'
[20.785s] Level 1:colcon.colcon_core.package_identification:_identify(Robot_Tu_Hanh/ROBOT_AI/lib/Control) by extension 'ignore_ament_install'
[20.785s] Level 1:colcon.colcon_core.package_identification:_identify(Robot_Tu_Hanh/ROBOT_AI/lib/Control) by extensions ['colcon_pkg']
[20.785s] Level 1:colcon.colcon_core.package_identification:_identify(Robot_Tu_Hanh/ROBOT_AI/lib/Control) by extension 'colcon_pkg'
[20.785s] Level 1:colcon.colcon_core.package_identification:_identify(Robot_Tu_Hanh/ROBOT_AI/lib/Control) by extensions ['colcon_meta']
[20.786s] Level 1:colcon.colcon_core.package_identification:_identify(Robot_Tu_Hanh/ROBOT_AI/lib/Control) by extension 'colcon_meta'
[20.786s] Level 1:colcon.colcon_core.package_identification:_identify(Robot_Tu_Hanh/ROBOT_AI/lib/Control) by extensions ['ros']
[20.786s] Level 1:colcon.colcon_core.package_identification:_identify(Robot_Tu_Hanh/ROBOT_AI/lib/Control) by extension 'ros'
[20.787s] Level 1:colcon.colcon_core.package_identification:_identify(Robot_Tu_Hanh/ROBOT_AI/lib/Control) by extensions ['cmake', 'python']
[20.787s] Level 1:colcon.colcon_core.package_identification:_identify(Robot_Tu_Hanh/ROBOT_AI/lib/Control) by extension 'cmake'
[20.787s] Level 1:colcon.colcon_core.package_identification:_identify(Robot_Tu_Hanh/ROBOT_AI/lib/Control) by extension 'python'
[20.788s] Level 1:colcon.colcon_core.package_identification:_identify(Robot_Tu_Hanh/ROBOT_AI/lib/Control) by extensions ['python_setup_py']
[20.788s] Level 1:colcon.colcon_core.package_identification:_identify(Robot_Tu_Hanh/ROBOT_AI/lib/Control) by extension 'python_setup_py'
[20.789s] Level 1:colcon.colcon_core.package_identification:_identify(Robot_Tu_Hanh/ROBOT_AI/lib/Control/MotionHandlers) by extensions ['ignore', 'ignore_ament_install']
[20.789s] Level 1:colcon.colcon_core.package_identification:_identify(Robot_Tu_Hanh/ROBOT_AI/lib/Control/MotionHandlers) by extension 'ignore'
[20.789s] Level 1:colcon.colcon_core.package_identification:_identify(Robot_Tu_Hanh/ROBOT_AI/lib/Control/MotionHandlers) by extension 'ignore_ament_install'
[20.790s] Level 1:colcon.colcon_core.package_identification:_identify(Robot_Tu_Hanh/ROBOT_AI/lib/Control/MotionHandlers) by extensions ['colcon_pkg']
[20.790s] Level 1:colcon.colcon_core.package_identification:_identify(Robot_Tu_Hanh/ROBOT_AI/lib/Control/MotionHandlers) by extension 'colcon_pkg'
[20.790s] Level 1:colcon.colcon_core.package_identification:_identify(Robot_Tu_Hanh/ROBOT_AI/lib/Control/MotionHandlers) by extensions ['colcon_meta']
[20.791s] Level 1:colcon.colcon_core.package_identification:_identify(Robot_Tu_Hanh/ROBOT_AI/lib/Control/MotionHandlers) by extension 'colcon_meta'
[20.791s] Level 1:colcon.colcon_core.package_identification:_identify(Robot_Tu_Hanh/ROBOT_AI/lib/Control/MotionHandlers) by extensions ['ros']
[20.791s] Level 1:colcon.colcon_core.package_identification:_identify(Robot_Tu_Hanh/ROBOT_AI/lib/Control/MotionHandlers) by extension 'ros'
[20.792s] Level 1:colcon.colcon_core.package_identification:_identify(Robot_Tu_Hanh/ROBOT_AI/lib/Control/MotionHandlers) by extensions ['cmake', 'python']
[20.792s] Level 1:colcon.colcon_core.package_identification:_identify(Robot_Tu_Hanh/ROBOT_AI/lib/Control/MotionHandlers) by extension 'cmake'
[20.792s] Level 1:colcon.colcon_core.package_identification:_identify(Robot_Tu_Hanh/ROBOT_AI/lib/Control/MotionHandlers) by extension 'python'
[20.793s] Level 1:colcon.colcon_core.package_identification:_identify(Robot_Tu_Hanh/ROBOT_AI/lib/Control/MotionHandlers) by extensions ['python_setup_py']
[20.793s] Level 1:colcon.colcon_core.package_identification:_identify(Robot_Tu_Hanh/ROBOT_AI/lib/Control/MotionHandlers) by extension 'python_setup_py'
[20.793s] Level 1:colcon.colcon_core.package_identification:_identify(Robot_Tu_Hanh/ROBOT_AI/lib/Control/PID) by extensions ['ignore', 'ignore_ament_install']
[20.794s] Level 1:colcon.colcon_core.package_identification:_identify(Robot_Tu_Hanh/ROBOT_AI/lib/Control/PID) by extension 'ignore'
[20.794s] Level 1:colcon.colcon_core.package_identification:_identify(Robot_Tu_Hanh/ROBOT_AI/lib/Control/PID) by extension 'ignore_ament_install'
[20.795s] Level 1:colcon.colcon_core.package_identification:_identify(Robot_Tu_Hanh/ROBOT_AI/lib/Control/PID) by extensions ['colcon_pkg']
[20.795s] Level 1:colcon.colcon_core.package_identification:_identify(Robot_Tu_Hanh/ROBOT_AI/lib/Control/PID) by extension 'colcon_pkg'
[20.795s] Level 1:colcon.colcon_core.package_identification:_identify(Robot_Tu_Hanh/ROBOT_AI/lib/Control/PID) by extensions ['colcon_meta']
[20.795s] Level 1:colcon.colcon_core.package_identification:_identify(Robot_Tu_Hanh/ROBOT_AI/lib/Control/PID) by extension 'colcon_meta'
[20.796s] Level 1:colcon.colcon_core.package_identification:_identify(Robot_Tu_Hanh/ROBOT_AI/lib/Control/PID) by extensions ['ros']
[20.796s] Level 1:colcon.colcon_core.package_identification:_identify(Robot_Tu_Hanh/ROBOT_AI/lib/Control/PID) by extension 'ros'
[20.797s] Level 1:colcon.colcon_core.package_identification:_identify(Robot_Tu_Hanh/ROBOT_AI/lib/Control/PID) by extensions ['cmake', 'python']
[20.797s] Level 1:colcon.colcon_core.package_identification:_identify(Robot_Tu_Hanh/ROBOT_AI/lib/Control/PID) by extension 'cmake'
[20.797s] Level 1:colcon.colcon_core.package_identification:_identify(Robot_Tu_Hanh/ROBOT_AI/lib/Control/PID) by extension 'python'
[20.797s] Level 1:colcon.colcon_core.package_identification:_identify(Robot_Tu_Hanh/ROBOT_AI/lib/Control/PID) by extensions ['python_setup_py']
[20.798s] Level 1:colcon.colcon_core.package_identification:_identify(Robot_Tu_Hanh/ROBOT_AI/lib/Control/PID) by extension 'python_setup_py'
[20.798s] Level 1:colcon.colcon_core.package_identification:_identify(Robot_Tu_Hanh/ROBOT_AI/lib/Core) by extensions ['ignore', 'ignore_ament_install']
[20.799s] Level 1:colcon.colcon_core.package_identification:_identify(Robot_Tu_Hanh/ROBOT_AI/lib/Core) by extension 'ignore'
[20.799s] Level 1:colcon.colcon_core.package_identification:_identify(Robot_Tu_Hanh/ROBOT_AI/lib/Core) by extension 'ignore_ament_install'
[20.799s] Level 1:colcon.colcon_core.package_identification:_identify(Robot_Tu_Hanh/ROBOT_AI/lib/Core) by extensions ['colcon_pkg']
[20.800s] Level 1:colcon.colcon_core.package_identification:_identify(Robot_Tu_Hanh/ROBOT_AI/lib/Core) by extension 'colcon_pkg'
[20.800s] Level 1:colcon.colcon_core.package_identification:_identify(Robot_Tu_Hanh/ROBOT_AI/lib/Core) by extensions ['colcon_meta']
[20.800s] Level 1:colcon.colcon_core.package_identification:_identify(Robot_Tu_Hanh/ROBOT_AI/lib/Core) by extension 'colcon_meta'
[20.801s] Level 1:colcon.colcon_core.package_identification:_identify(Robot_Tu_Hanh/ROBOT_AI/lib/Core) by extensions ['ros']
[20.801s] Level 1:colcon.colcon_core.package_identification:_identify(Robot_Tu_Hanh/ROBOT_AI/lib/Core) by extension 'ros'
[20.801s] Level 1:colcon.colcon_core.package_identification:_identify(Robot_Tu_Hanh/ROBOT_AI/lib/Core) by extensions ['cmake', 'python']
[20.802s] Level 1:colcon.colcon_core.package_identification:_identify(Robot_Tu_Hanh/ROBOT_AI/lib/Core) by extension 'cmake'
[20.802s] Level 1:colcon.colcon_core.package_identification:_identify(Robot_Tu_Hanh/ROBOT_AI/lib/Core) by extension 'python'
[20.802s] Level 1:colcon.colcon_core.package_identification:_identify(Robot_Tu_Hanh/ROBOT_AI/lib/Core) by extensions ['python_setup_py']
[20.802s] Level 1:colcon.colcon_core.package_identification:_identify(Robot_Tu_Hanh/ROBOT_AI/lib/Core) by extension 'python_setup_py'
[20.803s] Level 1:colcon.colcon_core.package_identification:_identify(Robot_Tu_Hanh/ROBOT_AI/lib/Core/EventBus) by extensions ['ignore', 'ignore_ament_install']
[20.803s] Level 1:colcon.colcon_core.package_identification:_identify(Robot_Tu_Hanh/ROBOT_AI/lib/Core/EventBus) by extension 'ignore'
[20.804s] Level 1:colcon.colcon_core.package_identification:_identify(Robot_Tu_Hanh/ROBOT_AI/lib/Core/EventBus) by extension 'ignore_ament_install'
[20.804s] Level 1:colcon.colcon_core.package_identification:_identify(Robot_Tu_Hanh/ROBOT_AI/lib/Core/EventBus) by extensions ['colcon_pkg']
[20.804s] Level 1:colcon.colcon_core.package_identification:_identify(Robot_Tu_Hanh/ROBOT_AI/lib/Core/EventBus) by extension 'colcon_pkg'
[20.805s] Level 1:colcon.colcon_core.package_identification:_identify(Robot_Tu_Hanh/ROBOT_AI/lib/Core/EventBus) by extensions ['colcon_meta']
[20.805s] Level 1:colcon.colcon_core.package_identification:_identify(Robot_Tu_Hanh/ROBOT_AI/lib/Core/EventBus) by extension 'colcon_meta'
[20.805s] Level 1:colcon.colcon_core.package_identification:_identify(Robot_Tu_Hanh/ROBOT_AI/lib/Core/EventBus) by extensions ['ros']
[20.806s] Level 1:colcon.colcon_core.package_identification:_identify(Robot_Tu_Hanh/ROBOT_AI/lib/Core/EventBus) by extension 'ros'
[20.806s] Level 1:colcon.colcon_core.package_identification:_identify(Robot_Tu_Hanh/ROBOT_AI/lib/Core/EventBus) by extensions ['cmake', 'python']
[20.807s] Level 1:colcon.colcon_core.package_identification:_identify(Robot_Tu_Hanh/ROBOT_AI/lib/Core/EventBus) by extension 'cmake'
[20.807s] Level 1:colcon.colcon_core.package_identification:_identify(Robot_Tu_Hanh/ROBOT_AI/lib/Core/EventBus) by extension 'python'
[20.808s] Level 1:colcon.colcon_core.package_identification:_identify(Robot_Tu_Hanh/ROBOT_AI/lib/Core/EventBus) by extensions ['python_setup_py']
[20.808s] Level 1:colcon.colcon_core.package_identification:_identify(Robot_Tu_Hanh/ROBOT_AI/lib/Core/EventBus) by extension 'python_setup_py'
[20.809s] Level 1:colcon.colcon_core.package_identification:_identify(Robot_Tu_Hanh/ROBOT_AI/lib/Core/Scheduler) by extensions ['ignore', 'ignore_ament_install']
[20.809s] Level 1:colcon.colcon_core.package_identification:_identify(Robot_Tu_Hanh/ROBOT_AI/lib/Core/Scheduler) by extension 'ignore'
[20.810s] Level 1:colcon.colcon_core.package_identification:_identify(Robot_Tu_Hanh/ROBOT_AI/lib/Core/Scheduler) by extension 'ignore_ament_install'
[20.811s] Level 1:colcon.colcon_core.package_identification:_identify(Robot_Tu_Hanh/ROBOT_AI/lib/Core/Scheduler) by extensions ['colcon_pkg']
[20.811s] Level 1:colcon.colcon_core.package_identification:_identify(Robot_Tu_Hanh/ROBOT_AI/lib/Core/Scheduler) by extension 'colcon_pkg'
[20.811s] Level 1:colcon.colcon_core.package_identification:_identify(Robot_Tu_Hanh/ROBOT_AI/lib/Core/Scheduler) by extensions ['colcon_meta']
[20.811s] Level 1:colcon.colcon_core.package_identification:_identify(Robot_Tu_Hanh/ROBOT_AI/lib/Core/Scheduler) by extension 'colcon_meta'
[20.812s] Level 1:colcon.colcon_core.package_identification:_identify(Robot_Tu_Hanh/ROBOT_AI/lib/Core/Scheduler) by extensions ['ros']
[20.812s] Level 1:colcon.colcon_core.package_identification:_identify(Robot_Tu_Hanh/ROBOT_AI/lib/Core/Scheduler) by extension 'ros'
[20.813s] Level 1:colcon.colcon_core.package_identification:_identify(Robot_Tu_Hanh/ROBOT_AI/lib/Core/Scheduler) by extensions ['cmake', 'python']
[20.813s] Level 1:colcon.colcon_core.package_identification:_identify(Robot_Tu_Hanh/ROBOT_AI/lib/Core/Scheduler) by extension 'cmake'
[20.813s] Level 1:colcon.colcon_core.package_identification:_identify(Robot_Tu_Hanh/ROBOT_AI/lib/Core/Scheduler) by extension 'python'
[20.814s] Level 1:colcon.colcon_core.package_identification:_identify(Robot_Tu_Hanh/ROBOT_AI/lib/Core/Scheduler) by extensions ['python_setup_py']
[20.814s] Level 1:colcon.colcon_core.package_identification:_identify(Robot_Tu_Hanh/ROBOT_AI/lib/Core/Scheduler) by extension 'python_setup_py'
[20.814s] Level 1:colcon.colcon_core.package_identification:_identify(Robot_Tu_Hanh/ROBOT_AI/lib/Core/SensorManager) by extensions ['ignore', 'ignore_ament_install']
[20.815s] Level 1:colcon.colcon_core.package_identification:_identify(Robot_Tu_Hanh/ROBOT_AI/lib/Core/SensorManager) by extension 'ignore'
[20.815s] Level 1:colcon.colcon_core.package_identification:_identify(Robot_Tu_Hanh/ROBOT_AI/lib/Core/SensorManager) by extension 'ignore_ament_install'
[20.816s] Level 1:colcon.colcon_core.package_identification:_identify(Robot_Tu_Hanh/ROBOT_AI/lib/Core/SensorManager) by extensions ['colcon_pkg']
[20.816s] Level 1:colcon.colcon_core.package_identification:_identify(Robot_Tu_Hanh/ROBOT_AI/lib/Core/SensorManager) by extension 'colcon_pkg'
[20.816s] Level 1:colcon.colcon_core.package_identification:_identify(Robot_Tu_Hanh/ROBOT_AI/lib/Core/SensorManager) by extensions ['colcon_meta']
[20.817s] Level 1:colcon.colcon_core.package_identification:_identify(Robot_Tu_Hanh/ROBOT_AI/lib/Core/SensorManager) by extension 'colcon_meta'
[20.817s] Level 1:colcon.colcon_core.package_identification:_identify(Robot_Tu_Hanh/ROBOT_AI/lib/Core/SensorManager) by extensions ['ros']
[20.817s] Level 1:colcon.colcon_core.package_identification:_identify(Robot_Tu_Hanh/ROBOT_AI/lib/Core/SensorManager) by extension 'ros'
[20.818s] Level 1:colcon.colcon_core.package_identification:_identify(Robot_Tu_Hanh/ROBOT_AI/lib/Core/SensorManager) by extensions ['cmake', 'python']
[20.818s] Level 1:colcon.colcon_core.package_identification:_identify(Robot_Tu_Hanh/ROBOT_AI/lib/Core/SensorManager) by extension 'cmake'
[20.818s] Level 1:colcon.colcon_core.package_identification:_identify(Robot_Tu_Hanh/ROBOT_AI/lib/Core/SensorManager) by extension 'python'
[20.819s] Level 1:colcon.colcon_core.package_identification:_identify(Robot_Tu_Hanh/ROBOT_AI/lib/Core/SensorManager) by extensions ['python_setup_py']
[20.819s] Level 1:colcon.colcon_core.package_identification:_identify(Robot_Tu_Hanh/ROBOT_AI/lib/Core/SensorManager) by extension 'python_setup_py'
[20.819s] Level 1:colcon.colcon_core.package_identification:_identify(Robot_Tu_Hanh/ROBOT_AI/lib/Encoder) by extensions ['ignore', 'ignore_ament_install']
[20.820s] Level 1:colcon.colcon_core.package_identification:_identify(Robot_Tu_Hanh/ROBOT_AI/lib/Encoder) by extension 'ignore'
[20.820s] Level 1:colcon.colcon_core.package_identification:_identify(Robot_Tu_Hanh/ROBOT_AI/lib/Encoder) by extension 'ignore_ament_install'
[20.821s] Level 1:colcon.colcon_core.package_identification:_identify(Robot_Tu_Hanh/ROBOT_AI/lib/Encoder) by extensions ['colcon_pkg']
[20.821s] Level 1:colcon.colcon_core.package_identification:_identify(Robot_Tu_Hanh/ROBOT_AI/lib/Encoder) by extension 'colcon_pkg'
[20.821s] Level 1:colcon.colcon_core.package_identification:_identify(Robot_Tu_Hanh/ROBOT_AI/lib/Encoder) by extensions ['colcon_meta']
[20.821s] Level 1:colcon.colcon_core.package_identification:_identify(Robot_Tu_Hanh/ROBOT_AI/lib/Encoder) by extension 'colcon_meta'
[20.822s] Level 1:colcon.colcon_core.package_identification:_identify(Robot_Tu_Hanh/ROBOT_AI/lib/Encoder) by extensions ['ros']
[20.822s] Level 1:colcon.colcon_core.package_identification:_identify(Robot_Tu_Hanh/ROBOT_AI/lib/Encoder) by extension 'ros'
[20.823s] Level 1:colcon.colcon_core.package_identification:_identify(Robot_Tu_Hanh/ROBOT_AI/lib/Encoder) by extensions ['cmake', 'python']
[20.823s] Level 1:colcon.colcon_core.package_identification:_identify(Robot_Tu_Hanh/ROBOT_AI/lib/Encoder) by extension 'cmake'
[20.823s] Level 1:colcon.colcon_core.package_identification:_identify(Robot_Tu_Hanh/ROBOT_AI/lib/Encoder) by extension 'python'
[20.823s] Level 1:colcon.colcon_core.package_identification:_identify(Robot_Tu_Hanh/ROBOT_AI/lib/Encoder) by extensions ['python_setup_py']
[20.823s] Level 1:colcon.colcon_core.package_identification:_identify(Robot_Tu_Hanh/ROBOT_AI/lib/Encoder) by extension 'python_setup_py'
[20.824s] Level 1:colcon.colcon_core.package_identification:_identify(Robot_Tu_Hanh/ROBOT_AI/lib/Interfaces) by extensions ['ignore', 'ignore_ament_install']
[20.825s] Level 1:colcon.colcon_core.package_identification:_identify(Robot_Tu_Hanh/ROBOT_AI/lib/Interfaces) by extension 'ignore'
[20.825s] Level 1:colcon.colcon_core.package_identification:_identify(Robot_Tu_Hanh/ROBOT_AI/lib/Interfaces) by extension 'ignore_ament_install'
[20.825s] Level 1:colcon.colcon_core.package_identification:_identify(Robot_Tu_Hanh/ROBOT_AI/lib/Interfaces) by extensions ['colcon_pkg']
[20.826s] Level 1:colcon.colcon_core.package_identification:_identify(Robot_Tu_Hanh/ROBOT_AI/lib/Interfaces) by extension 'colcon_pkg'
[20.826s] Level 1:colcon.colcon_core.package_identification:_identify(Robot_Tu_Hanh/ROBOT_AI/lib/Interfaces) by extensions ['colcon_meta']
[20.826s] Level 1:colcon.colcon_core.package_identification:_identify(Robot_Tu_Hanh/ROBOT_AI/lib/Interfaces) by extension 'colcon_meta'
[20.827s] Level 1:colcon.colcon_core.package_identification:_identify(Robot_Tu_Hanh/ROBOT_AI/lib/Interfaces) by extensions ['ros']
[20.827s] Level 1:colcon.colcon_core.package_identification:_identify(Robot_Tu_Hanh/ROBOT_AI/lib/Interfaces) by extension 'ros'
[20.827s] Level 1:colcon.colcon_core.package_identification:_identify(Robot_Tu_Hanh/ROBOT_AI/lib/Interfaces) by extensions ['cmake', 'python']
[20.828s] Level 1:colcon.colcon_core.package_identification:_identify(Robot_Tu_Hanh/ROBOT_AI/lib/Interfaces) by extension 'cmake'
[20.828s] Level 1:colcon.colcon_core.package_identification:_identify(Robot_Tu_Hanh/ROBOT_AI/lib/Interfaces) by extension 'python'
[20.828s] Level 1:colcon.colcon_core.package_identification:_identify(Robot_Tu_Hanh/ROBOT_AI/lib/Interfaces) by extensions ['python_setup_py']
[20.829s] Level 1:colcon.colcon_core.package_identification:_identify(Robot_Tu_Hanh/ROBOT_AI/lib/Interfaces) by extension 'python_setup_py'
[20.829s] Level 1:colcon.colcon_core.package_identification:_identify(Robot_Tu_Hanh/ROBOT_AI/lib/Kinematics) by extensions ['ignore', 'ignore_ament_install']
[20.830s] Level 1:colcon.colcon_core.package_identification:_identify(Robot_Tu_Hanh/ROBOT_AI/lib/Kinematics) by extension 'ignore'
[20.830s] Level 1:colcon.colcon_core.package_identification:_identify(Robot_Tu_Hanh/ROBOT_AI/lib/Kinematics) by extension 'ignore_ament_install'
[20.831s] Level 1:colcon.colcon_core.package_identification:_identify(Robot_Tu_Hanh/ROBOT_AI/lib/Kinematics) by extensions ['colcon_pkg']
[20.831s] Level 1:colcon.colcon_core.package_identification:_identify(Robot_Tu_Hanh/ROBOT_AI/lib/Kinematics) by extension 'colcon_pkg'
[20.831s] Level 1:colcon.colcon_core.package_identification:_identify(Robot_Tu_Hanh/ROBOT_AI/lib/Kinematics) by extensions ['colcon_meta']
[20.831s] Level 1:colcon.colcon_core.package_identification:_identify(Robot_Tu_Hanh/ROBOT_AI/lib/Kinematics) by extension 'colcon_meta'
[20.832s] Level 1:colcon.colcon_core.package_identification:_identify(Robot_Tu_Hanh/ROBOT_AI/lib/Kinematics) by extensions ['ros']
[20.832s] Level 1:colcon.colcon_core.package_identification:_identify(Robot_Tu_Hanh/ROBOT_AI/lib/Kinematics) by extension 'ros'
[20.832s] Level 1:colcon.colcon_core.package_identification:_identify(Robot_Tu_Hanh/ROBOT_AI/lib/Kinematics) by extensions ['cmake', 'python']
[20.833s] Level 1:colcon.colcon_core.package_identification:_identify(Robot_Tu_Hanh/ROBOT_AI/lib/Kinematics) by extension 'cmake'
[20.833s] Level 1:colcon.colcon_core.package_identification:_identify(Robot_Tu_Hanh/ROBOT_AI/lib/Kinematics) by extension 'python'
[20.834s] Level 1:colcon.colcon_core.package_identification:_identify(Robot_Tu_Hanh/ROBOT_AI/lib/Kinematics) by extensions ['python_setup_py']
[20.834s] Level 1:colcon.colcon_core.package_identification:_identify(Robot_Tu_Hanh/ROBOT_AI/lib/Kinematics) by extension 'python_setup_py'
[20.834s] Level 1:colcon.colcon_core.package_identification:_identify(Robot_Tu_Hanh/ROBOT_AI/lib/MH_FMD) by extensions ['ignore', 'ignore_ament_install']
[20.835s] Level 1:colcon.colcon_core.package_identification:_identify(Robot_Tu_Hanh/ROBOT_AI/lib/MH_FMD) by extension 'ignore'
[20.835s] Level 1:colcon.colcon_core.package_identification:_identify(Robot_Tu_Hanh/ROBOT_AI/lib/MH_FMD) by extension 'ignore_ament_install'
[20.836s] Level 1:colcon.colcon_core.package_identification:_identify(Robot_Tu_Hanh/ROBOT_AI/lib/MH_FMD) by extensions ['colcon_pkg']
[20.836s] Level 1:colcon.colcon_core.package_identification:_identify(Robot_Tu_Hanh/ROBOT_AI/lib/MH_FMD) by extension 'colcon_pkg'
[20.836s] Level 1:colcon.colcon_core.package_identification:_identify(Robot_Tu_Hanh/ROBOT_AI/lib/MH_FMD) by extensions ['colcon_meta']
[20.836s] Level 1:colcon.colcon_core.package_identification:_identify(Robot_Tu_Hanh/ROBOT_AI/lib/MH_FMD) by extension 'colcon_meta'
[20.837s] Level 1:colcon.colcon_core.package_identification:_identify(Robot_Tu_Hanh/ROBOT_AI/lib/MH_FMD) by extensions ['ros']
[20.837s] Level 1:colcon.colcon_core.package_identification:_identify(Robot_Tu_Hanh/ROBOT_AI/lib/MH_FMD) by extension 'ros'
[20.837s] Level 1:colcon.colcon_core.package_identification:_identify(Robot_Tu_Hanh/ROBOT_AI/lib/MH_FMD) by extensions ['cmake', 'python']
[20.838s] Level 1:colcon.colcon_core.package_identification:_identify(Robot_Tu_Hanh/ROBOT_AI/lib/MH_FMD) by extension 'cmake'
[20.838s] Level 1:colcon.colcon_core.package_identification:_identify(Robot_Tu_Hanh/ROBOT_AI/lib/MH_FMD) by extension 'python'
[20.838s] Level 1:colcon.colcon_core.package_identification:_identify(Robot_Tu_Hanh/ROBOT_AI/lib/MH_FMD) by extensions ['python_setup_py']
[20.838s] Level 1:colcon.colcon_core.package_identification:_identify(Robot_Tu_Hanh/ROBOT_AI/lib/MH_FMD) by extension 'python_setup_py'
[20.839s] Level 1:colcon.colcon_core.package_identification:_identify(Robot_Tu_Hanh/ROBOT_AI/lib/Motor) by extensions ['ignore', 'ignore_ament_install']
[20.840s] Level 1:colcon.colcon_core.package_identification:_identify(Robot_Tu_Hanh/ROBOT_AI/lib/Motor) by extension 'ignore'
[20.840s] Level 1:colcon.colcon_core.package_identification:_identify(Robot_Tu_Hanh/ROBOT_AI/lib/Motor) by extension 'ignore_ament_install'
[20.840s] Level 1:colcon.colcon_core.package_identification:_identify(Robot_Tu_Hanh/ROBOT_AI/lib/Motor) by extensions ['colcon_pkg']
[20.841s] Level 1:colcon.colcon_core.package_identification:_identify(Robot_Tu_Hanh/ROBOT_AI/lib/Motor) by extension 'colcon_pkg'
[20.841s] Level 1:colcon.colcon_core.package_identification:_identify(Robot_Tu_Hanh/ROBOT_AI/lib/Motor) by extensions ['colcon_meta']
[20.841s] Level 1:colcon.colcon_core.package_identification:_identify(Robot_Tu_Hanh/ROBOT_AI/lib/Motor) by extension 'colcon_meta'
[20.841s] Level 1:colcon.colcon_core.package_identification:_identify(Robot_Tu_Hanh/ROBOT_AI/lib/Motor) by extensions ['ros']
[20.842s] Level 1:colcon.colcon_core.package_identification:_identify(Robot_Tu_Hanh/ROBOT_AI/lib/Motor) by extension 'ros'
[20.842s] Level 1:colcon.colcon_core.package_identification:_identify(Robot_Tu_Hanh/ROBOT_AI/lib/Motor) by extensions ['cmake', 'python']
[20.842s] Level 1:colcon.colcon_core.package_identification:_identify(Robot_Tu_Hanh/ROBOT_AI/lib/Motor) by extension 'cmake'
[20.843s] Level 1:colcon.colcon_core.package_identification:_identify(Robot_Tu_Hanh/ROBOT_AI/lib/Motor) by extension 'python'
[20.843s] Level 1:colcon.colcon_core.package_identification:_identify(Robot_Tu_Hanh/ROBOT_AI/lib/Motor) by extensions ['python_setup_py']
[20.843s] Level 1:colcon.colcon_core.package_identification:_identify(Robot_Tu_Hanh/ROBOT_AI/lib/Motor) by extension 'python_setup_py'
[20.844s] Level 1:colcon.colcon_core.package_identification:_identify(Robot_Tu_Hanh/ROBOT_AI/lib/Mpu6050) by extensions ['ignore', 'ignore_ament_install']
[20.844s] Level 1:colcon.colcon_core.package_identification:_identify(Robot_Tu_Hanh/ROBOT_AI/lib/Mpu6050) by extension 'ignore'
[20.845s] Level 1:colcon.colcon_core.package_identification:_identify(Robot_Tu_Hanh/ROBOT_AI/lib/Mpu6050) by extension 'ignore_ament_install'
[20.845s] Level 1:colcon.colcon_core.package_identification:_identify(Robot_Tu_Hanh/ROBOT_AI/lib/Mpu6050) by extensions ['colcon_pkg']
[20.845s] Level 1:colcon.colcon_core.package_identification:_identify(Robot_Tu_Hanh/ROBOT_AI/lib/Mpu6050) by extension 'colcon_pkg'
[20.846s] Level 1:colcon.colcon_core.package_identification:_identify(Robot_Tu_Hanh/ROBOT_AI/lib/Mpu6050) by extensions ['colcon_meta']
[20.846s] Level 1:colcon.colcon_core.package_identification:_identify(Robot_Tu_Hanh/ROBOT_AI/lib/Mpu6050) by extension 'colcon_meta'
[20.846s] Level 1:colcon.colcon_core.package_identification:_identify(Robot_Tu_Hanh/ROBOT_AI/lib/Mpu6050) by extensions ['ros']
[20.846s] Level 1:colcon.colcon_core.package_identification:_identify(Robot_Tu_Hanh/ROBOT_AI/lib/Mpu6050) by extension 'ros'
[20.847s] Level 1:colcon.colcon_core.package_identification:_identify(Robot_Tu_Hanh/ROBOT_AI/lib/Mpu6050) by extensions ['cmake', 'python']
[20.847s] Level 1:colcon.colcon_core.package_identification:_identify(Robot_Tu_Hanh/ROBOT_AI/lib/Mpu6050) by extension 'cmake'
[20.847s] Level 1:colcon.colcon_core.package_identification:_identify(Robot_Tu_Hanh/ROBOT_AI/lib/Mpu6050) by extension 'python'
[20.848s] Level 1:colcon.colcon_core.package_identification:_identify(Robot_Tu_Hanh/ROBOT_AI/lib/Mpu6050) by extensions ['python_setup_py']
[20.848s] Level 1:colcon.colcon_core.package_identification:_identify(Robot_Tu_Hanh/ROBOT_AI/lib/Mpu6050) by extension 'python_setup_py'
[20.849s] Level 1:colcon.colcon_core.package_identification:_identify(Robot_Tu_Hanh/ROBOT_AI/lib/ObstacleAvoidance) by extensions ['ignore', 'ignore_ament_install']
[20.849s] Level 1:colcon.colcon_core.package_identification:_identify(Robot_Tu_Hanh/ROBOT_AI/lib/ObstacleAvoidance) by extension 'ignore'
[20.849s] Level 1:colcon.colcon_core.package_identification:_identify(Robot_Tu_Hanh/ROBOT_AI/lib/ObstacleAvoidance) by extension 'ignore_ament_install'
[20.850s] Level 1:colcon.colcon_core.package_identification:_identify(Robot_Tu_Hanh/ROBOT_AI/lib/ObstacleAvoidance) by extensions ['colcon_pkg']
[20.850s] Level 1:colcon.colcon_core.package_identification:_identify(Robot_Tu_Hanh/ROBOT_AI/lib/ObstacleAvoidance) by extension 'colcon_pkg'
[20.850s] Level 1:colcon.colcon_core.package_identification:_identify(Robot_Tu_Hanh/ROBOT_AI/lib/ObstacleAvoidance) by extensions ['colcon_meta']
[20.851s] Level 1:colcon.colcon_core.package_identification:_identify(Robot_Tu_Hanh/ROBOT_AI/lib/ObstacleAvoidance) by extension 'colcon_meta'
[20.851s] Level 1:colcon.colcon_core.package_identification:_identify(Robot_Tu_Hanh/ROBOT_AI/lib/ObstacleAvoidance) by extensions ['ros']
[20.851s] Level 1:colcon.colcon_core.package_identification:_identify(Robot_Tu_Hanh/ROBOT_AI/lib/ObstacleAvoidance) by extension 'ros'
[20.852s] Level 1:colcon.colcon_core.package_identification:_identify(Robot_Tu_Hanh/ROBOT_AI/lib/ObstacleAvoidance) by extensions ['cmake', 'python']
[20.852s] Level 1:colcon.colcon_core.package_identification:_identify(Robot_Tu_Hanh/ROBOT_AI/lib/ObstacleAvoidance) by extension 'cmake'
[20.853s] Level 1:colcon.colcon_core.package_identification:_identify(Robot_Tu_Hanh/ROBOT_AI/lib/ObstacleAvoidance) by extension 'python'
[20.853s] Level 1:colcon.colcon_core.package_identification:_identify(Robot_Tu_Hanh/ROBOT_AI/lib/ObstacleAvoidance) by extensions ['python_setup_py']
[20.853s] Level 1:colcon.colcon_core.package_identification:_identify(Robot_Tu_Hanh/ROBOT_AI/lib/ObstacleAvoidance) by extension 'python_setup_py'
[20.854s] Level 1:colcon.colcon_core.package_identification:_identify(Robot_Tu_Hanh/ROBOT_AI/lib/ROS2Protocol) by extensions ['ignore', 'ignore_ament_install']
[20.854s] Level 1:colcon.colcon_core.package_identification:_identify(Robot_Tu_Hanh/ROBOT_AI/lib/ROS2Protocol) by extension 'ignore'
[20.855s] Level 1:colcon.colcon_core.package_identification:_identify(Robot_Tu_Hanh/ROBOT_AI/lib/ROS2Protocol) by extension 'ignore_ament_install'
[20.855s] Level 1:colcon.colcon_core.package_identification:_identify(Robot_Tu_Hanh/ROBOT_AI/lib/ROS2Protocol) by extensions ['colcon_pkg']
[20.855s] Level 1:colcon.colcon_core.package_identification:_identify(Robot_Tu_Hanh/ROBOT_AI/lib/ROS2Protocol) by extension 'colcon_pkg'
[20.856s] Level 1:colcon.colcon_core.package_identification:_identify(Robot_Tu_Hanh/ROBOT_AI/lib/ROS2Protocol) by extensions ['colcon_meta']
[20.856s] Level 1:colcon.colcon_core.package_identification:_identify(Robot_Tu_Hanh/ROBOT_AI/lib/ROS2Protocol) by extension 'colcon_meta'
[20.856s] Level 1:colcon.colcon_core.package_identification:_identify(Robot_Tu_Hanh/ROBOT_AI/lib/ROS2Protocol) by extensions ['ros']
[20.856s] Level 1:colcon.colcon_core.package_identification:_identify(Robot_Tu_Hanh/ROBOT_AI/lib/ROS2Protocol) by extension 'ros'
[20.857s] Level 1:colcon.colcon_core.package_identification:_identify(Robot_Tu_Hanh/ROBOT_AI/lib/ROS2Protocol) by extensions ['cmake', 'python']
[20.857s] Level 1:colcon.colcon_core.package_identification:_identify(Robot_Tu_Hanh/ROBOT_AI/lib/ROS2Protocol) by extension 'cmake'
[20.858s] Level 1:colcon.colcon_core.package_identification:_identify(Robot_Tu_Hanh/ROBOT_AI/lib/ROS2Protocol) by extension 'python'
[20.858s] Level 1:colcon.colcon_core.package_identification:_identify(Robot_Tu_Hanh/ROBOT_AI/lib/ROS2Protocol) by extensions ['python_setup_py']
[20.858s] Level 1:colcon.colcon_core.package_identification:_identify(Robot_Tu_Hanh/ROBOT_AI/lib/ROS2Protocol) by extension 'python_setup_py'
[20.859s] Level 1:colcon.colcon_core.package_identification:_identify(Robot_Tu_Hanh/ROBOT_AI/lib/Sensor_HC_SR04) by extensions ['ignore', 'ignore_ament_install']
[20.859s] Level 1:colcon.colcon_core.package_identification:_identify(Robot_Tu_Hanh/ROBOT_AI/lib/Sensor_HC_SR04) by extension 'ignore'
[20.860s] Level 1:colcon.colcon_core.package_identification:_identify(Robot_Tu_Hanh/ROBOT_AI/lib/Sensor_HC_SR04) by extension 'ignore_ament_install'
[20.860s] Level 1:colcon.colcon_core.package_identification:_identify(Robot_Tu_Hanh/ROBOT_AI/lib/Sensor_HC_SR04) by extensions ['colcon_pkg']
[20.860s] Level 1:colcon.colcon_core.package_identification:_identify(Robot_Tu_Hanh/ROBOT_AI/lib/Sensor_HC_SR04) by extension 'colcon_pkg'
[20.860s] Level 1:colcon.colcon_core.package_identification:_identify(Robot_Tu_Hanh/ROBOT_AI/lib/Sensor_HC_SR04) by extensions ['colcon_meta']
[20.861s] Level 1:colcon.colcon_core.package_identification:_identify(Robot_Tu_Hanh/ROBOT_AI/lib/Sensor_HC_SR04) by extension 'colcon_meta'
[20.861s] Level 1:colcon.colcon_core.package_identification:_identify(Robot_Tu_Hanh/ROBOT_AI/lib/Sensor_HC_SR04) by extensions ['ros']
[20.862s] Level 1:colcon.colcon_core.package_identification:_identify(Robot_Tu_Hanh/ROBOT_AI/lib/Sensor_HC_SR04) by extension 'ros'
[20.862s] Level 1:colcon.colcon_core.package_identification:_identify(Robot_Tu_Hanh/ROBOT_AI/lib/Sensor_HC_SR04) by extensions ['cmake', 'python']
[20.862s] Level 1:colcon.colcon_core.package_identification:_identify(Robot_Tu_Hanh/ROBOT_AI/lib/Sensor_HC_SR04) by extension 'cmake'
[20.863s] Level 1:colcon.colcon_core.package_identification:_identify(Robot_Tu_Hanh/ROBOT_AI/lib/Sensor_HC_SR04) by extension 'python'
[20.863s] Level 1:colcon.colcon_core.package_identification:_identify(Robot_Tu_Hanh/ROBOT_AI/lib/Sensor_HC_SR04) by extensions ['python_setup_py']
[20.863s] Level 1:colcon.colcon_core.package_identification:_identify(Robot_Tu_Hanh/ROBOT_AI/lib/Sensor_HC_SR04) by extension 'python_setup_py'
[20.864s] Level 1:colcon.colcon_core.package_identification:_identify(Robot_Tu_Hanh/ROBOT_AI/src) by extensions ['ignore', 'ignore_ament_install']
[20.865s] Level 1:colcon.colcon_core.package_identification:_identify(Robot_Tu_Hanh/ROBOT_AI/src) by extension 'ignore'
[20.865s] Level 1:colcon.colcon_core.package_identification:_identify(Robot_Tu_Hanh/ROBOT_AI/src) by extension 'ignore_ament_install'
[20.866s] Level 1:colcon.colcon_core.package_identification:_identify(Robot_Tu_Hanh/ROBOT_AI/src) by extensions ['colcon_pkg']
[20.866s] Level 1:colcon.colcon_core.package_identification:_identify(Robot_Tu_Hanh/ROBOT_AI/src) by extension 'colcon_pkg'
[20.866s] Level 1:colcon.colcon_core.package_identification:_identify(Robot_Tu_Hanh/ROBOT_AI/src) by extensions ['colcon_meta']
[20.866s] Level 1:colcon.colcon_core.package_identification:_identify(Robot_Tu_Hanh/ROBOT_AI/src) by extension 'colcon_meta'
[20.867s] Level 1:colcon.colcon_core.package_identification:_identify(Robot_Tu_Hanh/ROBOT_AI/src) by extensions ['ros']
[20.867s] Level 1:colcon.colcon_core.package_identification:_identify(Robot_Tu_Hanh/ROBOT_AI/src) by extension 'ros'
[20.867s] Level 1:colcon.colcon_core.package_identification:_identify(Robot_Tu_Hanh/ROBOT_AI/src) by extensions ['cmake', 'python']
[20.868s] Level 1:colcon.colcon_core.package_identification:_identify(Robot_Tu_Hanh/ROBOT_AI/src) by extension 'cmake'
[20.868s] Level 1:colcon.colcon_core.package_identification:_identify(Robot_Tu_Hanh/ROBOT_AI/src) by extension 'python'
[20.868s] Level 1:colcon.colcon_core.package_identification:_identify(Robot_Tu_Hanh/ROBOT_AI/src) by extensions ['python_setup_py']
[20.868s] Level 1:colcon.colcon_core.package_identification:_identify(Robot_Tu_Hanh/ROBOT_AI/src) by extension 'python_setup_py'
[20.869s] Level 1:colcon.colcon_core.package_identification:_identify(Robot_Tu_Hanh/ROBOT_AI/src/Managers) by extensions ['ignore', 'ignore_ament_install']
[20.870s] Level 1:colcon.colcon_core.package_identification:_identify(Robot_Tu_Hanh/ROBOT_AI/src/Managers) by extension 'ignore'
[20.870s] Level 1:colcon.colcon_core.package_identification:_identify(Robot_Tu_Hanh/ROBOT_AI/src/Managers) by extension 'ignore_ament_install'
[20.871s] Level 1:colcon.colcon_core.package_identification:_identify(Robot_Tu_Hanh/ROBOT_AI/src/Managers) by extensions ['colcon_pkg']
[20.871s] Level 1:colcon.colcon_core.package_identification:_identify(Robot_Tu_Hanh/ROBOT_AI/src/Managers) by extension 'colcon_pkg'
[20.871s] Level 1:colcon.colcon_core.package_identification:_identify(Robot_Tu_Hanh/ROBOT_AI/src/Managers) by extensions ['colcon_meta']
[20.871s] Level 1:colcon.colcon_core.package_identification:_identify(Robot_Tu_Hanh/ROBOT_AI/src/Managers) by extension 'colcon_meta'
[20.872s] Level 1:colcon.colcon_core.package_identification:_identify(Robot_Tu_Hanh/ROBOT_AI/src/Managers) by extensions ['ros']
[20.872s] Level 1:colcon.colcon_core.package_identification:_identify(Robot_Tu_Hanh/ROBOT_AI/src/Managers) by extension 'ros'
[20.872s] Level 1:colcon.colcon_core.package_identification:_identify(Robot_Tu_Hanh/ROBOT_AI/src/Managers) by extensions ['cmake', 'python']
[20.873s] Level 1:colcon.colcon_core.package_identification:_identify(Robot_Tu_Hanh/ROBOT_AI/src/Managers) by extension 'cmake'
[20.873s] Level 1:colcon.colcon_core.package_identification:_identify(Robot_Tu_Hanh/ROBOT_AI/src/Managers) by extension 'python'
[20.873s] Level 1:colcon.colcon_core.package_identification:_identify(Robot_Tu_Hanh/ROBOT_AI/src/Managers) by extensions ['python_setup_py']
[20.873s] Level 1:colcon.colcon_core.package_identification:_identify(Robot_Tu_Hanh/ROBOT_AI/src/Managers) by extension 'python_setup_py'
[20.874s] Level 1:colcon.colcon_core.package_identification:_identify(Robot_Tu_Hanh/ROBOT_AI/src/Protocol) by extensions ['ignore', 'ignore_ament_install']
[20.875s] Level 1:colcon.colcon_core.package_identification:_identify(Robot_Tu_Hanh/ROBOT_AI/src/Protocol) by extension 'ignore'
[20.875s] Level 1:colcon.colcon_core.package_identification:_identify(Robot_Tu_Hanh/ROBOT_AI/src/Protocol) by extension 'ignore_ament_install'
[20.875s] Level 1:colcon.colcon_core.package_identification:_identify(Robot_Tu_Hanh/ROBOT_AI/src/Protocol) by extensions ['colcon_pkg']
[20.875s] Level 1:colcon.colcon_core.package_identification:_identify(Robot_Tu_Hanh/ROBOT_AI/src/Protocol) by extension 'colcon_pkg'
[20.876s] Level 1:colcon.colcon_core.package_identification:_identify(Robot_Tu_Hanh/ROBOT_AI/src/Protocol) by extensions ['colcon_meta']
[20.876s] Level 1:colcon.colcon_core.package_identification:_identify(Robot_Tu_Hanh/ROBOT_AI/src/Protocol) by extension 'colcon_meta'
[20.876s] Level 1:colcon.colcon_core.package_identification:_identify(Robot_Tu_Hanh/ROBOT_AI/src/Protocol) by extensions ['ros']
[20.877s] Level 1:colcon.colcon_core.package_identification:_identify(Robot_Tu_Hanh/ROBOT_AI/src/Protocol) by extension 'ros'
[20.877s] Level 1:colcon.colcon_core.package_identification:_identify(Robot_Tu_Hanh/ROBOT_AI/src/Protocol) by extensions ['cmake', 'python']
[20.877s] Level 1:colcon.colcon_core.package_identification:_identify(Robot_Tu_Hanh/ROBOT_AI/src/Protocol) by extension 'cmake'
[20.878s] Level 1:colcon.colcon_core.package_identification:_identify(Robot_Tu_Hanh/ROBOT_AI/src/Protocol) by extension 'python'
[20.878s] Level 1:colcon.colcon_core.package_identification:_identify(Robot_Tu_Hanh/ROBOT_AI/src/Protocol) by extensions ['python_setup_py']
[20.878s] Level 1:colcon.colcon_core.package_identification:_identify(Robot_Tu_Hanh/ROBOT_AI/src/Protocol) by extension 'python_setup_py'
[20.879s] Level 1:colcon.colcon_core.package_identification:_identify(Robot_Tu_Hanh/ROBOT_AI/test) by extensions ['ignore', 'ignore_ament_install']
[20.879s] Level 1:colcon.colcon_core.package_identification:_identify(Robot_Tu_Hanh/ROBOT_AI/test) by extension 'ignore'
[20.880s] Level 1:colcon.colcon_core.package_identification:_identify(Robot_Tu_Hanh/ROBOT_AI/test) by extension 'ignore_ament_install'
[20.880s] Level 1:colcon.colcon_core.package_identification:_identify(Robot_Tu_Hanh/ROBOT_AI/test) by extensions ['colcon_pkg']
[20.880s] Level 1:colcon.colcon_core.package_identification:_identify(Robot_Tu_Hanh/ROBOT_AI/test) by extension 'colcon_pkg'
[20.881s] Level 1:colcon.colcon_core.package_identification:_identify(Robot_Tu_Hanh/ROBOT_AI/test) by extensions ['colcon_meta']
[20.881s] Level 1:colcon.colcon_core.package_identification:_identify(Robot_Tu_Hanh/ROBOT_AI/test) by extension 'colcon_meta'
[20.881s] Level 1:colcon.colcon_core.package_identification:_identify(Robot_Tu_Hanh/ROBOT_AI/test) by extensions ['ros']
[20.881s] Level 1:colcon.colcon_core.package_identification:_identify(Robot_Tu_Hanh/ROBOT_AI/test) by extension 'ros'
[20.882s] Level 1:colcon.colcon_core.package_identification:_identify(Robot_Tu_Hanh/ROBOT_AI/test) by extensions ['cmake', 'python']
[20.882s] Level 1:colcon.colcon_core.package_identification:_identify(Robot_Tu_Hanh/ROBOT_AI/test) by extension 'cmake'
[20.882s] Level 1:colcon.colcon_core.package_identification:_identify(Robot_Tu_Hanh/ROBOT_AI/test) by extension 'python'
[20.883s] Level 1:colcon.colcon_core.package_identification:_identify(Robot_Tu_Hanh/ROBOT_AI/test) by extensions ['python_setup_py']
[20.883s] Level 1:colcon.colcon_core.package_identification:_identify(Robot_Tu_Hanh/ROBOT_AI/test) by extension 'python_setup_py'
[20.883s] Level 1:colcon.colcon_core.package_identification:_identify(build) by extensions ['ignore', 'ignore_ament_install']
[20.884s] Level 1:colcon.colcon_core.package_identification:_identify(build) by extension 'ignore'
[20.884s] Level 1:colcon.colcon_core.package_identification:_identify(build) ignored
[20.885s] Level 1:colcon.colcon_core.package_identification:_identify(install) by extensions ['ignore', 'ignore_ament_install']
[20.886s] Level 1:colcon.colcon_core.package_identification:_identify(install) by extension 'ignore'
[20.886s] Level 1:colcon.colcon_core.package_identification:_identify(install) ignored
[20.887s] Level 1:colcon.colcon_core.package_identification:_identify(log) by extensions ['ignore', 'ignore_ament_install']
[20.888s] Level 1:colcon.colcon_core.package_identification:_identify(log) by extension 'ignore'
[20.888s] Level 1:colcon.colcon_core.package_identification:_identify(log) ignored
[20.889s] Level 1:colcon.colcon_core.package_identification:_identify(src) by extensions ['ignore', 'ignore_ament_install']
[20.889s] Level 1:colcon.colcon_core.package_identification:_identify(src) by extension 'ignore'
[20.889s] Level 1:colcon.colcon_core.package_identification:_identify(src) by extension 'ignore_ament_install'
[20.890s] Level 1:colcon.colcon_core.package_identification:_identify(src) by extensions ['colcon_pkg']
[20.890s] Level 1:colcon.colcon_core.package_identification:_identify(src) by extension 'colcon_pkg'
[20.890s] Level 1:colcon.colcon_core.package_identification:_identify(src) by extensions ['colcon_meta']
[20.890s] Level 1:colcon.colcon_core.package_identification:_identify(src) by extension 'colcon_meta'
[20.891s] Level 1:colcon.colcon_core.package_identification:_identify(src) by extensions ['ros']
[20.891s] Level 1:colcon.colcon_core.package_identification:_identify(src) by extension 'ros'
[20.891s] Level 1:colcon.colcon_core.package_identification:_identify(src) by extensions ['cmake', 'python']
[20.892s] Level 1:colcon.colcon_core.package_identification:_identify(src) by extension 'cmake'
[20.892s] Level 1:colcon.colcon_core.package_identification:_identify(src) by extension 'python'
[20.892s] Level 1:colcon.colcon_core.package_identification:_identify(src) by extensions ['python_setup_py']
[20.892s] Level 1:colcon.colcon_core.package_identification:_identify(src) by extension 'python_setup_py'
[20.893s] Level 1:colcon.colcon_core.package_identification:_identify(src/camera_node) by extensions ['ignore', 'ignore_ament_install']
[20.894s] Level 1:colcon.colcon_core.package_identification:_identify(src/camera_node) by extension 'ignore'
[20.894s] Level 1:colcon.colcon_core.package_identification:_identify(src/camera_node) by extension 'ignore_ament_install'
[20.894s] Level 1:colcon.colcon_core.package_identification:_identify(src/camera_node) by extensions ['colcon_pkg']
[20.895s] Level 1:colcon.colcon_core.package_identification:_identify(src/camera_node) by extension 'colcon_pkg'
[20.895s] Level 1:colcon.colcon_core.package_identification:_identify(src/camera_node) by extensions ['colcon_meta']
[20.895s] Level 1:colcon.colcon_core.package_identification:_identify(src/camera_node) by extension 'colcon_meta'
[20.895s] Level 1:colcon.colcon_core.package_identification:_identify(src/camera_node) by extensions ['ros']
[20.895s] Level 1:colcon.colcon_core.package_identification:_identify(src/camera_node) by extension 'ros'
[20.909s] DEBUG:colcon.colcon_core.package_identification:Package 'src/camera_node' with type 'ros.ament_python' and name 'camera_node'
[20.909s] Level 1:colcon.colcon_core.package_identification:_identify(src/esp32_ros2_bridge) by extensions ['ignore', 'ignore_ament_install']
[20.910s] Level 1:colcon.colcon_core.package_identification:_identify(src/esp32_ros2_bridge) by extension 'ignore'
[20.910s] Level 1:colcon.colcon_core.package_identification:_identify(src/esp32_ros2_bridge) by extension 'ignore_ament_install'
[20.911s] Level 1:colcon.colcon_core.package_identification:_identify(src/esp32_ros2_bridge) by extensions ['colcon_pkg']
[20.911s] Level 1:colcon.colcon_core.package_identification:_identify(src/esp32_ros2_bridge) by extension 'colcon_pkg'
[20.911s] Level 1:colcon.colcon_core.package_identification:_identify(src/esp32_ros2_bridge) by extensions ['colcon_meta']
[20.912s] Level 1:colcon.colcon_core.package_identification:_identify(src/esp32_ros2_bridge) by extension 'colcon_meta'
[20.912s] Level 1:colcon.colcon_core.package_identification:_identify(src/esp32_ros2_bridge) by extensions ['ros']
[20.912s] Level 1:colcon.colcon_core.package_identification:_identify(src/esp32_ros2_bridge) by extension 'ros'
[20.916s] DEBUG:colcon.colcon_core.package_identification:Package 'src/esp32_ros2_bridge' with type 'ros.ament_python' and name 'esp32_ros2_bridge'
[20.917s] Level 1:colcon.colcon_core.package_identification:_identify(src/robot_ai) by extensions ['ignore', 'ignore_ament_install']
[20.918s] Level 1:colcon.colcon_core.package_identification:_identify(src/robot_ai) by extension 'ignore'
[20.918s] Level 1:colcon.colcon_core.package_identification:_identify(src/robot_ai) by extension 'ignore_ament_install'
[20.919s] Level 1:colcon.colcon_core.package_identification:_identify(src/robot_ai) by extensions ['colcon_pkg']
[20.919s] Level 1:colcon.colcon_core.package_identification:_identify(src/robot_ai) by extension 'colcon_pkg'
[20.920s] Level 1:colcon.colcon_core.package_identification:_identify(src/robot_ai) by extensions ['colcon_meta']
[20.920s] Level 1:colcon.colcon_core.package_identification:_identify(src/robot_ai) by extension 'colcon_meta'
[20.920s] Level 1:colcon.colcon_core.package_identification:_identify(src/robot_ai) by extensions ['ros']
[20.920s] Level 1:colcon.colcon_core.package_identification:_identify(src/robot_ai) by extension 'ros'
[20.923s] DEBUG:colcon.colcon_core.package_identification:Package 'src/robot_ai' with type 'ros.ament_python' and name 'robot_ai'
[20.924s] Level 1:colcon.colcon_core.package_identification:_identify(src/robot_bringup) by extensions ['ignore', 'ignore_ament_install']
[20.925s] Level 1:colcon.colcon_core.package_identification:_identify(src/robot_bringup) by extension 'ignore'
[20.925s] Level 1:colcon.colcon_core.package_identification:_identify(src/robot_bringup) by extension 'ignore_ament_install'
[20.925s] Level 1:colcon.colcon_core.package_identification:_identify(src/robot_bringup) by extensions ['colcon_pkg']
[20.925s] Level 1:colcon.colcon_core.package_identification:_identify(src/robot_bringup) by extension 'colcon_pkg'
[20.926s] Level 1:colcon.colcon_core.package_identification:_identify(src/robot_bringup) by extensions ['colcon_meta']
[20.926s] Level 1:colcon.colcon_core.package_identification:_identify(src/robot_bringup) by extension 'colcon_meta'
[20.926s] Level 1:colcon.colcon_core.package_identification:_identify(src/robot_bringup) by extensions ['ros']
[20.926s] Level 1:colcon.colcon_core.package_identification:_identify(src/robot_bringup) by extension 'ros'
[20.930s] DEBUG:colcon.colcon_core.package_identification:Package 'src/robot_bringup' with type 'ros.ament_cmake' and name 'robot_bringup'
[20.931s] Level 1:colcon.colcon_core.package_identification:_identify(src/robot_description) by extensions ['ignore', 'ignore_ament_install']
[20.931s] Level 1:colcon.colcon_core.package_identification:_identify(src/robot_description) by extension 'ignore'
[20.932s] Level 1:colcon.colcon_core.package_identification:_identify(src/robot_description) by extension 'ignore_ament_install'
[20.932s] Level 1:colcon.colcon_core.package_identification:_identify(src/robot_description) by extensions ['colcon_pkg']
[20.932s] Level 1:colcon.colcon_core.package_identification:_identify(src/robot_description) by extension 'colcon_pkg'
[20.932s] Level 1:colcon.colcon_core.package_identification:_identify(src/robot_description) by extensions ['colcon_meta']
[20.933s] Level 1:colcon.colcon_core.package_identification:_identify(src/robot_description) by extension 'colcon_meta'
[20.933s] Level 1:colcon.colcon_core.package_identification:_identify(src/robot_description) by extensions ['ros']
[20.933s] Level 1:colcon.colcon_core.package_identification:_identify(src/robot_description) by extension 'ros'
[20.936s] DEBUG:colcon.colcon_core.package_identification:Package 'src/robot_description' with type 'ros.ament_cmake' and name 'robot_description'
[20.937s] Level 1:colcon.colcon_core.package_identification:_identify(src/robot_serial) by extensions ['ignore', 'ignore_ament_install']
[20.937s] Level 1:colcon.colcon_core.package_identification:_identify(src/robot_serial) by extension 'ignore'
[20.938s] Level 1:colcon.colcon_core.package_identification:_identify(src/robot_serial) by extension 'ignore_ament_install'
[20.938s] Level 1:colcon.colcon_core.package_identification:_identify(src/robot_serial) by extensions ['colcon_pkg']
[20.938s] Level 1:colcon.colcon_core.package_identification:_identify(src/robot_serial) by extension 'colcon_pkg'
[20.939s] Level 1:colcon.colcon_core.package_identification:_identify(src/robot_serial) by extensions ['colcon_meta']
[20.939s] Level 1:colcon.colcon_core.package_identification:_identify(src/robot_serial) by extension 'colcon_meta'
[20.939s] Level 1:colcon.colcon_core.package_identification:_identify(src/robot_serial) by extensions ['ros']
[20.940s] Level 1:colcon.colcon_core.package_identification:_identify(src/robot_serial) by extension 'ros'
[20.942s] DEBUG:colcon.colcon_core.package_identification:Package 'src/robot_serial' with type 'ros.ament_python' and name 'robot_serial'
[20.943s] Level 1:colcon.colcon_core.package_identification:_identify(src/sllidar_ros2) by extensions ['ignore', 'ignore_ament_install']
[20.944s] Level 1:colcon.colcon_core.package_identification:_identify(src/sllidar_ros2) by extension 'ignore'
[20.944s] Level 1:colcon.colcon_core.package_identification:_identify(src/sllidar_ros2) by extension 'ignore_ament_install'
[20.945s] Level 1:colcon.colcon_core.package_identification:_identify(src/sllidar_ros2) by extensions ['colcon_pkg']
[20.945s] Level 1:colcon.colcon_core.package_identification:_identify(src/sllidar_ros2) by extension 'colcon_pkg'
[20.945s] Level 1:colcon.colcon_core.package_identification:_identify(src/sllidar_ros2) by extensions ['colcon_meta']
[20.945s] Level 1:colcon.colcon_core.package_identification:_identify(src/sllidar_ros2) by extension 'colcon_meta'
[20.946s] Level 1:colcon.colcon_core.package_identification:_identify(src/sllidar_ros2) by extensions ['ros']
[20.946s] Level 1:colcon.colcon_core.package_identification:_identify(src/sllidar_ros2) by extension 'ros'
[20.949s] DEBUG:colcon.colcon_core.package_identification:Package 'src/sllidar_ros2' with type 'ros.ament_cmake' and name 'sllidar_ros2'
[20.950s] Level 1:colcon.colcon_core.package_identification:_identify(src/vision_ai_node) by extensions ['ignore', 'ignore_ament_install']
[20.950s] Level 1:colcon.colcon_core.package_identification:_identify(src/vision_ai_node) by extension 'ignore'
[20.951s] Level 1:colcon.colcon_core.package_identification:_identify(src/vision_ai_node) by extension 'ignore_ament_install'
[20.951s] Level 1:colcon.colcon_core.package_identification:_identify(src/vision_ai_node) by extensions ['colcon_pkg']
[20.951s] Level 1:colcon.colcon_core.package_identification:_identify(src/vision_ai_node) by extension 'colcon_pkg'
[20.952s] Level 1:colcon.colcon_core.package_identification:_identify(src/vision_ai_node) by extensions ['colcon_meta']
[20.952s] Level 1:colcon.colcon_core.package_identification:_identify(src/vision_ai_node) by extension 'colcon_meta'
[20.952s] Level 1:colcon.colcon_core.package_identification:_identify(src/vision_ai_node) by extensions ['ros']
[20.952s] Level 1:colcon.colcon_core.package_identification:_identify(src/vision_ai_node) by extension 'ros'
[20.955s] DEBUG:colcon.colcon_core.package_identification:Package 'src/vision_ai_node' with type 'ros.ament_python' and name 'vision_ai_node'
[20.956s] Level 1:colcon.colcon_core.package_identification:_identify(src/vision_msgs) by extensions ['ignore', 'ignore_ament_install']
[20.957s] Level 1:colcon.colcon_core.package_identification:_identify(src/vision_msgs) by extension 'ignore'
[20.957s] Level 1:colcon.colcon_core.package_identification:_identify(src/vision_msgs) by extension 'ignore_ament_install'
[20.957s] Level 1:colcon.colcon_core.package_identification:_identify(src/vision_msgs) by extensions ['colcon_pkg']
[20.958s] Level 1:colcon.colcon_core.package_identification:_identify(src/vision_msgs) by extension 'colcon_pkg'
[20.958s] Level 1:colcon.colcon_core.package_identification:_identify(src/vision_msgs) by extensions ['colcon_meta']
[20.958s] Level 1:colcon.colcon_core.package_identification:_identify(src/vision_msgs) by extension 'colcon_meta'
[20.958s] Level 1:colcon.colcon_core.package_identification:_identify(src/vision_msgs) by extensions ['ros']
[20.959s] Level 1:colcon.colcon_core.package_identification:_identify(src/vision_msgs) by extension 'ros'
[20.961s] DEBUG:colcon.colcon_core.package_identification:Package 'src/vision_msgs' with type 'ros.ament_cmake' and name 'vision_msgs'
[20.962s] Level 1:colcon.colcon_core.package_discovery:discover_packages(recursive) using defaults
[20.962s] Level 1:colcon.colcon_core.package_discovery:discover_packages(ignore) discover
[20.962s] Level 1:colcon.colcon_core.package_discovery:discover_packages(ignore) using defaults
[20.962s] Level 1:colcon.colcon_core.package_discovery:discover_packages(path) discover
[20.963s] Level 1:colcon.colcon_core.package_discovery:discover_packages(path) using defaults
[21.127s] INFO:colcon.colcon_core.package_selection:Skipping not selected package 'camera_node' in 'src/camera_node'
[21.128s] INFO:colcon.colcon_core.package_selection:Skipping not selected package 'esp32_ros2_bridge' in 'src/esp32_ros2_bridge'
[21.128s] INFO:colcon.colcon_core.package_selection:Skipping not selected package 'robot_description' in 'src/robot_description'
[21.128s] INFO:colcon.colcon_core.package_selection:Skipping not selected package 'sllidar_ros2' in 'src/sllidar_ros2'
[21.128s] INFO:colcon.colcon_core.package_selection:Skipping not selected package 'vision_msgs' in 'src/vision_msgs'
[21.128s] INFO:colcon.colcon_core.package_selection:Skipping not selected package 'robot_ai' in 'src/robot_ai'
[21.129s] INFO:colcon.colcon_core.package_selection:Skipping not selected package 'robot_bringup' in 'src/robot_bringup'
[21.129s] INFO:colcon.colcon_core.package_selection:Skipping not selected package 'vision_ai_node' in 'src/vision_ai_node'
[21.132s] Level 1:colcon.colcon_core.package_discovery:discover_packages(prefix_path) check parameters
[21.133s] Level 1:colcon.colcon_core.package_discovery:discover_packages(prefix_path) discover
[21.157s] DEBUG:colcon.colcon_installed_package_information.package_discovery:Found 10 installed packages in /home/robot/robot_ws/install
[21.168s] DEBUG:colcon.colcon_installed_package_information.package_discovery:Found 259 installed packages in /opt/ros/humble
[21.222s] Level 1:colcon.colcon_core.package_discovery:discover_packages(prefix_path) using defaults
[21.413s] Level 5:colcon.colcon_core.verb:set package 'robot_serial' build argument 'cmake_args' from command line to 'None'
[21.414s] Level 5:colcon.colcon_core.verb:set package 'robot_serial' build argument 'cmake_target' from command line to 'None'
[21.414s] Level 5:colcon.colcon_core.verb:set package 'robot_serial' build argument 'cmake_target_skip_unavailable' from command line to 'False'
[21.414s] Level 5:colcon.colcon_core.verb:set package 'robot_serial' build argument 'cmake_clean_cache' from command line to 'False'
[21.414s] Level 5:colcon.colcon_core.verb:set package 'robot_serial' build argument 'cmake_clean_first' from command line to 'False'
[21.414s] Level 5:colcon.colcon_core.verb:set package 'robot_serial' build argument 'cmake_force_configure' from command line to 'False'
[21.415s] Level 5:colcon.colcon_core.verb:set package 'robot_serial' build argument 'ament_cmake_args' from command line to 'None'
[21.415s] Level 5:colcon.colcon_core.verb:set package 'robot_serial' build argument 'catkin_cmake_args' from command line to 'None'
[21.415s] Level 5:colcon.colcon_core.verb:set package 'robot_serial' build argument 'catkin_skip_building_tests' from command line to 'False'
[21.415s] DEBUG:colcon.colcon_core.verb:Building package 'robot_serial' with the following arguments: {'ament_cmake_args': None, 'build_base': '/home/robot/robot_ws/build/robot_serial', 'catkin_cmake_args': None, 'catkin_skip_building_tests': False, 'cmake_args': None, 'cmake_clean_cache': False, 'cmake_clean_first': False, 'cmake_force_configure': False, 'cmake_target': None, 'cmake_target_skip_unavailable': False, 'install_base': '/home/robot/robot_ws/install/robot_serial', 'merge_install': False, 'path': '/home/robot/robot_ws/src/robot_serial', 'symlink_install': False, 'test_result_base': None}
[21.416s] INFO:colcon.colcon_core.executor:Executing jobs using 'parallel' executor
[21.420s] DEBUG:colcon.colcon_parallel_executor.executor.parallel:run_until_complete
[21.421s] INFO:colcon.colcon_ros.task.ament_python.build:Building ROS package in '/home/robot/robot_ws/src/robot_serial' with build type 'ament_python'
[21.422s] Level 1:colcon.colcon_core.shell:create_environment_hook('robot_serial', 'ament_prefix_path')
[21.455s] INFO:colcon.colcon_core.plugin_system:Skipping extension 'colcon_core.shell.bat': Not used on non-Windows systems
[21.457s] INFO:colcon.colcon_core.shell:Creating environment hook '/home/robot/robot_ws/install/robot_serial/share/robot_serial/hook/ament_prefix_path.ps1'
[21.462s] INFO:colcon.colcon_core.shell:Creating environment descriptor '/home/robot/robot_ws/install/robot_serial/share/robot_serial/hook/ament_prefix_path.dsv'
[21.467s] INFO:colcon.colcon_core.shell:Creating environment hook '/home/robot/robot_ws/install/robot_serial/share/robot_serial/hook/ament_prefix_path.sh'
[21.476s] INFO:colcon.colcon_core.shell:Skip shell extension 'powershell' for command environment: Not usable outside of PowerShell
[21.477s] DEBUG:colcon.colcon_core.shell:Skip shell extension 'dsv' for command environment
[23.762s] INFO:colcon.colcon_core.task.python.build:Building Python package in '/home/robot/robot_ws/src/robot_serial'
[23.763s] INFO:colcon.colcon_core.shell:Skip shell extension 'powershell' for command environment: Not usable outside of PowerShell
[23.764s] DEBUG:colcon.colcon_core.shell:Skip shell extension 'dsv' for command environment
[41.691s] DEBUG:colcon.colcon_core.task.python.build:Available setuptools commands: upload, install_data, symlink_data, egg_info, bdist, bdist_dumb, build_ext, saveopts, build_clib, test, extract_messages, register, install_lib, dist_info, build_py, setopt, init_catalog, rotate, sdist, clean, build, install_headers, upload_docs, check, install_egg_info, compile_catalog, update_catalog, alias, develop, bdist_wheel, install, bdist_rpm, build_scripts, install_scripts, bdist_egg, easy_install
[41.707s] DEBUG:colcon.colcon_core.event_handler.log_command:Invoking command in '/home/robot/robot_ws/src/robot_serial': PYTHONPATH=/home/robot/robot_ws/build/robot_serial/prefix_override:/usr/lib/python3/dist-packages/colcon_core/task/python/colcon_distutils_commands:/home/robot/robot_ws/install/robot_serial/lib/python3.10/site-packages:${PYTHONPATH} /usr/bin/python3 -W ignore:setup.py install is deprecated -W ignore:easy_install command is deprecated setup.py egg_info --egg-base ../../build/robot_serial build --build-base /home/robot/robot_ws/build/robot_serial/build install --record /home/robot/robot_ws/build/robot_serial/install.log --install-scripts $base/lib/robot_serial --single-version-externally-managed install_data
[44.413s] DEBUG:colcon.colcon_core.event_handler.log_command:Invoked command in '/home/robot/robot_ws/src/robot_serial' returned '0': PYTHONPATH=/home/robot/robot_ws/build/robot_serial/prefix_override:/usr/lib/python3/dist-packages/colcon_core/task/python/colcon_distutils_commands:/home/robot/robot_ws/install/robot_serial/lib/python3.10/site-packages:${PYTHONPATH} /usr/bin/python3 -W ignore:setup.py install is deprecated -W ignore:easy_install command is deprecated setup.py egg_info --egg-base ../../build/robot_serial build --build-base /home/robot/robot_ws/build/robot_serial/build install --record /home/robot/robot_ws/build/robot_serial/install.log --install-scripts $base/lib/robot_serial --single-version-externally-managed install_data
[45.352s] Level 1:colcon.colcon_core.environment:checking '/home/robot/robot_ws/install/robot_serial' for CMake module files
[45.356s] Level 1:colcon.colcon_core.environment:checking '/home/robot/robot_ws/install/robot_serial' for CMake config files
[45.361s] Level 1:colcon.colcon_core.environment:checking '/home/robot/robot_ws/install/robot_serial/lib'
[45.362s] Level 1:colcon.colcon_core.environment:checking '/home/robot/robot_ws/install/robot_serial/bin'
[45.362s] Level 1:colcon.colcon_core.environment:checking '/home/robot/robot_ws/install/robot_serial/lib/pkgconfig/robot_serial.pc'
[45.363s] Level 1:colcon.colcon_core.environment:checking '/home/robot/robot_ws/install/robot_serial/lib/python3.10/site-packages'
[45.364s] Level 1:colcon.colcon_core.shell:create_environment_hook('robot_serial', 'pythonpath')
[45.365s] INFO:colcon.colcon_core.shell:Creating environment hook '/home/robot/robot_ws/install/robot_serial/share/robot_serial/hook/pythonpath.ps1'
[45.368s] INFO:colcon.colcon_core.shell:Creating environment descriptor '/home/robot/robot_ws/install/robot_serial/share/robot_serial/hook/pythonpath.dsv'
[45.370s] INFO:colcon.colcon_core.shell:Creating environment hook '/home/robot/robot_ws/install/robot_serial/share/robot_serial/hook/pythonpath.sh'
[45.374s] Level 1:colcon.colcon_core.environment:checking '/home/robot/robot_ws/install/robot_serial/bin'
[45.374s] Level 1:colcon.colcon_core.environment:create_environment_scripts_only(robot_serial)
[45.376s] INFO:colcon.colcon_core.shell:Creating package script '/home/robot/robot_ws/install/robot_serial/share/robot_serial/package.ps1'
[45.737s] INFO:colcon.colcon_core.shell:Creating package descriptor '/home/robot/robot_ws/install/robot_serial/share/robot_serial/package.dsv'
[45.937s] INFO:colcon.colcon_core.shell:Creating package script '/home/robot/robot_ws/install/robot_serial/share/robot_serial/package.sh'
[46.115s] INFO:colcon.colcon_core.shell:Creating package script '/home/robot/robot_ws/install/robot_serial/share/robot_serial/package.bash'
[46.319s] INFO:colcon.colcon_core.shell:Creating package script '/home/robot/robot_ws/install/robot_serial/share/robot_serial/package.zsh'
[46.495s] Level 1:colcon.colcon_core.environment:create_file_with_runtime_dependencies(/home/robot/robot_ws/install/robot_serial/share/colcon-core/packages/robot_serial)
[46.497s] DEBUG:colcon.colcon_parallel_executor.executor.parallel:closing loop
[46.499s] DEBUG:colcon.colcon_parallel_executor.executor.parallel:loop closed
[46.502s] DEBUG:colcon.colcon_parallel_executor.executor.parallel:run_until_complete finished with '0'
[46.503s] DEBUG:colcon.colcon_core.event_reactor:joining thread
[46.508s] DEBUG:colcon.colcon_core.event_reactor:joined thread
[46.510s] INFO:colcon.colcon_core.shell:Creating prefix script '/home/robot/robot_ws/install/local_setup.ps1'
[46.772s] INFO:colcon.colcon_core.shell:Creating prefix util module '/home/robot/robot_ws/install/_local_setup_util_ps1.py'
[46.833s] INFO:colcon.colcon_core.shell:Creating prefix chain script '/home/robot/robot_ws/install/setup.ps1'
[47.077s] INFO:colcon.colcon_core.shell:Creating prefix script '/home/robot/robot_ws/install/local_setup.sh'
[47.301s] INFO:colcon.colcon_core.shell:Creating prefix util module '/home/robot/robot_ws/install/_local_setup_util_sh.py'
[47.304s] INFO:colcon.colcon_core.shell:Creating prefix chain script '/home/robot/robot_ws/install/setup.sh'
[47.706s] INFO:colcon.colcon_core.shell:Creating prefix script '/home/robot/robot_ws/install/local_setup.bash'
[47.946s] INFO:colcon.colcon_core.shell:Creating prefix chain script '/home/robot/robot_ws/install/setup.bash'
[48.142s] INFO:colcon.colcon_core.shell:Creating prefix script '/home/robot/robot_ws/install/local_setup.zsh'
[48.328s] INFO:colcon.colcon_core.shell:Creating prefix chain script '/home/robot/robot_ws/install/setup.zsh'
