[9.090s] Invoking command in '/home/robot/robot_ws/src/robot_ai': PYTHONPATH=/home/robot/robot_ws/build/robot_ai/prefix_override:/usr/lib/python3/dist-packages/colcon_core/task/python/colcon_distutils_commands:/home/robot/robot_ws/install/robot_ai/lib/python3.10/site-packages:${PYTHONPATH} /usr/bin/python3 -W ignore:setup.py install is deprecated -W ignore:easy_install command is deprecated setup.py egg_info --egg-base ../../build/robot_ai build --build-base /home/robot/robot_ws/build/robot_ai/build install --record /home/robot/robot_ws/build/robot_ai/install.log --install-scripts $base/lib/robot_ai --single-version-externally-managed install_data
[11.360s] running egg_info
[11.361s] writing ../../build/robot_ai/robot_ai.egg-info/PKG-INFO
[11.362s] writing dependency_links to ../../build/robot_ai/robot_ai.egg-info/dependency_links.txt
[11.363s] writing entry points to ../../build/robot_ai/robot_ai.egg-info/entry_points.txt
[11.364s] writing requirements to ../../build/robot_ai/robot_ai.egg-info/requires.txt
[11.365s] writing top-level names to ../../build/robot_ai/robot_ai.egg-info/top_level.txt
[11.370s] reading manifest file '../../build/robot_ai/robot_ai.egg-info/SOURCES.txt'
[11.376s] writing manifest file '../../build/robot_ai/robot_ai.egg-info/SOURCES.txt'
[11.377s] running build
[11.378s] running build_py
[11.381s] running install
[11.382s] running install_lib
[11.392s] running install_data
[11.393s] running install_egg_info
[11.405s] removing '/home/robot/robot_ws/install/robot_ai/lib/python3.10/site-packages/robot_ai-1.0.0-py3.10.egg-info' (and everything under it)
[11.408s] Copying ../../build/robot_ai/robot_ai.egg-info to /home/robot/robot_ws/install/robot_ai/lib/python3.10/site-packages/robot_ai-1.0.0-py3.10.egg-info
[11.417s] running install_scripts
[11.531s] Installing ai_node script to /home/robot/robot_ws/install/robot_ai/lib/robot_ai
[11.534s] writing list of installed files to '/home/robot/robot_ws/build/robot_ai/install.log'
[11.667s] Invoked command in '/home/robot/robot_ws/src/robot_ai' returned '0': PYTHONPATH=/home/robot/robot_ws/build/robot_ai/prefix_override:/usr/lib/python3/dist-packages/colcon_core/task/python/colcon_distutils_commands:/home/robot/robot_ws/install/robot_ai/lib/python3.10/site-packages:${PYTHONPATH} /usr/bin/python3 -W ignore:setup.py install is deprecated -W ignore:easy_install command is deprecated setup.py egg_info --egg-base ../../build/robot_ai build --build-base /home/robot/robot_ws/build/robot_ai/build install --record /home/robot/robot_ws/build/robot_ai/install.log --install-scripts $base/lib/robot_ai --single-version-externally-managed install_data
