[0.526s] DEBUG:colcon:Command line arguments: ['/usr/bin/colcon', 'build', '--packages-select', 'web_bridge']
[0.526s] DEBUG:colcon:Parsed command line arguments: Namespace(log_base=None, log_level=None, verb_name='build', build_base='build', install_base='install', merge_install=False, symlink_install=False, test_result_base=None, continue_on_error=False, executor='parallel', parallel_workers=4, event_handlers=None, ignore_user_meta=False, metas=['./colcon.meta'], base_paths=['.'], packages_ignore=None, packages_ignore_regex=None, paths=None, packages_up_to=None, packages_up_to_regex=None, packages_above=None, packages_above_and_dependencies=None, packages_above_depth=None, packages_select_by_dep=None, packages_skip_by_dep=None, packages_skip_up_to=None, packages_select_build_failed=False, packages_skip_build_finished=False, packages_select_test_failures=False, packages_skip_test_passed=False, packages_select=['web_bridge'], packages_skip=None, packages_select_regex=None, packages_skip_regex=None, packages_start=None, packages_end=None, allow_overriding=[], cmake_args=None, cmake_target=None, cmake_target_skip_unavailable=False, cmake_clean_cache=False, cmake_clean_first=False, cmake_force_configure=False, ament_cmake_args=None, catkin_cmake_args=None, catkin_skip_building_tests=False, verb_parser=<colcon_defaults.argument_parser.defaults.DefaultArgumentsDecorator object at 0xffffa4958e50>, verb_extension=<colcon_core.verb.build.BuildVerb object at 0xffffa4ace5c0>, main=<bound method BuildVerb.main of <colcon_core.verb.build.BuildVerb object at 0xffffa4ace5c0>>)
[1.492s] Level 1:colcon.colcon_core.package_discovery:discover_packages(colcon_meta) check parameters
[1.492s] Level 1:colcon.colcon_core.package_discovery:discover_packages(recursive) check parameters
[1.492s] Level 1:colcon.colcon_core.package_discovery:discover_packages(ignore) check parameters
[1.493s] Level 1:colcon.colcon_core.package_discovery:discover_packages(path) check parameters
[1.493s] Level 1:colcon.colcon_core.package_discovery:discover_packages(colcon_meta) discover
[1.493s] Level 1:colcon.colcon_core.package_discovery:discover_packages(recursive) discover
[1.493s] INFO:colcon.colcon_core.package_discovery:Crawling recursively for packages in '/home/robot/robot_ws'
[1.494s] Level 1:colcon.colcon_core.package_identification:_identify(.) by extensions ['ignore', 'ignore_ament_install']
[1.494s] Level 1:colcon.colcon_core.package_identification:_identify(.) by extension 'ignore'
[1.495s] Level 1:colcon.colcon_core.package_identification:_identify(.) by extension 'ignore_ament_install'
[1.495s] Level 1:colcon.colcon_core.package_identification:_identify(.) by extensions ['colcon_pkg']
[1.495s] Level 1:colcon.colcon_core.package_identification:_identify(.) by extension 'colcon_pkg'
[1.496s] Level 1:colcon.colcon_core.package_identification:_identify(.) by extensions ['colcon_meta']
[1.496s] Level 1:colcon.colcon_core.package_identification:_identify(.) by extension 'colcon_meta'
[1.496s] Level 1:colcon.colcon_core.package_identification:_identify(.) by extensions ['ros']
[1.496s] Level 1:colcon.colcon_core.package_identification:_identify(.) by extension 'ros'
[1.553s] Level 1:colcon.colcon_core.package_identification:_identify(.) by extensions ['cmake', 'python']
[1.553s] Level 1:colcon.colcon_core.package_identification:_identify(.) by extension 'cmake'
[1.554s] Level 1:colcon.colcon_core.package_identification:_identify(.) by extension 'python'
[1.554s] Level 1:colcon.colcon_core.package_identification:_identify(.) by extensions ['python_setup_py']
[1.554s] Level 1:colcon.colcon_core.package_identification:_identify(.) by extension 'python_setup_py'
[1.555s] Level 1:colcon.colcon_core.package_identification:_identify(build) by extensions ['ignore', 'ignore_ament_install']
[1.556s] Level 1:colcon.colcon_core.package_identification:_identify(build) by extension 'ignore'
[1.556s] Level 1:colcon.colcon_core.package_identification:_identify(build) ignored
[1.557s] Level 1:colcon.colcon_core.package_identification:_identify(install) by extensions ['ignore', 'ignore_ament_install']
[1.558s] Level 1:colcon.colcon_core.package_identification:_identify(install) by extension 'ignore'
[1.558s] Level 1:colcon.colcon_core.package_identification:_identify(install) ignored
[1.559s] Level 1:colcon.colcon_core.package_identification:_identify(log) by extensions ['ignore', 'ignore_ament_install']
[1.559s] Level 1:colcon.colcon_core.package_identification:_identify(log) by extension 'ignore'
[1.559s] Level 1:colcon.colcon_core.package_identification:_identify(log) ignored
[1.560s] Level 1:colcon.colcon_core.package_identification:_identify(src) by extensions ['ignore', 'ignore_ament_install']
[1.561s] Level 1:colcon.colcon_core.package_identification:_identify(src) by extension 'ignore'
[1.561s] Level 1:colcon.colcon_core.package_identification:_identify(src) by extension 'ignore_ament_install'
[1.561s] Level 1:colcon.colcon_core.package_identification:_identify(src) by extensions ['colcon_pkg']
[1.561s] Level 1:colcon.colcon_core.package_identification:_identify(src) by extension 'colcon_pkg'
[1.562s] Level 1:colcon.colcon_core.package_identification:_identify(src) by extensions ['colcon_meta']
[1.562s] Level 1:colcon.colcon_core.package_identification:_identify(src) by extension 'colcon_meta'
[1.562s] Level 1:colcon.colcon_core.package_identification:_identify(src) by extensions ['ros']
[1.562s] Level 1:colcon.colcon_core.package_identification:_identify(src) by extension 'ros'
[1.563s] Level 1:colcon.colcon_core.package_identification:_identify(src) by extensions ['cmake', 'python']
[1.563s] Level 1:colcon.colcon_core.package_identification:_identify(src) by extension 'cmake'
[1.563s] Level 1:colcon.colcon_core.package_identification:_identify(src) by extension 'python'
[1.563s] Level 1:colcon.colcon_core.package_identification:_identify(src) by extensions ['python_setup_py']
[1.563s] Level 1:colcon.colcon_core.package_identification:_identify(src) by extension 'python_setup_py'
[1.564s] Level 1:colcon.colcon_core.package_identification:_identify(src/camera_node) by extensions ['ignore', 'ignore_ament_install']
[1.565s] Level 1:colcon.colcon_core.package_identification:_identify(src/camera_node) by extension 'ignore'
[1.565s] Level 1:colcon.colcon_core.package_identification:_identify(src/camera_node) by extension 'ignore_ament_install'
[1.565s] Level 1:colcon.colcon_core.package_identification:_identify(src/camera_node) by extensions ['colcon_pkg']
[1.565s] Level 1:colcon.colcon_core.package_identification:_identify(src/camera_node) by extension 'colcon_pkg'
[1.566s] Level 1:colcon.colcon_core.package_identification:_identify(src/camera_node) by extensions ['colcon_meta']
[1.566s] Level 1:colcon.colcon_core.package_identification:_identify(src/camera_node) by extension 'colcon_meta'
[1.566s] Level 1:colcon.colcon_core.package_identification:_identify(src/camera_node) by extensions ['ros']
[1.566s] Level 1:colcon.colcon_core.package_identification:_identify(src/camera_node) by extension 'ros'
[1.577s] DEBUG:colcon.colcon_core.package_identification:Package 'src/camera_node' with type 'ros.ament_python' and name 'camera_node'
[1.578s] Level 1:colcon.colcon_core.package_identification:_identify(src/robot_ai) by extensions ['ignore', 'ignore_ament_install']
[1.578s] Level 1:colcon.colcon_core.package_identification:_identify(src/robot_ai) by extension 'ignore'
[1.579s] Level 1:colcon.colcon_core.package_identification:_identify(src/robot_ai) by extension 'ignore_ament_install'
[1.579s] Level 1:colcon.colcon_core.package_identification:_identify(src/robot_ai) by extensions ['colcon_pkg']
[1.579s] Level 1:colcon.colcon_core.package_identification:_identify(src/robot_ai) by extension 'colcon_pkg'
[1.580s] Level 1:colcon.colcon_core.package_identification:_identify(src/robot_ai) by extensions ['colcon_meta']
[1.580s] Level 1:colcon.colcon_core.package_identification:_identify(src/robot_ai) by extension 'colcon_meta'
[1.580s] Level 1:colcon.colcon_core.package_identification:_identify(src/robot_ai) by extensions ['ros']
[1.580s] Level 1:colcon.colcon_core.package_identification:_identify(src/robot_ai) by extension 'ros'
[1.583s] DEBUG:colcon.colcon_core.package_identification:Package 'src/robot_ai' with type 'ros.ament_python' and name 'robot_ai'
[1.584s] Level 1:colcon.colcon_core.package_identification:_identify(src/robot_bringup) by extensions ['ignore', 'ignore_ament_install']
[1.585s] Level 1:colcon.colcon_core.package_identification:_identify(src/robot_bringup) by extension 'ignore'
[1.585s] Level 1:colcon.colcon_core.package_identification:_identify(src/robot_bringup) by extension 'ignore_ament_install'
[1.586s] Level 1:colcon.colcon_core.package_identification:_identify(src/robot_bringup) by extensions ['colcon_pkg']
[1.586s] Level 1:colcon.colcon_core.package_identification:_identify(src/robot_bringup) by extension 'colcon_pkg'
[1.586s] Level 1:colcon.colcon_core.package_identification:_identify(src/robot_bringup) by extensions ['colcon_meta']
[1.586s] Level 1:colcon.colcon_core.package_identification:_identify(src/robot_bringup) by extension 'colcon_meta'
[1.587s] Level 1:colcon.colcon_core.package_identification:_identify(src/robot_bringup) by extensions ['ros']
[1.587s] Level 1:colcon.colcon_core.package_identification:_identify(src/robot_bringup) by extension 'ros'
[1.590s] DEBUG:colcon.colcon_core.package_identification:Package 'src/robot_bringup' with type 'ros.ament_cmake' and name 'robot_bringup'
[1.591s] Level 1:colcon.colcon_core.package_identification:_identify(src/robot_description) by extensions ['ignore', 'ignore_ament_install']
[1.591s] Level 1:colcon.colcon_core.package_identification:_identify(src/robot_description) by extension 'ignore'
[1.592s] Level 1:colcon.colcon_core.package_identification:_identify(src/robot_description) by extension 'ignore_ament_install'
[1.592s] Level 1:colcon.colcon_core.package_identification:_identify(src/robot_description) by extensions ['colcon_pkg']
[1.592s] Level 1:colcon.colcon_core.package_identification:_identify(src/robot_description) by extension 'colcon_pkg'
[1.592s] Level 1:colcon.colcon_core.package_identification:_identify(src/robot_description) by extensions ['colcon_meta']
[1.593s] Level 1:colcon.colcon_core.package_identification:_identify(src/robot_description) by extension 'colcon_meta'
[1.593s] Level 1:colcon.colcon_core.package_identification:_identify(src/robot_description) by extensions ['ros']
[1.593s] Level 1:colcon.colcon_core.package_identification:_identify(src/robot_description) by extension 'ros'
[1.596s] DEBUG:colcon.colcon_core.package_identification:Package 'src/robot_description' with type 'ros.ament_cmake' and name 'robot_description'
[1.597s] Level 1:colcon.colcon_core.package_identification:_identify(src/robot_serial) by extensions ['ignore', 'ignore_ament_install']
[1.598s] Level 1:colcon.colcon_core.package_identification:_identify(src/robot_serial) by extension 'ignore'
[1.598s] Level 1:colcon.colcon_core.package_identification:_identify(src/robot_serial) by extension 'ignore_ament_install'
[1.598s] Level 1:colcon.colcon_core.package_identification:_identify(src/robot_serial) by extensions ['colcon_pkg']
[1.598s] Level 1:colcon.colcon_core.package_identification:_identify(src/robot_serial) by extension 'colcon_pkg'
[1.599s] Level 1:colcon.colcon_core.package_identification:_identify(src/robot_serial) by extensions ['colcon_meta']
[1.599s] Level 1:colcon.colcon_core.package_identification:_identify(src/robot_serial) by extension 'colcon_meta'
[1.599s] Level 1:colcon.colcon_core.package_identification:_identify(src/robot_serial) by extensions ['ros']
[1.599s] Level 1:colcon.colcon_core.package_identification:_identify(src/robot_serial) by extension 'ros'
[1.602s] DEBUG:colcon.colcon_core.package_identification:Package 'src/robot_serial' with type 'ros.ament_python' and name 'robot_serial'
[1.603s] Level 1:colcon.colcon_core.package_identification:_identify(src/sllidar_ros2) by extensions ['ignore', 'ignore_ament_install']
[1.603s] Level 1:colcon.colcon_core.package_identification:_identify(src/sllidar_ros2) by extension 'ignore'
[1.604s] Level 1:colcon.colcon_core.package_identification:_identify(src/sllidar_ros2) by extension 'ignore_ament_install'
[1.604s] Level 1:colcon.colcon_core.package_identification:_identify(src/sllidar_ros2) by extensions ['colcon_pkg']
[1.604s] Level 1:colcon.colcon_core.package_identification:_identify(src/sllidar_ros2) by extension 'colcon_pkg'
[1.605s] Level 1:colcon.colcon_core.package_identification:_identify(src/sllidar_ros2) by extensions ['colcon_meta']
[1.605s] Level 1:colcon.colcon_core.package_identification:_identify(src/sllidar_ros2) by extension 'colcon_meta'
[1.605s] Level 1:colcon.colcon_core.package_identification:_identify(src/sllidar_ros2) by extensions ['ros']
[1.605s] Level 1:colcon.colcon_core.package_identification:_identify(src/sllidar_ros2) by extension 'ros'
[1.608s] DEBUG:colcon.colcon_core.package_identification:Package 'src/sllidar_ros2' with type 'ros.ament_cmake' and name 'sllidar_ros2'
[1.609s] Level 1:colcon.colcon_core.package_identification:_identify(src/vision_ai_node) by extensions ['ignore', 'ignore_ament_install']
[1.609s] Level 1:colcon.colcon_core.package_identification:_identify(src/vision_ai_node) by extension 'ignore'
[1.610s] Level 1:colcon.colcon_core.package_identification:_identify(src/vision_ai_node) by extension 'ignore_ament_install'
[1.610s] Level 1:colcon.colcon_core.package_identification:_identify(src/vision_ai_node) by extensions ['colcon_pkg']
[1.610s] Level 1:colcon.colcon_core.package_identification:_identify(src/vision_ai_node) by extension 'colcon_pkg'
[1.610s] Level 1:colcon.colcon_core.package_identification:_identify(src/vision_ai_node) by extensions ['colcon_meta']
[1.611s] Level 1:colcon.colcon_core.package_identification:_identify(src/vision_ai_node) by extension 'colcon_meta'
[1.611s] Level 1:colcon.colcon_core.package_identification:_identify(src/vision_ai_node) by extensions ['ros']
[1.611s] Level 1:colcon.colcon_core.package_identification:_identify(src/vision_ai_node) by extension 'ros'
[1.614s] DEBUG:colcon.colcon_core.package_identification:Package 'src/vision_ai_node' with type 'ros.ament_python' and name 'vision_ai_node'
[1.615s] Level 1:colcon.colcon_core.package_identification:_identify(src/vision_msgs) by extensions ['ignore', 'ignore_ament_install']
[1.615s] Level 1:colcon.colcon_core.package_identification:_identify(src/vision_msgs) by extension 'ignore'
[1.615s] Level 1:colcon.colcon_core.package_identification:_identify(src/vision_msgs) by extension 'ignore_ament_install'
[1.616s] Level 1:colcon.colcon_core.package_identification:_identify(src/vision_msgs) by extensions ['colcon_pkg']
[1.616s] Level 1:colcon.colcon_core.package_identification:_identify(src/vision_msgs) by extension 'colcon_pkg'
[1.616s] Level 1:colcon.colcon_core.package_identification:_identify(src/vision_msgs) by extensions ['colcon_meta']
[1.616s] Level 1:colcon.colcon_core.package_identification:_identify(src/vision_msgs) by extension 'colcon_meta'
[1.617s] Level 1:colcon.colcon_core.package_identification:_identify(src/vision_msgs) by extensions ['ros']
[1.617s] Level 1:colcon.colcon_core.package_identification:_identify(src/vision_msgs) by extension 'ros'
[1.619s] DEBUG:colcon.colcon_core.package_identification:Package 'src/vision_msgs' with type 'ros.ament_cmake' and name 'vision_msgs'
[1.620s] Level 1:colcon.colcon_core.package_identification:_identify(src/web_bridge) by extensions ['ignore', 'ignore_ament_install']
[1.621s] Level 1:colcon.colcon_core.package_identification:_identify(src/web_bridge) by extension 'ignore'
[1.621s] Level 1:colcon.colcon_core.package_identification:_identify(src/web_bridge) by extension 'ignore_ament_install'
[1.621s] Level 1:colcon.colcon_core.package_identification:_identify(src/web_bridge) by extensions ['colcon_pkg']
[1.621s] Level 1:colcon.colcon_core.package_identification:_identify(src/web_bridge) by extension 'colcon_pkg'
[1.622s] Level 1:colcon.colcon_core.package_identification:_identify(src/web_bridge) by extensions ['colcon_meta']
[1.622s] Level 1:colcon.colcon_core.package_identification:_identify(src/web_bridge) by extension 'colcon_meta'
[1.622s] Level 1:colcon.colcon_core.package_identification:_identify(src/web_bridge) by extensions ['ros']
[1.622s] Level 1:colcon.colcon_core.package_identification:_identify(src/web_bridge) by extension 'ros'
[1.624s] DEBUG:colcon.colcon_core.package_identification:Failed to parse potential ROS package manifest in'src/web_bridge': Error(s) in package 'src/web_bridge/package.xml':
The manifest contains invalid XML:
unclosed token: line 2, column 0
[1.624s] Level 1:colcon.colcon_core.package_identification:_identify(src/web_bridge) by extensions ['cmake', 'python']
[1.624s] Level 1:colcon.colcon_core.package_identification:_identify(src/web_bridge) by extension 'cmake'
[1.625s] Level 1:colcon.colcon_core.package_identification:_identify(src/web_bridge) by extension 'python'
[1.625s] Level 1:colcon.colcon_core.package_identification:_identify(src/web_bridge) by extensions ['python_setup_py']
[1.625s] Level 1:colcon.colcon_core.package_identification:_identify(src/web_bridge) by extension 'python_setup_py'
[2.973s] DEBUG:colcon.colcon_core.package_identification:Package 'src/web_bridge' with type 'python' and name 'web_bridge'
[2.974s] Level 1:colcon.colcon_core.package_discovery:discover_packages(recursive) using defaults
[2.974s] Level 1:colcon.colcon_core.package_discovery:discover_packages(ignore) discover
[2.975s] Level 1:colcon.colcon_core.package_discovery:discover_packages(ignore) using defaults
[2.975s] Level 1:colcon.colcon_core.package_discovery:discover_packages(path) discover
[2.975s] Level 1:colcon.colcon_core.package_discovery:discover_packages(path) using defaults
[3.103s] INFO:colcon.colcon_core.package_selection:Skipping not selected package 'camera_node' in 'src/camera_node'
[3.103s] INFO:colcon.colcon_core.package_selection:Skipping not selected package 'robot_description' in 'src/robot_description'
[3.103s] INFO:colcon.colcon_core.package_selection:Skipping not selected package 'robot_serial' in 'src/robot_serial'
[3.104s] INFO:colcon.colcon_core.package_selection:Skipping not selected package 'sllidar_ros2' in 'src/sllidar_ros2'
[3.104s] INFO:colcon.colcon_core.package_selection:Skipping not selected package 'vision_msgs' in 'src/vision_msgs'
[3.104s] INFO:colcon.colcon_core.package_selection:Skipping not selected package 'robot_ai' in 'src/robot_ai'
[3.105s] INFO:colcon.colcon_core.package_selection:Skipping not selected package 'robot_bringup' in 'src/robot_bringup'
[3.105s] INFO:colcon.colcon_core.package_selection:Skipping not selected package 'vision_ai_node' in 'src/vision_ai_node'
[3.107s] Level 1:colcon.colcon_core.package_discovery:discover_packages(prefix_path) check parameters
[3.107s] Level 1:colcon.colcon_core.package_discovery:discover_packages(prefix_path) discover
[3.115s] WARNING:colcon.colcon_ros.prefix_path.ament:The path '/home/robot/robot_ws/install/robot_camera' in the environment variable AMENT_PREFIX_PATH doesn't exist
[3.115s] WARNING:colcon.colcon_ros.prefix_path.ament:The path '/home/robot/robot_ws/install/esp32_ros2_bridge' in the environment variable AMENT_PREFIX_PATH doesn't exist
[3.122s] DEBUG:colcon.colcon_installed_package_information.package_discovery:Found 8 installed packages in /home/robot/robot_ws/install
[3.133s] DEBUG:colcon.colcon_installed_package_information.package_discovery:Found 259 installed packages in /opt/ros/humble
[3.144s] Level 1:colcon.colcon_core.package_discovery:discover_packages(prefix_path) using defaults
[3.427s] Level 5:colcon.colcon_core.verb:set package 'web_bridge' build argument 'cmake_args' from command line to 'None'
[3.427s] Level 5:colcon.colcon_core.verb:set package 'web_bridge' build argument 'cmake_target' from command line to 'None'
[3.427s] Level 5:colcon.colcon_core.verb:set package 'web_bridge' build argument 'cmake_target_skip_unavailable' from command line to 'False'
[3.427s] Level 5:colcon.colcon_core.verb:set package 'web_bridge' build argument 'cmake_clean_cache' from command line to 'False'
[3.427s] Level 5:colcon.colcon_core.verb:set package 'web_bridge' build argument 'cmake_clean_first' from command line to 'False'
[3.428s] Level 5:colcon.colcon_core.verb:set package 'web_bridge' build argument 'cmake_force_configure' from command line to 'False'
[3.428s] Level 5:colcon.colcon_core.verb:set package 'web_bridge' build argument 'ament_cmake_args' from command line to 'None'
[3.428s] Level 5:colcon.colcon_core.verb:set package 'web_bridge' build argument 'catkin_cmake_args' from command line to 'None'
[3.428s] Level 5:colcon.colcon_core.verb:set package 'web_bridge' build argument 'catkin_skip_building_tests' from command line to 'False'
[3.428s] DEBUG:colcon.colcon_core.verb:Building package 'web_bridge' with the following arguments: {'ament_cmake_args': None, 'build_base': '/home/robot/robot_ws/build/web_bridge', 'catkin_cmake_args': None, 'catkin_skip_building_tests': False, 'cmake_args': None, 'cmake_clean_cache': False, 'cmake_clean_first': False, 'cmake_force_configure': False, 'cmake_target': None, 'cmake_target_skip_unavailable': False, 'install_base': '/home/robot/robot_ws/install/web_bridge', 'merge_install': False, 'path': '/home/robot/robot_ws/src/web_bridge', 'symlink_install': False, 'test_result_base': None}
[3.429s] INFO:colcon.colcon_core.executor:Executing jobs using 'parallel' executor
[3.433s] DEBUG:colcon.colcon_parallel_executor.executor.parallel:run_until_complete
[3.434s] INFO:colcon.colcon_core.task.python.build:Building Python package in '/home/robot/robot_ws/src/web_bridge'
[3.447s] INFO:colcon.colcon_core.plugin_system:Skipping extension 'colcon_core.shell.bat': Not used on non-Windows systems
[3.448s] INFO:colcon.colcon_core.shell:Skip shell extension 'powershell' for command environment: Not usable outside of PowerShell
[3.448s] DEBUG:colcon.colcon_core.shell:Skip shell extension 'dsv' for command environment
[7.064s] DEBUG:colcon.colcon_core.task.python.build:Available setuptools commands: install, install_scripts, build, install_lib, sdist, install_data, build_scripts, build_clib, dist_info, alias, egg_info, rotate, extract_messages, install_headers, upload, bdist_rpm, test, init_catalog, compile_catalog, bdist_wheel, easy_install, install_egg_info, register, bdist_egg, bdist, develop, check, saveopts, build_py, update_catalog, bdist_dumb, clean, build_ext, setopt, upload_docs, symlink_data
[7.070s] DEBUG:colcon.colcon_core.event_handler.log_command:Invoking command in '/home/robot/robot_ws/src/web_bridge': PYTHONPATH=/home/robot/robot_ws/build/web_bridge/prefix_override:/usr/lib/python3/dist-packages/colcon_core/task/python/colcon_distutils_commands:/home/robot/robot_ws/install/web_bridge/lib/python3.10/site-packages:${PYTHONPATH} /usr/bin/python3 -W ignore:setup.py install is deprecated -W ignore:easy_install command is deprecated setup.py egg_info --egg-base ../../build/web_bridge build --build-base /home/robot/robot_ws/build/web_bridge/build install --record /home/robot/robot_ws/build/web_bridge/install.log --single-version-externally-managed install_data
[8.521s] DEBUG:colcon.colcon_core.event_handler.log_command:Invoked command in '/home/robot/robot_ws/src/web_bridge' returned '1': PYTHONPATH=/home/robot/robot_ws/build/web_bridge/prefix_override:/usr/lib/python3/dist-packages/colcon_core/task/python/colcon_distutils_commands:/home/robot/robot_ws/install/web_bridge/lib/python3.10/site-packages:${PYTHONPATH} /usr/bin/python3 -W ignore:setup.py install is deprecated -W ignore:easy_install command is deprecated setup.py egg_info --egg-base ../../build/web_bridge build --build-base /home/robot/robot_ws/build/web_bridge/build install --record /home/robot/robot_ws/build/web_bridge/install.log --single-version-externally-managed install_data
[8.530s] DEBUG:colcon.colcon_parallel_executor.executor.parallel:closing loop
[8.531s] DEBUG:colcon.colcon_parallel_executor.executor.parallel:loop closed
[8.531s] DEBUG:colcon.colcon_parallel_executor.executor.parallel:run_until_complete finished with '1'
[8.532s] DEBUG:colcon.colcon_core.event_reactor:joining thread
[8.533s] DEBUG:colcon.colcon_core.event_reactor:joined thread
[8.534s] INFO:colcon.colcon_core.shell:Creating prefix script '/home/robot/robot_ws/install/local_setup.ps1'
[8.540s] INFO:colcon.colcon_core.shell:Creating prefix util module '/home/robot/robot_ws/install/_local_setup_util_ps1.py'
[8.548s] INFO:colcon.colcon_core.shell:Creating prefix chain script '/home/robot/robot_ws/install/setup.ps1'
[8.557s] INFO:colcon.colcon_core.shell:Creating prefix script '/home/robot/robot_ws/install/local_setup.sh'
[8.560s] INFO:colcon.colcon_core.shell:Creating prefix util module '/home/robot/robot_ws/install/_local_setup_util_sh.py'
[8.563s] INFO:colcon.colcon_core.shell:Creating prefix chain script '/home/robot/robot_ws/install/setup.sh'
[8.571s] INFO:colcon.colcon_core.shell:Creating prefix script '/home/robot/robot_ws/install/local_setup.bash'
[8.573s] INFO:colcon.colcon_core.shell:Creating prefix chain script '/home/robot/robot_ws/install/setup.bash'
[8.582s] INFO:colcon.colcon_core.shell:Creating prefix script '/home/robot/robot_ws/install/local_setup.zsh'
[8.585s] INFO:colcon.colcon_core.shell:Creating prefix chain script '/home/robot/robot_ws/install/setup.zsh'
