[11.851s] Invoking command in '/home/robot/robot_ws/build/web_bridge': PYTHONPATH=/home/robot/robot_ws/build/web_bridge/prefix_override:/usr/lib/python3/dist-packages/colcon_core/task/python/colcon_distutils_commands:/home/robot/robot_ws/install/web_bridge/lib/python3.10/site-packages:${PYTHONPATH} /usr/bin/python3 -W ignore:setup.py install is deprecated -W ignore:easy_install command is deprecated setup.py develop --editable --build-directory /home/robot/robot_ws/build/web_bridge/build --no-deps symlink_data --force
[14.253s] running develop
[15.544s] running egg_info
[15.545s] writing web_bridge.egg-info/PKG-INFO
[16.613s] writing dependency_links to web_bridge.egg-info/dependency_links.txt
[16.615s] writing entry points to web_bridge.egg-info/entry_points.txt
[16.625s] writing requirements to web_bridge.egg-info/requires.txt
[16.803s] writing top-level names to web_bridge.egg-info/top_level.txt
[17.003s] reading manifest file 'web_bridge.egg-info/SOURCES.txt'
[17.008s] writing manifest file 'web_bridge.egg-info/SOURCES.txt'
[20.601s] running build_ext
[20.604s] Creating /home/robot/robot_ws/install/web_bridge/lib/python3.10/site-packages/web-bridge.egg-link (link to .)
[20.613s] Installing web_bridge script to /home/robot/robot_ws/install/web_bridge/lib/web_bridge
[20.618s] 
[20.620s] Installed /home/robot/robot_ws/build/web_bridge
[20.622s] running symlink_data
[20.625s] symbolically linking /home/robot/robot_ws/build/web_bridge/resource/web_bridge -> /home/robot/robot_ws/install/web_bridge/share/ament_index/resource_index/packages
[20.628s] symbolically linking /home/robot/robot_ws/build/web_bridge/package.xml -> /home/robot/robot_ws/install/web_bridge/share/web_bridge
[20.633s] symbolically linking /home/robot/robot_ws/build/web_bridge/web_bridge/launch/web_bridge.launch.py -> /home/robot/robot_ws/install/web_bridge/share/web_bridge/launch
[20.791s] Invoked command in '/home/robot/robot_ws/build/web_bridge' returned '0': PYTHONPATH=/home/robot/robot_ws/build/web_bridge/prefix_override:/usr/lib/python3/dist-packages/colcon_core/task/python/colcon_distutils_commands:/home/robot/robot_ws/install/web_bridge/lib/python3.10/site-packages:${PYTHONPATH} /usr/bin/python3 -W ignore:setup.py install is deprecated -W ignore:easy_install command is deprecated setup.py develop --editable --build-directory /home/robot/robot_ws/build/web_bridge/build --no-deps symlink_data --force
