[0.271s] Invoking command in '/home/robot/robot_ws/build/robot_description': CMAKE_PREFIX_PATH=${CMAKE_PREFIX_PATH}:/home/robot/robot_ws/install/vision_ai_node:/home/robot/robot_ws/install/robot_ai:/home/robot/robot_ws/install/robot_serial:/home/robot/robot_ws/install/robot_camera:/home/robot/robot_ws/install/esp32_ros2_bridge:/home/robot/robot_ws/install/camera_node:/opt/ros/humble /usr/bin/cmake --build /home/robot/robot_ws/build/robot_description -- -j4 -l4
[7.875s] Invoked command in '/home/robot/robot_ws/build/robot_description' returned '0': CMAKE_PREFIX_PATH=${CMAKE_PREFIX_PATH}:/home/robot/robot_ws/install/vision_ai_node:/home/robot/robot_ws/install/robot_ai:/home/robot/robot_ws/install/robot_serial:/home/robot/robot_ws/install/robot_camera:/home/robot/robot_ws/install/esp32_ros2_bridge:/home/robot/robot_ws/install/camera_node:/opt/ros/humble /usr/bin/cmake --build /home/robot/robot_ws/build/robot_description -- -j4 -l4
[7.882s] Invoking command in '/home/robot/robot_ws/build/robot_description': CMAKE_PREFIX_PATH=${CMAKE_PREFIX_PATH}:/home/robot/robot_ws/install/vision_ai_node:/home/robot/robot_ws/install/robot_ai:/home/robot/robot_ws/install/robot_serial:/home/robot/robot_ws/install/robot_camera:/home/robot/robot_ws/install/esp32_ros2_bridge:/home/robot/robot_ws/install/camera_node:/opt/ros/humble /usr/bin/cmake --install /home/robot/robot_ws/build/robot_description
[8.350s] -- Install configuration: ""
[8.353s] -- Up-to-date: /home/robot/robot_ws/install/robot_description/share/robot_description//launch
[8.356s] -- Up-to-date: /home/robot/robot_ws/install/robot_description/share/robot_description//launch/display.launch.py
[8.367s] -- Up-to-date: /home/robot/robot_ws/install/robot_description/share/robot_description//launch/robot_state_publisher.launch.py
[8.368s] -- Up-to-date: /home/robot/robot_ws/install/robot_description/share/robot_description//urdf
[8.370s] -- Up-to-date: /home/robot/robot_ws/install/robot_description/share/robot_description//urdf/gazebo.xacro
[8.371s] -- Up-to-date: /home/robot/robot_ws/install/robot_description/share/robot_description//urdf/materials.xacro
[8.371s] -- Up-to-date: /home/robot/robot_ws/install/robot_description/share/robot_description//urdf/robot.urdf.xacro
[8.372s] -- Up-to-date: /home/robot/robot_ws/install/robot_description/share/robot_description//urdf/macros.xacro
[8.377s] -- Up-to-date: /home/robot/robot_ws/install/robot_description/share/robot_description//config
[8.380s] -- Up-to-date: /home/robot/robot_ws/install/robot_description/share/robot_description//config/joint_limits.yaml
[8.384s] -- Up-to-date: /home/robot/robot_ws/install/robot_description/share/robot_description//rviz
[8.392s] -- Up-to-date: /home/robot/robot_ws/install/robot_description/share/robot_description//rviz/rviz.rviz
[8.395s] -- Up-to-date: /home/robot/robot_ws/install/robot_description/share/ament_index/resource_index/package_run_dependencies/robot_description
[8.398s] -- Up-to-date: /home/robot/robot_ws/install/robot_description/share/ament_index/resource_index/parent_prefix_path/robot_description
[8.401s] -- Up-to-date: /home/robot/robot_ws/install/robot_description/share/robot_description/environment/ament_prefix_path.sh
[8.417s] -- Up-to-date: /home/robot/robot_ws/install/robot_description/share/robot_description/environment/ament_prefix_path.dsv
[8.430s] -- Up-to-date: /home/robot/robot_ws/install/robot_description/share/robot_description/environment/path.sh
[8.434s] -- Up-to-date: /home/robot/robot_ws/install/robot_description/share/robot_description/environment/path.dsv
[8.445s] -- Up-to-date: /home/robot/robot_ws/install/robot_description/share/robot_description/local_setup.bash
[8.448s] -- Up-to-date: /home/robot/robot_ws/install/robot_description/share/robot_description/local_setup.sh
[8.452s] -- Up-to-date: /home/robot/robot_ws/install/robot_description/share/robot_description/local_setup.zsh
[8.456s] -- Up-to-date: /home/robot/robot_ws/install/robot_description/share/robot_description/local_setup.dsv
[8.466s] -- Installing: /home/robot/robot_ws/install/robot_description/share/robot_description/package.dsv
[8.473s] -- Up-to-date: /home/robot/robot_ws/install/robot_description/share/ament_index/resource_index/packages/robot_description
[8.476s] -- Up-to-date: /home/robot/robot_ws/install/robot_description/share/robot_description/cmake/robot_descriptionConfig.cmake
[8.478s] -- Up-to-date: /home/robot/robot_ws/install/robot_description/share/robot_description/cmake/robot_descriptionConfig-version.cmake
[8.482s] -- Up-to-date: /home/robot/robot_ws/install/robot_description/share/robot_description/package.xml
[8.511s] Invoked command in '/home/robot/robot_ws/build/robot_description' returned '0': CMAKE_PREFIX_PATH=${CMAKE_PREFIX_PATH}:/home/robot/robot_ws/install/vision_ai_node:/home/robot/robot_ws/install/robot_ai:/home/robot/robot_ws/install/robot_serial:/home/robot/robot_ws/install/robot_camera:/home/robot/robot_ws/install/esp32_ros2_bridge:/home/robot/robot_ws/install/camera_node:/opt/ros/humble /usr/bin/cmake --install /home/robot/robot_ws/build/robot_description
