[3.071s] Invoking command in '/home/phuongnam/robot_main/build/camera_node': PYTHONPATH=/home/phuongnam/robot_main/build/camera_node/prefix_override:/usr/lib/python3/dist-packages/colcon_core/task/python/colcon_distutils_commands:/home/phuongnam/robot_main/install/camera_node/lib/python3.10/site-packages:${PYTHONPATH} /usr/bin/python3 -W ignore:setup.py install is deprecated -W ignore:easy_install command is deprecated setup.py develop --editable --build-directory /home/phuongnam/robot_main/build/camera_node/build --no-deps symlink_data
[3.549s] running develop
[3.826s] running egg_info
[3.826s] creating camera_node.egg-info
[3.826s] writing camera_node.egg-info/PKG-INFO
[3.827s] writing dependency_links to camera_node.egg-info/dependency_links.txt
[3.828s] writing entry points to camera_node.egg-info/entry_points.txt
[3.831s] writing requirements to camera_node.egg-info/requires.txt
[3.831s] writing top-level names to camera_node.egg-info/top_level.txt
[3.831s] writing manifest file 'camera_node.egg-info/SOURCES.txt'
[3.834s] reading manifest file 'camera_node.egg-info/SOURCES.txt'
[3.837s] writing manifest file 'camera_node.egg-info/SOURCES.txt'
[3.844s] running build_ext
[3.847s] Creating /home/phuongnam/robot_main/install/camera_node/lib/python3.10/site-packages/camera-node.egg-link (link to .)
[3.847s] Installing camera_node script to /home/phuongnam/robot_main/install/camera_node/lib/camera_node
[3.848s] 
[3.848s] Installed /home/phuongnam/robot_main/build/camera_node
[3.848s] running symlink_data
[3.848s] creating /home/phuongnam/robot_main/install/camera_node/share/ament_index
[3.848s] creating /home/phuongnam/robot_main/install/camera_node/share/ament_index/resource_index
[3.849s] creating /home/phuongnam/robot_main/install/camera_node/share/ament_index/resource_index/packages
[3.849s] symbolically linking /home/phuongnam/robot_main/build/camera_node/resource/camera_node -> /home/phuongnam/robot_main/install/camera_node/share/ament_index/resource_index/packages
[3.849s] symbolically linking /home/phuongnam/robot_main/build/camera_node/package.xml -> /home/phuongnam/robot_main/install/camera_node/share/camera_node
[3.849s] creating /home/phuongnam/robot_main/install/camera_node/share/camera_node/launch
[3.849s] symbolically linking /home/phuongnam/robot_main/build/camera_node/launch/camera.launch.py -> /home/phuongnam/robot_main/install/camera_node/share/camera_node/launch
[3.850s] creating /home/phuongnam/robot_main/install/camera_node/share/camera_node/config
[3.850s] symbolically linking /home/phuongnam/robot_main/build/camera_node/config/camera.yaml -> /home/phuongnam/robot_main/install/camera_node/share/camera_node/config
[3.941s] Invoked command in '/home/phuongnam/robot_main/build/camera_node' returned '0': PYTHONPATH=/home/phuongnam/robot_main/build/camera_node/prefix_override:/usr/lib/python3/dist-packages/colcon_core/task/python/colcon_distutils_commands:/home/phuongnam/robot_main/install/camera_node/lib/python3.10/site-packages:${PYTHONPATH} /usr/bin/python3 -W ignore:setup.py install is deprecated -W ignore:easy_install command is deprecated setup.py develop --editable --build-directory /home/phuongnam/robot_main/build/camera_node/build --no-deps symlink_data
