[4.332s] Invoking command in '/home/robot/robot_ws/src/web_bridge': PYTHONPATH=/home/robot/robot_ws/src/web_bridge/build/web_bridge/prefix_override:/usr/lib/python3/dist-packages/colcon_core/task/python/colcon_distutils_commands:/home/robot/robot_ws/src/web_bridge/install/web_bridge/lib/python3.10/site-packages:${PYTHONPATH} /usr/bin/python3 -W ignore:setup.py install is deprecated -W ignore:easy_install command is deprecated setup.py egg_info --egg-base build/web_bridge build --build-base /home/robot/robot_ws/src/web_bridge/build/web_bridge/build install --record /home/robot/robot_ws/src/web_bridge/build/web_bridge/install.log --single-version-externally-managed install_data
[5.575s] running egg_info
[5.578s] creating build/web_bridge/web_bridge.egg-info
[5.580s] writing build/web_bridge/web_bridge.egg-info/PKG-INFO
[5.581s] writing dependency_links to build/web_bridge/web_bridge.egg-info/dependency_links.txt
[5.582s] writing entry points to build/web_bridge/web_bridge.egg-info/entry_points.txt
[5.583s] writing requirements to build/web_bridge/web_bridge.egg-info/requires.txt
[5.584s] writing top-level names to build/web_bridge/web_bridge.egg-info/top_level.txt
[5.584s] writing manifest file 'build/web_bridge/web_bridge.egg-info/SOURCES.txt'
[5.591s] reading manifest file 'build/web_bridge/web_bridge.egg-info/SOURCES.txt'
[5.595s] writing manifest file 'build/web_bridge/web_bridge.egg-info/SOURCES.txt'
[5.597s] running build
[5.597s] running build_py
[5.597s] creating /home/robot/robot_ws/src/web_bridge/build/web_bridge/build
[5.598s] creating /home/robot/robot_ws/src/web_bridge/build/web_bridge/build/lib
[5.599s] creating /home/robot/robot_ws/src/web_bridge/build/web_bridge/build/lib/web_bridge
[5.599s] copying web_bridge/__init__.py -> /home/robot/robot_ws/src/web_bridge/build/web_bridge/build/lib/web_bridge
[5.600s] copying web_bridge/web_bridge_node.py -> /home/robot/robot_ws/src/web_bridge/build/web_bridge/build/lib/web_bridge
[5.600s] running install
[5.601s] running install_lib
[5.604s] creating /home/robot/robot_ws/src/web_bridge/install/web_bridge/lib/python3.10/site-packages/web_bridge
[5.605s] copying /home/robot/robot_ws/src/web_bridge/build/web_bridge/build/lib/web_bridge/__init__.py -> /home/robot/robot_ws/src/web_bridge/install/web_bridge/lib/python3.10/site-packages/web_bridge
[5.606s] copying /home/robot/robot_ws/src/web_bridge/build/web_bridge/build/lib/web_bridge/web_bridge_node.py -> /home/robot/robot_ws/src/web_bridge/install/web_bridge/lib/python3.10/site-packages/web_bridge
[5.609s] byte-compiling /home/robot/robot_ws/src/web_bridge/install/web_bridge/lib/python3.10/site-packages/web_bridge/__init__.py to __init__.cpython-310.pyc
[5.610s] byte-compiling /home/robot/robot_ws/src/web_bridge/install/web_bridge/lib/python3.10/site-packages/web_bridge/web_bridge_node.py to web_bridge_node.cpython-310.pyc
[5.618s] running install_data
[5.619s] creating /home/robot/robot_ws/src/web_bridge/install/web_bridge/share
[5.620s] creating /home/robot/robot_ws/src/web_bridge/install/web_bridge/share/ament_index
[5.621s] creating /home/robot/robot_ws/src/web_bridge/install/web_bridge/share/ament_index/resource_index
[5.622s] creating /home/robot/robot_ws/src/web_bridge/install/web_bridge/share/ament_index/resource_index/packages
[5.623s] copying resource/web_bridge -> /home/robot/robot_ws/src/web_bridge/install/web_bridge/share/ament_index/resource_index/packages
[5.623s] creating /home/robot/robot_ws/src/web_bridge/install/web_bridge/share/web_bridge
[5.623s] copying package.xml -> /home/robot/robot_ws/src/web_bridge/install/web_bridge/share/web_bridge
[5.624s] creating /home/robot/robot_ws/src/web_bridge/install/web_bridge/share/web_bridge/launch
[5.624s] copying web_bridge/launch/web_bridge.launch.py -> /home/robot/robot_ws/src/web_bridge/install/web_bridge/share/web_bridge/launch
[5.624s] running install_egg_info
[5.631s] Copying build/web_bridge/web_bridge.egg-info to /home/robot/robot_ws/src/web_bridge/install/web_bridge/lib/python3.10/site-packages/web_bridge-0.0.1-py3.10.egg-info
[5.637s] running install_scripts
[5.734s] Installing web_bridge script to /home/robot/robot_ws/src/web_bridge/install/web_bridge/bin
[5.735s] writing list of installed files to '/home/robot/robot_ws/src/web_bridge/build/web_bridge/install.log'
[5.906s] Invoked command in '/home/robot/robot_ws/src/web_bridge' returned '0': PYTHONPATH=/home/robot/robot_ws/src/web_bridge/build/web_bridge/prefix_override:/usr/lib/python3/dist-packages/colcon_core/task/python/colcon_distutils_commands:/home/robot/robot_ws/src/web_bridge/install/web_bridge/lib/python3.10/site-packages:${PYTHONPATH} /usr/bin/python3 -W ignore:setup.py install is deprecated -W ignore:easy_install command is deprecated setup.py egg_info --egg-base build/web_bridge build --build-base /home/robot/robot_ws/src/web_bridge/build/web_bridge/build install --record /home/robot/robot_ws/src/web_bridge/build/web_bridge/install.log --single-version-externally-managed install_data
