[0.129s] Invoking command in '/home/phuongnam/robot_main/build/sllidar_ros2': CMAKE_PREFIX_PATH=/opt/ros/humble /usr/bin/cmake /home/phuongnam/robot_main/src/sllidar_ros2 -DCMAKE_INSTALL_PREFIX=/home/phuongnam/robot_main/install/sllidar_ros2
[1.705s] -- Found ament_cmake: 1.3.14 (/opt/ros/humble/share/ament_cmake/cmake)
[1.705s] -- Override CMake install command with custom implementation using symlinks instead of copying resources
[1.706s] -- Found rclcpp: 16.0.19 (/opt/ros/humble/share/rclcpp/cmake)
[1.708s] -- Found rosidl_generator_c: 3.1.8 (/opt/ros/humble/share/rosidl_generator_c/cmake)
[1.709s] -- Found rosidl_adapter: 3.1.8 (/opt/ros/humble/share/rosidl_adapter/cmake)
[1.709s] -- Found rosidl_generator_cpp: 3.1.8 (/opt/ros/humble/share/rosidl_generator_cpp/cmake)
[1.709s] -- Using all available rosidl_typesupport_c: rosidl_typesupport_fastrtps_c;rosidl_typesupport_introspection_c
[1.709s] -- Using all available rosidl_typesupport_cpp: rosidl_typesupport_fastrtps_cpp;rosidl_typesupport_introspection_cpp
[1.710s] -- Found rmw_implementation_cmake: 6.1.2 (/opt/ros/humble/share/rmw_implementation_cmake/cmake)
[1.710s] -- Found rmw_fastrtps_cpp: 6.2.10 (/opt/ros/humble/share/rmw_fastrtps_cpp/cmake)
[1.710s] -- Using RMW implementation 'rmw_fastrtps_cpp' as default
[1.710s] -- Found sensor_msgs: 4.9.1 (/opt/ros/humble/share/sensor_msgs/cmake)
[1.710s] -- Found std_srvs: 4.9.1 (/opt/ros/humble/share/std_srvs/cmake)
[1.711s] -- Configuring done
[1.711s] -- Generating done
[1.714s] -- Build files have been written to: /home/phuongnam/robot_main/build/sllidar_ros2
[1.716s] Invoked command in '/home/phuongnam/robot_main/build/sllidar_ros2' returned '0': CMAKE_PREFIX_PATH=/opt/ros/humble /usr/bin/cmake /home/phuongnam/robot_main/src/sllidar_ros2 -DCMAKE_INSTALL_PREFIX=/home/phuongnam/robot_main/install/sllidar_ros2
[1.718s] Invoking command in '/home/phuongnam/robot_main/build/sllidar_ros2': CMAKE_PREFIX_PATH=/opt/ros/humble /usr/bin/cmake --build /home/phuongnam/robot_main/build/sllidar_ros2 -- -j8 -l8
[1.791s] [35m[1mConsolidate compiler generated dependencies of target sllidar_client[0m
[1.821s] [35m[1mConsolidate compiler generated dependencies of target sllidar_node[0m
[1.866s] [ 10%] Built target sllidar_client
[1.904s] [100%] Built target sllidar_node
[1.923s] Invoked command in '/home/phuongnam/robot_main/build/sllidar_ros2' returned '0': CMAKE_PREFIX_PATH=/opt/ros/humble /usr/bin/cmake --build /home/phuongnam/robot_main/build/sllidar_ros2 -- -j8 -l8
[1.926s] Invoking command in '/home/phuongnam/robot_main/build/sllidar_ros2': CMAKE_PREFIX_PATH=/opt/ros/humble /usr/bin/cmake --install /home/phuongnam/robot_main/build/sllidar_ros2
[1.936s] -- Install configuration: ""
[1.937s] -- Execute custom install script
[1.938s] -- Up-to-date symlink: /home/phuongnam/robot_main/install/sllidar_ros2/share/sllidar_ros2/launch/sllidar_a1_launch.py
[1.938s] -- Up-to-date symlink: /home/phuongnam/robot_main/install/sllidar_ros2/share/sllidar_ros2/launch/sllidar_a2m12_launch .py
[1.939s] -- Up-to-date symlink: /home/phuongnam/robot_main/install/sllidar_ros2/share/sllidar_ros2/launch/sllidar_a2m7_launch.py
[1.939s] -- Up-to-date symlink: /home/phuongnam/robot_main/install/sllidar_ros2/share/sllidar_ros2/launch/sllidar_a2m8_launch.py
[1.939s] -- Up-to-date symlink: /home/phuongnam/robot_main/install/sllidar_ros2/share/sllidar_ros2/launch/sllidar_a3_launch.py
[1.939s] -- Up-to-date symlink: /home/phuongnam/robot_main/install/sllidar_ros2/share/sllidar_ros2/launch/sllidar_c1_launch.py
[1.939s] -- Up-to-date symlink: /home/phuongnam/robot_main/install/sllidar_ros2/share/sllidar_ros2/launch/sllidar_s1_launch.py
[1.940s] -- Up-to-date symlink: /home/phuongnam/robot_main/install/sllidar_ros2/share/sllidar_ros2/launch/sllidar_s1_tcp_launch.py
[1.940s] -- Up-to-date symlink: /home/phuongnam/robot_main/install/sllidar_ros2/share/sllidar_ros2/launch/sllidar_s2_launch.py
[1.940s] -- Up-to-date symlink: /home/phuongnam/robot_main/install/sllidar_ros2/share/sllidar_ros2/launch/sllidar_s2e_launch.py
[1.940s] -- Up-to-date symlink: /home/phuongnam/robot_main/install/sllidar_ros2/share/sllidar_ros2/launch/sllidar_s3_launch.py
[1.941s] -- Up-to-date symlink: /home/phuongnam/robot_main/install/sllidar_ros2/share/sllidar_ros2/launch/sllidar_t1_launch.py
[1.941s] -- Up-to-date symlink: /home/phuongnam/robot_main/install/sllidar_ros2/share/sllidar_ros2/launch/view_sllidar_a1_launch.py
[1.941s] -- Up-to-date symlink: /home/phuongnam/robot_main/install/sllidar_ros2/share/sllidar_ros2/launch/view_sllidar_a2m12_launch.py
[1.942s] -- Up-to-date symlink: /home/phuongnam/robot_main/install/sllidar_ros2/share/sllidar_ros2/launch/view_sllidar_a2m7_launch.py
[1.942s] -- Up-to-date symlink: /home/phuongnam/robot_main/install/sllidar_ros2/share/sllidar_ros2/launch/view_sllidar_a2m8_launch.py
[1.942s] -- Up-to-date symlink: /home/phuongnam/robot_main/install/sllidar_ros2/share/sllidar_ros2/launch/view_sllidar_a3_launch.py
[1.942s] -- Up-to-date symlink: /home/phuongnam/robot_main/install/sllidar_ros2/share/sllidar_ros2/launch/view_sllidar_c1_launch.py
[1.943s] -- Up-to-date symlink: /home/phuongnam/robot_main/install/sllidar_ros2/share/sllidar_ros2/launch/view_sllidar_s1_launch.py
[1.943s] -- Up-to-date symlink: /home/phuongnam/robot_main/install/sllidar_ros2/share/sllidar_ros2/launch/view_sllidar_s1_tcp_launch.py
[1.943s] -- Up-to-date symlink: /home/phuongnam/robot_main/install/sllidar_ros2/share/sllidar_ros2/launch/view_sllidar_s2_launch.py
[1.943s] -- Up-to-date symlink: /home/phuongnam/robot_main/install/sllidar_ros2/share/sllidar_ros2/launch/view_sllidar_s2e_launch.py
[1.944s] -- Up-to-date symlink: /home/phuongnam/robot_main/install/sllidar_ros2/share/sllidar_ros2/launch/view_sllidar_s3_launch.py
[1.944s] -- Up-to-date symlink: /home/phuongnam/robot_main/install/sllidar_ros2/share/sllidar_ros2/launch/view_sllidar_t1_launch.py
[1.944s] -- Up-to-date symlink: /home/phuongnam/robot_main/install/sllidar_ros2/share/sllidar_ros2/rviz/sllidar_ros2.rviz
[1.945s] -- Up-to-date symlink: /home/phuongnam/robot_main/install/sllidar_ros2/lib/sllidar_ros2/sllidar_node
[1.945s] -- Up-to-date symlink: /home/phuongnam/robot_main/install/sllidar_ros2/lib/sllidar_ros2/sllidar_client
[1.946s] -- Up-to-date symlink: /home/phuongnam/robot_main/install/sllidar_ros2/share/ament_index/resource_index/package_run_dependencies/sllidar_ros2
[1.946s] -- Up-to-date symlink: /home/phuongnam/robot_main/install/sllidar_ros2/share/ament_index/resource_index/parent_prefix_path/sllidar_ros2
[1.946s] -- Up-to-date symlink: /home/phuongnam/robot_main/install/sllidar_ros2/share/sllidar_ros2/environment/ament_prefix_path.sh
[1.947s] -- Up-to-date symlink: /home/phuongnam/robot_main/install/sllidar_ros2/share/sllidar_ros2/environment/ament_prefix_path.dsv
[1.947s] -- Up-to-date symlink: /home/phuongnam/robot_main/install/sllidar_ros2/share/sllidar_ros2/environment/path.sh
[1.947s] -- Up-to-date symlink: /home/phuongnam/robot_main/install/sllidar_ros2/share/sllidar_ros2/environment/path.dsv
[1.948s] -- Up-to-date symlink: /home/phuongnam/robot_main/install/sllidar_ros2/share/sllidar_ros2/local_setup.bash
[1.948s] -- Up-to-date symlink: /home/phuongnam/robot_main/install/sllidar_ros2/share/sllidar_ros2/local_setup.sh
[1.949s] -- Up-to-date symlink: /home/phuongnam/robot_main/install/sllidar_ros2/share/sllidar_ros2/local_setup.zsh
[1.949s] -- Up-to-date symlink: /home/phuongnam/robot_main/install/sllidar_ros2/share/sllidar_ros2/local_setup.dsv
[1.949s] -- Symlinking: /home/phuongnam/robot_main/install/sllidar_ros2/share/sllidar_ros2/package.dsv
[1.966s] -- Up-to-date symlink: /home/phuongnam/robot_main/install/sllidar_ros2/share/ament_index/resource_index/packages/sllidar_ros2
[1.967s] -- Up-to-date symlink: /home/phuongnam/robot_main/install/sllidar_ros2/share/sllidar_ros2/cmake/ament_cmake_export_dependencies-extras.cmake
[1.968s] -- Up-to-date symlink: /home/phuongnam/robot_main/install/sllidar_ros2/share/sllidar_ros2/cmake/ament_cmake_export_include_directories-extras.cmake
[1.968s] -- Up-to-date symlink: /home/phuongnam/robot_main/install/sllidar_ros2/share/sllidar_ros2/cmake/sllidar_ros2Config.cmake
[1.968s] -- Up-to-date symlink: /home/phuongnam/robot_main/install/sllidar_ros2/share/sllidar_ros2/cmake/sllidar_ros2Config-version.cmake
[1.970s] -- Up-to-date symlink: /home/phuongnam/robot_main/install/sllidar_ros2/share/sllidar_ros2/package.xml
[1.976s] Invoked command in '/home/phuongnam/robot_main/build/sllidar_ros2' returned '0': CMAKE_PREFIX_PATH=/opt/ros/humble /usr/bin/cmake --install /home/phuongnam/robot_main/build/sllidar_ros2
