running develop
running egg_info
creating robot_ai.egg-info
writing robot_ai.egg-info/PKG-INFO
writing dependency_links to robot_ai.egg-info/dependency_links.txt
writing entry points to robot_ai.egg-info/entry_points.txt
writing requirements to robot_ai.egg-info/requires.txt
writing top-level names to robot_ai.egg-info/top_level.txt
writing manifest file 'robot_ai.egg-info/SOURCES.txt'
reading manifest file 'robot_ai.egg-info/SOURCES.txt'
writing manifest file 'robot_ai.egg-info/SOURCES.txt'
running build_ext
Creating /home/phuongnam/robot_main/install/robot_ai/lib/python3.10/site-packages/robot-ai.egg-link (link to .)
Installing audio_stream_server script to /home/phuongnam/robot_main/install/robot_ai/lib/robot_ai
Installing command_node script to /home/phuongnam/robot_main/install/robot_ai/lib/robot_ai
Installing dialogue_tts_node script to /home/phuongnam/robot_main/install/robot_ai/lib/robot_ai
Installing http_bridge_node script to /home/phuongnam/robot_main/install/robot_ai/lib/robot_ai
Installing stt_node script to /home/phuongnam/robot_main/install/robot_ai/lib/robot_ai
Installing video_stream_server script to /home/phuongnam/robot_main/install/robot_ai/lib/robot_ai

Installed /home/phuongnam/robot_main/build/robot_ai
running symlink_data
creating /home/phuongnam/robot_main/install/robot_ai/share/ament_index
creating /home/phuongnam/robot_main/install/robot_ai/share/ament_index/resource_index
creating /home/phuongnam/robot_main/install/robot_ai/share/ament_index/resource_index/packages
symbolically linking /home/phuongnam/robot_main/build/robot_ai/resource/robot_ai -> /home/phuongnam/robot_main/install/robot_ai/share/ament_index/resource_index/packages
symbolically linking /home/phuongnam/robot_main/build/robot_ai/package.xml -> /home/phuongnam/robot_main/install/robot_ai/share/robot_ai
creating /home/phuongnam/robot_main/install/robot_ai/share/robot_ai/launch
symbolically linking /home/phuongnam/robot_main/build/robot_ai/launch/ai.launch.py -> /home/phuongnam/robot_main/install/robot_ai/share/robot_ai/launch
