[3.031s] Invoking command in '/home/phuongnam/robot_main/build/robot_ai': PYTHONPATH=/home/phuongnam/robot_main/build/robot_ai/prefix_override:/usr/lib/python3/dist-packages/colcon_core/task/python/colcon_distutils_commands:/home/phuongnam/robot_main/install/robot_ai/lib/python3.10/site-packages:${PYTHONPATH} /usr/bin/python3 -W ignore:setup.py install is deprecated -W ignore:easy_install command is deprecated setup.py develop --editable --build-directory /home/phuongnam/robot_main/build/robot_ai/build --no-deps symlink_data
[3.507s] running develop
[3.879s] running egg_info
[3.880s] creating robot_ai.egg-info
[3.880s] writing robot_ai.egg-info/PKG-INFO
[3.880s] writing dependency_links to robot_ai.egg-info/dependency_links.txt
[3.881s] writing entry points to robot_ai.egg-info/entry_points.txt
[3.881s] writing requirements to robot_ai.egg-info/requires.txt
[3.881s] writing top-level names to robot_ai.egg-info/top_level.txt
[3.882s] writing manifest file 'robot_ai.egg-info/SOURCES.txt'
[3.888s] reading manifest file 'robot_ai.egg-info/SOURCES.txt'
[3.889s] writing manifest file 'robot_ai.egg-info/SOURCES.txt'
[3.890s] running build_ext
[3.891s] Creating /home/phuongnam/robot_main/install/robot_ai/lib/python3.10/site-packages/robot-ai.egg-link (link to .)
[3.894s] Installing audio_stream_server script to /home/phuongnam/robot_main/install/robot_ai/lib/robot_ai
[3.895s] Installing command_node script to /home/phuongnam/robot_main/install/robot_ai/lib/robot_ai
[3.895s] Installing dialogue_tts_node script to /home/phuongnam/robot_main/install/robot_ai/lib/robot_ai
[3.895s] Installing http_bridge_node script to /home/phuongnam/robot_main/install/robot_ai/lib/robot_ai
[3.895s] Installing stt_node script to /home/phuongnam/robot_main/install/robot_ai/lib/robot_ai
[3.895s] Installing video_stream_server script to /home/phuongnam/robot_main/install/robot_ai/lib/robot_ai
[3.895s] 
[3.895s] Installed /home/phuongnam/robot_main/build/robot_ai
[3.895s] running symlink_data
[3.896s] creating /home/phuongnam/robot_main/install/robot_ai/share/ament_index
[3.899s] creating /home/phuongnam/robot_main/install/robot_ai/share/ament_index/resource_index
[3.899s] creating /home/phuongnam/robot_main/install/robot_ai/share/ament_index/resource_index/packages
[3.900s] symbolically linking /home/phuongnam/robot_main/build/robot_ai/resource/robot_ai -> /home/phuongnam/robot_main/install/robot_ai/share/ament_index/resource_index/packages
[3.900s] symbolically linking /home/phuongnam/robot_main/build/robot_ai/package.xml -> /home/phuongnam/robot_main/install/robot_ai/share/robot_ai
[3.900s] creating /home/phuongnam/robot_main/install/robot_ai/share/robot_ai/launch
[3.900s] symbolically linking /home/phuongnam/robot_main/build/robot_ai/launch/ai.launch.py -> /home/phuongnam/robot_main/install/robot_ai/share/robot_ai/launch
[3.961s] Invoked command in '/home/phuongnam/robot_main/build/robot_ai' returned '0': PYTHONPATH=/home/phuongnam/robot_main/build/robot_ai/prefix_override:/usr/lib/python3/dist-packages/colcon_core/task/python/colcon_distutils_commands:/home/phuongnam/robot_main/install/robot_ai/lib/python3.10/site-packages:${PYTHONPATH} /usr/bin/python3 -W ignore:setup.py install is deprecated -W ignore:easy_install command is deprecated setup.py develop --editable --build-directory /home/phuongnam/robot_main/build/robot_ai/build --no-deps symlink_data
