[4.404s] Invoking command in '/home/robot/robot_ws/src/robot_serial': PYTHONPATH=/home/robot/robot_ws/build/robot_serial/prefix_override:/usr/lib/python3/dist-packages/colcon_core/task/python/colcon_distutils_commands:/home/robot/robot_ws/install/robot_serial/lib/python3.10/site-packages:${PYTHONPATH} /usr/bin/python3 -W ignore:setup.py install is deprecated -W ignore:easy_install command is deprecated setup.py egg_info --egg-base ../../build/robot_serial build --build-base /home/robot/robot_ws/build/robot_serial/build install --record /home/robot/robot_ws/build/robot_serial/install.log --install-scripts $base/lib/robot_serial --single-version-externally-managed install_data
[7.983s] running egg_info
[7.985s] writing ../../build/robot_serial/robot_serial.egg-info/PKG-INFO
[7.985s] writing dependency_links to ../../build/robot_serial/robot_serial.egg-info/dependency_links.txt
[7.986s] writing entry points to ../../build/robot_serial/robot_serial.egg-info/entry_points.txt
[7.986s] writing requirements to ../../build/robot_serial/robot_serial.egg-info/requires.txt
[7.987s] writing top-level names to ../../build/robot_serial/robot_serial.egg-info/top_level.txt
[7.988s] reading manifest file '../../build/robot_serial/robot_serial.egg-info/SOURCES.txt'
[7.988s] writing manifest file '../../build/robot_serial/robot_serial.egg-info/SOURCES.txt'
[7.989s] running build
[7.990s] running build_py
[7.991s] copying robot_serial/serial_manager.py -> /home/robot/robot_ws/build/robot_serial/build/lib/robot_serial
[7.991s] copying robot_serial/serial_node.py -> /home/robot/robot_ws/build/robot_serial/build/lib/robot_serial
[7.992s] running install
[7.992s] running install_lib
[7.993s] copying /home/robot/robot_ws/build/robot_serial/build/lib/robot_serial/serial_manager.py -> /home/robot/robot_ws/install/robot_serial/lib/python3.10/site-packages/robot_serial
[7.993s] copying /home/robot/robot_ws/build/robot_serial/build/lib/robot_serial/serial_node.py -> /home/robot/robot_ws/install/robot_serial/lib/python3.10/site-packages/robot_serial
[7.994s] byte-compiling /home/robot/robot_ws/install/robot_serial/lib/python3.10/site-packages/robot_serial/serial_manager.py to serial_manager.cpython-310.pyc
[7.994s] byte-compiling /home/robot/robot_ws/install/robot_serial/lib/python3.10/site-packages/robot_serial/serial_node.py to serial_node.cpython-310.pyc
[7.995s] running install_data
[7.996s] running install_egg_info
[7.996s] removing '/home/robot/robot_ws/install/robot_serial/lib/python3.10/site-packages/robot_serial-1.0.0-py3.10.egg-info' (and everything under it)
[8.008s] Copying ../../build/robot_serial/robot_serial.egg-info to /home/robot/robot_ws/install/robot_serial/lib/python3.10/site-packages/robot_serial-1.0.0-py3.10.egg-info
[8.009s] running install_scripts
[8.071s] Installing serial_node script to /home/robot/robot_ws/install/robot_serial/lib/robot_serial
[8.073s] writing list of installed files to '/home/robot/robot_ws/build/robot_serial/install.log'
[8.201s] Invoked command in '/home/robot/robot_ws/src/robot_serial' returned '0': PYTHONPATH=/home/robot/robot_ws/build/robot_serial/prefix_override:/usr/lib/python3/dist-packages/colcon_core/task/python/colcon_distutils_commands:/home/robot/robot_ws/install/robot_serial/lib/python3.10/site-packages:${PYTHONPATH} /usr/bin/python3 -W ignore:setup.py install is deprecated -W ignore:easy_install command is deprecated setup.py egg_info --egg-base ../../build/robot_serial build --build-base /home/robot/robot_ws/build/robot_serial/build install --record /home/robot/robot_ws/build/robot_serial/install.log --install-scripts $base/lib/robot_serial --single-version-externally-managed install_data
