[27.850s] Invoking command in '/home/robot/robot_ws/src/robot_serial': PYTHONPATH=/home/robot/robot_ws/build/robot_serial/prefix_override:/usr/lib/python3/dist-packages/colcon_core/task/python/colcon_distutils_commands:/home/robot/robot_ws/install/robot_serial/lib/python3.10/site-packages:${PYTHONPATH} /usr/bin/python3 -W ignore:setup.py install is deprecated -W ignore:easy_install command is deprecated setup.py egg_info --egg-base ../../build/robot_serial build --build-base /home/robot/robot_ws/build/robot_serial/build install --record /home/robot/robot_ws/build/robot_serial/install.log --install-scripts $base/lib/robot_serial --single-version-externally-managed install_data
[29.238s] running egg_info
[29.241s] writing ../../build/robot_serial/robot_serial.egg-info/PKG-INFO
[29.242s] writing dependency_links to ../../build/robot_serial/robot_serial.egg-info/dependency_links.txt
[29.243s] writing entry points to ../../build/robot_serial/robot_serial.egg-info/entry_points.txt
[29.244s] writing requirements to ../../build/robot_serial/robot_serial.egg-info/requires.txt
[29.245s] writing top-level names to ../../build/robot_serial/robot_serial.egg-info/top_level.txt
[29.254s] reading manifest file '../../build/robot_serial/robot_serial.egg-info/SOURCES.txt'
[29.259s] writing manifest file '../../build/robot_serial/robot_serial.egg-info/SOURCES.txt'
[29.260s] running build
[29.261s] running build_py
[29.262s] copying robot_serial/serial_manager.py -> /home/robot/robot_ws/build/robot_serial/build/lib/robot_serial
[29.266s] running install
[29.267s] running install_lib
[29.272s] copying /home/robot/robot_ws/build/robot_serial/build/lib/robot_serial/serial_manager.py -> /home/robot/robot_ws/install/robot_serial/lib/python3.10/site-packages/robot_serial
[29.278s] byte-compiling /home/robot/robot_ws/install/robot_serial/lib/python3.10/site-packages/robot_serial/serial_manager.py to serial_manager.cpython-310.pyc
[29.286s] running install_data
[29.288s] running install_egg_info
[29.296s] removing '/home/robot/robot_ws/install/robot_serial/lib/python3.10/site-packages/robot_serial-1.0.0-py3.10.egg-info' (and everything under it)
[29.298s] Copying ../../build/robot_serial/robot_serial.egg-info to /home/robot/robot_ws/install/robot_serial/lib/python3.10/site-packages/robot_serial-1.0.0-py3.10.egg-info
[29.304s] running install_scripts
[29.399s] Installing serial_node script to /home/robot/robot_ws/install/robot_serial/lib/robot_serial
[29.401s] Installing teleop_text script to /home/robot/robot_ws/install/robot_serial/lib/robot_serial
[29.401s] Installing wheel_odom_node script to /home/robot/robot_ws/install/robot_serial/lib/robot_serial
[29.404s] writing list of installed files to '/home/robot/robot_ws/build/robot_serial/install.log'
[29.529s] Invoked command in '/home/robot/robot_ws/src/robot_serial' returned '0': PYTHONPATH=/home/robot/robot_ws/build/robot_serial/prefix_override:/usr/lib/python3/dist-packages/colcon_core/task/python/colcon_distutils_commands:/home/robot/robot_ws/install/robot_serial/lib/python3.10/site-packages:${PYTHONPATH} /usr/bin/python3 -W ignore:setup.py install is deprecated -W ignore:easy_install command is deprecated setup.py egg_info --egg-base ../../build/robot_serial build --build-base /home/robot/robot_ws/build/robot_serial/build install --record /home/robot/robot_ws/build/robot_serial/install.log --install-scripts $base/lib/robot_serial --single-version-externally-managed install_data
