[0.551s] DEBUG:colcon:Command line arguments: ['/usr/bin/colcon', 'build']
[0.552s] DEBUG:colcon:Parsed command line arguments: Namespace(log_base=None, log_level=None, verb_name='build', build_base='build', install_base='install', merge_install=False, symlink_install=False, test_result_base=None, continue_on_error=False, executor='parallel', parallel_workers=4, event_handlers=None, ignore_user_meta=False, metas=['./colcon.meta'], base_paths=['.'], packages_ignore=None, packages_ignore_regex=None, paths=None, packages_up_to=None, packages_up_to_regex=None, packages_above=None, packages_above_and_dependencies=None, packages_above_depth=None, packages_select_by_dep=None, packages_skip_by_dep=None, packages_skip_up_to=None, packages_select_build_failed=False, packages_skip_build_finished=False, packages_select_test_failures=False, packages_skip_test_passed=False, packages_select=None, packages_skip=None, packages_select_regex=None, packages_skip_regex=None, packages_start=None, packages_end=None, allow_overriding=[], cmake_args=None, cmake_target=None, cmake_target_skip_unavailable=False, cmake_clean_cache=False, cmake_clean_first=False, cmake_force_configure=False, ament_cmake_args=None, catkin_cmake_args=None, catkin_skip_building_tests=False, verb_parser=<colcon_defaults.argument_parser.defaults.DefaultArgumentsDecorator object at 0xffffb82e5390>, verb_extension=<colcon_core.verb.build.BuildVerb object at 0xffffb8456b00>, main=<bound method BuildVerb.main of <colcon_core.verb.build.BuildVerb object at 0xffffb8456b00>>)
[1.566s] Level 1:colcon.colcon_core.package_discovery:discover_packages(colcon_meta) check parameters
[1.566s] Level 1:colcon.colcon_core.package_discovery:discover_packages(recursive) check parameters
[1.567s] Level 1:colcon.colcon_core.package_discovery:discover_packages(ignore) check parameters
[1.567s] Level 1:colcon.colcon_core.package_discovery:discover_packages(path) check parameters
[1.567s] Level 1:colcon.colcon_core.package_discovery:discover_packages(colcon_meta) discover
[1.567s] Level 1:colcon.colcon_core.package_discovery:discover_packages(recursive) discover
[1.568s] INFO:colcon.colcon_core.package_discovery:Crawling recursively for packages in '/home/robot/robot_ws'
[1.568s] Level 1:colcon.colcon_core.package_identification:_identify(.) by extensions ['ignore', 'ignore_ament_install']
[1.569s] Level 1:colcon.colcon_core.package_identification:_identify(.) by extension 'ignore'
[1.569s] Level 1:colcon.colcon_core.package_identification:_identify(.) by extension 'ignore_ament_install'
[1.569s] Level 1:colcon.colcon_core.package_identification:_identify(.) by extensions ['colcon_pkg']
[1.570s] Level 1:colcon.colcon_core.package_identification:_identify(.) by extension 'colcon_pkg'
[1.570s] Level 1:colcon.colcon_core.package_identification:_identify(.) by extensions ['colcon_meta']
[1.570s] Level 1:colcon.colcon_core.package_identification:_identify(.) by extension 'colcon_meta'
[1.570s] Level 1:colcon.colcon_core.package_identification:_identify(.) by extensions ['ros']
[1.570s] Level 1:colcon.colcon_core.package_identification:_identify(.) by extension 'ros'
[1.626s] Level 1:colcon.colcon_core.package_identification:_identify(.) by extensions ['cmake', 'python']
[1.626s] Level 1:colcon.colcon_core.package_identification:_identify(.) by extension 'cmake'
[1.627s] Level 1:colcon.colcon_core.package_identification:_identify(.) by extension 'python'
[1.627s] Level 1:colcon.colcon_core.package_identification:_identify(.) by extensions ['python_setup_py']
[1.627s] Level 1:colcon.colcon_core.package_identification:_identify(.) by extension 'python_setup_py'
[1.628s] Level 1:colcon.colcon_core.package_identification:_identify(build) by extensions ['ignore', 'ignore_ament_install']
[1.628s] Level 1:colcon.colcon_core.package_identification:_identify(build) by extension 'ignore'
[1.629s] Level 1:colcon.colcon_core.package_identification:_identify(build) ignored
[1.630s] Level 1:colcon.colcon_core.package_identification:_identify(install) by extensions ['ignore', 'ignore_ament_install']
[1.630s] Level 1:colcon.colcon_core.package_identification:_identify(install) by extension 'ignore'
[1.630s] Level 1:colcon.colcon_core.package_identification:_identify(install) ignored
[1.631s] Level 1:colcon.colcon_core.package_identification:_identify(log) by extensions ['ignore', 'ignore_ament_install']
[1.631s] Level 1:colcon.colcon_core.package_identification:_identify(log) by extension 'ignore'
[1.632s] Level 1:colcon.colcon_core.package_identification:_identify(log) ignored
[1.632s] Level 1:colcon.colcon_core.package_identification:_identify(src) by extensions ['ignore', 'ignore_ament_install']
[1.633s] Level 1:colcon.colcon_core.package_identification:_identify(src) by extension 'ignore'
[1.633s] Level 1:colcon.colcon_core.package_identification:_identify(src) by extension 'ignore_ament_install'
[1.633s] Level 1:colcon.colcon_core.package_identification:_identify(src) by extensions ['colcon_pkg']
[1.633s] Level 1:colcon.colcon_core.package_identification:_identify(src) by extension 'colcon_pkg'
[1.634s] Level 1:colcon.colcon_core.package_identification:_identify(src) by extensions ['colcon_meta']
[1.634s] Level 1:colcon.colcon_core.package_identification:_identify(src) by extension 'colcon_meta'
[1.634s] Level 1:colcon.colcon_core.package_identification:_identify(src) by extensions ['ros']
[1.634s] Level 1:colcon.colcon_core.package_identification:_identify(src) by extension 'ros'
[1.635s] Level 1:colcon.colcon_core.package_identification:_identify(src) by extensions ['cmake', 'python']
[1.635s] Level 1:colcon.colcon_core.package_identification:_identify(src) by extension 'cmake'
[1.635s] Level 1:colcon.colcon_core.package_identification:_identify(src) by extension 'python'
[1.635s] Level 1:colcon.colcon_core.package_identification:_identify(src) by extensions ['python_setup_py']
[1.635s] Level 1:colcon.colcon_core.package_identification:_identify(src) by extension 'python_setup_py'
[1.636s] Level 1:colcon.colcon_core.package_identification:_identify(src/camera_node) by extensions ['ignore', 'ignore_ament_install']
[1.637s] Level 1:colcon.colcon_core.package_identification:_identify(src/camera_node) by extension 'ignore'
[1.637s] Level 1:colcon.colcon_core.package_identification:_identify(src/camera_node) by extension 'ignore_ament_install'
[1.637s] Level 1:colcon.colcon_core.package_identification:_identify(src/camera_node) by extensions ['colcon_pkg']
[1.637s] Level 1:colcon.colcon_core.package_identification:_identify(src/camera_node) by extension 'colcon_pkg'
[1.638s] Level 1:colcon.colcon_core.package_identification:_identify(src/camera_node) by extensions ['colcon_meta']
[1.638s] Level 1:colcon.colcon_core.package_identification:_identify(src/camera_node) by extension 'colcon_meta'
[1.638s] Level 1:colcon.colcon_core.package_identification:_identify(src/camera_node) by extensions ['ros']
[1.638s] Level 1:colcon.colcon_core.package_identification:_identify(src/camera_node) by extension 'ros'
[1.649s] DEBUG:colcon.colcon_core.package_identification:Package 'src/camera_node' with type 'ros.ament_python' and name 'camera_node'
[1.650s] Level 1:colcon.colcon_core.package_identification:_identify(src/robot_ai) by extensions ['ignore', 'ignore_ament_install']
[1.650s] Level 1:colcon.colcon_core.package_identification:_identify(src/robot_ai) by extension 'ignore'
[1.651s] Level 1:colcon.colcon_core.package_identification:_identify(src/robot_ai) by extension 'ignore_ament_install'
[1.651s] Level 1:colcon.colcon_core.package_identification:_identify(src/robot_ai) by extensions ['colcon_pkg']
[1.651s] Level 1:colcon.colcon_core.package_identification:_identify(src/robot_ai) by extension 'colcon_pkg'
[1.651s] Level 1:colcon.colcon_core.package_identification:_identify(src/robot_ai) by extensions ['colcon_meta']
[1.651s] Level 1:colcon.colcon_core.package_identification:_identify(src/robot_ai) by extension 'colcon_meta'
[1.652s] Level 1:colcon.colcon_core.package_identification:_identify(src/robot_ai) by extensions ['ros']
[1.652s] Level 1:colcon.colcon_core.package_identification:_identify(src/robot_ai) by extension 'ros'
[1.655s] DEBUG:colcon.colcon_core.package_identification:Package 'src/robot_ai' with type 'ros.ament_python' and name 'robot_ai'
[1.656s] Level 1:colcon.colcon_core.package_identification:_identify(src/robot_bringup) by extensions ['ignore', 'ignore_ament_install']
[1.656s] Level 1:colcon.colcon_core.package_identification:_identify(src/robot_bringup) by extension 'ignore'
[1.657s] Level 1:colcon.colcon_core.package_identification:_identify(src/robot_bringup) by extension 'ignore_ament_install'
[1.657s] Level 1:colcon.colcon_core.package_identification:_identify(src/robot_bringup) by extensions ['colcon_pkg']
[1.658s] Level 1:colcon.colcon_core.package_identification:_identify(src/robot_bringup) by extension 'colcon_pkg'
[1.658s] Level 1:colcon.colcon_core.package_identification:_identify(src/robot_bringup) by extensions ['colcon_meta']
[1.658s] Level 1:colcon.colcon_core.package_identification:_identify(src/robot_bringup) by extension 'colcon_meta'
[1.658s] Level 1:colcon.colcon_core.package_identification:_identify(src/robot_bringup) by extensions ['ros']
[1.659s] Level 1:colcon.colcon_core.package_identification:_identify(src/robot_bringup) by extension 'ros'
[1.662s] DEBUG:colcon.colcon_core.package_identification:Package 'src/robot_bringup' with type 'ros.ament_cmake' and name 'robot_bringup'
[1.663s] Level 1:colcon.colcon_core.package_identification:_identify(src/robot_description) by extensions ['ignore', 'ignore_ament_install']
[1.664s] Level 1:colcon.colcon_core.package_identification:_identify(src/robot_description) by extension 'ignore'
[1.664s] Level 1:colcon.colcon_core.package_identification:_identify(src/robot_description) by extension 'ignore_ament_install'
[1.665s] Level 1:colcon.colcon_core.package_identification:_identify(src/robot_description) by extensions ['colcon_pkg']
[1.665s] Level 1:colcon.colcon_core.package_identification:_identify(src/robot_description) by extension 'colcon_pkg'
[1.665s] Level 1:colcon.colcon_core.package_identification:_identify(src/robot_description) by extensions ['colcon_meta']
[1.665s] Level 1:colcon.colcon_core.package_identification:_identify(src/robot_description) by extension 'colcon_meta'
[1.666s] Level 1:colcon.colcon_core.package_identification:_identify(src/robot_description) by extensions ['ros']
[1.666s] Level 1:colcon.colcon_core.package_identification:_identify(src/robot_description) by extension 'ros'
[1.669s] DEBUG:colcon.colcon_core.package_identification:Package 'src/robot_description' with type 'ros.ament_cmake' and name 'robot_description'
[1.670s] Level 1:colcon.colcon_core.package_identification:_identify(src/robot_serial) by extensions ['ignore', 'ignore_ament_install']
[1.670s] Level 1:colcon.colcon_core.package_identification:_identify(src/robot_serial) by extension 'ignore'
[1.670s] Level 1:colcon.colcon_core.package_identification:_identify(src/robot_serial) by extension 'ignore_ament_install'
[1.671s] Level 1:colcon.colcon_core.package_identification:_identify(src/robot_serial) by extensions ['colcon_pkg']
[1.671s] Level 1:colcon.colcon_core.package_identification:_identify(src/robot_serial) by extension 'colcon_pkg'
[1.671s] Level 1:colcon.colcon_core.package_identification:_identify(src/robot_serial) by extensions ['colcon_meta']
[1.671s] Level 1:colcon.colcon_core.package_identification:_identify(src/robot_serial) by extension 'colcon_meta'
[1.672s] Level 1:colcon.colcon_core.package_identification:_identify(src/robot_serial) by extensions ['ros']
[1.672s] Level 1:colcon.colcon_core.package_identification:_identify(src/robot_serial) by extension 'ros'
[1.674s] DEBUG:colcon.colcon_core.package_identification:Package 'src/robot_serial' with type 'ros.ament_python' and name 'robot_serial'
[1.675s] Level 1:colcon.colcon_core.package_identification:_identify(src/sllidar_ros2) by extensions ['ignore', 'ignore_ament_install']
[1.676s] Level 1:colcon.colcon_core.package_identification:_identify(src/sllidar_ros2) by extension 'ignore'
[1.676s] Level 1:colcon.colcon_core.package_identification:_identify(src/sllidar_ros2) by extension 'ignore_ament_install'
[1.677s] Level 1:colcon.colcon_core.package_identification:_identify(src/sllidar_ros2) by extensions ['colcon_pkg']
[1.677s] Level 1:colcon.colcon_core.package_identification:_identify(src/sllidar_ros2) by extension 'colcon_pkg'
[1.677s] Level 1:colcon.colcon_core.package_identification:_identify(src/sllidar_ros2) by extensions ['colcon_meta']
[1.677s] Level 1:colcon.colcon_core.package_identification:_identify(src/sllidar_ros2) by extension 'colcon_meta'
[1.678s] Level 1:colcon.colcon_core.package_identification:_identify(src/sllidar_ros2) by extensions ['ros']
[1.678s] Level 1:colcon.colcon_core.package_identification:_identify(src/sllidar_ros2) by extension 'ros'
[1.681s] DEBUG:colcon.colcon_core.package_identification:Package 'src/sllidar_ros2' with type 'ros.ament_cmake' and name 'sllidar_ros2'
[1.682s] Level 1:colcon.colcon_core.package_identification:_identify(src/vision_ai_node) by extensions ['ignore', 'ignore_ament_install']
[1.682s] Level 1:colcon.colcon_core.package_identification:_identify(src/vision_ai_node) by extension 'ignore'
[1.683s] Level 1:colcon.colcon_core.package_identification:_identify(src/vision_ai_node) by extension 'ignore_ament_install'
[1.683s] Level 1:colcon.colcon_core.package_identification:_identify(src/vision_ai_node) by extensions ['colcon_pkg']
[1.683s] Level 1:colcon.colcon_core.package_identification:_identify(src/vision_ai_node) by extension 'colcon_pkg'
[1.683s] Level 1:colcon.colcon_core.package_identification:_identify(src/vision_ai_node) by extensions ['colcon_meta']
[1.684s] Level 1:colcon.colcon_core.package_identification:_identify(src/vision_ai_node) by extension 'colcon_meta'
[1.684s] Level 1:colcon.colcon_core.package_identification:_identify(src/vision_ai_node) by extensions ['ros']
[1.684s] Level 1:colcon.colcon_core.package_identification:_identify(src/vision_ai_node) by extension 'ros'
[1.687s] DEBUG:colcon.colcon_core.package_identification:Package 'src/vision_ai_node' with type 'ros.ament_python' and name 'vision_ai_node'
[1.688s] Level 1:colcon.colcon_core.package_identification:_identify(src/vision_msgs) by extensions ['ignore', 'ignore_ament_install']
[1.688s] Level 1:colcon.colcon_core.package_identification:_identify(src/vision_msgs) by extension 'ignore'
[1.688s] Level 1:colcon.colcon_core.package_identification:_identify(src/vision_msgs) by extension 'ignore_ament_install'
[1.689s] Level 1:colcon.colcon_core.package_identification:_identify(src/vision_msgs) by extensions ['colcon_pkg']
[1.689s] Level 1:colcon.colcon_core.package_identification:_identify(src/vision_msgs) by extension 'colcon_pkg'
[1.689s] Level 1:colcon.colcon_core.package_identification:_identify(src/vision_msgs) by extensions ['colcon_meta']
[1.689s] Level 1:colcon.colcon_core.package_identification:_identify(src/vision_msgs) by extension 'colcon_meta'
[1.690s] Level 1:colcon.colcon_core.package_identification:_identify(src/vision_msgs) by extensions ['ros']
[1.690s] Level 1:colcon.colcon_core.package_identification:_identify(src/vision_msgs) by extension 'ros'
[1.693s] DEBUG:colcon.colcon_core.package_identification:Package 'src/vision_msgs' with type 'ros.ament_cmake' and name 'vision_msgs'
[1.693s] Level 1:colcon.colcon_core.package_identification:_identify(src/web_bridge) by extensions ['ignore', 'ignore_ament_install']
[1.694s] Level 1:colcon.colcon_core.package_identification:_identify(src/web_bridge) by extension 'ignore'
[1.694s] Level 1:colcon.colcon_core.package_identification:_identify(src/web_bridge) by extension 'ignore_ament_install'
[1.694s] Level 1:colcon.colcon_core.package_identification:_identify(src/web_bridge) by extensions ['colcon_pkg']
[1.695s] Level 1:colcon.colcon_core.package_identification:_identify(src/web_bridge) by extension 'colcon_pkg'
[1.695s] Level 1:colcon.colcon_core.package_identification:_identify(src/web_bridge) by extensions ['colcon_meta']
[1.695s] Level 1:colcon.colcon_core.package_identification:_identify(src/web_bridge) by extension 'colcon_meta'
[1.695s] Level 1:colcon.colcon_core.package_identification:_identify(src/web_bridge) by extensions ['ros']
[1.696s] Level 1:colcon.colcon_core.package_identification:_identify(src/web_bridge) by extension 'ros'
[1.697s] DEBUG:colcon.colcon_core.package_identification:Failed to parse potential ROS package manifest in'src/web_bridge': Error(s) in package 'src/web_bridge/package.xml':
The manifest contains invalid XML:
unclosed token: line 2, column 0
[1.697s] Level 1:colcon.colcon_core.package_identification:_identify(src/web_bridge) by extensions ['cmake', 'python']
[1.698s] Level 1:colcon.colcon_core.package_identification:_identify(src/web_bridge) by extension 'cmake'
[1.698s] Level 1:colcon.colcon_core.package_identification:_identify(src/web_bridge) by extension 'python'
[1.698s] Level 1:colcon.colcon_core.package_identification:_identify(src/web_bridge) by extensions ['python_setup_py']
[1.698s] Level 1:colcon.colcon_core.package_identification:_identify(src/web_bridge) by extension 'python_setup_py'
[3.079s] DEBUG:colcon.colcon_core.package_identification:Package 'src/web_bridge' with type 'python' and name 'web_bridge'
[3.079s] Level 1:colcon.colcon_core.package_discovery:discover_packages(recursive) using defaults
[3.080s] Level 1:colcon.colcon_core.package_discovery:discover_packages(ignore) discover
[3.080s] Level 1:colcon.colcon_core.package_discovery:discover_packages(ignore) using defaults
[3.080s] Level 1:colcon.colcon_core.package_discovery:discover_packages(path) discover
[3.080s] Level 1:colcon.colcon_core.package_discovery:discover_packages(path) using defaults
[3.185s] Level 1:colcon.colcon_core.package_discovery:discover_packages(prefix_path) check parameters
[3.186s] Level 1:colcon.colcon_core.package_discovery:discover_packages(prefix_path) discover
[3.193s] WARNING:colcon.colcon_ros.prefix_path.ament:The path '/home/robot/robot_ws/install/robot_camera' in the environment variable AMENT_PREFIX_PATH doesn't exist
[3.193s] WARNING:colcon.colcon_ros.prefix_path.ament:The path '/home/robot/robot_ws/install/esp32_ros2_bridge' in the environment variable AMENT_PREFIX_PATH doesn't exist
[3.201s] DEBUG:colcon.colcon_installed_package_information.package_discovery:Found 9 installed packages in /home/robot/robot_ws/install
[3.213s] DEBUG:colcon.colcon_installed_package_information.package_discovery:Found 259 installed packages in /opt/ros/humble
[3.231s] Level 1:colcon.colcon_core.package_discovery:discover_packages(prefix_path) using defaults
[3.621s] Level 5:colcon.colcon_core.verb:set package 'camera_node' build argument 'cmake_args' from command line to 'None'
[3.621s] Level 5:colcon.colcon_core.verb:set package 'camera_node' build argument 'cmake_target' from command line to 'None'
[3.621s] Level 5:colcon.colcon_core.verb:set package 'camera_node' build argument 'cmake_target_skip_unavailable' from command line to 'False'
[3.622s] Level 5:colcon.colcon_core.verb:set package 'camera_node' build argument 'cmake_clean_cache' from command line to 'False'
[3.622s] Level 5:colcon.colcon_core.verb:set package 'camera_node' build argument 'cmake_clean_first' from command line to 'False'
[3.622s] Level 5:colcon.colcon_core.verb:set package 'camera_node' build argument 'cmake_force_configure' from command line to 'False'
[3.623s] Level 5:colcon.colcon_core.verb:set package 'camera_node' build argument 'ament_cmake_args' from command line to 'None'
[3.623s] Level 5:colcon.colcon_core.verb:set package 'camera_node' build argument 'catkin_cmake_args' from command line to 'None'
[3.624s] Level 5:colcon.colcon_core.verb:set package 'camera_node' build argument 'catkin_skip_building_tests' from command line to 'False'
[3.624s] DEBUG:colcon.colcon_core.verb:Building package 'camera_node' with the following arguments: {'ament_cmake_args': None, 'build_base': '/home/robot/robot_ws/build/camera_node', 'catkin_cmake_args': None, 'catkin_skip_building_tests': False, 'cmake_args': None, 'cmake_clean_cache': False, 'cmake_clean_first': False, 'cmake_force_configure': False, 'cmake_target': None, 'cmake_target_skip_unavailable': False, 'install_base': '/home/robot/robot_ws/install/camera_node', 'merge_install': False, 'path': '/home/robot/robot_ws/src/camera_node', 'symlink_install': False, 'test_result_base': None}
[3.627s] Level 5:colcon.colcon_core.verb:set package 'robot_description' build argument 'cmake_args' from command line to 'None'
[3.628s] Level 5:colcon.colcon_core.verb:set package 'robot_description' build argument 'cmake_target' from command line to 'None'
[3.629s] Level 5:colcon.colcon_core.verb:set package 'robot_description' build argument 'cmake_target_skip_unavailable' from command line to 'False'
[3.629s] Level 5:colcon.colcon_core.verb:set package 'robot_description' build argument 'cmake_clean_cache' from command line to 'False'
[3.629s] Level 5:colcon.colcon_core.verb:set package 'robot_description' build argument 'cmake_clean_first' from command line to 'False'
[3.630s] Level 5:colcon.colcon_core.verb:set package 'robot_description' build argument 'cmake_force_configure' from command line to 'False'
[3.630s] Level 5:colcon.colcon_core.verb:set package 'robot_description' build argument 'ament_cmake_args' from command line to 'None'
[3.631s] Level 5:colcon.colcon_core.verb:set package 'robot_description' build argument 'catkin_cmake_args' from command line to 'None'
[3.631s] Level 5:colcon.colcon_core.verb:set package 'robot_description' build argument 'catkin_skip_building_tests' from command line to 'False'
[3.632s] DEBUG:colcon.colcon_core.verb:Building package 'robot_description' with the following arguments: {'ament_cmake_args': None, 'build_base': '/home/robot/robot_ws/build/robot_description', 'catkin_cmake_args': None, 'catkin_skip_building_tests': False, 'cmake_args': None, 'cmake_clean_cache': False, 'cmake_clean_first': False, 'cmake_force_configure': False, 'cmake_target': None, 'cmake_target_skip_unavailable': False, 'install_base': '/home/robot/robot_ws/install/robot_description', 'merge_install': False, 'path': '/home/robot/robot_ws/src/robot_description', 'symlink_install': False, 'test_result_base': None}
[3.634s] Level 5:colcon.colcon_core.verb:set package 'robot_serial' build argument 'cmake_args' from command line to 'None'
[3.635s] Level 5:colcon.colcon_core.verb:set package 'robot_serial' build argument 'cmake_target' from command line to 'None'
[3.635s] Level 5:colcon.colcon_core.verb:set package 'robot_serial' build argument 'cmake_target_skip_unavailable' from command line to 'False'
[3.635s] Level 5:colcon.colcon_core.verb:set package 'robot_serial' build argument 'cmake_clean_cache' from command line to 'False'
[3.635s] Level 5:colcon.colcon_core.verb:set package 'robot_serial' build argument 'cmake_clean_first' from command line to 'False'
[3.635s] Level 5:colcon.colcon_core.verb:set package 'robot_serial' build argument 'cmake_force_configure' from command line to 'False'
[3.636s] Level 5:colcon.colcon_core.verb:set package 'robot_serial' build argument 'ament_cmake_args' from command line to 'None'
[3.636s] Level 5:colcon.colcon_core.verb:set package 'robot_serial' build argument 'catkin_cmake_args' from command line to 'None'
[3.636s] Level 5:colcon.colcon_core.verb:set package 'robot_serial' build argument 'catkin_skip_building_tests' from command line to 'False'
[3.636s] DEBUG:colcon.colcon_core.verb:Building package 'robot_serial' with the following arguments: {'ament_cmake_args': None, 'build_base': '/home/robot/robot_ws/build/robot_serial', 'catkin_cmake_args': None, 'catkin_skip_building_tests': False, 'cmake_args': None, 'cmake_clean_cache': False, 'cmake_clean_first': False, 'cmake_force_configure': False, 'cmake_target': None, 'cmake_target_skip_unavailable': False, 'install_base': '/home/robot/robot_ws/install/robot_serial', 'merge_install': False, 'path': '/home/robot/robot_ws/src/robot_serial', 'symlink_install': False, 'test_result_base': None}
[3.639s] Level 5:colcon.colcon_core.verb:set package 'sllidar_ros2' build argument 'cmake_args' from command line to 'None'
[3.639s] Level 5:colcon.colcon_core.verb:set package 'sllidar_ros2' build argument 'cmake_target' from command line to 'None'
[3.639s] Level 5:colcon.colcon_core.verb:set package 'sllidar_ros2' build argument 'cmake_target_skip_unavailable' from command line to 'False'
[3.639s] Level 5:colcon.colcon_core.verb:set package 'sllidar_ros2' build argument 'cmake_clean_cache' from command line to 'False'
[3.640s] Level 5:colcon.colcon_core.verb:set package 'sllidar_ros2' build argument 'cmake_clean_first' from command line to 'False'
[3.640s] Level 5:colcon.colcon_core.verb:set package 'sllidar_ros2' build argument 'cmake_force_configure' from command line to 'False'
[3.640s] Level 5:colcon.colcon_core.verb:set package 'sllidar_ros2' build argument 'ament_cmake_args' from command line to 'None'
[3.640s] Level 5:colcon.colcon_core.verb:set package 'sllidar_ros2' build argument 'catkin_cmake_args' from command line to 'None'
[3.640s] Level 5:colcon.colcon_core.verb:set package 'sllidar_ros2' build argument 'catkin_skip_building_tests' from command line to 'False'
[3.641s] DEBUG:colcon.colcon_core.verb:Building package 'sllidar_ros2' with the following arguments: {'ament_cmake_args': None, 'build_base': '/home/robot/robot_ws/build/sllidar_ros2', 'catkin_cmake_args': None, 'catkin_skip_building_tests': False, 'cmake_args': None, 'cmake_clean_cache': False, 'cmake_clean_first': False, 'cmake_force_configure': False, 'cmake_target': None, 'cmake_target_skip_unavailable': False, 'install_base': '/home/robot/robot_ws/install/sllidar_ros2', 'merge_install': False, 'path': '/home/robot/robot_ws/src/sllidar_ros2', 'symlink_install': False, 'test_result_base': None}
[3.643s] Level 5:colcon.colcon_core.verb:set package 'vision_msgs' build argument 'cmake_args' from command line to 'None'
[3.643s] Level 5:colcon.colcon_core.verb:set package 'vision_msgs' build argument 'cmake_target' from command line to 'None'
[3.644s] Level 5:colcon.colcon_core.verb:set package 'vision_msgs' build argument 'cmake_target_skip_unavailable' from command line to 'False'
[3.644s] Level 5:colcon.colcon_core.verb:set package 'vision_msgs' build argument 'cmake_clean_cache' from command line to 'False'
[3.644s] Level 5:colcon.colcon_core.verb:set package 'vision_msgs' build argument 'cmake_clean_first' from command line to 'False'
[3.645s] Level 5:colcon.colcon_core.verb:set package 'vision_msgs' build argument 'cmake_force_configure' from command line to 'False'
[3.645s] Level 5:colcon.colcon_core.verb:set package 'vision_msgs' build argument 'ament_cmake_args' from command line to 'None'
[3.646s] Level 5:colcon.colcon_core.verb:set package 'vision_msgs' build argument 'catkin_cmake_args' from command line to 'None'
[3.646s] Level 5:colcon.colcon_core.verb:set package 'vision_msgs' build argument 'catkin_skip_building_tests' from command line to 'False'
[3.647s] DEBUG:colcon.colcon_core.verb:Building package 'vision_msgs' with the following arguments: {'ament_cmake_args': None, 'build_base': '/home/robot/robot_ws/build/vision_msgs', 'catkin_cmake_args': None, 'catkin_skip_building_tests': False, 'cmake_args': None, 'cmake_clean_cache': False, 'cmake_clean_first': False, 'cmake_force_configure': False, 'cmake_target': None, 'cmake_target_skip_unavailable': False, 'install_base': '/home/robot/robot_ws/install/vision_msgs', 'merge_install': False, 'path': '/home/robot/robot_ws/src/vision_msgs', 'symlink_install': False, 'test_result_base': None}
[3.650s] Level 5:colcon.colcon_core.verb:set package 'web_bridge' build argument 'cmake_args' from command line to 'None'
[3.651s] Level 5:colcon.colcon_core.verb:set package 'web_bridge' build argument 'cmake_target' from command line to 'None'
[3.652s] Level 5:colcon.colcon_core.verb:set package 'web_bridge' build argument 'cmake_target_skip_unavailable' from command line to 'False'
[3.652s] Level 5:colcon.colcon_core.verb:set package 'web_bridge' build argument 'cmake_clean_cache' from command line to 'False'
[3.653s] Level 5:colcon.colcon_core.verb:set package 'web_bridge' build argument 'cmake_clean_first' from command line to 'False'
[3.653s] Level 5:colcon.colcon_core.verb:set package 'web_bridge' build argument 'cmake_force_configure' from command line to 'False'
[3.654s] Level 5:colcon.colcon_core.verb:set package 'web_bridge' build argument 'ament_cmake_args' from command line to 'None'
[3.654s] Level 5:colcon.colcon_core.verb:set package 'web_bridge' build argument 'catkin_cmake_args' from command line to 'None'
[3.655s] Level 5:colcon.colcon_core.verb:set package 'web_bridge' build argument 'catkin_skip_building_tests' from command line to 'False'
[3.655s] DEBUG:colcon.colcon_core.verb:Building package 'web_bridge' with the following arguments: {'ament_cmake_args': None, 'build_base': '/home/robot/robot_ws/build/web_bridge', 'catkin_cmake_args': None, 'catkin_skip_building_tests': False, 'cmake_args': None, 'cmake_clean_cache': False, 'cmake_clean_first': False, 'cmake_force_configure': False, 'cmake_target': None, 'cmake_target_skip_unavailable': False, 'install_base': '/home/robot/robot_ws/install/web_bridge', 'merge_install': False, 'path': '/home/robot/robot_ws/src/web_bridge', 'symlink_install': False, 'test_result_base': None}
[3.658s] Level 5:colcon.colcon_core.verb:set package 'robot_ai' build argument 'cmake_args' from command line to 'None'
[3.658s] Level 5:colcon.colcon_core.verb:set package 'robot_ai' build argument 'cmake_target' from command line to 'None'
[3.658s] Level 5:colcon.colcon_core.verb:set package 'robot_ai' build argument 'cmake_target_skip_unavailable' from command line to 'False'
[3.659s] Level 5:colcon.colcon_core.verb:set package 'robot_ai' build argument 'cmake_clean_cache' from command line to 'False'
[3.659s] Level 5:colcon.colcon_core.verb:set package 'robot_ai' build argument 'cmake_clean_first' from command line to 'False'
[3.659s] Level 5:colcon.colcon_core.verb:set package 'robot_ai' build argument 'cmake_force_configure' from command line to 'False'
[3.659s] Level 5:colcon.colcon_core.verb:set package 'robot_ai' build argument 'ament_cmake_args' from command line to 'None'
[3.660s] Level 5:colcon.colcon_core.verb:set package 'robot_ai' build argument 'catkin_cmake_args' from command line to 'None'
[3.660s] Level 5:colcon.colcon_core.verb:set package 'robot_ai' build argument 'catkin_skip_building_tests' from command line to 'False'
[3.660s] DEBUG:colcon.colcon_core.verb:Building package 'robot_ai' with the following arguments: {'ament_cmake_args': None, 'build_base': '/home/robot/robot_ws/build/robot_ai', 'catkin_cmake_args': None, 'catkin_skip_building_tests': False, 'cmake_args': None, 'cmake_clean_cache': False, 'cmake_clean_first': False, 'cmake_force_configure': False, 'cmake_target': None, 'cmake_target_skip_unavailable': False, 'install_base': '/home/robot/robot_ws/install/robot_ai', 'merge_install': False, 'path': '/home/robot/robot_ws/src/robot_ai', 'symlink_install': False, 'test_result_base': None}
[3.662s] Level 5:colcon.colcon_core.verb:set package 'robot_bringup' build argument 'cmake_args' from command line to 'None'
[3.663s] Level 5:colcon.colcon_core.verb:set package 'robot_bringup' build argument 'cmake_target' from command line to 'None'
[3.663s] Level 5:colcon.colcon_core.verb:set package 'robot_bringup' build argument 'cmake_target_skip_unavailable' from command line to 'False'
[3.663s] Level 5:colcon.colcon_core.verb:set package 'robot_bringup' build argument 'cmake_clean_cache' from command line to 'False'
[3.664s] Level 5:colcon.colcon_core.verb:set package 'robot_bringup' build argument 'cmake_clean_first' from command line to 'False'
[3.664s] Level 5:colcon.colcon_core.verb:set package 'robot_bringup' build argument 'cmake_force_configure' from command line to 'False'
[3.664s] Level 5:colcon.colcon_core.verb:set package 'robot_bringup' build argument 'ament_cmake_args' from command line to 'None'
[3.664s] Level 5:colcon.colcon_core.verb:set package 'robot_bringup' build argument 'catkin_cmake_args' from command line to 'None'
[3.664s] Level 5:colcon.colcon_core.verb:set package 'robot_bringup' build argument 'catkin_skip_building_tests' from command line to 'False'
[3.665s] DEBUG:colcon.colcon_core.verb:Building package 'robot_bringup' with the following arguments: {'ament_cmake_args': None, 'build_base': '/home/robot/robot_ws/build/robot_bringup', 'catkin_cmake_args': None, 'catkin_skip_building_tests': False, 'cmake_args': None, 'cmake_clean_cache': False, 'cmake_clean_first': False, 'cmake_force_configure': False, 'cmake_target': None, 'cmake_target_skip_unavailable': False, 'install_base': '/home/robot/robot_ws/install/robot_bringup', 'merge_install': False, 'path': '/home/robot/robot_ws/src/robot_bringup', 'symlink_install': False, 'test_result_base': None}
[3.667s] Level 5:colcon.colcon_core.verb:set package 'vision_ai_node' build argument 'cmake_args' from command line to 'None'
[3.668s] Level 5:colcon.colcon_core.verb:set package 'vision_ai_node' build argument 'cmake_target' from command line to 'None'
[3.668s] Level 5:colcon.colcon_core.verb:set package 'vision_ai_node' build argument 'cmake_target_skip_unavailable' from command line to 'False'
[3.668s] Level 5:colcon.colcon_core.verb:set package 'vision_ai_node' build argument 'cmake_clean_cache' from command line to 'False'
[3.668s] Level 5:colcon.colcon_core.verb:set package 'vision_ai_node' build argument 'cmake_clean_first' from command line to 'False'
[3.669s] Level 5:colcon.colcon_core.verb:set package 'vision_ai_node' build argument 'cmake_force_configure' from command line to 'False'
[3.669s] Level 5:colcon.colcon_core.verb:set package 'vision_ai_node' build argument 'ament_cmake_args' from command line to 'None'
[3.669s] Level 5:colcon.colcon_core.verb:set package 'vision_ai_node' build argument 'catkin_cmake_args' from command line to 'None'
[3.670s] Level 5:colcon.colcon_core.verb:set package 'vision_ai_node' build argument 'catkin_skip_building_tests' from command line to 'False'
[3.670s] DEBUG:colcon.colcon_core.verb:Building package 'vision_ai_node' with the following arguments: {'ament_cmake_args': None, 'build_base': '/home/robot/robot_ws/build/vision_ai_node', 'catkin_cmake_args': None, 'catkin_skip_building_tests': False, 'cmake_args': None, 'cmake_clean_cache': False, 'cmake_clean_first': False, 'cmake_force_configure': False, 'cmake_target': None, 'cmake_target_skip_unavailable': False, 'install_base': '/home/robot/robot_ws/install/vision_ai_node', 'merge_install': False, 'path': '/home/robot/robot_ws/src/vision_ai_node', 'symlink_install': False, 'test_result_base': None}
[3.671s] INFO:colcon.colcon_core.executor:Executing jobs using 'parallel' executor
[3.678s] DEBUG:colcon.colcon_parallel_executor.executor.parallel:run_until_complete
[3.683s] INFO:colcon.colcon_ros.task.ament_cmake.build:Building ROS package in '/home/robot/robot_ws/src/vision_msgs' with build type 'ament_cmake'
[3.685s] INFO:colcon.colcon_cmake.task.cmake.build:Building CMake package in '/home/robot/robot_ws/src/vision_msgs'
[3.712s] INFO:colcon.colcon_core.plugin_system:Skipping extension 'colcon_core.shell.bat': Not used on non-Windows systems
[3.713s] INFO:colcon.colcon_core.shell:Skip shell extension 'powershell' for command environment: Not usable outside of PowerShell
[3.713s] DEBUG:colcon.colcon_core.shell:Skip shell extension 'dsv' for command environment
[3.750s] INFO:colcon.colcon_ros.task.ament_cmake.build:Building ROS package in '/home/robot/robot_ws/src/robot_description' with build type 'ament_cmake'
[3.755s] INFO:colcon.colcon_cmake.task.cmake.build:Building CMake package in '/home/robot/robot_ws/src/robot_description'
[3.757s] INFO:colcon.colcon_core.shell:Skip shell extension 'powershell' for command environment: Not usable outside of PowerShell
[3.758s] DEBUG:colcon.colcon_core.shell:Skip shell extension 'dsv' for command environment
[3.795s] INFO:colcon.colcon_ros.task.ament_cmake.build:Building ROS package in '/home/robot/robot_ws/src/sllidar_ros2' with build type 'ament_cmake'
[3.797s] INFO:colcon.colcon_cmake.task.cmake.build:Building CMake package in '/home/robot/robot_ws/src/sllidar_ros2'
[3.799s] INFO:colcon.colcon_core.shell:Skip shell extension 'powershell' for command environment: Not usable outside of PowerShell
[3.801s] DEBUG:colcon.colcon_core.shell:Skip shell extension 'dsv' for command environment
[3.839s] INFO:colcon.colcon_ros.task.ament_python.build:Building ROS package in '/home/robot/robot_ws/src/camera_node' with build type 'ament_python'
[3.840s] Level 1:colcon.colcon_core.shell:create_environment_hook('camera_node', 'ament_prefix_path')
[3.841s] INFO:colcon.colcon_core.shell:Creating environment hook '/home/robot/robot_ws/install/camera_node/share/camera_node/hook/ament_prefix_path.ps1'
[3.847s] INFO:colcon.colcon_core.shell:Creating environment descriptor '/home/robot/robot_ws/install/camera_node/share/camera_node/hook/ament_prefix_path.dsv'
[3.855s] INFO:colcon.colcon_core.shell:Creating environment hook '/home/robot/robot_ws/install/camera_node/share/camera_node/hook/ament_prefix_path.sh'
[3.862s] INFO:colcon.colcon_core.shell:Skip shell extension 'powershell' for command environment: Not usable outside of PowerShell
[3.864s] DEBUG:colcon.colcon_core.shell:Skip shell extension 'dsv' for command environment
[3.995s] DEBUG:colcon.colcon_core.event_handler.log_command:Invoking command in '/home/robot/robot_ws/build/vision_msgs': CMAKE_PREFIX_PATH=${CMAKE_PREFIX_PATH}:/home/robot/robot_ws/install/vision_ai_node:/home/robot/robot_ws/install/robot_ai:/home/robot/robot_ws/install/robot_serial:/home/robot/robot_ws/install/robot_camera:/home/robot/robot_ws/install/esp32_ros2_bridge:/home/robot/robot_ws/install/camera_node:/opt/ros/humble /usr/bin/cmake --build /home/robot/robot_ws/build/vision_msgs -- -j4 -l4
[4.023s] DEBUG:colcon.colcon_core.event_handler.log_command:Invoking command in '/home/robot/robot_ws/build/robot_description': CMAKE_PREFIX_PATH=${CMAKE_PREFIX_PATH}:/home/robot/robot_ws/install/vision_ai_node:/home/robot/robot_ws/install/robot_ai:/home/robot/robot_ws/install/robot_serial:/home/robot/robot_ws/install/robot_camera:/home/robot/robot_ws/install/esp32_ros2_bridge:/home/robot/robot_ws/install/camera_node:/opt/ros/humble /usr/bin/cmake --build /home/robot/robot_ws/build/robot_description -- -j4 -l4
[4.067s] DEBUG:colcon.colcon_core.event_handler.log_command:Invoking command in '/home/robot/robot_ws/build/sllidar_ros2': CMAKE_PREFIX_PATH=${CMAKE_PREFIX_PATH}:/home/robot/robot_ws/install/vision_ai_node:/home/robot/robot_ws/install/robot_ai:/home/robot/robot_ws/install/robot_serial:/home/robot/robot_ws/install/robot_camera:/home/robot/robot_ws/install/esp32_ros2_bridge:/home/robot/robot_ws/install/camera_node:/opt/ros/humble /usr/bin/cmake --build /home/robot/robot_ws/build/sllidar_ros2 -- -j4 -l4
[7.078s] INFO:colcon.colcon_core.task.python.build:Building Python package in '/home/robot/robot_ws/src/camera_node'
[7.079s] INFO:colcon.colcon_core.shell:Skip shell extension 'powershell' for command environment: Not usable outside of PowerShell
[7.079s] DEBUG:colcon.colcon_core.shell:Skip shell extension 'dsv' for command environment
[11.627s] DEBUG:colcon.colcon_core.event_handler.log_command:Invoked command in '/home/robot/robot_ws/build/robot_description' returned '0': CMAKE_PREFIX_PATH=${CMAKE_PREFIX_PATH}:/home/robot/robot_ws/install/vision_ai_node:/home/robot/robot_ws/install/robot_ai:/home/robot/robot_ws/install/robot_serial:/home/robot/robot_ws/install/robot_camera:/home/robot/robot_ws/install/esp32_ros2_bridge:/home/robot/robot_ws/install/camera_node:/opt/ros/humble /usr/bin/cmake --build /home/robot/robot_ws/build/robot_description -- -j4 -l4
[11.635s] DEBUG:colcon.colcon_core.event_handler.log_command:Invoking command in '/home/robot/robot_ws/build/robot_description': CMAKE_PREFIX_PATH=${CMAKE_PREFIX_PATH}:/home/robot/robot_ws/install/vision_ai_node:/home/robot/robot_ws/install/robot_ai:/home/robot/robot_ws/install/robot_serial:/home/robot/robot_ws/install/robot_camera:/home/robot/robot_ws/install/esp32_ros2_bridge:/home/robot/robot_ws/install/camera_node:/opt/ros/humble /usr/bin/cmake --install /home/robot/robot_ws/build/robot_description
[12.154s] Level 1:colcon.colcon_core.environment:create_environment_scripts_only(robot_description)
[12.194s] Level 1:colcon.colcon_core.environment:checking '/home/robot/robot_ws/install/robot_description' for CMake module files
[12.222s] Level 1:colcon.colcon_core.environment:checking '/home/robot/robot_ws/install/robot_description' for CMake config files
[12.233s] Level 1:colcon.colcon_core.shell:create_environment_hook('robot_description', 'cmake_prefix_path')
[12.239s] INFO:colcon.colcon_core.shell:Creating environment hook '/home/robot/robot_ws/install/robot_description/share/robot_description/hook/cmake_prefix_path.ps1'
[12.248s] DEBUG:colcon.colcon_core.event_handler.log_command:Invoked command in '/home/robot/robot_ws/build/sllidar_ros2' returned '0': CMAKE_PREFIX_PATH=${CMAKE_PREFIX_PATH}:/home/robot/robot_ws/install/vision_ai_node:/home/robot/robot_ws/install/robot_ai:/home/robot/robot_ws/install/robot_serial:/home/robot/robot_ws/install/robot_camera:/home/robot/robot_ws/install/esp32_ros2_bridge:/home/robot/robot_ws/install/camera_node:/opt/ros/humble /usr/bin/cmake --build /home/robot/robot_ws/build/sllidar_ros2 -- -j4 -l4
[12.257s] DEBUG:colcon.colcon_core.event_handler.log_command:Invoking command in '/home/robot/robot_ws/build/sllidar_ros2': CMAKE_PREFIX_PATH=${CMAKE_PREFIX_PATH}:/home/robot/robot_ws/install/vision_ai_node:/home/robot/robot_ws/install/robot_ai:/home/robot/robot_ws/install/robot_serial:/home/robot/robot_ws/install/robot_camera:/home/robot/robot_ws/install/esp32_ros2_bridge:/home/robot/robot_ws/install/camera_node:/opt/ros/humble /usr/bin/cmake --install /home/robot/robot_ws/build/sllidar_ros2
[12.258s] INFO:colcon.colcon_core.shell:Creating environment descriptor '/home/robot/robot_ws/install/robot_description/share/robot_description/hook/cmake_prefix_path.dsv'
[12.264s] DEBUG:colcon.colcon_core.event_handler.log_command:Invoked command in '/home/robot/robot_ws/build/robot_description' returned '0': CMAKE_PREFIX_PATH=${CMAKE_PREFIX_PATH}:/home/robot/robot_ws/install/vision_ai_node:/home/robot/robot_ws/install/robot_ai:/home/robot/robot_ws/install/robot_serial:/home/robot/robot_ws/install/robot_camera:/home/robot/robot_ws/install/esp32_ros2_bridge:/home/robot/robot_ws/install/camera_node:/opt/ros/humble /usr/bin/cmake --install /home/robot/robot_ws/build/robot_description
[12.266s] INFO:colcon.colcon_core.shell:Creating environment hook '/home/robot/robot_ws/install/robot_description/share/robot_description/hook/cmake_prefix_path.sh'
[12.282s] Level 1:colcon.colcon_core.environment:checking '/home/robot/robot_ws/install/robot_description/bin'
[12.283s] Level 1:colcon.colcon_core.environment:checking '/home/robot/robot_ws/install/robot_description/lib/pkgconfig/robot_description.pc'
[12.285s] Level 1:colcon.colcon_core.environment:checking '/home/robot/robot_ws/install/robot_description/lib/python3.10/site-packages'
[12.287s] Level 1:colcon.colcon_core.environment:checking '/home/robot/robot_ws/install/robot_description/bin'
[12.290s] INFO:colcon.colcon_core.shell:Creating package script '/home/robot/robot_ws/install/robot_description/share/robot_description/package.ps1'
[12.317s] INFO:colcon.colcon_core.shell:Creating package descriptor '/home/robot/robot_ws/install/robot_description/share/robot_description/package.dsv'
[12.321s] INFO:colcon.colcon_core.shell:Creating package script '/home/robot/robot_ws/install/robot_description/share/robot_description/package.sh'
[12.327s] INFO:colcon.colcon_core.shell:Creating package script '/home/robot/robot_ws/install/robot_description/share/robot_description/package.bash'
[12.341s] INFO:colcon.colcon_core.shell:Creating package script '/home/robot/robot_ws/install/robot_description/share/robot_description/package.zsh'
[12.350s] Level 1:colcon.colcon_core.environment:create_file_with_runtime_dependencies(/home/robot/robot_ws/install/robot_description/share/colcon-core/packages/robot_description)
[12.355s] Level 1:colcon.colcon_core.environment:create_environment_scripts_only(robot_description)
[12.369s] Level 1:colcon.colcon_core.environment:checking '/home/robot/robot_ws/install/robot_description' for CMake module files
[12.373s] Level 1:colcon.colcon_core.environment:checking '/home/robot/robot_ws/install/robot_description' for CMake config files
[12.375s] Level 1:colcon.colcon_core.shell:create_environment_hook('robot_description', 'cmake_prefix_path')
[12.377s] INFO:colcon.colcon_core.shell:Creating environment hook '/home/robot/robot_ws/install/robot_description/share/robot_description/hook/cmake_prefix_path.ps1'
[19.383s] INFO:colcon.colcon_core.shell:Creating environment descriptor '/home/robot/robot_ws/install/robot_description/share/robot_description/hook/cmake_prefix_path.dsv'
[19.387s] INFO:colcon.colcon_core.shell:Creating environment hook '/home/robot/robot_ws/install/robot_description/share/robot_description/hook/cmake_prefix_path.sh'
[19.506s] Level 1:colcon.colcon_core.environment:checking '/home/robot/robot_ws/install/robot_description/bin'
[19.507s] Level 1:colcon.colcon_core.environment:checking '/home/robot/robot_ws/install/robot_description/lib/pkgconfig/robot_description.pc'
[19.510s] Level 1:colcon.colcon_core.environment:checking '/home/robot/robot_ws/install/robot_description/lib/python3.10/site-packages'
[19.513s] Level 1:colcon.colcon_core.environment:checking '/home/robot/robot_ws/install/robot_description/bin'
[19.516s] INFO:colcon.colcon_core.shell:Creating package script '/home/robot/robot_ws/install/robot_description/share/robot_description/package.ps1'
[19.525s] INFO:colcon.colcon_core.shell:Creating package descriptor '/home/robot/robot_ws/install/robot_description/share/robot_description/package.dsv'
[19.531s] INFO:colcon.colcon_core.shell:Creating package script '/home/robot/robot_ws/install/robot_description/share/robot_description/package.sh'
[19.535s] INFO:colcon.colcon_core.shell:Creating package script '/home/robot/robot_ws/install/robot_description/share/robot_description/package.bash'
[19.542s] INFO:colcon.colcon_core.shell:Creating package script '/home/robot/robot_ws/install/robot_description/share/robot_description/package.zsh'
[19.549s] Level 1:colcon.colcon_core.environment:create_file_with_runtime_dependencies(/home/robot/robot_ws/install/robot_description/share/colcon-core/packages/robot_description)
[19.563s] INFO:colcon.colcon_ros.task.ament_python.build:Building ROS package in '/home/robot/robot_ws/src/robot_serial' with build type 'ament_python'
[19.565s] Level 1:colcon.colcon_core.shell:create_environment_hook('robot_serial', 'ament_prefix_path')
[19.568s] INFO:colcon.colcon_core.shell:Creating environment hook '/home/robot/robot_ws/install/robot_serial/share/robot_serial/hook/ament_prefix_path.ps1'
[19.576s] INFO:colcon.colcon_core.shell:Creating environment descriptor '/home/robot/robot_ws/install/robot_serial/share/robot_serial/hook/ament_prefix_path.dsv'
[19.582s] INFO:colcon.colcon_core.shell:Creating environment hook '/home/robot/robot_ws/install/robot_serial/share/robot_serial/hook/ament_prefix_path.sh'
[19.591s] INFO:colcon.colcon_core.shell:Skip shell extension 'powershell' for command environment: Not usable outside of PowerShell
[19.592s] DEBUG:colcon.colcon_core.shell:Skip shell extension 'dsv' for command environment
[19.646s] DEBUG:colcon.colcon_core.task.python.build:Available setuptools commands: bdist, build_py, setopt, install, easy_install, build_clib, register, symlink_data, install_lib, install_scripts, rotate, test, update_catalog, sdist, init_catalog, bdist_egg, build_ext, upload_docs, clean, dist_info, build_scripts, bdist_wheel, install_headers, build, install_egg_info, bdist_rpm, extract_messages, check, install_data, bdist_dumb, saveopts, alias, compile_catalog, upload, egg_info, develop
[37.535s] DEBUG:colcon.colcon_core.event_handler.log_command:Invoking command in '/home/robot/robot_ws/src/camera_node': PYTHONPATH=/home/robot/robot_ws/build/camera_node/prefix_override:/usr/lib/python3/dist-packages/colcon_core/task/python/colcon_distutils_commands:/home/robot/robot_ws/install/camera_node/lib/python3.10/site-packages:${PYTHONPATH} /usr/bin/python3 -W ignore:setup.py install is deprecated -W ignore:easy_install command is deprecated setup.py egg_info --egg-base ../../build/camera_node build --build-base /home/robot/robot_ws/build/camera_node/build install --record /home/robot/robot_ws/build/camera_node/install.log --install-scripts $base/lib/camera_node --single-version-externally-managed install_data
[37.541s] Level 1:colcon.colcon_core.environment:create_environment_scripts_only(sllidar_ros2)
[37.542s] Level 1:colcon.colcon_core.environment:checking '/home/robot/robot_ws/install/sllidar_ros2' for CMake module files
[37.550s] Level 1:colcon.colcon_core.environment:checking '/home/robot/robot_ws/install/sllidar_ros2' for CMake config files
[37.557s] DEBUG:colcon.colcon_core.event_handler.log_command:Invoked command in '/home/robot/robot_ws/build/sllidar_ros2' returned '0': CMAKE_PREFIX_PATH=${CMAKE_PREFIX_PATH}:/home/robot/robot_ws/install/vision_ai_node:/home/robot/robot_ws/install/robot_ai:/home/robot/robot_ws/install/robot_serial:/home/robot/robot_ws/install/robot_camera:/home/robot/robot_ws/install/esp32_ros2_bridge:/home/robot/robot_ws/install/camera_node:/opt/ros/humble /usr/bin/cmake --install /home/robot/robot_ws/build/sllidar_ros2
[37.558s] Level 1:colcon.colcon_core.shell:create_environment_hook('sllidar_ros2', 'cmake_prefix_path')
[37.560s] INFO:colcon.colcon_core.shell:Creating environment hook '/home/robot/robot_ws/install/sllidar_ros2/share/sllidar_ros2/hook/cmake_prefix_path.ps1'
[37.828s] INFO:colcon.colcon_core.shell:Creating environment descriptor '/home/robot/robot_ws/install/sllidar_ros2/share/sllidar_ros2/hook/cmake_prefix_path.dsv'
[37.831s] INFO:colcon.colcon_core.shell:Creating environment hook '/home/robot/robot_ws/install/sllidar_ros2/share/sllidar_ros2/hook/cmake_prefix_path.sh'
[37.835s] Level 1:colcon.colcon_core.environment:checking '/home/robot/robot_ws/install/sllidar_ros2/lib'
[37.837s] Level 1:colcon.colcon_core.environment:checking '/home/robot/robot_ws/install/sllidar_ros2/bin'
[37.837s] Level 1:colcon.colcon_core.environment:checking '/home/robot/robot_ws/install/sllidar_ros2/lib/pkgconfig/sllidar_ros2.pc'
[37.839s] Level 1:colcon.colcon_core.environment:checking '/home/robot/robot_ws/install/sllidar_ros2/lib/python3.10/site-packages'
[37.842s] Level 1:colcon.colcon_core.environment:checking '/home/robot/robot_ws/install/sllidar_ros2/bin'
[37.844s] INFO:colcon.colcon_core.shell:Creating package script '/home/robot/robot_ws/install/sllidar_ros2/share/sllidar_ros2/package.ps1'
[37.847s] INFO:colcon.colcon_core.shell:Creating package descriptor '/home/robot/robot_ws/install/sllidar_ros2/share/sllidar_ros2/package.dsv'
[37.850s] INFO:colcon.colcon_core.shell:Creating package script '/home/robot/robot_ws/install/sllidar_ros2/share/sllidar_ros2/package.sh'
[37.865s] INFO:colcon.colcon_core.shell:Creating package script '/home/robot/robot_ws/install/sllidar_ros2/share/sllidar_ros2/package.bash'
[37.872s] INFO:colcon.colcon_core.shell:Creating package script '/home/robot/robot_ws/install/sllidar_ros2/share/sllidar_ros2/package.zsh'
[37.874s] Level 1:colcon.colcon_core.environment:create_file_with_runtime_dependencies(/home/robot/robot_ws/install/sllidar_ros2/share/colcon-core/packages/sllidar_ros2)
[37.878s] Level 1:colcon.colcon_core.environment:create_environment_scripts_only(sllidar_ros2)
[37.879s] Level 1:colcon.colcon_core.environment:checking '/home/robot/robot_ws/install/sllidar_ros2' for CMake module files
[37.888s] Level 1:colcon.colcon_core.environment:checking '/home/robot/robot_ws/install/sllidar_ros2' for CMake config files
[37.890s] Level 1:colcon.colcon_core.shell:create_environment_hook('sllidar_ros2', 'cmake_prefix_path')
[37.892s] INFO:colcon.colcon_core.shell:Creating environment hook '/home/robot/robot_ws/install/sllidar_ros2/share/sllidar_ros2/hook/cmake_prefix_path.ps1'
[45.792s] INFO:colcon.colcon_core.shell:Creating environment descriptor '/home/robot/robot_ws/install/sllidar_ros2/share/sllidar_ros2/hook/cmake_prefix_path.dsv'
[49.401s] INFO:colcon.colcon_core.shell:Creating environment hook '/home/robot/robot_ws/install/sllidar_ros2/share/sllidar_ros2/hook/cmake_prefix_path.sh'
[49.412s] Level 1:colcon.colcon_core.environment:checking '/home/robot/robot_ws/install/sllidar_ros2/lib'
[49.424s] Level 1:colcon.colcon_core.environment:checking '/home/robot/robot_ws/install/sllidar_ros2/bin'
[49.425s] Level 1:colcon.colcon_core.environment:checking '/home/robot/robot_ws/install/sllidar_ros2/lib/pkgconfig/sllidar_ros2.pc'
[49.429s] Level 1:colcon.colcon_core.environment:checking '/home/robot/robot_ws/install/sllidar_ros2/lib/python3.10/site-packages'
[49.442s] Level 1:colcon.colcon_core.environment:checking '/home/robot/robot_ws/install/sllidar_ros2/bin'
[49.450s] INFO:colcon.colcon_core.shell:Creating package script '/home/robot/robot_ws/install/sllidar_ros2/share/sllidar_ros2/package.ps1'
[49.472s] INFO:colcon.colcon_core.shell:Creating package descriptor '/home/robot/robot_ws/install/sllidar_ros2/share/sllidar_ros2/package.dsv'
[49.476s] INFO:colcon.colcon_core.shell:Creating package script '/home/robot/robot_ws/install/sllidar_ros2/share/sllidar_ros2/package.sh'
[49.498s] INFO:colcon.colcon_core.shell:Creating package script '/home/robot/robot_ws/install/sllidar_ros2/share/sllidar_ros2/package.bash'
[49.501s] INFO:colcon.colcon_core.shell:Creating package script '/home/robot/robot_ws/install/sllidar_ros2/share/sllidar_ros2/package.zsh'
[49.536s] Level 1:colcon.colcon_core.environment:create_file_with_runtime_dependencies(/home/robot/robot_ws/install/sllidar_ros2/share/colcon-core/packages/sllidar_ros2)
[49.569s] INFO:colcon.colcon_core.task.python.build:Building Python package in '/home/robot/robot_ws/src/web_bridge'
[49.573s] INFO:colcon.colcon_core.shell:Skip shell extension 'powershell' for command environment: Not usable outside of PowerShell
[49.584s] DEBUG:colcon.colcon_core.shell:Skip shell extension 'dsv' for command environment
[52.024s] INFO:colcon.colcon_core.task.python.build:Building Python package in '/home/robot/robot_ws/src/robot_serial'
[53.378s] INFO:colcon.colcon_core.shell:Skip shell extension 'powershell' for command environment: Not usable outside of PowerShell
[53.379s] DEBUG:colcon.colcon_core.shell:Skip shell extension 'dsv' for command environment
[53.449s] Level 1:colcon.colcon_core.environment:checking '/home/robot/robot_ws/install/camera_node' for CMake module files
[53.455s] DEBUG:colcon.colcon_core.event_handler.log_command:Invoked command in '/home/robot/robot_ws/src/camera_node' returned '0': PYTHONPATH=/home/robot/robot_ws/build/camera_node/prefix_override:/usr/lib/python3/dist-packages/colcon_core/task/python/colcon_distutils_commands:/home/robot/robot_ws/install/camera_node/lib/python3.10/site-packages:${PYTHONPATH} /usr/bin/python3 -W ignore:setup.py install is deprecated -W ignore:easy_install command is deprecated setup.py egg_info --egg-base ../../build/camera_node build --build-base /home/robot/robot_ws/build/camera_node/build install --record /home/robot/robot_ws/build/camera_node/install.log --install-scripts $base/lib/camera_node --single-version-externally-managed install_data
[53.472s] Level 1:colcon.colcon_core.environment:checking '/home/robot/robot_ws/install/camera_node' for CMake config files
[53.485s] Level 1:colcon.colcon_core.environment:checking '/home/robot/robot_ws/install/camera_node/lib'
[53.486s] Level 1:colcon.colcon_core.environment:checking '/home/robot/robot_ws/install/camera_node/bin'
[53.486s] Level 1:colcon.colcon_core.environment:checking '/home/robot/robot_ws/install/camera_node/lib/pkgconfig/camera_node.pc'
[53.498s] Level 1:colcon.colcon_core.environment:checking '/home/robot/robot_ws/install/camera_node/lib/python3.10/site-packages'
[53.499s] Level 1:colcon.colcon_core.shell:create_environment_hook('camera_node', 'pythonpath')
[53.502s] INFO:colcon.colcon_core.shell:Creating environment hook '/home/robot/robot_ws/install/camera_node/share/camera_node/hook/pythonpath.ps1'
[53.520s] INFO:colcon.colcon_core.shell:Creating environment descriptor '/home/robot/robot_ws/install/camera_node/share/camera_node/hook/pythonpath.dsv'
[53.523s] INFO:colcon.colcon_core.shell:Creating environment hook '/home/robot/robot_ws/install/camera_node/share/camera_node/hook/pythonpath.sh'
[53.537s] Level 1:colcon.colcon_core.environment:checking '/home/robot/robot_ws/install/camera_node/bin'
[53.537s] Level 1:colcon.colcon_core.environment:create_environment_scripts_only(camera_node)
[53.539s] INFO:colcon.colcon_core.shell:Creating package script '/home/robot/robot_ws/install/camera_node/share/camera_node/package.ps1'
[53.562s] INFO:colcon.colcon_core.shell:Creating package descriptor '/home/robot/robot_ws/install/camera_node/share/camera_node/package.dsv'
[53.565s] INFO:colcon.colcon_core.shell:Creating package script '/home/robot/robot_ws/install/camera_node/share/camera_node/package.sh'
[53.568s] INFO:colcon.colcon_core.shell:Creating package script '/home/robot/robot_ws/install/camera_node/share/camera_node/package.bash'
[53.572s] INFO:colcon.colcon_core.shell:Creating package script '/home/robot/robot_ws/install/camera_node/share/camera_node/package.zsh'
[53.574s] Level 1:colcon.colcon_core.environment:create_file_with_runtime_dependencies(/home/robot/robot_ws/install/camera_node/share/colcon-core/packages/camera_node)
[53.582s] INFO:colcon.colcon_ros.task.ament_cmake.build:Building ROS package in '/home/robot/robot_ws/src/robot_bringup' with build type 'ament_cmake'
[53.585s] INFO:colcon.colcon_cmake.task.cmake.build:Building CMake package in '/home/robot/robot_ws/src/robot_bringup'
[53.587s] INFO:colcon.colcon_core.shell:Skip shell extension 'powershell' for command environment: Not usable outside of PowerShell
[53.588s] DEBUG:colcon.colcon_core.shell:Skip shell extension 'dsv' for command environment
[56.493s] DEBUG:colcon.colcon_core.event_handler.log_command:Invoked command in '/home/robot/robot_ws/build/vision_msgs' returned '0': CMAKE_PREFIX_PATH=${CMAKE_PREFIX_PATH}:/home/robot/robot_ws/install/vision_ai_node:/home/robot/robot_ws/install/robot_ai:/home/robot/robot_ws/install/robot_serial:/home/robot/robot_ws/install/robot_camera:/home/robot/robot_ws/install/esp32_ros2_bridge:/home/robot/robot_ws/install/camera_node:/opt/ros/humble /usr/bin/cmake --build /home/robot/robot_ws/build/vision_msgs -- -j4 -l4
[56.497s] DEBUG:colcon.colcon_core.event_handler.log_command:Invoking command in '/home/robot/robot_ws/build/vision_msgs': CMAKE_PREFIX_PATH=${CMAKE_PREFIX_PATH}:/home/robot/robot_ws/install/vision_ai_node:/home/robot/robot_ws/install/robot_ai:/home/robot/robot_ws/install/robot_serial:/home/robot/robot_ws/install/robot_camera:/home/robot/robot_ws/install/esp32_ros2_bridge:/home/robot/robot_ws/install/camera_node:/opt/ros/humble /usr/bin/cmake --install /home/robot/robot_ws/build/vision_msgs
[56.581s] DEBUG:colcon.colcon_core.event_handler.log_command:Invoking command in '/home/robot/robot_ws/build/robot_bringup': CMAKE_PREFIX_PATH=/home/robot/robot_ws/install/sllidar_ros2:/home/robot/robot_ws/install/robot_description:/home/robot/robot_ws/install/vision_msgs:/home/robot/robot_ws/install/robot_bringup:/home/robot/robot_ws/install/vision_ai_node:/home/robot/robot_ws/install/robot_ai:/home/robot/robot_ws/install/robot_serial:/home/robot/robot_ws/install/robot_camera:/home/robot/robot_ws/install/esp32_ros2_bridge:/home/robot/robot_ws/install/camera_node:/opt/ros/humble /usr/bin/cmake --build /home/robot/robot_ws/build/robot_bringup -- -j4 -l4
[57.072s] DEBUG:colcon.colcon_core.event_handler.log_command:Invoked command in '/home/robot/robot_ws/build/robot_bringup' returned '0': CMAKE_PREFIX_PATH=/home/robot/robot_ws/install/sllidar_ros2:/home/robot/robot_ws/install/robot_description:/home/robot/robot_ws/install/vision_msgs:/home/robot/robot_ws/install/robot_bringup:/home/robot/robot_ws/install/vision_ai_node:/home/robot/robot_ws/install/robot_ai:/home/robot/robot_ws/install/robot_serial:/home/robot/robot_ws/install/robot_camera:/home/robot/robot_ws/install/esp32_ros2_bridge:/home/robot/robot_ws/install/camera_node:/opt/ros/humble /usr/bin/cmake --build /home/robot/robot_ws/build/robot_bringup -- -j4 -l4
[57.074s] DEBUG:colcon.colcon_core.event_handler.log_command:Invoking command in '/home/robot/robot_ws/build/robot_bringup': CMAKE_PREFIX_PATH=/home/robot/robot_ws/install/sllidar_ros2:/home/robot/robot_ws/install/robot_description:/home/robot/robot_ws/install/vision_msgs:/home/robot/robot_ws/install/robot_bringup:/home/robot/robot_ws/install/vision_ai_node:/home/robot/robot_ws/install/robot_ai:/home/robot/robot_ws/install/robot_serial:/home/robot/robot_ws/install/robot_camera:/home/robot/robot_ws/install/esp32_ros2_bridge:/home/robot/robot_ws/install/camera_node:/opt/ros/humble /usr/bin/cmake --install /home/robot/robot_ws/build/robot_bringup
[57.336s] Level 1:colcon.colcon_core.environment:create_environment_scripts_only(robot_bringup)
[57.339s] Level 1:colcon.colcon_core.environment:checking '/home/robot/robot_ws/install/robot_bringup' for CMake module files
[57.346s] Level 1:colcon.colcon_core.environment:checking '/home/robot/robot_ws/install/robot_bringup' for CMake config files
[57.374s] Level 1:colcon.colcon_core.shell:create_environment_hook('robot_bringup', 'cmake_prefix_path')
[57.376s] INFO:colcon.colcon_core.shell:Creating environment hook '/home/robot/robot_ws/install/robot_bringup/share/robot_bringup/hook/cmake_prefix_path.ps1'
[57.359s] DEBUG:colcon.colcon_core.event_handler.log_command:Invoked command in '/home/robot/robot_ws/build/robot_bringup' returned '0': CMAKE_PREFIX_PATH=/home/robot/robot_ws/install/sllidar_ros2:/home/robot/robot_ws/install/robot_description:/home/robot/robot_ws/install/vision_msgs:/home/robot/robot_ws/install/robot_bringup:/home/robot/robot_ws/install/vision_ai_node:/home/robot/robot_ws/install/robot_ai:/home/robot/robot_ws/install/robot_serial:/home/robot/robot_ws/install/robot_camera:/home/robot/robot_ws/install/esp32_ros2_bridge:/home/robot/robot_ws/install/camera_node:/opt/ros/humble /usr/bin/cmake --install /home/robot/robot_ws/build/robot_bringup
[57.400s] INFO:colcon.colcon_core.shell:Creating environment descriptor '/home/robot/robot_ws/install/robot_bringup/share/robot_bringup/hook/cmake_prefix_path.dsv'
[57.415s] INFO:colcon.colcon_core.shell:Creating environment hook '/home/robot/robot_ws/install/robot_bringup/share/robot_bringup/hook/cmake_prefix_path.sh'
[57.420s] Level 1:colcon.colcon_core.environment:checking '/home/robot/robot_ws/install/robot_bringup/lib'
[57.421s] Level 1:colcon.colcon_core.environment:checking '/home/robot/robot_ws/install/robot_bringup/bin'
[57.421s] Level 1:colcon.colcon_core.environment:checking '/home/robot/robot_ws/install/robot_bringup/lib/pkgconfig/robot_bringup.pc'
[57.440s] Level 1:colcon.colcon_core.environment:checking '/home/robot/robot_ws/install/robot_bringup/lib/python3.10/site-packages'
[57.442s] Level 1:colcon.colcon_core.environment:checking '/home/robot/robot_ws/install/robot_bringup/bin'
[57.444s] INFO:colcon.colcon_core.shell:Creating package script '/home/robot/robot_ws/install/robot_bringup/share/robot_bringup/package.ps1'
[57.469s] INFO:colcon.colcon_core.shell:Creating package descriptor '/home/robot/robot_ws/install/robot_bringup/share/robot_bringup/package.dsv'
[57.472s] INFO:colcon.colcon_core.shell:Creating package script '/home/robot/robot_ws/install/robot_bringup/share/robot_bringup/package.sh'
[57.475s] INFO:colcon.colcon_core.shell:Creating package script '/home/robot/robot_ws/install/robot_bringup/share/robot_bringup/package.bash'
[57.495s] INFO:colcon.colcon_core.shell:Creating package script '/home/robot/robot_ws/install/robot_bringup/share/robot_bringup/package.zsh'
[57.512s] Level 1:colcon.colcon_core.environment:create_file_with_runtime_dependencies(/home/robot/robot_ws/install/robot_bringup/share/colcon-core/packages/robot_bringup)
[57.516s] Level 1:colcon.colcon_core.environment:create_environment_scripts_only(robot_bringup)
[57.518s] Level 1:colcon.colcon_core.environment:checking '/home/robot/robot_ws/install/robot_bringup' for CMake module files
[57.539s] Level 1:colcon.colcon_core.environment:checking '/home/robot/robot_ws/install/robot_bringup' for CMake config files
[57.541s] Level 1:colcon.colcon_core.shell:create_environment_hook('robot_bringup', 'cmake_prefix_path')
[57.542s] INFO:colcon.colcon_core.shell:Creating environment hook '/home/robot/robot_ws/install/robot_bringup/share/robot_bringup/hook/cmake_prefix_path.ps1'
[57.561s] INFO:colcon.colcon_core.shell:Creating environment descriptor '/home/robot/robot_ws/install/robot_bringup/share/robot_bringup/hook/cmake_prefix_path.dsv'
[57.590s] INFO:colcon.colcon_core.shell:Creating environment hook '/home/robot/robot_ws/install/robot_bringup/share/robot_bringup/hook/cmake_prefix_path.sh'
[57.855s] Level 1:colcon.colcon_core.environment:checking '/home/robot/robot_ws/install/robot_bringup/lib'
[57.856s] Level 1:colcon.colcon_core.environment:checking '/home/robot/robot_ws/install/robot_bringup/bin'
[57.856s] Level 1:colcon.colcon_core.environment:checking '/home/robot/robot_ws/install/robot_bringup/lib/pkgconfig/robot_bringup.pc'
[57.858s] Level 1:colcon.colcon_core.environment:checking '/home/robot/robot_ws/install/robot_bringup/lib/python3.10/site-packages'
[57.860s] Level 1:colcon.colcon_core.environment:checking '/home/robot/robot_ws/install/robot_bringup/bin'
[57.862s] INFO:colcon.colcon_core.shell:Creating package script '/home/robot/robot_ws/install/robot_bringup/share/robot_bringup/package.ps1'
[57.876s] INFO:colcon.colcon_core.shell:Creating package descriptor '/home/robot/robot_ws/install/robot_bringup/share/robot_bringup/package.dsv'
[57.882s] INFO:colcon.colcon_core.shell:Creating package script '/home/robot/robot_ws/install/robot_bringup/share/robot_bringup/package.sh'
[57.902s] INFO:colcon.colcon_core.shell:Creating package script '/home/robot/robot_ws/install/robot_bringup/share/robot_bringup/package.bash'
[57.905s] INFO:colcon.colcon_core.shell:Creating package script '/home/robot/robot_ws/install/robot_bringup/share/robot_bringup/package.zsh'
[57.917s] Level 1:colcon.colcon_core.environment:create_file_with_runtime_dependencies(/home/robot/robot_ws/install/robot_bringup/share/colcon-core/packages/robot_bringup)
[57.933s] Level 1:colcon.colcon_core.environment:create_environment_scripts_only(vision_msgs)
[57.935s] Level 1:colcon.colcon_core.environment:checking '/home/robot/robot_ws/install/vision_msgs' for CMake module files
[57.950s] Level 1:colcon.colcon_core.environment:checking '/home/robot/robot_ws/install/vision_msgs' for CMake config files
[57.958s] Level 1:colcon.colcon_core.shell:create_environment_hook('vision_msgs', 'cmake_prefix_path')
[57.959s] INFO:colcon.colcon_core.shell:Creating environment hook '/home/robot/robot_ws/install/vision_msgs/share/vision_msgs/hook/cmake_prefix_path.ps1'
[57.970s] INFO:colcon.colcon_core.shell:Creating environment descriptor '/home/robot/robot_ws/install/vision_msgs/share/vision_msgs/hook/cmake_prefix_path.dsv'
[57.973s] INFO:colcon.colcon_core.shell:Creating environment hook '/home/robot/robot_ws/install/vision_msgs/share/vision_msgs/hook/cmake_prefix_path.sh'
[57.990s] Level 1:colcon.colcon_core.environment:checking '/home/robot/robot_ws/install/vision_msgs/lib'
[57.991s] Level 1:colcon.colcon_core.shell:create_environment_hook('vision_msgs', 'ld_library_path_lib')
[57.992s] INFO:colcon.colcon_core.shell:Creating environment hook '/home/robot/robot_ws/install/vision_msgs/share/vision_msgs/hook/ld_library_path_lib.ps1'
[58.014s] INFO:colcon.colcon_core.shell:Creating environment descriptor '/home/robot/robot_ws/install/vision_msgs/share/vision_msgs/hook/ld_library_path_lib.dsv'
[58.017s] INFO:colcon.colcon_core.shell:Creating environment hook '/home/robot/robot_ws/install/vision_msgs/share/vision_msgs/hook/ld_library_path_lib.sh'
[58.033s] Level 1:colcon.colcon_core.environment:checking '/home/robot/robot_ws/install/vision_msgs/bin'
[58.034s] Level 1:colcon.colcon_core.environment:checking '/home/robot/robot_ws/install/vision_msgs/lib/pkgconfig/vision_msgs.pc'
[58.035s] Level 1:colcon.colcon_core.environment:checking '/home/robot/robot_ws/install/vision_msgs/lib/python3.10/site-packages'
[58.037s] Level 1:colcon.colcon_core.environment:checking '/home/robot/robot_ws/install/vision_msgs/bin'
[58.040s] INFO:colcon.colcon_core.shell:Creating package script '/home/robot/robot_ws/install/vision_msgs/share/vision_msgs/package.ps1'
[58.048s] INFO:colcon.colcon_core.shell:Creating package descriptor '/home/robot/robot_ws/install/vision_msgs/share/vision_msgs/package.dsv'
[58.067s] INFO:colcon.colcon_core.shell:Creating package script '/home/robot/robot_ws/install/vision_msgs/share/vision_msgs/package.sh'
[58.073s] INFO:colcon.colcon_core.shell:Creating package script '/home/robot/robot_ws/install/vision_msgs/share/vision_msgs/package.bash'
[58.077s] INFO:colcon.colcon_core.shell:Creating package script '/home/robot/robot_ws/install/vision_msgs/share/vision_msgs/package.zsh'
[58.091s] Level 1:colcon.colcon_core.environment:create_file_with_runtime_dependencies(/home/robot/robot_ws/install/vision_msgs/share/colcon-core/packages/vision_msgs)
[58.098s] Level 1:colcon.colcon_core.environment:create_environment_scripts_only(vision_msgs)
[58.100s] Level 1:colcon.colcon_core.environment:checking '/home/robot/robot_ws/install/vision_msgs' for CMake module files
[58.120s] Level 1:colcon.colcon_core.environment:checking '/home/robot/robot_ws/install/vision_msgs' for CMake config files
[58.127s] DEBUG:colcon.colcon_core.event_handler.log_command:Invoked command in '/home/robot/robot_ws/build/vision_msgs' returned '0': CMAKE_PREFIX_PATH=${CMAKE_PREFIX_PATH}:/home/robot/robot_ws/install/vision_ai_node:/home/robot/robot_ws/install/robot_ai:/home/robot/robot_ws/install/robot_serial:/home/robot/robot_ws/install/robot_camera:/home/robot/robot_ws/install/esp32_ros2_bridge:/home/robot/robot_ws/install/camera_node:/opt/ros/humble /usr/bin/cmake --install /home/robot/robot_ws/build/vision_msgs
[58.133s] Level 1:colcon.colcon_core.shell:create_environment_hook('vision_msgs', 'cmake_prefix_path')
[58.134s] INFO:colcon.colcon_core.shell:Creating environment hook '/home/robot/robot_ws/install/vision_msgs/share/vision_msgs/hook/cmake_prefix_path.ps1'
[58.138s] INFO:colcon.colcon_core.shell:Creating environment descriptor '/home/robot/robot_ws/install/vision_msgs/share/vision_msgs/hook/cmake_prefix_path.dsv'
[58.145s] INFO:colcon.colcon_core.shell:Creating environment hook '/home/robot/robot_ws/install/vision_msgs/share/vision_msgs/hook/cmake_prefix_path.sh'
[58.149s] Level 1:colcon.colcon_core.environment:checking '/home/robot/robot_ws/install/vision_msgs/lib'
[58.150s] Level 1:colcon.colcon_core.shell:create_environment_hook('vision_msgs', 'ld_library_path_lib')
[58.152s] INFO:colcon.colcon_core.shell:Creating environment hook '/home/robot/robot_ws/install/vision_msgs/share/vision_msgs/hook/ld_library_path_lib.ps1'
[58.155s] INFO:colcon.colcon_core.shell:Creating environment descriptor '/home/robot/robot_ws/install/vision_msgs/share/vision_msgs/hook/ld_library_path_lib.dsv'
[58.170s] INFO:colcon.colcon_core.shell:Creating environment hook '/home/robot/robot_ws/install/vision_msgs/share/vision_msgs/hook/ld_library_path_lib.sh'
[58.173s] Level 1:colcon.colcon_core.environment:checking '/home/robot/robot_ws/install/vision_msgs/bin'
[58.174s] Level 1:colcon.colcon_core.environment:checking '/home/robot/robot_ws/install/vision_msgs/lib/pkgconfig/vision_msgs.pc'
[58.176s] Level 1:colcon.colcon_core.environment:checking '/home/robot/robot_ws/install/vision_msgs/lib/python3.10/site-packages'
[58.178s] Level 1:colcon.colcon_core.environment:checking '/home/robot/robot_ws/install/vision_msgs/bin'
[58.193s] INFO:colcon.colcon_core.shell:Creating package script '/home/robot/robot_ws/install/vision_msgs/share/vision_msgs/package.ps1'
[58.232s] INFO:colcon.colcon_core.shell:Creating package descriptor '/home/robot/robot_ws/install/vision_msgs/share/vision_msgs/package.dsv'
[58.310s] INFO:colcon.colcon_core.shell:Creating package script '/home/robot/robot_ws/install/vision_msgs/share/vision_msgs/package.sh'
[58.314s] INFO:colcon.colcon_core.shell:Creating package script '/home/robot/robot_ws/install/vision_msgs/share/vision_msgs/package.bash'
[58.317s] INFO:colcon.colcon_core.shell:Creating package script '/home/robot/robot_ws/install/vision_msgs/share/vision_msgs/package.zsh'
[58.320s] Level 1:colcon.colcon_core.environment:create_file_with_runtime_dependencies(/home/robot/robot_ws/install/vision_msgs/share/colcon-core/packages/vision_msgs)
[58.337s] INFO:colcon.colcon_ros.task.ament_python.build:Building ROS package in '/home/robot/robot_ws/src/robot_ai' with build type 'ament_python'
[58.338s] Level 1:colcon.colcon_core.shell:create_environment_hook('robot_ai', 'ament_prefix_path')
[58.340s] INFO:colcon.colcon_core.shell:Creating environment hook '/home/robot/robot_ws/install/robot_ai/share/robot_ai/hook/ament_prefix_path.ps1'
[58.345s] INFO:colcon.colcon_core.shell:Creating environment descriptor '/home/robot/robot_ws/install/robot_ai/share/robot_ai/hook/ament_prefix_path.dsv'
[58.347s] INFO:colcon.colcon_core.shell:Creating environment hook '/home/robot/robot_ws/install/robot_ai/share/robot_ai/hook/ament_prefix_path.sh'
[58.351s] INFO:colcon.colcon_core.shell:Skip shell extension 'powershell' for command environment: Not usable outside of PowerShell
[58.364s] DEBUG:colcon.colcon_core.shell:Skip shell extension 'dsv' for command environment
[58.443s] INFO:colcon.colcon_ros.task.ament_python.build:Building ROS package in '/home/robot/robot_ws/src/vision_ai_node' with build type 'ament_python'
[58.444s] Level 1:colcon.colcon_core.shell:create_environment_hook('vision_ai_node', 'ament_prefix_path')
[58.445s] INFO:colcon.colcon_core.shell:Creating environment hook '/home/robot/robot_ws/install/vision_ai_node/share/vision_ai_node/hook/ament_prefix_path.ps1'
[58.449s] INFO:colcon.colcon_core.shell:Creating environment descriptor '/home/robot/robot_ws/install/vision_ai_node/share/vision_ai_node/hook/ament_prefix_path.dsv'
[58.452s] INFO:colcon.colcon_core.shell:Creating environment hook '/home/robot/robot_ws/install/vision_ai_node/share/vision_ai_node/hook/ament_prefix_path.sh'
[58.457s] INFO:colcon.colcon_core.shell:Skip shell extension 'powershell' for command environment: Not usable outside of PowerShell
[58.458s] DEBUG:colcon.colcon_core.shell:Skip shell extension 'dsv' for command environment
[61.181s] INFO:colcon.colcon_core.task.python.build:Building Python package in '/home/robot/robot_ws/src/robot_ai'
[61.428s] INFO:colcon.colcon_core.shell:Skip shell extension 'powershell' for command environment: Not usable outside of PowerShell
[61.429s] DEBUG:colcon.colcon_core.shell:Skip shell extension 'dsv' for command environment
[63.067s] INFO:colcon.colcon_core.task.python.build:Building Python package in '/home/robot/robot_ws/src/vision_ai_node'
[63.068s] INFO:colcon.colcon_core.shell:Skip shell extension 'powershell' for command environment: Not usable outside of PowerShell
[63.069s] DEBUG:colcon.colcon_core.shell:Skip shell extension 'dsv' for command environment
[63.095s] DEBUG:colcon.colcon_core.task.python.build:Available setuptools commands: bdist, build_py, setopt, install, easy_install, build_clib, register, symlink_data, install_lib, install_scripts, rotate, test, update_catalog, sdist, init_catalog, bdist_egg, build_ext, upload_docs, clean, dist_info, build_scripts, bdist_wheel, install_headers, build, install_egg_info, bdist_rpm, extract_messages, check, install_data, bdist_dumb, saveopts, alias, compile_catalog, upload, egg_info, develop
[63.102s] DEBUG:colcon.colcon_core.event_handler.log_command:Invoking command in '/home/robot/robot_ws/src/web_bridge': PYTHONPATH=/home/robot/robot_ws/build/web_bridge/prefix_override:/usr/lib/python3/dist-packages/colcon_core/task/python/colcon_distutils_commands:/home/robot/robot_ws/install/web_bridge/lib/python3.10/site-packages:${PYTHONPATH} /usr/bin/python3 -W ignore:setup.py install is deprecated -W ignore:easy_install command is deprecated setup.py egg_info --egg-base ../../build/web_bridge build --build-base /home/robot/robot_ws/build/web_bridge/build install --record /home/robot/robot_ws/build/web_bridge/install.log --single-version-externally-managed install_data
[63.107s] DEBUG:colcon.colcon_core.task.python.build:Available setuptools commands: bdist, build_py, setopt, install, easy_install, build_clib, register, symlink_data, install_lib, install_scripts, rotate, test, update_catalog, sdist, init_catalog, bdist_egg, build_ext, upload_docs, clean, dist_info, build_scripts, bdist_wheel, install_headers, build, install_egg_info, bdist_rpm, extract_messages, check, install_data, bdist_dumb, saveopts, alias, compile_catalog, upload, egg_info, develop
[63.115s] DEBUG:colcon.colcon_core.event_handler.log_command:Invoking command in '/home/robot/robot_ws/src/robot_serial': PYTHONPATH=/home/robot/robot_ws/build/robot_serial/prefix_override:/usr/lib/python3/dist-packages/colcon_core/task/python/colcon_distutils_commands:/home/robot/robot_ws/install/robot_serial/lib/python3.10/site-packages:${PYTHONPATH} /usr/bin/python3 -W ignore:setup.py install is deprecated -W ignore:easy_install command is deprecated setup.py egg_info --egg-base ../../build/robot_serial build --build-base /home/robot/robot_ws/build/robot_serial/build install --record /home/robot/robot_ws/build/robot_serial/install.log --install-scripts $base/lib/robot_serial --single-version-externally-managed install_data
[66.111s] Level 1:colcon.colcon_core.environment:checking '/home/robot/robot_ws/install/web_bridge' for CMake module files
[66.113s] DEBUG:colcon.colcon_core.event_handler.log_command:Invoked command in '/home/robot/robot_ws/src/web_bridge' returned '0': PYTHONPATH=/home/robot/robot_ws/build/web_bridge/prefix_override:/usr/lib/python3/dist-packages/colcon_core/task/python/colcon_distutils_commands:/home/robot/robot_ws/install/web_bridge/lib/python3.10/site-packages:${PYTHONPATH} /usr/bin/python3 -W ignore:setup.py install is deprecated -W ignore:easy_install command is deprecated setup.py egg_info --egg-base ../../build/web_bridge build --build-base /home/robot/robot_ws/build/web_bridge/build install --record /home/robot/robot_ws/build/web_bridge/install.log --single-version-externally-managed install_data
[66.116s] Level 1:colcon.colcon_core.environment:checking '/home/robot/robot_ws/install/web_bridge' for CMake config files
[66.121s] Level 1:colcon.colcon_core.environment:checking '/home/robot/robot_ws/install/web_bridge/lib'
[66.133s] Level 1:colcon.colcon_core.environment:checking '/home/robot/robot_ws/install/web_bridge/bin'
[66.134s] Level 1:colcon.colcon_core.shell:create_environment_hook('web_bridge', 'path')
[66.137s] INFO:colcon.colcon_core.shell:Creating environment hook '/home/robot/robot_ws/install/web_bridge/share/web_bridge/hook/path.ps1'
[66.158s] INFO:colcon.colcon_core.shell:Creating environment descriptor '/home/robot/robot_ws/install/web_bridge/share/web_bridge/hook/path.dsv'
[66.751s] INFO:colcon.colcon_core.shell:Creating environment hook '/home/robot/robot_ws/install/web_bridge/share/web_bridge/hook/path.sh'
[66.774s] Level 1:colcon.colcon_core.environment:checking '/home/robot/robot_ws/install/web_bridge/lib/pkgconfig/web_bridge.pc'
[66.775s] Level 1:colcon.colcon_core.environment:checking '/home/robot/robot_ws/install/web_bridge/lib/python3.10/site-packages'
[66.776s] Level 1:colcon.colcon_core.shell:create_environment_hook('web_bridge', 'pythonpath')
[66.777s] INFO:colcon.colcon_core.shell:Creating environment hook '/home/robot/robot_ws/install/web_bridge/share/web_bridge/hook/pythonpath.ps1'
[66.793s] INFO:colcon.colcon_core.shell:Creating environment descriptor '/home/robot/robot_ws/install/web_bridge/share/web_bridge/hook/pythonpath.dsv'
[66.796s] INFO:colcon.colcon_core.shell:Creating environment hook '/home/robot/robot_ws/install/web_bridge/share/web_bridge/hook/pythonpath.sh'
[66.814s] Level 1:colcon.colcon_core.environment:checking '/home/robot/robot_ws/install/web_bridge/bin'
[66.824s] Level 1:colcon.colcon_core.shell:create_environment_hook('web_bridge', 'pythonscriptspath')
[66.826s] INFO:colcon.colcon_core.shell:Creating environment hook '/home/robot/robot_ws/install/web_bridge/share/web_bridge/hook/pythonscriptspath.ps1'
[66.849s] INFO:colcon.colcon_core.shell:Creating environment descriptor '/home/robot/robot_ws/install/web_bridge/share/web_bridge/hook/pythonscriptspath.dsv'
[66.855s] INFO:colcon.colcon_core.shell:Creating environment hook '/home/robot/robot_ws/install/web_bridge/share/web_bridge/hook/pythonscriptspath.sh'
[66.877s] Level 1:colcon.colcon_core.environment:create_environment_scripts_only(web_bridge)
[66.889s] INFO:colcon.colcon_core.shell:Creating package script '/home/robot/robot_ws/install/web_bridge/share/web_bridge/package.ps1'
[66.921s] INFO:colcon.colcon_core.shell:Creating package descriptor '/home/robot/robot_ws/install/web_bridge/share/web_bridge/package.dsv'
[66.927s] INFO:colcon.colcon_core.shell:Creating package script '/home/robot/robot_ws/install/web_bridge/share/web_bridge/package.sh'
[66.952s] INFO:colcon.colcon_core.shell:Creating package script '/home/robot/robot_ws/install/web_bridge/share/web_bridge/package.bash'
[66.969s] INFO:colcon.colcon_core.shell:Creating package script '/home/robot/robot_ws/install/web_bridge/share/web_bridge/package.zsh'
[66.973s] Level 1:colcon.colcon_core.environment:create_file_with_runtime_dependencies(/home/robot/robot_ws/install/web_bridge/share/colcon-core/packages/web_bridge)
[67.003s] Level 1:colcon.colcon_core.environment:checking '/home/robot/robot_ws/install/robot_serial' for CMake module files
[67.013s] DEBUG:colcon.colcon_core.event_handler.log_command:Invoked command in '/home/robot/robot_ws/src/robot_serial' returned '0': PYTHONPATH=/home/robot/robot_ws/build/robot_serial/prefix_override:/usr/lib/python3/dist-packages/colcon_core/task/python/colcon_distutils_commands:/home/robot/robot_ws/install/robot_serial/lib/python3.10/site-packages:${PYTHONPATH} /usr/bin/python3 -W ignore:setup.py install is deprecated -W ignore:easy_install command is deprecated setup.py egg_info --egg-base ../../build/robot_serial build --build-base /home/robot/robot_ws/build/robot_serial/build install --record /home/robot/robot_ws/build/robot_serial/install.log --install-scripts $base/lib/robot_serial --single-version-externally-managed install_data
[67.020s] Level 1:colcon.colcon_core.environment:checking '/home/robot/robot_ws/install/robot_serial' for CMake config files
[67.030s] Level 1:colcon.colcon_core.environment:checking '/home/robot/robot_ws/install/robot_serial/lib'
[67.033s] Level 1:colcon.colcon_core.environment:checking '/home/robot/robot_ws/install/robot_serial/bin'
[67.038s] Level 1:colcon.colcon_core.environment:checking '/home/robot/robot_ws/install/robot_serial/lib/pkgconfig/robot_serial.pc'
[67.041s] Level 1:colcon.colcon_core.environment:checking '/home/robot/robot_ws/install/robot_serial/lib/python3.10/site-packages'
[67.049s] Level 1:colcon.colcon_core.shell:create_environment_hook('robot_serial', 'pythonpath')
[67.058s] INFO:colcon.colcon_core.shell:Creating environment hook '/home/robot/robot_ws/install/robot_serial/share/robot_serial/hook/pythonpath.ps1'
[67.081s] INFO:colcon.colcon_core.shell:Creating environment descriptor '/home/robot/robot_ws/install/robot_serial/share/robot_serial/hook/pythonpath.dsv'
[67.086s] INFO:colcon.colcon_core.shell:Creating environment hook '/home/robot/robot_ws/install/robot_serial/share/robot_serial/hook/pythonpath.sh'
[67.098s] Level 1:colcon.colcon_core.environment:checking '/home/robot/robot_ws/install/robot_serial/bin'
[67.100s] Level 1:colcon.colcon_core.environment:create_environment_scripts_only(robot_serial)
[67.104s] INFO:colcon.colcon_core.shell:Creating package script '/home/robot/robot_ws/install/robot_serial/share/robot_serial/package.ps1'
[67.117s] INFO:colcon.colcon_core.shell:Creating package descriptor '/home/robot/robot_ws/install/robot_serial/share/robot_serial/package.dsv'
[67.133s] INFO:colcon.colcon_core.shell:Creating package script '/home/robot/robot_ws/install/robot_serial/share/robot_serial/package.sh'
[67.155s] INFO:colcon.colcon_core.shell:Creating package script '/home/robot/robot_ws/install/robot_serial/share/robot_serial/package.bash'
[67.169s] INFO:colcon.colcon_core.shell:Creating package script '/home/robot/robot_ws/install/robot_serial/share/robot_serial/package.zsh'
[67.186s] Level 1:colcon.colcon_core.environment:create_file_with_runtime_dependencies(/home/robot/robot_ws/install/robot_serial/share/colcon-core/packages/robot_serial)
[67.389s] DEBUG:colcon.colcon_core.task.python.build:Available setuptools commands: bdist, build_py, setopt, install, easy_install, build_clib, register, symlink_data, install_lib, install_scripts, rotate, test, update_catalog, sdist, init_catalog, bdist_egg, build_ext, upload_docs, clean, dist_info, build_scripts, bdist_wheel, install_headers, build, install_egg_info, bdist_rpm, extract_messages, check, install_data, bdist_dumb, saveopts, alias, compile_catalog, upload, egg_info, develop
[67.398s] DEBUG:colcon.colcon_core.event_handler.log_command:Invoking command in '/home/robot/robot_ws/src/vision_ai_node': PYTHONPATH=/home/robot/robot_ws/build/vision_ai_node/prefix_override:/usr/lib/python3/dist-packages/colcon_core/task/python/colcon_distutils_commands:/home/robot/robot_ws/install/vision_ai_node/lib/python3.10/site-packages:${PYTHONPATH} /usr/bin/python3 -W ignore:setup.py install is deprecated -W ignore:easy_install command is deprecated setup.py egg_info --egg-base ../../build/vision_ai_node build --build-base /home/robot/robot_ws/build/vision_ai_node/build install --record /home/robot/robot_ws/build/vision_ai_node/install.log --install-scripts $base/lib/vision_ai_node --single-version-externally-managed install_data
[67.427s] DEBUG:colcon.colcon_core.task.python.build:Available setuptools commands: bdist, build_py, setopt, install, easy_install, build_clib, register, symlink_data, install_lib, install_scripts, rotate, test, update_catalog, sdist, init_catalog, bdist_egg, build_ext, upload_docs, clean, dist_info, build_scripts, bdist_wheel, install_headers, build, install_egg_info, bdist_rpm, extract_messages, check, install_data, bdist_dumb, saveopts, alias, compile_catalog, upload, egg_info, develop
[67.434s] DEBUG:colcon.colcon_core.event_handler.log_command:Invoking command in '/home/robot/robot_ws/src/robot_ai': PYTHONPATH=/home/robot/robot_ws/build/robot_ai/prefix_override:/usr/lib/python3/dist-packages/colcon_core/task/python/colcon_distutils_commands:/home/robot/robot_ws/install/robot_ai/lib/python3.10/site-packages:${PYTHONPATH} /usr/bin/python3 -W ignore:setup.py install is deprecated -W ignore:easy_install command is deprecated setup.py egg_info --egg-base ../../build/robot_ai build --build-base /home/robot/robot_ws/build/robot_ai/build install --record /home/robot/robot_ws/build/robot_ai/install.log --install-scripts $base/lib/robot_ai --single-version-externally-managed install_data
[69.660s] Level 1:colcon.colcon_core.environment:checking '/home/robot/robot_ws/install/vision_ai_node' for CMake module files
[69.663s] DEBUG:colcon.colcon_core.event_handler.log_command:Invoked command in '/home/robot/robot_ws/src/vision_ai_node' returned '0': PYTHONPATH=/home/robot/robot_ws/build/vision_ai_node/prefix_override:/usr/lib/python3/dist-packages/colcon_core/task/python/colcon_distutils_commands:/home/robot/robot_ws/install/vision_ai_node/lib/python3.10/site-packages:${PYTHONPATH} /usr/bin/python3 -W ignore:setup.py install is deprecated -W ignore:easy_install command is deprecated setup.py egg_info --egg-base ../../build/vision_ai_node build --build-base /home/robot/robot_ws/build/vision_ai_node/build install --record /home/robot/robot_ws/build/vision_ai_node/install.log --install-scripts $base/lib/vision_ai_node --single-version-externally-managed install_data
[69.665s] Level 1:colcon.colcon_core.environment:checking '/home/robot/robot_ws/install/vision_ai_node' for CMake config files
[69.670s] Level 1:colcon.colcon_core.environment:checking '/home/robot/robot_ws/install/vision_ai_node/lib'
[69.671s] Level 1:colcon.colcon_core.environment:checking '/home/robot/robot_ws/install/vision_ai_node/bin'
[69.671s] Level 1:colcon.colcon_core.environment:checking '/home/robot/robot_ws/install/vision_ai_node/lib/pkgconfig/vision_ai_node.pc'
[69.673s] Level 1:colcon.colcon_core.environment:checking '/home/robot/robot_ws/install/vision_ai_node/lib/python3.10/site-packages'
[69.673s] Level 1:colcon.colcon_core.shell:create_environment_hook('vision_ai_node', 'pythonpath')
[69.674s] INFO:colcon.colcon_core.shell:Creating environment hook '/home/robot/robot_ws/install/vision_ai_node/share/vision_ai_node/hook/pythonpath.ps1'
[69.677s] INFO:colcon.colcon_core.shell:Creating environment descriptor '/home/robot/robot_ws/install/vision_ai_node/share/vision_ai_node/hook/pythonpath.dsv'
[69.679s] INFO:colcon.colcon_core.shell:Creating environment hook '/home/robot/robot_ws/install/vision_ai_node/share/vision_ai_node/hook/pythonpath.sh'
[69.683s] Level 1:colcon.colcon_core.environment:checking '/home/robot/robot_ws/install/vision_ai_node/bin'
[69.683s] Level 1:colcon.colcon_core.environment:create_environment_scripts_only(vision_ai_node)
[69.685s] INFO:colcon.colcon_core.shell:Creating package script '/home/robot/robot_ws/install/vision_ai_node/share/vision_ai_node/package.ps1'
[69.689s] INFO:colcon.colcon_core.shell:Creating package descriptor '/home/robot/robot_ws/install/vision_ai_node/share/vision_ai_node/package.dsv'
[69.692s] INFO:colcon.colcon_core.shell:Creating package script '/home/robot/robot_ws/install/vision_ai_node/share/vision_ai_node/package.sh'
[69.695s] INFO:colcon.colcon_core.shell:Creating package script '/home/robot/robot_ws/install/vision_ai_node/share/vision_ai_node/package.bash'
[69.697s] INFO:colcon.colcon_core.shell:Creating package script '/home/robot/robot_ws/install/vision_ai_node/share/vision_ai_node/package.zsh'
[69.699s] Level 1:colcon.colcon_core.environment:create_file_with_runtime_dependencies(/home/robot/robot_ws/install/vision_ai_node/share/colcon-core/packages/vision_ai_node)
[70.009s] Level 1:colcon.colcon_core.environment:checking '/home/robot/robot_ws/install/robot_ai' for CMake module files
[70.012s] DEBUG:colcon.colcon_core.event_handler.log_command:Invoked command in '/home/robot/robot_ws/src/robot_ai' returned '0': PYTHONPATH=/home/robot/robot_ws/build/robot_ai/prefix_override:/usr/lib/python3/dist-packages/colcon_core/task/python/colcon_distutils_commands:/home/robot/robot_ws/install/robot_ai/lib/python3.10/site-packages:${PYTHONPATH} /usr/bin/python3 -W ignore:setup.py install is deprecated -W ignore:easy_install command is deprecated setup.py egg_info --egg-base ../../build/robot_ai build --build-base /home/robot/robot_ws/build/robot_ai/build install --record /home/robot/robot_ws/build/robot_ai/install.log --install-scripts $base/lib/robot_ai --single-version-externally-managed install_data
[70.015s] Level 1:colcon.colcon_core.environment:checking '/home/robot/robot_ws/install/robot_ai' for CMake config files
[70.022s] Level 1:colcon.colcon_core.environment:checking '/home/robot/robot_ws/install/robot_ai/lib'
[70.024s] Level 1:colcon.colcon_core.environment:checking '/home/robot/robot_ws/install/robot_ai/bin'
[70.024s] Level 1:colcon.colcon_core.environment:checking '/home/robot/robot_ws/install/robot_ai/lib/pkgconfig/robot_ai.pc'
[70.026s] Level 1:colcon.colcon_core.environment:checking '/home/robot/robot_ws/install/robot_ai/lib/python3.10/site-packages'
[70.026s] Level 1:colcon.colcon_core.shell:create_environment_hook('robot_ai', 'pythonpath')
[70.028s] INFO:colcon.colcon_core.shell:Creating environment hook '/home/robot/robot_ws/install/robot_ai/share/robot_ai/hook/pythonpath.ps1'
[70.031s] INFO:colcon.colcon_core.shell:Creating environment descriptor '/home/robot/robot_ws/install/robot_ai/share/robot_ai/hook/pythonpath.dsv'
[70.034s] INFO:colcon.colcon_core.shell:Creating environment hook '/home/robot/robot_ws/install/robot_ai/share/robot_ai/hook/pythonpath.sh'
[70.040s] Level 1:colcon.colcon_core.environment:checking '/home/robot/robot_ws/install/robot_ai/bin'
[70.040s] Level 1:colcon.colcon_core.environment:create_environment_scripts_only(robot_ai)
[70.042s] INFO:colcon.colcon_core.shell:Creating package script '/home/robot/robot_ws/install/robot_ai/share/robot_ai/package.ps1'
[70.047s] INFO:colcon.colcon_core.shell:Creating package descriptor '/home/robot/robot_ws/install/robot_ai/share/robot_ai/package.dsv'
[70.051s] INFO:colcon.colcon_core.shell:Creating package script '/home/robot/robot_ws/install/robot_ai/share/robot_ai/package.sh'
[70.054s] INFO:colcon.colcon_core.shell:Creating package script '/home/robot/robot_ws/install/robot_ai/share/robot_ai/package.bash'
[70.058s] INFO:colcon.colcon_core.shell:Creating package script '/home/robot/robot_ws/install/robot_ai/share/robot_ai/package.zsh'
[70.061s] Level 1:colcon.colcon_core.environment:create_file_with_runtime_dependencies(/home/robot/robot_ws/install/robot_ai/share/colcon-core/packages/robot_ai)
[70.063s] DEBUG:colcon.colcon_parallel_executor.executor.parallel:closing loop
[70.066s] DEBUG:colcon.colcon_parallel_executor.executor.parallel:loop closed
[70.067s] DEBUG:colcon.colcon_parallel_executor.executor.parallel:run_until_complete finished with '0'
[70.067s] DEBUG:colcon.colcon_core.event_reactor:joining thread
[70.070s] DEBUG:colcon.colcon_core.event_reactor:joined thread
[70.072s] INFO:colcon.colcon_core.shell:Creating prefix script '/home/robot/robot_ws/install/local_setup.ps1'
[70.078s] INFO:colcon.colcon_core.shell:Creating prefix util module '/home/robot/robot_ws/install/_local_setup_util_ps1.py'
[70.088s] INFO:colcon.colcon_core.shell:Creating prefix chain script '/home/robot/robot_ws/install/setup.ps1'
[70.099s] INFO:colcon.colcon_core.shell:Creating prefix script '/home/robot/robot_ws/install/local_setup.sh'
[70.103s] INFO:colcon.colcon_core.shell:Creating prefix util module '/home/robot/robot_ws/install/_local_setup_util_sh.py'
[70.108s] INFO:colcon.colcon_core.shell:Creating prefix chain script '/home/robot/robot_ws/install/setup.sh'
[70.118s] INFO:colcon.colcon_core.shell:Creating prefix script '/home/robot/robot_ws/install/local_setup.bash'
[70.122s] INFO:colcon.colcon_core.shell:Creating prefix chain script '/home/robot/robot_ws/install/setup.bash'
[70.132s] INFO:colcon.colcon_core.shell:Creating prefix script '/home/robot/robot_ws/install/local_setup.zsh'
[70.135s] INFO:colcon.colcon_core.shell:Creating prefix chain script '/home/robot/robot_ws/install/setup.zsh'
