[2.565s] Invoking command in '/home/robot/robot_ws/build/robot_bringup': CMAKE_PREFIX_PATH=/home/robot/robot_ws/install/sllidar_ros2:/home/robot/robot_ws/install/robot_description:/home/robot/robot_ws/install/robot_bringup:/home/robot/robot_ws/install/web_bridge:/home/robot/robot_ws/install/robot_serial:/home/robot/robot_ws/install/robot_ai:/home/robot/robot_ws/install/camera_node:/opt/ros/humble /usr/bin/cmake --build /home/robot/robot_ws/build/robot_bringup -- -j4 -l4
[3.316s] Invoked command in '/home/robot/robot_ws/build/robot_bringup' returned '0': CMAKE_PREFIX_PATH=/home/robot/robot_ws/install/sllidar_ros2:/home/robot/robot_ws/install/robot_description:/home/robot/robot_ws/install/robot_bringup:/home/robot/robot_ws/install/web_bridge:/home/robot/robot_ws/install/robot_serial:/home/robot/robot_ws/install/robot_ai:/home/robot/robot_ws/install/camera_node:/opt/ros/humble /usr/bin/cmake --build /home/robot/robot_ws/build/robot_bringup -- -j4 -l4
[3.533s] Invoking command in '/home/robot/robot_ws/build/robot_bringup': CMAKE_PREFIX_PATH=/home/robot/robot_ws/install/sllidar_ros2:/home/robot/robot_ws/install/robot_description:/home/robot/robot_ws/install/robot_bringup:/home/robot/robot_ws/install/web_bridge:/home/robot/robot_ws/install/robot_serial:/home/robot/robot_ws/install/robot_ai:/home/robot/robot_ws/install/camera_node:/opt/ros/humble /usr/bin/cmake --install /home/robot/robot_ws/build/robot_bringup
[3.537s] -- Install configuration: ""
[4.039s] -- Execute custom install script
[4.045s] -- Up-to-date symlink: /home/robot/robot_ws/install/robot_bringup/share/robot_bringup//launch/ai.launch.py
[4.046s] -- Up-to-date symlink: /home/robot/robot_ws/install/robot_bringup/share/robot_bringup//launch/full_robot.launch.py
[4.049s] -- Up-to-date symlink: /home/robot/robot_ws/install/robot_bringup/share/robot_bringup//launch/lidar.launch.py
[4.051s] -- Up-to-date symlink: /home/robot/robot_ws/install/robot_bringup/share/robot_bringup//launch/localization.launch.py
[4.054s] -- Up-to-date symlink: /home/robot/robot_ws/install/robot_bringup/share/robot_bringup//launch/minimal.launch.py
[4.055s] -- Up-to-date symlink: /home/robot/robot_ws/install/robot_bringup/share/robot_bringup//launch/nav2.launch.py
[4.058s] -- Up-to-date symlink: /home/robot/robot_ws/install/robot_bringup/share/robot_bringup//launch/robot.launch.py
[4.060s] -- Up-to-date symlink: /home/robot/robot_ws/install/robot_bringup/share/robot_bringup//launch/slam.launch.py
[4.062s] -- Up-to-date symlink: /home/robot/robot_ws/install/robot_bringup/share/robot_bringup//launch/view_robot.launch.py
[4.067s] -- Up-to-date symlink: /home/robot/robot_ws/install/robot_bringup/share/robot_bringup//config/amcl_params.yaml
[4.069s] -- Up-to-date symlink: /home/robot/robot_ws/install/robot_bringup/share/robot_bringup//config/ekf.yaml
[4.071s] -- Up-to-date symlink: /home/robot/robot_ws/install/robot_bringup/share/robot_bringup//config/map_server_params.yaml
[4.073s] -- Up-to-date symlink: /home/robot/robot_ws/install/robot_bringup/share/robot_bringup//config/nav2_params.yaml
[4.075s] -- Up-to-date symlink: /home/robot/robot_ws/install/robot_bringup/share/robot_bringup//config/slam_toolbox_params.yaml
[4.079s] -- Up-to-date symlink: /home/robot/robot_ws/install/robot_bringup/share/robot_bringup//rviz/robot_view.rviz
[4.082s] -- Up-to-date symlink: /home/robot/robot_ws/install/robot_bringup/lib/robot_bringup//save_map.sh
[4.084s] -- Up-to-date symlink: /home/robot/robot_ws/install/robot_bringup/lib/robot_bringup//save_map.py
[4.086s] -- Up-to-date symlink: /home/robot/robot_ws/install/robot_bringup/lib/robot_bringup//copy_map.sh
[4.091s] -- Up-to-date symlink: /home/robot/robot_ws/install/robot_bringup/share/robot_bringup//maps/.gitkeep
[4.093s] -- Up-to-date symlink: /home/robot/robot_ws/install/robot_bringup/share/robot_bringup//maps/my_room/map.pgm
[4.095s] -- Up-to-date symlink: /home/robot/robot_ws/install/robot_bringup/share/robot_bringup//maps/my_room/map.yaml
[4.098s] -- Up-to-date symlink: /home/robot/robot_ws/install/robot_bringup/share/ament_index/resource_index/package_run_dependencies/robot_bringup
[4.102s] -- Up-to-date symlink: /home/robot/robot_ws/install/robot_bringup/share/ament_index/resource_index/parent_prefix_path/robot_bringup
[4.105s] -- Up-to-date symlink: /home/robot/robot_ws/install/robot_bringup/share/robot_bringup/environment/ament_prefix_path.sh
[4.107s] -- Up-to-date symlink: /home/robot/robot_ws/install/robot_bringup/share/robot_bringup/environment/ament_prefix_path.dsv
[4.111s] -- Up-to-date symlink: /home/robot/robot_ws/install/robot_bringup/share/robot_bringup/environment/path.sh
[4.113s] -- Up-to-date symlink: /home/robot/robot_ws/install/robot_bringup/share/robot_bringup/environment/path.dsv
[4.115s] -- Up-to-date symlink: /home/robot/robot_ws/install/robot_bringup/share/robot_bringup/local_setup.bash
[4.118s] -- Up-to-date symlink: /home/robot/robot_ws/install/robot_bringup/share/robot_bringup/local_setup.sh
[4.120s] -- Up-to-date symlink: /home/robot/robot_ws/install/robot_bringup/share/robot_bringup/local_setup.zsh
[4.123s] -- Up-to-date symlink: /home/robot/robot_ws/install/robot_bringup/share/robot_bringup/local_setup.dsv
[4.124s] -- Symlinking: /home/robot/robot_ws/install/robot_bringup/share/robot_bringup/package.dsv
[4.551s] -- Up-to-date symlink: /home/robot/robot_ws/install/robot_bringup/share/ament_index/resource_index/packages/robot_bringup
[4.555s] -- Up-to-date symlink: /home/robot/robot_ws/install/robot_bringup/share/robot_bringup/cmake/robot_bringupConfig.cmake
[4.557s] -- Up-to-date symlink: /home/robot/robot_ws/install/robot_bringup/share/robot_bringup/cmake/robot_bringupConfig-version.cmake
[4.560s] -- Up-to-date symlink: /home/robot/robot_ws/install/robot_bringup/share/robot_bringup/package.xml
[4.579s] Invoked command in '/home/robot/robot_ws/build/robot_bringup' returned '0': CMAKE_PREFIX_PATH=/home/robot/robot_ws/install/sllidar_ros2:/home/robot/robot_ws/install/robot_description:/home/robot/robot_ws/install/robot_bringup:/home/robot/robot_ws/install/web_bridge:/home/robot/robot_ws/install/robot_serial:/home/robot/robot_ws/install/robot_ai:/home/robot/robot_ws/install/camera_node:/opt/ros/humble /usr/bin/cmake --install /home/robot/robot_ws/build/robot_bringup
