running develop
Removing /home/phuongnam/robot_main/install/robot_ai/lib/python3.10/site-packages/robot-ai.egg-link (link to .)
running egg_info
writing ../../build/robot_ai/robot_ai.egg-info/PKG-INFO
writing dependency_links to ../../build/robot_ai/robot_ai.egg-info/dependency_links.txt
writing entry points to ../../build/robot_ai/robot_ai.egg-info/entry_points.txt
writing requirements to ../../build/robot_ai/robot_ai.egg-info/requires.txt
writing top-level names to ../../build/robot_ai/robot_ai.egg-info/top_level.txt
reading manifest file '../../build/robot_ai/robot_ai.egg-info/SOURCES.txt'
writing manifest file '../../build/robot_ai/robot_ai.egg-info/SOURCES.txt'
running build
running build_py
creating /home/phuongnam/robot_main/build/robot_ai/build
creating /home/phuongnam/robot_main/build/robot_ai/build/lib
creating /home/phuongnam/robot_main/build/robot_ai/build/lib/robot_ai
copying robot_ai/command_node.py -> /home/phuongnam/robot_main/build/robot_ai/build/lib/robot_ai
copying robot_ai/dialogue_tts_node.py -> /home/phuongnam/robot_main/build/robot_ai/build/lib/robot_ai
copying robot_ai/audio_stream_server.py -> /home/phuongnam/robot_main/build/robot_ai/build/lib/robot_ai
copying robot_ai/http_bridge_node.py -> /home/phuongnam/robot_main/build/robot_ai/build/lib/robot_ai
copying robot_ai/stt_node.py -> /home/phuongnam/robot_main/build/robot_ai/build/lib/robot_ai
copying robot_ai/__init__.py -> /home/phuongnam/robot_main/build/robot_ai/build/lib/robot_ai
copying robot_ai/video_stream_server.py -> /home/phuongnam/robot_main/build/robot_ai/build/lib/robot_ai
running install
running install_lib
creating /home/phuongnam/robot_main/install/robot_ai/lib/python3.10/site-packages/robot_ai
copying /home/phuongnam/robot_main/build/robot_ai/build/lib/robot_ai/command_node.py -> /home/phuongnam/robot_main/install/robot_ai/lib/python3.10/site-packages/robot_ai
copying /home/phuongnam/robot_main/build/robot_ai/build/lib/robot_ai/dialogue_tts_node.py -> /home/phuongnam/robot_main/install/robot_ai/lib/python3.10/site-packages/robot_ai
copying /home/phuongnam/robot_main/build/robot_ai/build/lib/robot_ai/audio_stream_server.py -> /home/phuongnam/robot_main/install/robot_ai/lib/python3.10/site-packages/robot_ai
copying /home/phuongnam/robot_main/build/robot_ai/build/lib/robot_ai/http_bridge_node.py -> /home/phuongnam/robot_main/install/robot_ai/lib/python3.10/site-packages/robot_ai
copying /home/phuongnam/robot_main/build/robot_ai/build/lib/robot_ai/stt_node.py -> /home/phuongnam/robot_main/install/robot_ai/lib/python3.10/site-packages/robot_ai
copying /home/phuongnam/robot_main/build/robot_ai/build/lib/robot_ai/__init__.py -> /home/phuongnam/robot_main/install/robot_ai/lib/python3.10/site-packages/robot_ai
copying /home/phuongnam/robot_main/build/robot_ai/build/lib/robot_ai/video_stream_server.py -> /home/phuongnam/robot_main/install/robot_ai/lib/python3.10/site-packages/robot_ai
byte-compiling /home/phuongnam/robot_main/install/robot_ai/lib/python3.10/site-packages/robot_ai/command_node.py to command_node.cpython-310.pyc
byte-compiling /home/phuongnam/robot_main/install/robot_ai/lib/python3.10/site-packages/robot_ai/dialogue_tts_node.py to dialogue_tts_node.cpython-310.pyc
byte-compiling /home/phuongnam/robot_main/install/robot_ai/lib/python3.10/site-packages/robot_ai/audio_stream_server.py to audio_stream_server.cpython-310.pyc
byte-compiling /home/phuongnam/robot_main/install/robot_ai/lib/python3.10/site-packages/robot_ai/http_bridge_node.py to http_bridge_node.cpython-310.pyc
byte-compiling /home/phuongnam/robot_main/install/robot_ai/lib/python3.10/site-packages/robot_ai/stt_node.py to stt_node.cpython-310.pyc
byte-compiling /home/phuongnam/robot_main/install/robot_ai/lib/python3.10/site-packages/robot_ai/__init__.py to __init__.cpython-310.pyc
byte-compiling /home/phuongnam/robot_main/install/robot_ai/lib/python3.10/site-packages/robot_ai/video_stream_server.py to video_stream_server.cpython-310.pyc
running install_data
copying resource/robot_ai -> /home/phuongnam/robot_main/install/robot_ai/share/ament_index/resource_index/packages
copying package.xml -> /home/phuongnam/robot_main/install/robot_ai/share/robot_ai
copying launch/ai.launch.py -> /home/phuongnam/robot_main/install/robot_ai/share/robot_ai/launch
running install_egg_info
Copying ../../build/robot_ai/robot_ai.egg-info to /home/phuongnam/robot_main/install/robot_ai/lib/python3.10/site-packages/robot_ai-1.0.0-py3.10.egg-info
running install_scripts
Installing audio_stream_server script to /home/phuongnam/robot_main/install/robot_ai/lib/robot_ai
Installing command_node script to /home/phuongnam/robot_main/install/robot_ai/lib/robot_ai
Installing dialogue_tts_node script to /home/phuongnam/robot_main/install/robot_ai/lib/robot_ai
Installing http_bridge_node script to /home/phuongnam/robot_main/install/robot_ai/lib/robot_ai
Installing stt_node script to /home/phuongnam/robot_main/install/robot_ai/lib/robot_ai
Installing video_stream_server script to /home/phuongnam/robot_main/install/robot_ai/lib/robot_ai
writing list of installed files to '/home/phuongnam/robot_main/build/robot_ai/install.log'
