[3.544s] Invoking command in '/home/robot/robot_ws/src/web_bridge': PYTHONPATH=/home/robot/robot_ws/build/web_bridge/prefix_override:/usr/lib/python3/dist-packages/colcon_core/task/python/colcon_distutils_commands:/home/robot/robot_ws/install/web_bridge/lib/python3.10/site-packages:${PYTHONPATH} /usr/bin/python3 -W ignore:setup.py install is deprecated -W ignore:easy_install command is deprecated setup.py egg_info --egg-base ../../build/web_bridge build --build-base /home/robot/robot_ws/build/web_bridge/build install --record /home/robot/robot_ws/build/web_bridge/install.log --single-version-externally-managed install_data
[4.967s] running egg_info
[4.972s] writing ../../build/web_bridge/web_bridge.egg-info/PKG-INFO
[4.974s] writing dependency_links to ../../build/web_bridge/web_bridge.egg-info/dependency_links.txt
[4.976s] writing entry points to ../../build/web_bridge/web_bridge.egg-info/entry_points.txt
[4.978s] writing requirements to ../../build/web_bridge/web_bridge.egg-info/requires.txt
[4.979s] writing top-level names to ../../build/web_bridge/web_bridge.egg-info/top_level.txt
[4.991s] reading manifest file '../../build/web_bridge/web_bridge.egg-info/SOURCES.txt'
[4.994s] writing manifest file '../../build/web_bridge/web_bridge.egg-info/SOURCES.txt'
[4.995s] running build
[4.996s] running build_py
[4.997s] running install
[4.998s] running install_lib
[5.007s] running install_data
[5.008s] copying resource/web_bridge -> /home/robot/robot_ws/install/web_bridge/share/ament_index/resource_index/packages
[5.011s] creating /home/robot/robot_ws/install/web_bridge/share/web_bridge
[5.012s] copying package.xml -> /home/robot/robot_ws/install/web_bridge/share/web_bridge
[5.014s] creating /home/robot/robot_ws/install/web_bridge/share/web_bridge/launch
[5.016s] error: can't copy 'launch/web_bridge.launch.py': doesn't exist or not a regular file
[5.147s] Invoked command in '/home/robot/robot_ws/src/web_bridge' returned '1': PYTHONPATH=/home/robot/robot_ws/build/web_bridge/prefix_override:/usr/lib/python3/dist-packages/colcon_core/task/python/colcon_distutils_commands:/home/robot/robot_ws/install/web_bridge/lib/python3.10/site-packages:${PYTHONPATH} /usr/bin/python3 -W ignore:setup.py install is deprecated -W ignore:easy_install command is deprecated setup.py egg_info --egg-base ../../build/web_bridge build --build-base /home/robot/robot_ws/build/web_bridge/build install --record /home/robot/robot_ws/build/web_bridge/install.log --single-version-externally-managed install_data
