[0.545s] DEBUG:colcon:Command line arguments: ['/usr/bin/colcon', 'build', '--packages-select', 'robot_serial']
[0.546s] DEBUG:colcon:Parsed command line arguments: Namespace(log_base=None, log_level=None, verb_name='build', build_base='build', install_base='install', merge_install=False, symlink_install=False, test_result_base=None, continue_on_error=False, executor='parallel', parallel_workers=4, event_handlers=None, ignore_user_meta=False, metas=['./colcon.meta'], base_paths=['.'], packages_ignore=None, packages_ignore_regex=None, paths=None, packages_up_to=None, packages_up_to_regex=None, packages_above=None, packages_above_and_dependencies=None, packages_above_depth=None, packages_select_by_dep=None, packages_skip_by_dep=None, packages_skip_up_to=None, packages_select_build_failed=False, packages_skip_build_finished=False, packages_select_test_failures=False, packages_skip_test_passed=False, packages_select=['robot_serial'], packages_skip=None, packages_select_regex=None, packages_skip_regex=None, packages_start=None, packages_end=None, allow_overriding=[], cmake_args=None, cmake_target=None, cmake_target_skip_unavailable=False, cmake_clean_cache=False, cmake_clean_first=False, cmake_force_configure=False, ament_cmake_args=None, catkin_cmake_args=None, catkin_skip_building_tests=False, verb_parser=<colcon_defaults.argument_parser.defaults.DefaultArgumentsDecorator object at 0xffff9f798a90>, verb_extension=<colcon_core.verb.build.BuildVerb object at 0xffff9f916200>, main=<bound method BuildVerb.main of <colcon_core.verb.build.BuildVerb object at 0xffff9f916200>>)
[1.432s] Level 1:colcon.colcon_core.package_discovery:discover_packages(colcon_meta) check parameters
[1.433s] Level 1:colcon.colcon_core.package_discovery:discover_packages(recursive) check parameters
[1.433s] Level 1:colcon.colcon_core.package_discovery:discover_packages(ignore) check parameters
[1.433s] Level 1:colcon.colcon_core.package_discovery:discover_packages(path) check parameters
[1.434s] Level 1:colcon.colcon_core.package_discovery:discover_packages(colcon_meta) discover
[1.434s] Level 1:colcon.colcon_core.package_discovery:discover_packages(recursive) discover
[1.434s] INFO:colcon.colcon_core.package_discovery:Crawling recursively for packages in '/home/robot/robot_ws'
[1.435s] Level 1:colcon.colcon_core.package_identification:_identify(.) by extensions ['ignore', 'ignore_ament_install']
[1.435s] Level 1:colcon.colcon_core.package_identification:_identify(.) by extension 'ignore'
[1.436s] Level 1:colcon.colcon_core.package_identification:_identify(.) by extension 'ignore_ament_install'
[1.436s] Level 1:colcon.colcon_core.package_identification:_identify(.) by extensions ['colcon_pkg']
[1.436s] Level 1:colcon.colcon_core.package_identification:_identify(.) by extension 'colcon_pkg'
[1.436s] Level 1:colcon.colcon_core.package_identification:_identify(.) by extensions ['colcon_meta']
[1.437s] Level 1:colcon.colcon_core.package_identification:_identify(.) by extension 'colcon_meta'
[1.437s] Level 1:colcon.colcon_core.package_identification:_identify(.) by extensions ['ros']
[1.437s] Level 1:colcon.colcon_core.package_identification:_identify(.) by extension 'ros'
[1.494s] Level 1:colcon.colcon_core.package_identification:_identify(.) by extensions ['cmake', 'python']
[1.495s] Level 1:colcon.colcon_core.package_identification:_identify(.) by extension 'cmake'
[1.495s] Level 1:colcon.colcon_core.package_identification:_identify(.) by extension 'python'
[1.495s] Level 1:colcon.colcon_core.package_identification:_identify(.) by extensions ['python_setup_py']
[1.495s] Level 1:colcon.colcon_core.package_identification:_identify(.) by extension 'python_setup_py'
[1.496s] Level 1:colcon.colcon_core.package_identification:_identify(build) by extensions ['ignore', 'ignore_ament_install']
[1.497s] Level 1:colcon.colcon_core.package_identification:_identify(build) by extension 'ignore'
[1.497s] Level 1:colcon.colcon_core.package_identification:_identify(build) ignored
[1.498s] Level 1:colcon.colcon_core.package_identification:_identify(install) by extensions ['ignore', 'ignore_ament_install']
[1.499s] Level 1:colcon.colcon_core.package_identification:_identify(install) by extension 'ignore'
[1.499s] Level 1:colcon.colcon_core.package_identification:_identify(install) ignored
[1.500s] Level 1:colcon.colcon_core.package_identification:_identify(log) by extensions ['ignore', 'ignore_ament_install']
[1.501s] Level 1:colcon.colcon_core.package_identification:_identify(log) by extension 'ignore'
[1.501s] Level 1:colcon.colcon_core.package_identification:_identify(log) ignored
[1.501s] Level 1:colcon.colcon_core.package_identification:_identify(src) by extensions ['ignore', 'ignore_ament_install']
[1.502s] Level 1:colcon.colcon_core.package_identification:_identify(src) by extension 'ignore'
[1.502s] Level 1:colcon.colcon_core.package_identification:_identify(src) by extension 'ignore_ament_install'
[1.503s] Level 1:colcon.colcon_core.package_identification:_identify(src) by extensions ['colcon_pkg']
[1.503s] Level 1:colcon.colcon_core.package_identification:_identify(src) by extension 'colcon_pkg'
[1.503s] Level 1:colcon.colcon_core.package_identification:_identify(src) by extensions ['colcon_meta']
[1.503s] Level 1:colcon.colcon_core.package_identification:_identify(src) by extension 'colcon_meta'
[1.503s] Level 1:colcon.colcon_core.package_identification:_identify(src) by extensions ['ros']
[1.504s] Level 1:colcon.colcon_core.package_identification:_identify(src) by extension 'ros'
[1.504s] Level 1:colcon.colcon_core.package_identification:_identify(src) by extensions ['cmake', 'python']
[1.505s] Level 1:colcon.colcon_core.package_identification:_identify(src) by extension 'cmake'
[1.505s] Level 1:colcon.colcon_core.package_identification:_identify(src) by extension 'python'
[1.505s] Level 1:colcon.colcon_core.package_identification:_identify(src) by extensions ['python_setup_py']
[1.506s] Level 1:colcon.colcon_core.package_identification:_identify(src) by extension 'python_setup_py'
[1.506s] Level 1:colcon.colcon_core.package_identification:_identify(src/camera_node) by extensions ['ignore', 'ignore_ament_install']
[1.507s] Level 1:colcon.colcon_core.package_identification:_identify(src/camera_node) by extension 'ignore'
[1.507s] Level 1:colcon.colcon_core.package_identification:_identify(src/camera_node) by extension 'ignore_ament_install'
[1.507s] Level 1:colcon.colcon_core.package_identification:_identify(src/camera_node) by extensions ['colcon_pkg']
[1.508s] Level 1:colcon.colcon_core.package_identification:_identify(src/camera_node) by extension 'colcon_pkg'
[1.508s] Level 1:colcon.colcon_core.package_identification:_identify(src/camera_node) by extensions ['colcon_meta']
[1.509s] Level 1:colcon.colcon_core.package_identification:_identify(src/camera_node) by extension 'colcon_meta'
[1.509s] Level 1:colcon.colcon_core.package_identification:_identify(src/camera_node) by extensions ['ros']
[1.510s] Level 1:colcon.colcon_core.package_identification:_identify(src/camera_node) by extension 'ros'
[1.521s] DEBUG:colcon.colcon_core.package_identification:Package 'src/camera_node' with type 'ros.ament_python' and name 'camera_node'
[1.521s] Level 1:colcon.colcon_core.package_identification:_identify(src/esp32_ros2_bridge) by extensions ['ignore', 'ignore_ament_install']
[1.522s] Level 1:colcon.colcon_core.package_identification:_identify(src/esp32_ros2_bridge) by extension 'ignore'
[1.522s] Level 1:colcon.colcon_core.package_identification:_identify(src/esp32_ros2_bridge) by extension 'ignore_ament_install'
[1.522s] Level 1:colcon.colcon_core.package_identification:_identify(src/esp32_ros2_bridge) by extensions ['colcon_pkg']
[1.523s] Level 1:colcon.colcon_core.package_identification:_identify(src/esp32_ros2_bridge) by extension 'colcon_pkg'
[1.523s] Level 1:colcon.colcon_core.package_identification:_identify(src/esp32_ros2_bridge) by extensions ['colcon_meta']
[1.523s] Level 1:colcon.colcon_core.package_identification:_identify(src/esp32_ros2_bridge) by extension 'colcon_meta'
[1.523s] Level 1:colcon.colcon_core.package_identification:_identify(src/esp32_ros2_bridge) by extensions ['ros']
[1.524s] Level 1:colcon.colcon_core.package_identification:_identify(src/esp32_ros2_bridge) by extension 'ros'
[1.527s] DEBUG:colcon.colcon_core.package_identification:Package 'src/esp32_ros2_bridge' with type 'ros.ament_python' and name 'esp32_ros2_bridge'
[1.528s] Level 1:colcon.colcon_core.package_identification:_identify(src/robot_ai) by extensions ['ignore', 'ignore_ament_install']
[1.528s] Level 1:colcon.colcon_core.package_identification:_identify(src/robot_ai) by extension 'ignore'
[1.529s] Level 1:colcon.colcon_core.package_identification:_identify(src/robot_ai) by extension 'ignore_ament_install'
[1.529s] Level 1:colcon.colcon_core.package_identification:_identify(src/robot_ai) by extensions ['colcon_pkg']
[1.529s] Level 1:colcon.colcon_core.package_identification:_identify(src/robot_ai) by extension 'colcon_pkg'
[1.529s] Level 1:colcon.colcon_core.package_identification:_identify(src/robot_ai) by extensions ['colcon_meta']
[1.530s] Level 1:colcon.colcon_core.package_identification:_identify(src/robot_ai) by extension 'colcon_meta'
[1.530s] Level 1:colcon.colcon_core.package_identification:_identify(src/robot_ai) by extensions ['ros']
[1.530s] Level 1:colcon.colcon_core.package_identification:_identify(src/robot_ai) by extension 'ros'
[1.533s] DEBUG:colcon.colcon_core.package_identification:Package 'src/robot_ai' with type 'ros.ament_python' and name 'robot_ai'
[1.534s] Level 1:colcon.colcon_core.package_identification:_identify(src/robot_bringup) by extensions ['ignore', 'ignore_ament_install']
[1.534s] Level 1:colcon.colcon_core.package_identification:_identify(src/robot_bringup) by extension 'ignore'
[1.535s] Level 1:colcon.colcon_core.package_identification:_identify(src/robot_bringup) by extension 'ignore_ament_install'
[1.535s] Level 1:colcon.colcon_core.package_identification:_identify(src/robot_bringup) by extensions ['colcon_pkg']
[1.535s] Level 1:colcon.colcon_core.package_identification:_identify(src/robot_bringup) by extension 'colcon_pkg'
[1.536s] Level 1:colcon.colcon_core.package_identification:_identify(src/robot_bringup) by extensions ['colcon_meta']
[1.536s] Level 1:colcon.colcon_core.package_identification:_identify(src/robot_bringup) by extension 'colcon_meta'
[1.536s] Level 1:colcon.colcon_core.package_identification:_identify(src/robot_bringup) by extensions ['ros']
[1.536s] Level 1:colcon.colcon_core.package_identification:_identify(src/robot_bringup) by extension 'ros'
[1.539s] DEBUG:colcon.colcon_core.package_identification:Package 'src/robot_bringup' with type 'ros.ament_cmake' and name 'robot_bringup'
[1.540s] Level 1:colcon.colcon_core.package_identification:_identify(src/robot_description) by extensions ['ignore', 'ignore_ament_install']
[1.540s] Level 1:colcon.colcon_core.package_identification:_identify(src/robot_description) by extension 'ignore'
[1.541s] Level 1:colcon.colcon_core.package_identification:_identify(src/robot_description) by extension 'ignore_ament_install'
[1.541s] Level 1:colcon.colcon_core.package_identification:_identify(src/robot_description) by extensions ['colcon_pkg']
[1.541s] Level 1:colcon.colcon_core.package_identification:_identify(src/robot_description) by extension 'colcon_pkg'
[1.542s] Level 1:colcon.colcon_core.package_identification:_identify(src/robot_description) by extensions ['colcon_meta']
[1.542s] Level 1:colcon.colcon_core.package_identification:_identify(src/robot_description) by extension 'colcon_meta'
[1.543s] Level 1:colcon.colcon_core.package_identification:_identify(src/robot_description) by extensions ['ros']
[1.543s] Level 1:colcon.colcon_core.package_identification:_identify(src/robot_description) by extension 'ros'
[1.546s] DEBUG:colcon.colcon_core.package_identification:Package 'src/robot_description' with type 'ros.ament_cmake' and name 'robot_description'
[1.546s] Level 1:colcon.colcon_core.package_identification:_identify(src/robot_serial) by extensions ['ignore', 'ignore_ament_install']
[1.547s] Level 1:colcon.colcon_core.package_identification:_identify(src/robot_serial) by extension 'ignore'
[1.547s] Level 1:colcon.colcon_core.package_identification:_identify(src/robot_serial) by extension 'ignore_ament_install'
[1.548s] Level 1:colcon.colcon_core.package_identification:_identify(src/robot_serial) by extensions ['colcon_pkg']
[1.548s] Level 1:colcon.colcon_core.package_identification:_identify(src/robot_serial) by extension 'colcon_pkg'
[1.548s] Level 1:colcon.colcon_core.package_identification:_identify(src/robot_serial) by extensions ['colcon_meta']
[1.549s] Level 1:colcon.colcon_core.package_identification:_identify(src/robot_serial) by extension 'colcon_meta'
[1.549s] Level 1:colcon.colcon_core.package_identification:_identify(src/robot_serial) by extensions ['ros']
[1.550s] Level 1:colcon.colcon_core.package_identification:_identify(src/robot_serial) by extension 'ros'
[1.553s] DEBUG:colcon.colcon_core.package_identification:Package 'src/robot_serial' with type 'ros.ament_python' and name 'robot_serial'
[1.554s] Level 1:colcon.colcon_core.package_identification:_identify(src/sllidar_ros2) by extensions ['ignore', 'ignore_ament_install']
[1.554s] Level 1:colcon.colcon_core.package_identification:_identify(src/sllidar_ros2) by extension 'ignore'
[1.555s] Level 1:colcon.colcon_core.package_identification:_identify(src/sllidar_ros2) by extension 'ignore_ament_install'
[1.555s] Level 1:colcon.colcon_core.package_identification:_identify(src/sllidar_ros2) by extensions ['colcon_pkg']
[1.555s] Level 1:colcon.colcon_core.package_identification:_identify(src/sllidar_ros2) by extension 'colcon_pkg'
[1.556s] Level 1:colcon.colcon_core.package_identification:_identify(src/sllidar_ros2) by extensions ['colcon_meta']
[1.556s] Level 1:colcon.colcon_core.package_identification:_identify(src/sllidar_ros2) by extension 'colcon_meta'
[1.556s] Level 1:colcon.colcon_core.package_identification:_identify(src/sllidar_ros2) by extensions ['ros']
[1.556s] Level 1:colcon.colcon_core.package_identification:_identify(src/sllidar_ros2) by extension 'ros'
[1.559s] DEBUG:colcon.colcon_core.package_identification:Package 'src/sllidar_ros2' with type 'ros.ament_cmake' and name 'sllidar_ros2'
[1.560s] Level 1:colcon.colcon_core.package_identification:_identify(src/vision_ai_node) by extensions ['ignore', 'ignore_ament_install']
[1.561s] Level 1:colcon.colcon_core.package_identification:_identify(src/vision_ai_node) by extension 'ignore'
[1.561s] Level 1:colcon.colcon_core.package_identification:_identify(src/vision_ai_node) by extension 'ignore_ament_install'
[1.561s] Level 1:colcon.colcon_core.package_identification:_identify(src/vision_ai_node) by extensions ['colcon_pkg']
[1.562s] Level 1:colcon.colcon_core.package_identification:_identify(src/vision_ai_node) by extension 'colcon_pkg'
[1.562s] Level 1:colcon.colcon_core.package_identification:_identify(src/vision_ai_node) by extensions ['colcon_meta']
[1.562s] Level 1:colcon.colcon_core.package_identification:_identify(src/vision_ai_node) by extension 'colcon_meta'
[1.562s] Level 1:colcon.colcon_core.package_identification:_identify(src/vision_ai_node) by extensions ['ros']
[1.563s] Level 1:colcon.colcon_core.package_identification:_identify(src/vision_ai_node) by extension 'ros'
[1.565s] DEBUG:colcon.colcon_core.package_identification:Package 'src/vision_ai_node' with type 'ros.ament_python' and name 'vision_ai_node'
[1.566s] Level 1:colcon.colcon_core.package_identification:_identify(src/vision_msgs) by extensions ['ignore', 'ignore_ament_install']
[1.567s] Level 1:colcon.colcon_core.package_identification:_identify(src/vision_msgs) by extension 'ignore'
[1.567s] Level 1:colcon.colcon_core.package_identification:_identify(src/vision_msgs) by extension 'ignore_ament_install'
[1.567s] Level 1:colcon.colcon_core.package_identification:_identify(src/vision_msgs) by extensions ['colcon_pkg']
[1.568s] Level 1:colcon.colcon_core.package_identification:_identify(src/vision_msgs) by extension 'colcon_pkg'
[1.568s] Level 1:colcon.colcon_core.package_identification:_identify(src/vision_msgs) by extensions ['colcon_meta']
[1.568s] Level 1:colcon.colcon_core.package_identification:_identify(src/vision_msgs) by extension 'colcon_meta'
[1.568s] Level 1:colcon.colcon_core.package_identification:_identify(src/vision_msgs) by extensions ['ros']
[1.569s] Level 1:colcon.colcon_core.package_identification:_identify(src/vision_msgs) by extension 'ros'
[1.572s] DEBUG:colcon.colcon_core.package_identification:Package 'src/vision_msgs' with type 'ros.ament_cmake' and name 'vision_msgs'
[1.572s] Level 1:colcon.colcon_core.package_discovery:discover_packages(recursive) using defaults
[1.573s] Level 1:colcon.colcon_core.package_discovery:discover_packages(ignore) discover
[1.573s] Level 1:colcon.colcon_core.package_discovery:discover_packages(ignore) using defaults
[1.573s] Level 1:colcon.colcon_core.package_discovery:discover_packages(path) discover
[1.573s] Level 1:colcon.colcon_core.package_discovery:discover_packages(path) using defaults
[1.676s] INFO:colcon.colcon_core.package_selection:Skipping not selected package 'camera_node' in 'src/camera_node'
[1.929s] INFO:colcon.colcon_core.package_selection:Skipping not selected package 'esp32_ros2_bridge' in 'src/esp32_ros2_bridge'
[1.929s] INFO:colcon.colcon_core.package_selection:Skipping not selected package 'robot_description' in 'src/robot_description'
[1.930s] INFO:colcon.colcon_core.package_selection:Skipping not selected package 'sllidar_ros2' in 'src/sllidar_ros2'
[1.930s] INFO:colcon.colcon_core.package_selection:Skipping not selected package 'vision_msgs' in 'src/vision_msgs'
[1.931s] INFO:colcon.colcon_core.package_selection:Skipping not selected package 'robot_ai' in 'src/robot_ai'
[1.931s] INFO:colcon.colcon_core.package_selection:Skipping not selected package 'robot_bringup' in 'src/robot_bringup'
[1.931s] INFO:colcon.colcon_core.package_selection:Skipping not selected package 'vision_ai_node' in 'src/vision_ai_node'
[1.935s] Level 1:colcon.colcon_core.package_discovery:discover_packages(prefix_path) check parameters
[1.936s] Level 1:colcon.colcon_core.package_discovery:discover_packages(prefix_path) discover
[1.953s] DEBUG:colcon.colcon_installed_package_information.package_discovery:Found 10 installed packages in /home/robot/robot_ws/install
[1.963s] DEBUG:colcon.colcon_installed_package_information.package_discovery:Found 259 installed packages in /opt/ros/humble
[1.970s] Level 1:colcon.colcon_core.package_discovery:discover_packages(prefix_path) using defaults
[2.206s] Level 5:colcon.colcon_core.verb:set package 'robot_serial' build argument 'cmake_args' from command line to 'None'
[2.207s] Level 5:colcon.colcon_core.verb:set package 'robot_serial' build argument 'cmake_target' from command line to 'None'
[2.207s] Level 5:colcon.colcon_core.verb:set package 'robot_serial' build argument 'cmake_target_skip_unavailable' from command line to 'False'
[2.207s] Level 5:colcon.colcon_core.verb:set package 'robot_serial' build argument 'cmake_clean_cache' from command line to 'False'
[2.207s] Level 5:colcon.colcon_core.verb:set package 'robot_serial' build argument 'cmake_clean_first' from command line to 'False'
[2.208s] Level 5:colcon.colcon_core.verb:set package 'robot_serial' build argument 'cmake_force_configure' from command line to 'False'
[2.208s] Level 5:colcon.colcon_core.verb:set package 'robot_serial' build argument 'ament_cmake_args' from command line to 'None'
[2.208s] Level 5:colcon.colcon_core.verb:set package 'robot_serial' build argument 'catkin_cmake_args' from command line to 'None'
[2.208s] Level 5:colcon.colcon_core.verb:set package 'robot_serial' build argument 'catkin_skip_building_tests' from command line to 'False'
[2.209s] DEBUG:colcon.colcon_core.verb:Building package 'robot_serial' with the following arguments: {'ament_cmake_args': None, 'build_base': '/home/robot/robot_ws/build/robot_serial', 'catkin_cmake_args': None, 'catkin_skip_building_tests': False, 'cmake_args': None, 'cmake_clean_cache': False, 'cmake_clean_first': False, 'cmake_force_configure': False, 'cmake_target': None, 'cmake_target_skip_unavailable': False, 'install_base': '/home/robot/robot_ws/install/robot_serial', 'merge_install': False, 'path': '/home/robot/robot_ws/src/robot_serial', 'symlink_install': False, 'test_result_base': None}
[2.209s] INFO:colcon.colcon_core.executor:Executing jobs using 'parallel' executor
[2.214s] DEBUG:colcon.colcon_parallel_executor.executor.parallel:run_until_complete
[2.215s] INFO:colcon.colcon_ros.task.ament_python.build:Building ROS package in '/home/robot/robot_ws/src/robot_serial' with build type 'ament_python'
[2.216s] Level 1:colcon.colcon_core.shell:create_environment_hook('robot_serial', 'ament_prefix_path')
[2.228s] INFO:colcon.colcon_core.plugin_system:Skipping extension 'colcon_core.shell.bat': Not used on non-Windows systems
[2.230s] INFO:colcon.colcon_core.shell:Creating environment hook '/home/robot/robot_ws/install/robot_serial/share/robot_serial/hook/ament_prefix_path.ps1'
[2.233s] INFO:colcon.colcon_core.shell:Creating environment descriptor '/home/robot/robot_ws/install/robot_serial/share/robot_serial/hook/ament_prefix_path.dsv'
[2.236s] INFO:colcon.colcon_core.shell:Creating environment hook '/home/robot/robot_ws/install/robot_serial/share/robot_serial/hook/ament_prefix_path.sh'
[2.240s] INFO:colcon.colcon_core.shell:Skip shell extension 'powershell' for command environment: Not usable outside of PowerShell
[2.240s] DEBUG:colcon.colcon_core.shell:Skip shell extension 'dsv' for command environment
[3.660s] INFO:colcon.colcon_core.task.python.build:Building Python package in '/home/robot/robot_ws/src/robot_serial'
[3.764s] INFO:colcon.colcon_core.shell:Skip shell extension 'powershell' for command environment: Not usable outside of PowerShell
[3.765s] DEBUG:colcon.colcon_core.shell:Skip shell extension 'dsv' for command environment
[5.979s] DEBUG:colcon.colcon_core.task.python.build:Available setuptools commands: install_scripts, bdist, install_data, setopt, saveopts, upload_docs, build, rotate, test, bdist_dumb, bdist_wheel, install_lib, bdist_egg, upload, install_headers, sdist, install, alias, update_catalog, build_clib, extract_messages, build_py, build_ext, build_scripts, compile_catalog, egg_info, bdist_rpm, register, easy_install, init_catalog, develop, clean, check, dist_info, symlink_data, install_egg_info
[5.987s] DEBUG:colcon.colcon_core.event_handler.log_command:Invoking command in '/home/robot/robot_ws/src/robot_serial': PYTHONPATH=/home/robot/robot_ws/build/robot_serial/prefix_override:/usr/lib/python3/dist-packages/colcon_core/task/python/colcon_distutils_commands:/home/robot/robot_ws/install/robot_serial/lib/python3.10/site-packages:${PYTHONPATH} /usr/bin/python3 -W ignore:setup.py install is deprecated -W ignore:easy_install command is deprecated setup.py egg_info --egg-base ../../build/robot_serial build --build-base /home/robot/robot_ws/build/robot_serial/build install --record /home/robot/robot_ws/build/robot_serial/install.log --install-scripts $base/lib/robot_serial --single-version-externally-managed install_data
[7.992s] DEBUG:colcon.colcon_core.event_handler.log_command:Invoked command in '/home/robot/robot_ws/src/robot_serial' returned '0': PYTHONPATH=/home/robot/robot_ws/build/robot_serial/prefix_override:/usr/lib/python3/dist-packages/colcon_core/task/python/colcon_distutils_commands:/home/robot/robot_ws/install/robot_serial/lib/python3.10/site-packages:${PYTHONPATH} /usr/bin/python3 -W ignore:setup.py install is deprecated -W ignore:easy_install command is deprecated setup.py egg_info --egg-base ../../build/robot_serial build --build-base /home/robot/robot_ws/build/robot_serial/build install --record /home/robot/robot_ws/build/robot_serial/install.log --install-scripts $base/lib/robot_serial --single-version-externally-managed install_data
[8.007s] Level 1:colcon.colcon_core.environment:checking '/home/robot/robot_ws/install/robot_serial' for CMake module files
[8.010s] Level 1:colcon.colcon_core.environment:checking '/home/robot/robot_ws/install/robot_serial' for CMake config files
[8.015s] Level 1:colcon.colcon_core.environment:checking '/home/robot/robot_ws/install/robot_serial/lib'
[8.016s] Level 1:colcon.colcon_core.environment:checking '/home/robot/robot_ws/install/robot_serial/bin'
[8.016s] Level 1:colcon.colcon_core.environment:checking '/home/robot/robot_ws/install/robot_serial/lib/pkgconfig/robot_serial.pc'
[8.018s] Level 1:colcon.colcon_core.environment:checking '/home/robot/robot_ws/install/robot_serial/lib/python3.10/site-packages'
[8.018s] Level 1:colcon.colcon_core.shell:create_environment_hook('robot_serial', 'pythonpath')
[8.019s] INFO:colcon.colcon_core.shell:Creating environment hook '/home/robot/robot_ws/install/robot_serial/share/robot_serial/hook/pythonpath.ps1'
[8.022s] INFO:colcon.colcon_core.shell:Creating environment descriptor '/home/robot/robot_ws/install/robot_serial/share/robot_serial/hook/pythonpath.dsv'
[8.024s] INFO:colcon.colcon_core.shell:Creating environment hook '/home/robot/robot_ws/install/robot_serial/share/robot_serial/hook/pythonpath.sh'
[8.028s] Level 1:colcon.colcon_core.environment:checking '/home/robot/robot_ws/install/robot_serial/bin'
[8.029s] Level 1:colcon.colcon_core.environment:create_environment_scripts_only(robot_serial)
[8.030s] INFO:colcon.colcon_core.shell:Creating package script '/home/robot/robot_ws/install/robot_serial/share/robot_serial/package.ps1'
[8.036s] INFO:colcon.colcon_core.shell:Creating package descriptor '/home/robot/robot_ws/install/robot_serial/share/robot_serial/package.dsv'
[8.039s] INFO:colcon.colcon_core.shell:Creating package script '/home/robot/robot_ws/install/robot_serial/share/robot_serial/package.sh'
[8.044s] INFO:colcon.colcon_core.shell:Creating package script '/home/robot/robot_ws/install/robot_serial/share/robot_serial/package.bash'
[8.048s] INFO:colcon.colcon_core.shell:Creating package script '/home/robot/robot_ws/install/robot_serial/share/robot_serial/package.zsh'
[8.051s] Level 1:colcon.colcon_core.environment:create_file_with_runtime_dependencies(/home/robot/robot_ws/install/robot_serial/share/colcon-core/packages/robot_serial)
[8.053s] DEBUG:colcon.colcon_parallel_executor.executor.parallel:closing loop
[8.054s] DEBUG:colcon.colcon_parallel_executor.executor.parallel:loop closed
[8.055s] DEBUG:colcon.colcon_parallel_executor.executor.parallel:run_until_complete finished with '0'
[8.055s] DEBUG:colcon.colcon_core.event_reactor:joining thread
[8.057s] DEBUG:colcon.colcon_core.event_reactor:joined thread
[8.058s] INFO:colcon.colcon_core.shell:Creating prefix script '/home/robot/robot_ws/install/local_setup.ps1'
[8.063s] INFO:colcon.colcon_core.shell:Creating prefix util module '/home/robot/robot_ws/install/_local_setup_util_ps1.py'
[8.070s] INFO:colcon.colcon_core.shell:Creating prefix chain script '/home/robot/robot_ws/install/setup.ps1'
[8.079s] INFO:colcon.colcon_core.shell:Creating prefix script '/home/robot/robot_ws/install/local_setup.sh'
[8.082s] INFO:colcon.colcon_core.shell:Creating prefix util module '/home/robot/robot_ws/install/_local_setup_util_sh.py'
[8.086s] INFO:colcon.colcon_core.shell:Creating prefix chain script '/home/robot/robot_ws/install/setup.sh'
[8.094s] INFO:colcon.colcon_core.shell:Creating prefix script '/home/robot/robot_ws/install/local_setup.bash'
[8.097s] INFO:colcon.colcon_core.shell:Creating prefix chain script '/home/robot/robot_ws/install/setup.bash'
[8.106s] INFO:colcon.colcon_core.shell:Creating prefix script '/home/robot/robot_ws/install/local_setup.zsh'
[8.109s] INFO:colcon.colcon_core.shell:Creating prefix chain script '/home/robot/robot_ws/install/setup.zsh'
