[0.162s] Invoking command in '/home/robot/robot_ws/build/robot_description': CMAKE_PREFIX_PATH=${CMAKE_PREFIX_PATH}:/home/robot/robot_ws/install/web_bridge:/home/robot/robot_ws/install/robot_serial:/home/robot/robot_ws/install/robot_ai:/home/robot/robot_ws/install/camera_node:/opt/ros/humble /usr/bin/cmake --build /home/robot/robot_ws/build/robot_description -- -j4 -l4
[2.628s] Invoked command in '/home/robot/robot_ws/build/robot_description' returned '0': CMAKE_PREFIX_PATH=${CMAKE_PREFIX_PATH}:/home/robot/robot_ws/install/web_bridge:/home/robot/robot_ws/install/robot_serial:/home/robot/robot_ws/install/robot_ai:/home/robot/robot_ws/install/camera_node:/opt/ros/humble /usr/bin/cmake --build /home/robot/robot_ws/build/robot_description -- -j4 -l4
[2.630s] Invoking command in '/home/robot/robot_ws/build/robot_description': CMAKE_PREFIX_PATH=${CMAKE_PREFIX_PATH}:/home/robot/robot_ws/install/web_bridge:/home/robot/robot_ws/install/robot_serial:/home/robot/robot_ws/install/robot_ai:/home/robot/robot_ws/install/camera_node:/opt/ros/humble /usr/bin/cmake --install /home/robot/robot_ws/build/robot_description
[4.132s] -- Install configuration: ""
[4.134s] -- Execute custom install script
[4.135s] -- Up-to-date symlink: /home/robot/robot_ws/install/robot_description/share/robot_description//launch/display.launch.py
[4.144s] -- Up-to-date symlink: /home/robot/robot_ws/install/robot_description/share/robot_description//launch/robot_state_publisher.launch.py
[4.149s] -- Up-to-date symlink: /home/robot/robot_ws/install/robot_description/share/robot_description//urdf/gazebo.xacro
[4.154s] -- Up-to-date symlink: /home/robot/robot_ws/install/robot_description/share/robot_description//urdf/macros.xacro
[4.156s] -- Up-to-date symlink: /home/robot/robot_ws/install/robot_description/share/robot_description//urdf/materials.xacro
[4.159s] -- Up-to-date symlink: /home/robot/robot_ws/install/robot_description/share/robot_description//urdf/robot.urdf.xacro
[4.162s] -- Up-to-date symlink: /home/robot/robot_ws/install/robot_description/share/robot_description//config/joint_limits.yaml
[4.164s] -- Up-to-date symlink: /home/robot/robot_ws/install/robot_description/share/robot_description//rviz/rviz.rviz
[4.165s] -- Up-to-date symlink: /home/robot/robot_ws/install/robot_description/share/ament_index/resource_index/package_run_dependencies/robot_description
[4.166s] -- Up-to-date symlink: /home/robot/robot_ws/install/robot_description/share/ament_index/resource_index/parent_prefix_path/robot_description
[4.167s] -- Up-to-date symlink: /home/robot/robot_ws/install/robot_description/share/robot_description/environment/ament_prefix_path.sh
[4.168s] -- Up-to-date symlink: /home/robot/robot_ws/install/robot_description/share/robot_description/environment/ament_prefix_path.dsv
[4.168s] -- Up-to-date symlink: /home/robot/robot_ws/install/robot_description/share/robot_description/environment/path.sh
[4.169s] -- Up-to-date symlink: /home/robot/robot_ws/install/robot_description/share/robot_description/environment/path.dsv
[4.171s] -- Up-to-date symlink: /home/robot/robot_ws/install/robot_description/share/robot_description/local_setup.bash
[4.172s] -- Up-to-date symlink: /home/robot/robot_ws/install/robot_description/share/robot_description/local_setup.sh
[4.172s] -- Up-to-date symlink: /home/robot/robot_ws/install/robot_description/share/robot_description/local_setup.zsh
[4.173s] -- Up-to-date symlink: /home/robot/robot_ws/install/robot_description/share/robot_description/local_setup.dsv
[4.174s] -- Symlinking: /home/robot/robot_ws/install/robot_description/share/robot_description/package.dsv
[4.175s] -- Up-to-date symlink: /home/robot/robot_ws/install/robot_description/share/ament_index/resource_index/packages/robot_description
[4.176s] -- Up-to-date symlink: /home/robot/robot_ws/install/robot_description/share/robot_description/cmake/robot_descriptionConfig.cmake
[4.178s] -- Up-to-date symlink: /home/robot/robot_ws/install/robot_description/share/robot_description/cmake/robot_descriptionConfig-version.cmake
[4.181s] -- Up-to-date symlink: /home/robot/robot_ws/install/robot_description/share/robot_description/package.xml
[4.182s] Invoked command in '/home/robot/robot_ws/build/robot_description' returned '0': CMAKE_PREFIX_PATH=${CMAKE_PREFIX_PATH}:/home/robot/robot_ws/install/web_bridge:/home/robot/robot_ws/install/robot_serial:/home/robot/robot_ws/install/robot_ai:/home/robot/robot_ws/install/camera_node:/opt/ros/humble /usr/bin/cmake --install /home/robot/robot_ws/build/robot_description
